[2025-08-19T15:07:05.727+0000][48][info][gc,init] CardTable entry size: 512
[2025-08-19T15:07:05.729+0000][48][info][gc     ] Using G1
[2025-08-19T15:07:05.743+0000][48][info][gc,init] Version: 22.0.1+8-16 (release)
[2025-08-19T15:07:05.745+0000][48][info][gc,init] CPUs: 2 total, 2 available
[2025-08-19T15:07:05.749+0000][48][info][gc,init] Memory: 3939M
[2025-08-19T15:07:05.751+0000][48][info][gc,init] Large Page Support: Disabled
[2025-08-19T15:07:05.753+0000][48][info][gc,init] NUMA Support: Disabled
[2025-08-19T15:07:05.754+0000][48][info][gc,init] Compressed Oops: Enabled (32-bit)
[2025-08-19T15:07:05.755+0000][48][info][gc,init] Heap Region Size: 1M
[2025-08-19T15:07:05.756+0000][48][info][gc,init] Heap Min Capacity: 512M
[2025-08-19T15:07:05.757+0000][48][info][gc,init] Heap Initial Capacity: 512M
[2025-08-19T15:07:05.758+0000][48][info][gc,init] Heap Max Capacity: 512M
[2025-08-19T15:07:05.759+0000][48][info][gc,init] Pre-touch: Disabled
[2025-08-19T15:07:05.760+0000][48][info][gc,init] Parallel Workers: 2
[2025-08-19T15:07:05.763+0000][48][info][gc,init] Concurrent Workers: 1
[2025-08-19T15:07:05.764+0000][48][info][gc,init] Concurrent Refinement Workers: 2
[2025-08-19T15:07:05.765+0000][48][info][gc,init] Periodic GC: Disabled
[2025-08-19T15:07:05.779+0000][48][info][gc,metaspace] CDS archive(s) mapped at: [0x00007efb8a000000-0x00007efb8ac74000-0x00007efb8ac74000), size 13058048, SharedBaseAddress: 0x00007efb8a000000, ArchiveRelocationMode: 1.
[2025-08-19T15:07:05.781+0000][48][info][gc,metaspace] Compressed class space mapped at: 0x00007efb8b000000-0x00007efbcb000000, reserved size: 1073741824
[2025-08-19T15:07:05.782+0000][48][info][gc,metaspace] Narrow klass base: 0x00007efb8a000000, Narrow klass shift: 0, Narrow klass range: 0x100000000
[2025-08-19T15:07:06.022+0000][48][info][gc,heap,exit] Heap
[2025-08-19T15:07:06.023+0000][48][info][gc,heap,exit]  garbage-first heap   total reserved 524288K, committed 524288K, used 4129K [0x00000000e0000000, 0x0000000100000000)
[2025-08-19T15:07:06.024+0000][48][info][gc,heap,exit]   region size 1024K, 3 young (3072K), 0 survivors (0K)
[2025-08-19T15:07:06.025+0000][48][info][gc,heap,exit]  Metaspace       used 221K, committed 448K, reserved 1114112K
[2025-08-19T15:07:06.026+0000][48][info][gc,heap,exit]   class space    used 5K, committed 128K, reserved 1048576K
