[2025-08-19T15:07:04.855+0000][29][info][gc,init] CardTable entry size: 512
[2025-08-19T15:07:04.872+0000][29][info][gc     ] Using G1
[2025-08-19T15:07:04.891+0000][29][info][gc,init] Version: 22.0.1+8-16 (release)
[2025-08-19T15:07:04.892+0000][29][info][gc,init] CPUs: 2 total, 2 available
[2025-08-19T15:07:04.894+0000][29][info][gc,init] Memory: 3939M
[2025-08-19T15:07:04.895+0000][29][info][gc,init] Large Page Support: Disabled
[2025-08-19T15:07:04.897+0000][29][info][gc,init] NUMA Support: Disabled
[2025-08-19T15:07:04.899+0000][29][info][gc,init] Compressed Oops: Enabled (32-bit)
[2025-08-19T15:07:04.901+0000][29][info][gc,init] Heap Region Size: 1M
[2025-08-19T15:07:04.903+0000][29][info][gc,init] Heap Min Capacity: 512M
[2025-08-19T15:07:04.904+0000][29][info][gc,init] Heap Initial Capacity: 512M
[2025-08-19T15:07:04.906+0000][29][info][gc,init] Heap Max Capacity: 512M
[2025-08-19T15:07:04.907+0000][29][info][gc,init] Pre-touch: Disabled
[2025-08-19T15:07:04.911+0000][29][info][gc,init] Parallel Workers: 2
[2025-08-19T15:07:04.912+0000][29][info][gc,init] Concurrent Workers: 1
[2025-08-19T15:07:04.914+0000][29][info][gc,init] Concurrent Refinement Workers: 2
[2025-08-19T15:07:04.916+0000][29][info][gc,init] Periodic GC: Disabled
[2025-08-19T15:07:04.936+0000][29][info][gc,metaspace] CDS archive(s) mapped at: [0x00007ff166000000-0x00007ff166c74000-0x00007ff166c74000), size 13058048, SharedBaseAddress: 0x00007ff166000000, ArchiveRelocationMode: 1.
[2025-08-19T15:07:04.937+0000][29][info][gc,metaspace] Compressed class space mapped at: 0x00007ff167000000-0x00007ff1a7000000, reserved size: 1073741824
[2025-08-19T15:07:04.939+0000][29][info][gc,metaspace] Narrow klass base: 0x00007ff166000000, Narrow klass shift: 0, Narrow klass range: 0x100000000
[2025-08-19T15:07:05.584+0000][29][info][gc,heap,exit] Heap
[2025-08-19T15:07:05.585+0000][29][info][gc,heap,exit]  garbage-first heap   total reserved 524288K, committed 524288K, used 4129K [0x00000000e0000000, 0x0000000100000000)
[2025-08-19T15:07:05.586+0000][29][info][gc,heap,exit]   region size 1024K, 3 young (3072K), 0 survivors (0K)
[2025-08-19T15:07:05.587+0000][29][info][gc,heap,exit]  Metaspace       used 216K, committed 448K, reserved 1114112K
[2025-08-19T15:07:05.588+0000][29][info][gc,heap,exit]   class space    used 5K, committed 128K, reserved 1048576K
