[2025-08-19T15:07:16.805+0000][66][info][gc,init] CardTable entry size: 512
[2025-08-19T15:07:16.834+0000][66][info][gc     ] Using G1
[2025-08-19T15:08:02.259+0000][66][info][gc,init] Version: 22.0.1+8-16 (release)
[2025-08-19T15:08:02.264+0000][66][info][gc,init] CPUs: 2 total, 2 available
[2025-08-19T15:08:02.268+0000][66][info][gc,init] Memory: 3939M
[2025-08-19T15:08:02.271+0000][66][info][gc,init] Large Page Support: Disabled
[2025-08-19T15:08:02.273+0000][66][info][gc,init] NUMA Support: Disabled
[2025-08-19T15:08:02.281+0000][66][info][gc,init] Compressed Oops: Enabled (32-bit)
[2025-08-19T15:08:02.287+0000][66][info][gc,init] Heap Region Size: 4M
[2025-08-19T15:08:02.291+0000][66][info][gc,init] Heap Min Capacity: 512M
[2025-08-19T15:08:02.293+0000][66][info][gc,init] Heap Initial Capacity: 512M
[2025-08-19T15:08:02.294+0000][66][info][gc,init] Heap Max Capacity: 512M
[2025-08-19T15:08:02.296+0000][66][info][gc,init] Pre-touch: Enabled
[2025-08-19T15:08:02.297+0000][66][info][gc,init] Parallel Workers: 2
[2025-08-19T15:08:02.298+0000][66][info][gc,init] Concurrent Workers: 1
[2025-08-19T15:08:02.302+0000][66][info][gc,init] Concurrent Refinement Workers: 2
[2025-08-19T15:08:02.303+0000][66][info][gc,init] Periodic GC: Disabled
[2025-08-19T15:08:02.401+0000][66][info][gc,metaspace] CDS archive(s) mapped at: [0x00007f923a000000-0x00007f923ac74000-0x00007f923ac74000), size 13058048, SharedBaseAddress: 0x00007f923a000000, ArchiveRelocationMode: 1.
[2025-08-19T15:08:02.405+0000][66][info][gc,metaspace] Compressed class space mapped at: 0x00007f923b000000-0x00007f927b000000, reserved size: 1073741824
[2025-08-19T15:08:02.406+0000][66][info][gc,metaspace] Narrow klass base: 0x00007f923a000000, Narrow klass shift: 0, Narrow klass range: 0x100000000
[2025-08-19T15:08:03.600+0000][66][info][safepoint   ] Safepoint "Cleanup", Time since last: 1165720504 ns, Reaching safepoint: 2720 ns, Cleanup: 34205 ns, At safepoint: 3742 ns, Total: 40667 ns
[2025-08-19T15:08:04.260+0000][66][info][gc,start    ] GC(0) Pause Young (Normal) (G1 Evacuation Pause)
[2025-08-19T15:08:04.265+0000][66][info][gc,task     ] GC(0) Using 2 workers of 2 for evacuation
[2025-08-19T15:08:04.266+0000][66][debug][gc,age      ] GC(0) Desired survivor size 2097152 bytes, new threshold 15 (max threshold 15)
[2025-08-19T15:08:04.287+0000][66][info ][gc,phases   ] GC(0)   Pre Evacuate Collection Set: 0.54ms
[2025-08-19T15:08:04.289+0000][66][info ][gc,phases   ] GC(0)   Merge Heap Roots: 0.11ms
[2025-08-19T15:08:04.290+0000][66][info ][gc,phases   ] GC(0)   Evacuate Collection Set: 7.28ms
[2025-08-19T15:08:04.291+0000][66][info ][gc,phases   ] GC(0)   Post Evacuate Collection Set: 10.57ms
[2025-08-19T15:08:04.292+0000][66][info ][gc,phases   ] GC(0)   Other: 5.25ms
[2025-08-19T15:08:04.294+0000][66][trace][gc,age      ] GC(0) Age table with threshold 15 (max threshold 15)
[2025-08-19T15:08:04.295+0000][66][trace][gc,age      ] GC(0) - age   1:    1970768 bytes,    1970768 total
[2025-08-19T15:08:04.297+0000][66][info ][gc,heap     ] GC(0) Eden regions: 6->0(5)
[2025-08-19T15:08:04.302+0000][66][info ][gc,heap     ] GC(0) Survivor regions: 0->1(1)
[2025-08-19T15:08:04.303+0000][66][info ][gc,heap     ] GC(0) Old regions: 1->1
[2025-08-19T15:08:04.304+0000][66][info ][gc,heap     ] GC(0) Humongous regions: 0->0
[2025-08-19T15:08:04.305+0000][66][info ][gc,metaspace] GC(0) Metaspace: 1004K(1088K)->1004K(1088K) NonClass: 935K(960K)->935K(960K) Class: 68K(128K)->68K(128K)
[2025-08-19T15:08:04.306+0000][66][info ][gc          ] GC(0) Pause Young (Normal) (G1 Evacuation Pause) 25M->2M(512M) 46.653ms
[2025-08-19T15:08:04.309+0000][66][info ][gc,cpu      ] GC(0) User=0.02s Sys=0.00s Real=0.05s
[2025-08-19T15:08:04.313+0000][66][info ][safepoint   ] Safepoint "G1CollectForAllocation", Time since last: 655424230 ns, Reaching safepoint: 4344385 ns, Cleanup: 83772 ns, At safepoint: 53803305 ns, Total: 58231462 ns
[2025-08-19T15:08:05.875+0000][66][info ][safepoint   ] Safepoint "Cleanup", Time since last: 1558569695 ns, Reaching safepoint: 2692206 ns, Cleanup: 128244 ns, At safepoint: 22168 ns, Total: 2842618 ns
[2025-08-19T15:08:07.706+0000][66][info ][safepoint   ] Safepoint "Cleanup", Time since last: 1003000359 ns, Reaching safepoint: 827483371 ns, Cleanup: 82888 ns, At safepoint: 190581 ns, Total: 827756840 ns
[2025-08-19T15:08:08.601+0000][66][info ][gc,start    ] GC(1) Pause Young (Normal) (G1 Evacuation Pause)
[2025-08-19T15:08:08.602+0000][66][info ][gc,task     ] GC(1) Using 2 workers of 2 for evacuation
[2025-08-19T15:08:08.603+0000][66][debug][gc,age      ] GC(1) Desired survivor size 2097152 bytes, new threshold 15 (max threshold 15)
[2025-08-19T15:08:08.615+0000][66][info ][gc,phases   ] GC(1)   Pre Evacuate Collection Set: 0.24ms
[2025-08-19T15:08:08.616+0000][66][info ][gc,phases   ] GC(1)   Merge Heap Roots: 0.05ms
[2025-08-19T15:08:08.618+0000][66][info ][gc,phases   ] GC(1)   Evacuate Collection Set: 10.50ms
[2025-08-19T15:08:08.619+0000][66][info ][gc,phases   ] GC(1)   Post Evacuate Collection Set: 0.49ms
[2025-08-19T15:08:08.620+0000][66][info ][gc,phases   ] GC(1)   Other: 2.08ms
[2025-08-19T15:08:08.621+0000][66][trace][gc,age      ] GC(1) Age table with threshold 15 (max threshold 15)
[2025-08-19T15:08:08.622+0000][66][trace][gc,age      ] GC(1) - age   1:    2196800 bytes,    2196800 total
[2025-08-19T15:08:08.623+0000][66][trace][gc,age      ] GC(1) - age   2:    1824744 bytes,    4021544 total
[2025-08-19T15:08:08.625+0000][66][info ][gc,heap     ] GC(1) Eden regions: 5->0(6)
[2025-08-19T15:08:08.626+0000][66][info ][gc,heap     ] GC(1) Survivor regions: 1->1(1)
[2025-08-19T15:08:08.627+0000][66][info ][gc,heap     ] GC(1) Old regions: 1->2
[2025-08-19T15:08:08.628+0000][66][info ][gc,heap     ] GC(1) Humongous regions: 0->0
[2025-08-19T15:08:08.630+0000][66][info ][gc,metaspace] GC(1) Metaspace: 6393K(6592K)->6393K(6592K) NonClass: 5660K(5760K)->5660K(5760K) Class: 732K(832K)->732K(832K)
[2025-08-19T15:08:08.631+0000][66][info ][gc          ] GC(1) Pause Young (Normal) (G1 Evacuation Pause) 22M->5M(512M) 30.085ms
[2025-08-19T15:08:09.069+0000][66][info ][gc,cpu      ] GC(1) User=0.01s Sys=0.00s Real=0.47s
[2025-08-19T15:08:09.071+0000][66][info ][safepoint   ] Safepoint "G1CollectForAllocation", Time since last: 894979915 ns, Reaching safepoint: 4794 ns, Cleanup: 18547 ns, At safepoint: 470755043 ns, Total: 470778384 ns
[2025-08-19T15:08:10.193+0000][66][info ][safepoint   ] Safepoint "Cleanup", Time since last: 1003500046 ns, Reaching safepoint: 117555015 ns, Cleanup: 35903 ns, At safepoint: 44276 ns, Total: 117635194 ns
[2025-08-19T15:08:16.021+0000][66][info ][safepoint   ] Safepoint "Cleanup", Time since last: 3003425474 ns, Reaching safepoint: 2846998299 ns, Cleanup: 22767 ns, At safepoint: 60972 ns, Total: 2847082038 ns
[2025-08-19T15:08:28.119+0000][66][info ][safepoint   ] Safepoint "Cleanup", Time since last: 12008253217 ns, Reaching safepoint: 90046475 ns, Cleanup: 18453 ns, At safepoint: 18815 ns, Total: 90083743 ns
[2025-08-19T15:08:32.642+0000][66][info ][safepoint   ] Safepoint "Cleanup", Time since last: 3554696140 ns, Reaching safepoint: 967790356 ns, Cleanup: 20205 ns, At safepoint: 264936 ns, Total: 968075497 ns
[2025-08-19T15:08:56.530+0000][66][info ][safepoint   ] Safepoint "Cleanup", Time since last: 1401971173 ns, Reaching safepoint: 22512138110 ns, Cleanup: 13270 ns, At safepoint: 202101 ns, Total: 22512353481 ns
[2025-08-19T15:09:02.823+0000][66][info ][safepoint   ] Safepoint "Cleanup", Time since last: 1606656087 ns, Reaching safepoint: 4685681980 ns, Cleanup: 32450 ns, At safepoint: 303912 ns, Total: 4686018342 ns
[2025-08-19T15:09:07.394+0000][66][info ][safepoint   ] Safepoint "Cleanup", Time since last: 3229151214 ns, Reaching safepoint: 1336831246 ns, Cleanup: 24498 ns, At safepoint: 4969361 ns, Total: 1341825105 ns
[2025-08-19T15:09:09.509+0000][66][info ][safepoint   ] Safepoint "Cleanup", Time since last: 1675720913 ns, Reaching safepoint: 438096464 ns, Cleanup: 22075 ns, At safepoint: 1604782 ns, Total: 439723321 ns
[2025-08-19T15:09:10.819+0000][66][info ][safepoint   ] Safepoint "Cleanup", Time since last: 1310072673 ns, Reaching safepoint: 3256 ns, Cleanup: 35798 ns, At safepoint: 3700 ns, Total: 42754 ns
[2025-08-19T15:09:12.098+0000][66][info ][safepoint   ] Safepoint "Cleanup", Time since last: 1278454009 ns, Reaching safepoint: 3322 ns, Cleanup: 67920 ns, At safepoint: 4771 ns, Total: 76013 ns
[2025-08-19T15:09:12.163+0000][66][info ][gc,start    ] GC(2) Pause Young (Normal) (G1 Evacuation Pause)
[2025-08-19T15:09:12.165+0000][66][info ][gc,task     ] GC(2) Using 2 workers of 2 for evacuation
[2025-08-19T15:09:12.168+0000][66][debug][gc,age      ] GC(2) Desired survivor size 2097152 bytes, new threshold 1 (max threshold 15)
[2025-08-19T15:09:12.202+0000][66][info ][gc,phases   ] GC(2)   Pre Evacuate Collection Set: 0.52ms
[2025-08-19T15:09:12.204+0000][66][info ][gc,phases   ] GC(2)   Merge Heap Roots: 0.13ms
[2025-08-19T15:09:12.206+0000][66][info ][gc,phases   ] GC(2)   Evacuate Collection Set: 31.46ms
[2025-08-19T15:09:12.207+0000][66][info ][gc,phases   ] GC(2)   Post Evacuate Collection Set: 0.80ms
[2025-08-19T15:09:12.209+0000][66][info ][gc,phases   ] GC(2)   Other: 4.24ms
[2025-08-19T15:09:12.211+0000][66][trace][gc,age      ] GC(2) Age table with threshold 1 (max threshold 15)
[2025-08-19T15:09:12.213+0000][66][trace][gc,age      ] GC(2) - age   1:    2185088 bytes,    2185088 total
[2025-08-19T15:09:12.214+0000][66][info ][gc,heap     ] GC(2) Eden regions: 6->0(9)
[2025-08-19T15:09:12.218+0000][66][info ][gc,heap     ] GC(2) Survivor regions: 1->1(1)
[2025-08-19T15:09:12.221+0000][66][info ][gc,heap     ] GC(2) Old regions: 2->3
[2025-08-19T15:09:12.223+0000][66][info ][gc,heap     ] GC(2) Humongous regions: 0->0
[2025-08-19T15:09:12.227+0000][66][info ][gc,metaspace] GC(2) Metaspace: 10275K(10624K)->10275K(10624K) NonClass: 9023K(9216K)->9023K(9216K) Class: 1252K(1408K)->1252K(1408K)
[2025-08-19T15:09:12.230+0000][66][info ][gc          ] GC(2) Pause Young (Normal) (G1 Evacuation Pause) 29M->7M(512M) 65.651ms
[2025-08-19T15:09:12.232+0000][66][info ][gc,cpu      ] GC(2) User=0.03s Sys=0.00s Real=0.07s
[2025-08-19T15:09:12.235+0000][66][info ][safepoint   ] Safepoint "G1CollectForAllocation", Time since last: 63091448 ns, Reaching safepoint: 2406710 ns, Cleanup: 16153 ns, At safepoint: 71946761 ns, Total: 74369624 ns
[2025-08-19T15:09:13.432+0000][66][info ][safepoint   ] Safepoint "Cleanup", Time since last: 1196962554 ns, Reaching safepoint: 4116 ns, Cleanup: 63428 ns, At safepoint: 30535 ns, Total: 98079 ns
[2025-08-19T15:09:14.440+0000][66][info ][safepoint   ] Safepoint "Cleanup", Time since last: 1007174978 ns, Reaching safepoint: 5979 ns, Cleanup: 60820 ns, At safepoint: 8532 ns, Total: 75331 ns
[2025-08-19T15:09:15.599+0000][66][info ][safepoint   ] Safepoint "Cleanup", Time since last: 1159789787 ns, Reaching safepoint: 4764 ns, Cleanup: 58063 ns, At safepoint: 6238 ns, Total: 69065 ns
[2025-08-19T15:09:16.597+0000][66][info ][gc,start    ] GC(3) Pause Young (Normal) (G1 Evacuation Pause)
[2025-08-19T15:09:16.599+0000][66][info ][gc,task     ] GC(3) Using 2 workers of 2 for evacuation
[2025-08-19T15:09:16.601+0000][66][debug][gc,age      ] GC(3) Desired survivor size 4194304 bytes, new threshold 15 (max threshold 15)
[2025-08-19T15:09:16.626+0000][66][info ][gc,phases   ] GC(3)   Pre Evacuate Collection Set: 2.06ms
[2025-08-19T15:09:16.628+0000][66][info ][gc,phases   ] GC(3)   Merge Heap Roots: 0.04ms
[2025-08-19T15:09:16.629+0000][66][info ][gc,phases   ] GC(3)   Evacuate Collection Set: 17.12ms
[2025-08-19T15:09:16.630+0000][66][info ][gc,phases   ] GC(3)   Post Evacuate Collection Set: 1.10ms
[2025-08-19T15:09:16.632+0000][66][info ][gc,phases   ] GC(3)   Other: 6.99ms
[2025-08-19T15:09:16.633+0000][66][trace][gc,age      ] GC(3) Age table with threshold 15 (max threshold 15)
[2025-08-19T15:09:16.634+0000][66][trace][gc,age      ] GC(3) - age   1:    2733960 bytes,    2733960 total
[2025-08-19T15:09:16.636+0000][66][trace][gc,age      ] GC(3) - age   2:    2138224 bytes,    4872184 total
[2025-08-19T15:09:16.637+0000][66][info ][gc,heap     ] GC(3) Eden regions: 9->0(16)
[2025-08-19T15:09:16.638+0000][66][info ][gc,heap     ] GC(3) Survivor regions: 1->2(2)
[2025-08-19T15:09:16.644+0000][66][info ][gc,heap     ] GC(3) Old regions: 3->3
[2025-08-19T15:09:16.645+0000][66][info ][gc,heap     ] GC(3) Humongous regions: 0->0
[2025-08-19T15:09:16.647+0000][66][info ][gc,metaspace] GC(3) Metaspace: 19944K(20544K)->19944K(20544K) NonClass: 17630K(17984K)->17630K(17984K) Class: 2314K(2560K)->2314K(2560K)
[2025-08-19T15:09:16.648+0000][66][info ][gc          ] GC(3) Pause Young (Normal) (G1 Evacuation Pause) 43M->10M(512M) 50.454ms
[2025-08-19T15:09:16.649+0000][66][info ][gc,cpu      ] GC(3) User=0.02s Sys=0.00s Real=0.05s
[2025-08-19T15:09:16.657+0000][66][info ][safepoint   ] Safepoint "G1CollectForAllocation", Time since last: 997905271 ns, Reaching safepoint: 8377 ns, Cleanup: 79211 ns, At safepoint: 59166330 ns, Total: 59253918 ns
[2025-08-19T15:09:17.636+0000][66][info ][safepoint   ] Safepoint "Cleanup", Time since last: 1001509494 ns, Reaching safepoint: 44798 ns, Cleanup: 54243 ns, At safepoint: 11453 ns, Total: 110494 ns
[2025-08-19T15:09:18.752+0000][66][info ][safepoint   ] Safepoint "Cleanup", Time since last: 1115405279 ns, Reaching safepoint: 26621 ns, Cleanup: 72291 ns, At safepoint: 16557 ns, Total: 115469 ns
[2025-08-19T15:09:19.753+0000][66][info ][safepoint   ] Safepoint "Cleanup", Time since last: 1001596261 ns, Reaching safepoint: 9072 ns, Cleanup: 17942 ns, At safepoint: 13946 ns, Total: 40960 ns
[2025-08-19T15:09:27.756+0000][66][info ][safepoint   ] Safepoint "Cleanup", Time since last: 8002905472 ns, Reaching safepoint: 9877 ns, Cleanup: 18985 ns, At safepoint: 17414 ns, Total: 46276 ns
[2025-08-19T15:09:30.756+0000][66][info ][safepoint   ] Safepoint "Cleanup", Time since last: 2608379595 ns, Reaching safepoint: 391403403 ns, Cleanup: 23041 ns, At safepoint: 51539 ns, Total: 391477983 ns
[2025-08-19T15:09:31.628+0000][66][info ][gc,start    ] GC(4) Pause Young (Concurrent Start) (Metadata GC Threshold)
[2025-08-19T15:09:32.650+0000][66][info ][gc,task     ] GC(4) Using 2 workers of 2 for evacuation
[2025-08-19T15:09:32.961+0000][66][debug][gc,age      ] GC(4) Desired survivor size 6291456 bytes, new threshold 15 (max threshold 15)
[2025-08-19T15:09:34.970+0000][66][info ][gc,mmu      ] GC(4) MMU target violated: 201.0ms (200.0ms/201.0ms)
[2025-08-19T15:09:35.413+0000][66][info ][gc,phases   ] GC(4)   Pre Evacuate Collection Set: 0.55ms
[2025-08-19T15:09:35.727+0000][66][info ][gc,phases   ] GC(4)   Merge Heap Roots: 0.03ms
[2025-08-19T15:09:36.055+0000][66][info ][gc,phases   ] GC(4)   Evacuate Collection Set: 24.03ms
[2025-08-19T15:09:36.459+0000][66][info ][gc,phases   ] GC(4)   Post Evacuate Collection Set: 0.77ms
[2025-08-19T15:09:37.654+0000][66][info ][gc,phases   ] GC(4)   Other: 2737.52ms
[2025-08-19T15:09:38.130+0000][66][trace][gc,age      ] GC(4) Age table with threshold 15 (max threshold 15)
[2025-08-19T15:09:38.848+0000][66][trace][gc,age      ] GC(4) - age   1:     962760 bytes,     962760 total
[2025-08-19T15:09:40.913+0000][66][trace][gc,age      ] GC(4) - age   2:    1870768 bytes,    2833528 total
[2025-08-19T15:09:42.321+0000][66][trace][gc,age      ] GC(4) - age   3:    2135536 bytes,    4969064 total
[2025-08-19T15:09:42.324+0000][66][info ][gc,heap     ] GC(4) Eden regions: 11->0(4)
[2025-08-19T15:09:42.326+0000][66][info ][gc,heap     ] GC(4) Survivor regions: 2->2(3)
[2025-08-19T15:09:42.328+0000][66][info ][gc,heap     ] GC(4) Old regions: 3->3
[2025-08-19T15:09:42.329+0000][66][info ][gc,heap     ] GC(4) Humongous regions: 0->0
[2025-08-19T15:09:42.667+0000][66][info ][gc,metaspace] GC(4) Metaspace: 20861K(21504K)->20861K(21504K) NonClass: 18438K(18816K)->18438K(18816K) Class: 2422K(2688K)->2422K(2688K)
[2025-08-19T15:09:43.402+0000][66][info ][gc          ] GC(4) Pause Young (Concurrent Start) (Metadata GC Threshold) 53M->10M(512M) 11773.950ms
[2025-08-19T15:09:44.042+0000][66][info ][gc,cpu      ] GC(4) User=0.03s Sys=0.00s Real=12.41s
[2025-08-19T15:09:44.042+0000][66][info ][gc          ] GC(5) Concurrent Mark Cycle
[2025-08-19T15:09:55.008+0000][66][info ][gc,marking  ] GC(5) Concurrent Scan Root Regions
[2025-08-19T15:09:54.608+0000][66][info ][safepoint   ] Safepoint "CollectForMetadataAllocation", Time since last: 872153682 ns, Reaching safepoint: 21714 ns, Cleanup: 7343 ns, At safepoint: 23130138348 ns, Total: 23130167405 ns
[2025-08-19T15:09:56.269+0000][66][info ][gc,marking  ] GC(5) Concurrent Scan Root Regions 1260.732ms
[2025-08-19T15:09:56.643+0000][66][info ][gc,marking  ] GC(5) Concurrent Mark
[2025-08-19T15:09:56.647+0000][66][info ][gc,marking  ] GC(5) Concurrent Mark From Roots
[2025-08-19T15:09:56.682+0000][66][info ][gc,task     ] GC(5) Using 1 workers of 1 for marking
[2025-08-19T15:09:56.800+0000][66][info ][gc,marking  ] GC(5) Concurrent Mark From Roots 152.064ms
[2025-08-19T15:09:56.801+0000][66][info ][gc,marking  ] GC(5) Concurrent Preclean
[2025-08-19T15:09:56.803+0000][66][info ][gc,marking  ] GC(5) Concurrent Preclean 1.855ms
[2025-08-19T15:09:56.804+0000][66][info ][gc,start    ] GC(5) Pause Remark
[2025-08-19T15:09:56.825+0000][66][info ][gc          ] GC(5) Pause Remark 13M->13M(512M) 20.704ms
[2025-08-19T15:09:56.826+0000][66][info ][gc,cpu      ] GC(5) User=0.01s Sys=0.00s Real=0.03s
[2025-08-19T15:09:56.829+0000][66][info ][safepoint   ] Safepoint "G1PauseRemark", Time since last: 2196141568 ns, Reaching safepoint: 132511 ns, Cleanup: 20181 ns, At safepoint: 25256929 ns, Total: 25409621 ns
[2025-08-19T15:09:56.831+0000][66][info ][gc,marking  ] GC(5) Concurrent Mark 187.443ms
[2025-08-19T15:09:56.832+0000][66][info ][gc,marking  ] GC(5) Concurrent Rebuild Remembered Sets and Scrub Regions
[2025-08-19T15:09:56.844+0000][66][info ][gc,marking  ] GC(5) Concurrent Rebuild Remembered Sets and Scrub Regions 12.515ms
[2025-08-19T15:09:56.849+0000][66][info ][gc,start    ] GC(5) Pause Cleanup
[2025-08-19T15:09:56.855+0000][66][info ][gc          ] GC(5) Pause Cleanup 13M->13M(512M) 5.672ms
[2025-08-19T15:09:56.856+0000][66][info ][gc,cpu      ] GC(5) User=0.00s Sys=0.00s Real=0.01s
[2025-08-19T15:09:56.857+0000][66][info ][safepoint   ] Safepoint "G1PauseCleanup", Time since last: 16269646 ns, Reaching safepoint: 3141830 ns, Cleanup: 11065 ns, At safepoint: 7696928 ns, Total: 10849823 ns
[2025-08-19T15:09:56.858+0000][66][info ][gc,marking  ] GC(5) Concurrent Clear Claimed Marks
[2025-08-19T15:09:56.859+0000][66][info ][gc,marking  ] GC(5) Concurrent Clear Claimed Marks 1.304ms
[2025-08-19T15:09:56.860+0000][66][info ][gc,marking  ] GC(5) Concurrent Cleanup for Next Mark
[2025-08-19T15:09:56.862+0000][66][info ][gc,marking  ] GC(5) Concurrent Cleanup for Next Mark 2.063ms
[2025-08-19T15:09:56.863+0000][66][info ][gc          ] GC(5) Concurrent Mark Cycle 12971.785ms
[2025-08-19T15:09:57.342+0000][66][info ][gc,start    ] GC(6) Pause Young (Prepare Mixed) (G1 Evacuation Pause)
[2025-08-19T15:09:57.344+0000][66][info ][gc,task     ] GC(6) Using 2 workers of 2 for evacuation
[2025-08-19T15:09:57.346+0000][66][debug][gc,age      ] GC(6) Desired survivor size 2097152 bytes, new threshold 2 (max threshold 15)
[2025-08-19T15:09:57.369+0000][66][info ][gc,phases   ] GC(6)   Pre Evacuate Collection Set: 0.15ms
[2025-08-19T15:09:57.371+0000][66][info ][gc,phases   ] GC(6)   Merge Heap Roots: 0.05ms
[2025-08-19T15:09:57.372+0000][66][info ][gc,phases   ] GC(6)   Evacuate Collection Set: 20.59ms
[2025-08-19T15:09:57.373+0000][66][info ][gc,phases   ] GC(6)   Post Evacuate Collection Set: 0.62ms
[2025-08-19T15:09:57.374+0000][66][info ][gc,phases   ] GC(6)   Other: 4.39ms
[2025-08-19T15:09:57.375+0000][66][trace][gc,age      ] GC(6) Age table with threshold 2 (max threshold 15)
[2025-08-19T15:09:57.376+0000][66][trace][gc,age      ] GC(6) - age   1:      71112 bytes,      71112 total
[2025-08-19T15:09:57.378+0000][66][trace][gc,age      ] GC(6) - age   2:     884024 bytes,     955136 total
[2025-08-19T15:09:57.380+0000][66][info ][gc,heap     ] GC(6) Eden regions: 4->0(5)
[2025-08-19T15:09:57.381+0000][66][info ][gc,heap     ] GC(6) Survivor regions: 2->1(1)
[2025-08-19T15:09:57.382+0000][66][info ][gc,heap     ] GC(6) Old regions: 3->4
[2025-08-19T15:09:57.383+0000][66][info ][gc,heap     ] GC(6) Humongous regions: 0->0
[2025-08-19T15:09:57.384+0000][66][info ][gc,metaspace] GC(6) Metaspace: 21040K(21760K)->21040K(21760K) NonClass: 18597K(19008K)->18597K(19008K) Class: 2442K(2752K)->2442K(2752K)
[2025-08-19T15:09:57.385+0000][66][info ][gc          ] GC(6) Pause Young (Prepare Mixed) (G1 Evacuation Pause) 26M->10M(512M) 42.525ms
[2025-08-19T15:09:57.386+0000][66][info ][gc,cpu      ] GC(6) User=0.03s Sys=0.00s Real=0.05s
[2025-08-19T15:09:57.392+0000][66][info ][safepoint   ] Safepoint "G1CollectForAllocation", Time since last: 485811701 ns, Reaching safepoint: 6074 ns, Cleanup: 23514 ns, At safepoint: 49363234 ns, Total: 49392822 ns
[2025-08-19T15:09:58.014+0000][66][info ][gc,start    ] GC(7) Pause Young (Mixed) (G1 Evacuation Pause)
[2025-08-19T15:09:58.016+0000][66][info ][gc,task     ] GC(7) Using 2 workers of 2 for evacuation
[2025-08-19T15:09:58.017+0000][66][debug][gc,age      ] GC(7) Desired survivor size 2097152 bytes, new threshold 15 (max threshold 15)
[2025-08-19T15:09:58.036+0000][66][info ][gc,phases   ] GC(7)   Pre Evacuate Collection Set: 0.30ms
[2025-08-19T15:09:58.037+0000][66][info ][gc,phases   ] GC(7)   Merge Heap Roots: 0.08ms
[2025-08-19T15:09:58.038+0000][66][info ][gc,phases   ] GC(7)   Evacuate Collection Set: 16.68ms
[2025-08-19T15:09:58.040+0000][66][info ][gc,phases   ] GC(7)   Post Evacuate Collection Set: 0.81ms
[2025-08-19T15:09:58.041+0000][66][info ][gc,phases   ] GC(7)   Other: 2.15ms
[2025-08-19T15:09:58.042+0000][66][trace][gc,age      ] GC(7) Age table with threshold 15 (max threshold 15)
[2025-08-19T15:09:58.043+0000][66][trace][gc,age      ] GC(7) - age   1:      49160 bytes,      49160 total
[2025-08-19T15:09:58.044+0000][66][trace][gc,age      ] GC(7) - age   2:      40920 bytes,      90080 total
[2025-08-19T15:09:58.045+0000][66][trace][gc,age      ] GC(7) - age   3:     883992 bytes,     974072 total
[2025-08-19T15:09:58.046+0000][66][info ][gc,heap     ] GC(7) Eden regions: 5->0(5)
[2025-08-19T15:09:58.047+0000][66][info ][gc,heap     ] GC(7) Survivor regions: 1->1(1)
[2025-08-19T15:09:58.048+0000][66][info ][gc,heap     ] GC(7) Old regions: 4->3
[2025-08-19T15:09:58.049+0000][66][info ][gc,heap     ] GC(7) Humongous regions: 0->0
[2025-08-19T15:09:58.051+0000][66][info ][gc,metaspace] GC(7) Metaspace: 21040K(21760K)->21040K(21760K) NonClass: 18597K(19008K)->18597K(19008K) Class: 2442K(2752K)->2442K(2752K)
[2025-08-19T15:09:58.052+0000][66][info ][gc          ] GC(7) Pause Young (Mixed) (G1 Evacuation Pause) 30M->10M(512M) 37.390ms
[2025-08-19T15:09:58.053+0000][66][info ][gc,cpu      ] GC(7) User=0.02s Sys=0.00s Real=0.04s
[2025-08-19T15:09:58.057+0000][66][info ][safepoint   ] Safepoint "G1CollectForAllocation", Time since last: 622590002 ns, Reaching safepoint: 5573 ns, Cleanup: 24521 ns, At safepoint: 42404150 ns, Total: 42434244 ns
[2025-08-19T15:09:58.734+0000][66][info ][gc,start    ] GC(8) Pause Young (Normal) (G1 Evacuation Pause)
[2025-08-19T15:09:58.735+0000][66][info ][gc,task     ] GC(8) Using 2 workers of 2 for evacuation
[2025-08-19T15:09:58.736+0000][66][debug][gc,age      ] GC(8) Desired survivor size 2097152 bytes, new threshold 15 (max threshold 15)
[2025-08-19T15:09:58.748+0000][66][info ][gc,phases   ] GC(8)   Pre Evacuate Collection Set: 0.26ms
[2025-08-19T15:09:58.754+0000][66][info ][gc,phases   ] GC(8)   Merge Heap Roots: 0.02ms
[2025-08-19T15:09:58.755+0000][66][info ][gc,phases   ] GC(8)   Evacuate Collection Set: 7.07ms
[2025-08-19T15:09:58.756+0000][66][info ][gc,phases   ] GC(8)   Post Evacuate Collection Set: 2.49ms
[2025-08-19T15:09:58.757+0000][66][info ][gc,phases   ] GC(8)   Other: 3.03ms
[2025-08-19T15:09:58.758+0000][66][trace][gc,age      ] GC(8) Age table with threshold 15 (max threshold 15)
[2025-08-19T15:09:58.759+0000][66][trace][gc,age      ] GC(8) - age   1:     254648 bytes,     254648 total
[2025-08-19T15:09:58.760+0000][66][trace][gc,age      ] GC(8) - age   2:       1320 bytes,     255968 total
[2025-08-19T15:09:58.762+0000][66][trace][gc,age      ] GC(8) - age   3:      39128 bytes,     295096 total
[2025-08-19T15:09:58.764+0000][66][trace][gc,age      ] GC(8) - age   4:     883992 bytes,    1179088 total
[2025-08-19T15:09:58.766+0000][66][info ][gc,heap     ] GC(8) Eden regions: 5->0(5)
[2025-08-19T15:09:58.767+0000][66][info ][gc,heap     ] GC(8) Survivor regions: 1->1(1)
[2025-08-19T15:09:58.768+0000][66][info ][gc,heap     ] GC(8) Old regions: 3->3
[2025-08-19T15:09:58.770+0000][66][info ][gc,heap     ] GC(8) Humongous regions: 0->0
[2025-08-19T15:09:58.770+0000][66][info ][gc,metaspace] GC(8) Metaspace: 21376K(22144K)->21376K(22144K) NonClass: 18899K(19328K)->18899K(19328K) Class: 2476K(2816K)->2476K(2816K)
[2025-08-19T15:09:58.772+0000][66][info ][gc          ] GC(8) Pause Young (Normal) (G1 Evacuation Pause) 30M->10M(512M) 37.807ms
[2025-08-19T15:09:58.773+0000][66][info ][gc,cpu      ] GC(8) User=0.01s Sys=0.00s Real=0.04s
[2025-08-19T15:09:58.778+0000][66][info ][safepoint   ] Safepoint "G1CollectForAllocation", Time since last: 676855522 ns, Reaching safepoint: 5663 ns, Cleanup: 45980 ns, At safepoint: 44763036 ns, Total: 44814679 ns
[2025-08-19T15:09:59.041+0000][66][info ][gc,start    ] GC(9) Pause Young (Normal) (G1 Evacuation Pause)
[2025-08-19T15:09:59.042+0000][66][info ][gc,task     ] GC(9) Using 2 workers of 2 for evacuation
[2025-08-19T15:09:59.043+0000][66][debug][gc,age      ] GC(9) Desired survivor size 2097152 bytes, new threshold 15 (max threshold 15)
[2025-08-19T15:09:59.049+0000][66][info ][gc,phases   ] GC(9)   Pre Evacuate Collection Set: 0.31ms
[2025-08-19T15:09:59.050+0000][66][info ][gc,phases   ] GC(9)   Merge Heap Roots: 0.09ms
[2025-08-19T15:09:59.051+0000][66][info ][gc,phases   ] GC(9)   Evacuate Collection Set: 3.10ms
[2025-08-19T15:09:59.052+0000][66][info ][gc,phases   ] GC(9)   Post Evacuate Collection Set: 1.33ms
[2025-08-19T15:09:59.053+0000][66][info ][gc,phases   ] GC(9)   Other: 2.03ms
[2025-08-19T15:09:59.054+0000][66][trace][gc,age      ] GC(9) Age table with threshold 15 (max threshold 15)
[2025-08-19T15:09:59.055+0000][66][trace][gc,age      ] GC(9) - age   1:     264760 bytes,     264760 total
[2025-08-19T15:09:59.057+0000][66][trace][gc,age      ] GC(9) - age   2:     247872 bytes,     512632 total
[2025-08-19T15:09:59.058+0000][66][trace][gc,age      ] GC(9) - age   3:       1320 bytes,     513952 total
[2025-08-19T15:09:59.059+0000][66][trace][gc,age      ] GC(9) - age   4:      39016 bytes,     552968 total
[2025-08-19T15:09:59.059+0000][66][trace][gc,age      ] GC(9) - age   5:     883992 bytes,    1436960 total
[2025-08-19T15:09:59.060+0000][66][info ][gc,heap     ] GC(9) Eden regions: 5->0(5)
[2025-08-19T15:09:59.061+0000][66][info ][gc,heap     ] GC(9) Survivor regions: 1->1(1)
[2025-08-19T15:09:59.062+0000][66][info ][gc,heap     ] GC(9) Old regions: 3->3
[2025-08-19T15:09:59.063+0000][66][info ][gc,heap     ] GC(9) Humongous regions: 0->0
[2025-08-19T15:09:59.063+0000][66][info ][gc,metaspace] GC(9) Metaspace: 21557K(22272K)->21557K(22272K) NonClass: 19053K(19456K)->19053K(19456K) Class: 2504K(2816K)->2504K(2816K)
[2025-08-19T15:09:59.064+0000][66][info ][gc          ] GC(9) Pause Young (Normal) (G1 Evacuation Pause) 30M->11M(512M) 23.419ms
[2025-08-19T15:09:59.066+0000][66][info ][gc,cpu      ] GC(9) User=0.02s Sys=0.00s Real=0.03s
[2025-08-19T15:09:59.066+0000][66][info ][safepoint   ] Safepoint "G1CollectForAllocation", Time since last: 262471959 ns, Reaching safepoint: 4317 ns, Cleanup: 30652 ns, At safepoint: 25450388 ns, Total: 25485357 ns
[2025-08-19T15:09:59.345+0000][66][info ][gc,start    ] GC(10) Pause Young (Normal) (G1 Evacuation Pause)
[2025-08-19T15:09:59.346+0000][66][info ][gc,task     ] GC(10) Using 2 workers of 2 for evacuation
[2025-08-19T15:09:59.347+0000][66][debug][gc,age      ] GC(10) Desired survivor size 2097152 bytes, new threshold 15 (max threshold 15)
[2025-08-19T15:09:59.354+0000][66][info ][gc,phases   ] GC(10)   Pre Evacuate Collection Set: 0.41ms
[2025-08-19T15:09:59.362+0000][66][info ][gc,phases   ] GC(10)   Merge Heap Roots: 0.07ms
[2025-08-19T15:09:59.363+0000][66][info ][gc,phases   ] GC(10)   Evacuate Collection Set: 3.53ms
[2025-08-19T15:09:59.364+0000][66][info ][gc,phases   ] GC(10)   Post Evacuate Collection Set: 2.00ms
[2025-08-19T15:09:59.365+0000][66][info ][gc,phases   ] GC(10)   Other: 2.12ms
[2025-08-19T15:09:59.366+0000][66][trace][gc,age      ] GC(10) Age table with threshold 15 (max threshold 15)
[2025-08-19T15:09:59.366+0000][66][trace][gc,age      ] GC(10) - age   1:     625576 bytes,     625576 total
[2025-08-19T15:09:59.367+0000][66][trace][gc,age      ] GC(10) - age   2:     249296 bytes,     874872 total
[2025-08-19T15:09:59.368+0000][66][trace][gc,age      ] GC(10) - age   3:     247872 bytes,    1122744 total
[2025-08-19T15:09:59.369+0000][66][trace][gc,age      ] GC(10) - age   4:       1288 bytes,    1124032 total
[2025-08-19T15:09:59.370+0000][66][trace][gc,age      ] GC(10) - age   5:      39016 bytes,    1163048 total
[2025-08-19T15:09:59.371+0000][66][trace][gc,age      ] GC(10) - age   6:     883992 bytes,    2047040 total
[2025-08-19T15:09:59.372+0000][66][info ][gc,heap     ] GC(10) Eden regions: 5->0(5)
[2025-08-19T15:09:59.372+0000][66][info ][gc,heap     ] GC(10) Survivor regions: 1->1(1)
[2025-08-19T15:09:59.373+0000][66][info ][gc,heap     ] GC(10) Old regions: 3->3
[2025-08-19T15:09:59.374+0000][66][info ][gc,heap     ] GC(10) Humongous regions: 0->0
[2025-08-19T15:09:59.375+0000][66][info ][gc,metaspace] GC(10) Metaspace: 22837K(23616K)->22837K(23616K) NonClass: 20172K(20608K)->20172K(20608K) Class: 2665K(3008K)->2665K(3008K)
[2025-08-19T15:09:59.376+0000][66][info ][gc          ] GC(10) Pause Young (Normal) (G1 Evacuation Pause) 31M->11M(512M) 31.272ms
[2025-08-19T15:09:59.377+0000][66][info ][gc,cpu      ] GC(10) User=0.02s Sys=0.00s Real=0.03s
[2025-08-19T15:09:59.382+0000][66][info ][safepoint   ] Safepoint "G1CollectForAllocation", Time since last: 278053562 ns, Reaching safepoint: 5230 ns, Cleanup: 89373 ns, At safepoint: 37634308 ns, Total: 37728911 ns
[2025-08-19T15:09:59.504+0000][66][info ][gc,start    ] GC(11) Pause Young (Normal) (G1 Evacuation Pause)
[2025-08-19T15:09:59.506+0000][66][info ][gc,task     ] GC(11) Using 2 workers of 2 for evacuation
[2025-08-19T15:09:59.506+0000][66][debug][gc,age      ] GC(11) Desired survivor size 2097152 bytes, new threshold 15 (max threshold 15)
[2025-08-19T15:09:59.512+0000][66][info ][gc,phases   ] GC(11)   Pre Evacuate Collection Set: 0.44ms
[2025-08-19T15:09:59.513+0000][66][info ][gc,phases   ] GC(11)   Merge Heap Roots: 0.04ms
[2025-08-19T15:09:59.513+0000][66][info ][gc,phases   ] GC(11)   Evacuate Collection Set: 3.48ms
[2025-08-19T15:09:59.516+0000][66][info ][gc,phases   ] GC(11)   Post Evacuate Collection Set: 0.65ms
[2025-08-19T15:09:59.517+0000][66][info ][gc,phases   ] GC(11)   Other: 1.65ms
[2025-08-19T15:09:59.519+0000][66][trace][gc,age      ] GC(11) Age table with threshold 15 (max threshold 15)
[2025-08-19T15:09:59.520+0000][66][trace][gc,age      ] GC(11) - age   1:     319880 bytes,     319880 total
[2025-08-19T15:09:59.521+0000][66][trace][gc,age      ] GC(11) - age   2:     389192 bytes,     709072 total
[2025-08-19T15:09:59.521+0000][66][trace][gc,age      ] GC(11) - age   3:     249264 bytes,     958336 total
[2025-08-19T15:09:59.522+0000][66][trace][gc,age      ] GC(11) - age   4:     247872 bytes,    1206208 total
[2025-08-19T15:09:59.523+0000][66][trace][gc,age      ] GC(11) - age   5:       1288 bytes,    1207496 total
[2025-08-19T15:09:59.524+0000][66][trace][gc,age      ] GC(11) - age   6:      39016 bytes,    1246512 total
[2025-08-19T15:09:59.525+0000][66][trace][gc,age      ] GC(11) - age   7:     883992 bytes,    2130504 total
[2025-08-19T15:09:59.525+0000][66][info ][gc,heap     ] GC(11) Eden regions: 5->0(5)
[2025-08-19T15:09:59.526+0000][66][info ][gc,heap     ] GC(11) Survivor regions: 1->1(1)
[2025-08-19T15:09:59.527+0000][66][info ][gc,heap     ] GC(11) Old regions: 3->3
[2025-08-19T15:09:59.527+0000][66][info ][gc,heap     ] GC(11) Humongous regions: 0->0
[2025-08-19T15:09:59.528+0000][66][info ][gc,metaspace] GC(11) Metaspace: 22879K(23616K)->22879K(23616K) NonClass: 20212K(20608K)->20212K(20608K) Class: 2666K(3008K)->2666K(3008K)
[2025-08-19T15:09:59.530+0000][66][info ][gc          ] GC(11) Pause Young (Normal) (G1 Evacuation Pause) 31M->11M(512M) 25.432ms
[2025-08-19T15:09:59.530+0000][66][info ][gc,cpu      ] GC(11) User=0.02s Sys=0.00s Real=0.03s
[2025-08-19T15:09:59.531+0000][66][info ][safepoint   ] Safepoint "G1CollectForAllocation", Time since last: 121816426 ns, Reaching safepoint: 5693 ns, Cleanup: 25171 ns, At safepoint: 27384642 ns, Total: 27415506 ns
[2025-08-19T15:09:59.667+0000][66][info ][gc,start    ] GC(12) Pause Young (Normal) (G1 Evacuation Pause)
[2025-08-19T15:09:59.668+0000][66][info ][gc,task     ] GC(12) Using 2 workers of 2 for evacuation
[2025-08-19T15:09:59.669+0000][66][debug][gc,age      ] GC(12) Desired survivor size 2097152 bytes, new threshold 7 (max threshold 15)
[2025-08-19T15:09:59.676+0000][66][info ][gc,phases   ] GC(12)   Pre Evacuate Collection Set: 0.22ms
[2025-08-19T15:09:59.678+0000][66][info ][gc,phases   ] GC(12)   Merge Heap Roots: 0.31ms
[2025-08-19T15:09:59.679+0000][66][info ][gc,phases   ] GC(12)   Evacuate Collection Set: 4.82ms
[2025-08-19T15:09:59.680+0000][66][info ][gc,phases   ] GC(12)   Post Evacuate Collection Set: 0.81ms
[2025-08-19T15:09:59.680+0000][66][info ][gc,phases   ] GC(12)   Other: 1.88ms
[2025-08-19T15:09:59.682+0000][66][trace][gc,age      ] GC(12) Age table with threshold 7 (max threshold 15)
[2025-08-19T15:09:59.683+0000][66][trace][gc,age      ] GC(12) - age   1:    1048112 bytes,    1048112 total
[2025-08-19T15:09:59.683+0000][66][trace][gc,age      ] GC(12) - age   2:     317664 bytes,    1365776 total
[2025-08-19T15:09:59.684+0000][66][trace][gc,age      ] GC(12) - age   3:     387456 bytes,    1753232 total
[2025-08-19T15:09:59.685+0000][66][trace][gc,age      ] GC(12) - age   4:     249264 bytes,    2002496 total
[2025-08-19T15:09:59.686+0000][66][trace][gc,age      ] GC(12) - age   5:     247872 bytes,    2250368 total
[2025-08-19T15:09:59.687+0000][66][trace][gc,age      ] GC(12) - age   6:       1288 bytes,    2251656 total
[2025-08-19T15:09:59.688+0000][66][trace][gc,age      ] GC(12) - age   7:      39016 bytes,    2290672 total
[2025-08-19T15:09:59.689+0000][66][info ][gc,heap     ] GC(12) Eden regions: 5->0(5)
[2025-08-19T15:09:59.690+0000][66][info ][gc,heap     ] GC(12) Survivor regions: 1->1(1)
[2025-08-19T15:09:59.690+0000][66][info ][gc,heap     ] GC(12) Old regions: 3->3
[2025-08-19T15:09:59.691+0000][66][info ][gc,heap     ] GC(12) Humongous regions: 0->0
[2025-08-19T15:09:59.692+0000][66][info ][gc,metaspace] GC(12) Metaspace: 23281K(24000K)->23281K(24000K) NonClass: 20578K(20992K)->20578K(20992K) Class: 2703K(3008K)->2703K(3008K)
[2025-08-19T15:09:59.696+0000][66][info ][gc          ] GC(12) Pause Young (Normal) (G1 Evacuation Pause) 31M->12M(512M) 28.742ms
[2025-08-19T15:09:59.698+0000][66][info ][gc,cpu      ] GC(12) User=0.02s Sys=0.00s Real=0.03s
[2025-08-19T15:09:59.700+0000][66][info ][safepoint   ] Safepoint "G1CollectForAllocation", Time since last: 135449631 ns, Reaching safepoint: 5809 ns, Cleanup: 33352 ns, At safepoint: 32595673 ns, Total: 32634834 ns
[2025-08-19T15:09:59.765+0000][66][info ][gc,start    ] GC(13) Pause Young (Normal) (G1 Evacuation Pause)
[2025-08-19T15:09:59.767+0000][66][info ][gc,task     ] GC(13) Using 2 workers of 2 for evacuation
[2025-08-19T15:09:59.767+0000][66][debug][gc,age      ] GC(13) Desired survivor size 2097152 bytes, new threshold 5 (max threshold 15)
[2025-08-19T15:09:59.773+0000][66][info ][gc,phases   ] GC(13)   Pre Evacuate Collection Set: 0.41ms
[2025-08-19T15:09:59.774+0000][66][info ][gc,phases   ] GC(13)   Merge Heap Roots: 0.06ms
[2025-08-19T15:09:59.777+0000][66][info ][gc,phases   ] GC(13)   Evacuate Collection Set: 3.72ms
[2025-08-19T15:09:59.778+0000][66][info ][gc,phases   ] GC(13)   Post Evacuate Collection Set: 0.61ms
[2025-08-19T15:09:59.780+0000][66][info ][gc,phases   ] GC(13)   Other: 1.61ms
[2025-08-19T15:09:59.781+0000][66][trace][gc,age      ] GC(13) Age table with threshold 5 (max threshold 15)
[2025-08-19T15:09:59.782+0000][66][trace][gc,age      ] GC(13) - age   1:    1166352 bytes,    1166352 total
[2025-08-19T15:09:59.783+0000][66][trace][gc,age      ] GC(13) - age   2:     822720 bytes,    1989072 total
[2025-08-19T15:09:59.785+0000][66][trace][gc,age      ] GC(13) - age   3:     317632 bytes,    2306704 total
[2025-08-19T15:09:59.786+0000][66][trace][gc,age      ] GC(13) - age   4:     387456 bytes,    2694160 total
[2025-08-19T15:09:59.787+0000][66][trace][gc,age      ] GC(13) - age   5:     249264 bytes,    2943424 total
[2025-08-19T15:09:59.790+0000][66][info ][gc,heap     ] GC(13) Eden regions: 5->0(14)
[2025-08-19T15:09:59.791+0000][66][info ][gc,heap     ] GC(13) Survivor regions: 1->1(1)
[2025-08-19T15:09:59.792+0000][66][info ][gc,heap     ] GC(13) Old regions: 3->3
[2025-08-19T15:09:59.793+0000][66][info ][gc,heap     ] GC(13) Humongous regions: 0->0
[2025-08-19T15:09:59.794+0000][66][info ][gc,metaspace] GC(13) Metaspace: 23309K(24000K)->23309K(24000K) NonClass: 20603K(20992K)->20603K(20992K) Class: 2705K(3008K)->2705K(3008K)
[2025-08-19T15:09:59.795+0000][66][info ][gc          ] GC(13) Pause Young (Normal) (G1 Evacuation Pause) 32M->13M(512M) 29.623ms
[2025-08-19T15:09:59.796+0000][66][info ][gc,cpu      ] GC(13) User=0.01s Sys=0.00s Real=0.03s
[2025-08-19T15:09:59.800+0000][66][info ][safepoint   ] Safepoint "G1CollectForAllocation", Time since last: 65887373 ns, Reaching safepoint: 6166 ns, Cleanup: 16060 ns, At safepoint: 34441785 ns, Total: 34464011 ns
[2025-08-19T15:10:00.761+0000][66][info ][gc,start    ] GC(14) Pause Young (Normal) (G1 Evacuation Pause)
[2025-08-19T15:10:00.762+0000][66][info ][gc,task     ] GC(14) Using 2 workers of 2 for evacuation
[2025-08-19T15:10:00.765+0000][66][debug][gc,age      ] GC(14) Desired survivor size 6291456 bytes, new threshold 15 (max threshold 15)
[2025-08-19T15:10:00.777+0000][66][info ][gc,phases   ] GC(14)   Pre Evacuate Collection Set: 0.54ms
[2025-08-19T15:10:00.778+0000][66][info ][gc,phases   ] GC(14)   Merge Heap Roots: 0.06ms
[2025-08-19T15:10:00.779+0000][66][info ][gc,phases   ] GC(14)   Evacuate Collection Set: 8.36ms
[2025-08-19T15:10:00.780+0000][66][info ][gc,phases   ] GC(14)   Post Evacuate Collection Set: 1.24ms
[2025-08-19T15:10:00.781+0000][66][info ][gc,phases   ] GC(14)   Other: 4.35ms
[2025-08-19T15:10:00.781+0000][66][trace][gc,age      ] GC(14) Age table with threshold 15 (max threshold 15)
[2025-08-19T15:10:00.782+0000][66][trace][gc,age      ] GC(14) - age   1:    3220448 bytes,    3220448 total
[2025-08-19T15:10:00.783+0000][66][trace][gc,age      ] GC(14) - age   2:      38648 bytes,    3259096 total
[2025-08-19T15:10:00.784+0000][66][trace][gc,age      ] GC(14) - age   3:     822032 bytes,    4081128 total
[2025-08-19T15:10:00.785+0000][66][trace][gc,age      ] GC(14) - age   4:     317632 bytes,    4398760 total
[2025-08-19T15:10:00.788+0000][66][trace][gc,age      ] GC(14) - age   5:     387456 bytes,    4786216 total
[2025-08-19T15:10:00.789+0000][66][trace][gc,age      ] GC(14) - age   6:     249264 bytes,    5035480 total
[2025-08-19T15:10:00.791+0000][66][info ][gc,heap     ] GC(14) Eden regions: 16->0(74)
[2025-08-19T15:10:00.792+0000][66][info ][gc,heap     ] GC(14) Survivor regions: 1->2(3)
[2025-08-19T15:10:00.792+0000][66][info ][gc,heap     ] GC(14) Old regions: 3->3
[2025-08-19T15:10:00.793+0000][66][info ][gc,heap     ] GC(14) Humongous regions: 0->0
[2025-08-19T15:10:00.794+0000][66][info ][gc,metaspace] GC(14) Metaspace: 28598K(29376K)->28598K(29376K) NonClass: 25319K(25792K)->25319K(25792K) Class: 3278K(3584K)->3278K(3584K)
[2025-08-19T15:10:00.795+0000][66][info ][gc          ] GC(14) Pause Young (Normal) (G1 Evacuation Pause) 77M->16M(512M) 34.450ms
[2025-08-19T15:10:00.796+0000][66][info ][gc,cpu      ] GC(14) User=0.03s Sys=0.00s Real=0.04s
[2025-08-19T15:10:00.797+0000][66][info ][safepoint   ] Safepoint "G1CollectForAllocation", Time since last: 960729809 ns, Reaching safepoint: 5880 ns, Cleanup: 164519 ns, At safepoint: 35917901 ns, Total: 36088300 ns
[2025-08-19T15:10:01.798+0000][66][info ][safepoint   ] Safepoint "Cleanup", Time since last: 1001106539 ns, Reaching safepoint: 214389 ns, Cleanup: 81600 ns, At safepoint: 43431 ns, Total: 339420 ns
[2025-08-19T15:10:02.303+0000][66][info ][gc,start    ] GC(15) Pause Young (Normal) (G1 Evacuation Pause)
[2025-08-19T15:10:02.304+0000][66][info ][gc,task     ] GC(15) Using 2 workers of 2 for evacuation
[2025-08-19T15:10:02.305+0000][66][debug][gc,age      ] GC(15) Desired survivor size 20971520 bytes, new threshold 15 (max threshold 15)
[2025-08-19T15:10:02.325+0000][66][info ][gc,phases   ] GC(15)   Pre Evacuate Collection Set: 0.58ms
[2025-08-19T15:10:02.326+0000][66][info ][gc,phases   ] GC(15)   Merge Heap Roots: 0.23ms
[2025-08-19T15:10:02.327+0000][66][info ][gc,phases   ] GC(15)   Evacuate Collection Set: 17.27ms
[2025-08-19T15:10:02.328+0000][66][info ][gc,phases   ] GC(15)   Post Evacuate Collection Set: 0.96ms
[2025-08-19T15:10:02.329+0000][66][info ][gc,phases   ] GC(15)   Other: 2.07ms
[2025-08-19T15:10:02.329+0000][66][trace][gc,age      ] GC(15) Age table with threshold 15 (max threshold 15)
[2025-08-19T15:10:02.331+0000][66][trace][gc,age      ] GC(15) - age   1:    6997896 bytes,    6997896 total
[2025-08-19T15:10:02.331+0000][66][trace][gc,age      ] GC(15) - age   2:    2635776 bytes,    9633672 total
[2025-08-19T15:10:02.332+0000][66][trace][gc,age      ] GC(15) - age   3:      38616 bytes,    9672288 total
[2025-08-19T15:10:02.333+0000][66][trace][gc,age      ] GC(15) - age   4:     819944 bytes,   10492232 total
[2025-08-19T15:10:02.334+0000][66][trace][gc,age      ] GC(15) - age   5:     317504 bytes,   10809736 total
[2025-08-19T15:10:02.334+0000][66][trace][gc,age      ] GC(15) - age   6:     386848 bytes,   11196584 total
[2025-08-19T15:10:02.335+0000][66][trace][gc,age      ] GC(15) - age   7:     249184 bytes,   11445768 total
[2025-08-19T15:10:02.336+0000][66][info ][gc,heap     ] GC(15) Eden regions: 74->0(73)
[2025-08-19T15:10:02.337+0000][66][info ][gc,heap     ] GC(15) Survivor regions: 2->3(10)
[2025-08-19T15:10:02.338+0000][66][info ][gc,heap     ] GC(15) Old regions: 3->3
[2025-08-19T15:10:02.339+0000][66][info ][gc,heap     ] GC(15) Humongous regions: 0->0
[2025-08-19T15:10:02.339+0000][66][info ][gc,metaspace] GC(15) Metaspace: 30033K(30912K)->30033K(30912K) NonClass: 26540K(27072K)->26540K(27072K) Class: 3493K(3840K)->3493K(3840K)
[2025-08-19T15:10:02.341+0000][66][info ][gc          ] GC(15) Pause Young (Normal) (G1 Evacuation Pause) 312M->22M(512M) 38.086ms
[2025-08-19T15:10:02.342+0000][66][info ][gc,cpu      ] GC(15) User=0.02s Sys=0.00s Real=0.04s
[2025-08-19T15:10:02.343+0000][66][info ][safepoint   ] Safepoint "G1CollectForAllocation", Time since last: 504304556 ns, Reaching safepoint: 6190 ns, Cleanup: 52949 ns, At safepoint: 40024208 ns, Total: 40083347 ns
[2025-08-19T15:10:03.334+0000][66][info ][gc,start    ] GC(16) Pause Young (Normal) (G1 Evacuation Pause)
[2025-08-19T15:10:03.335+0000][66][info ][gc,task     ] GC(16) Using 2 workers of 2 for evacuation
[2025-08-19T15:10:03.336+0000][66][debug][gc,age      ] GC(16) Desired survivor size 20971520 bytes, new threshold 15 (max threshold 15)
[2025-08-19T15:10:03.348+0000][66][info ][gc,phases   ] GC(16)   Pre Evacuate Collection Set: 0.49ms
[2025-08-19T15:10:03.349+0000][66][info ][gc,phases   ] GC(16)   Merge Heap Roots: 0.15ms
[2025-08-19T15:10:03.351+0000][66][info ][gc,phases   ] GC(16)   Evacuate Collection Set: 9.87ms
[2025-08-19T15:10:03.352+0000][66][info ][gc,phases   ] GC(16)   Post Evacuate Collection Set: 0.71ms
[2025-08-19T15:10:03.353+0000][66][info ][gc,phases   ] GC(16)   Other: 2.00ms
[2025-08-19T15:10:03.354+0000][66][trace][gc,age      ] GC(16) Age table with threshold 15 (max threshold 15)
[2025-08-19T15:10:03.355+0000][66][trace][gc,age      ] GC(16) - age   1:    2914696 bytes,    2914696 total
[2025-08-19T15:10:03.359+0000][66][trace][gc,age      ] GC(16) - age   2:    3999112 bytes,    6913808 total
[2025-08-19T15:10:03.361+0000][66][trace][gc,age      ] GC(16) - age   3:    2635296 bytes,    9549104 total
[2025-08-19T15:10:03.362+0000][66][trace][gc,age      ] GC(16) - age   4:      38616 bytes,    9587720 total
[2025-08-19T15:10:03.364+0000][66][trace][gc,age      ] GC(16) - age   5:     818856 bytes,   10406576 total
[2025-08-19T15:10:03.365+0000][66][trace][gc,age      ] GC(16) - age   6:     317504 bytes,   10724080 total
[2025-08-19T15:10:03.365+0000][66][trace][gc,age      ] GC(16) - age   7:     386848 bytes,   11110928 total
[2025-08-19T15:10:03.366+0000][66][trace][gc,age      ] GC(16) - age   8:     249184 bytes,   11360112 total
[2025-08-19T15:10:03.367+0000][66][info ][gc,heap     ] GC(16) Eden regions: 73->0(73)
[2025-08-19T15:10:03.368+0000][66][info ][gc,heap     ] GC(16) Survivor regions: 3->3(10)
[2025-08-19T15:10:03.369+0000][66][info ][gc,heap     ] GC(16) Old regions: 3->3
[2025-08-19T15:10:03.370+0000][66][info ][gc,heap     ] GC(16) Humongous regions: 0->0
[2025-08-19T15:10:03.371+0000][66][info ][gc,metaspace] GC(16) Metaspace: 30795K(31680K)->30795K(31680K) NonClass: 27199K(27712K)->27199K(27712K) Class: 3595K(3968K)->3595K(3968K)
[2025-08-19T15:10:03.372+0000][66][info ][gc          ] GC(16) Pause Young (Normal) (G1 Evacuation Pause) 314M->22M(512M) 38.403ms
[2025-08-19T15:10:03.373+0000][66][info ][gc,cpu      ] GC(16) User=0.02s Sys=0.00s Real=0.04s
[2025-08-19T15:10:03.377+0000][66][info ][safepoint   ] Safepoint "G1CollectForAllocation", Time since last: 991149107 ns, Reaching safepoint: 124932 ns, Cleanup: 69584 ns, At safepoint: 43317559 ns, Total: 43512075 ns
[2025-08-19T15:10:04.061+0000][66][info ][gc,start    ] GC(17) Pause Young (Concurrent Start) (Metadata GC Threshold)
[2025-08-19T15:10:04.063+0000][66][info ][gc,task     ] GC(17) Using 2 workers of 2 for evacuation
[2025-08-19T15:10:04.063+0000][66][debug][gc,age      ] GC(17) Desired survivor size 20971520 bytes, new threshold 15 (max threshold 15)
[2025-08-19T15:10:04.077+0000][66][info ][gc,phases   ] GC(17)   Pre Evacuate Collection Set: 0.43ms
[2025-08-19T15:10:04.078+0000][66][info ][gc,phases   ] GC(17)   Merge Heap Roots: 0.06ms
[2025-08-19T15:10:04.079+0000][66][info ][gc,phases   ] GC(17)   Evacuate Collection Set: 10.96ms
[2025-08-19T15:10:04.080+0000][66][info ][gc,phases   ] GC(17)   Post Evacuate Collection Set: 0.89ms
[2025-08-19T15:10:04.081+0000][66][info ][gc,phases   ] GC(17)   Other: 2.08ms
[2025-08-19T15:10:04.082+0000][66][trace][gc,age      ] GC(17) Age table with threshold 15 (max threshold 15)
[2025-08-19T15:10:04.083+0000][66][trace][gc,age      ] GC(17) - age   1:    2590568 bytes,    2590568 total
[2025-08-19T15:10:04.084+0000][66][trace][gc,age      ] GC(17) - age   2:    2792248 bytes,    5382816 total
[2025-08-19T15:10:04.085+0000][66][trace][gc,age      ] GC(17) - age   3:    3999080 bytes,    9381896 total
[2025-08-19T15:10:04.086+0000][66][trace][gc,age      ] GC(17) - age   4:    2635296 bytes,   12017192 total
[2025-08-19T15:10:04.087+0000][66][trace][gc,age      ] GC(17) - age   5:      38616 bytes,   12055808 total
[2025-08-19T15:10:04.088+0000][66][trace][gc,age      ] GC(17) - age   6:     818856 bytes,   12874664 total
[2025-08-19T15:10:04.088+0000][66][trace][gc,age      ] GC(17) - age   7:     317504 bytes,   13192168 total
[2025-08-19T15:10:04.089+0000][66][trace][gc,age      ] GC(17) - age   8:     386848 bytes,   13579016 total
[2025-08-19T15:10:04.090+0000][66][trace][gc,age      ] GC(17) - age   9:     249184 bytes,   13828200 total
[2025-08-19T15:10:04.091+0000][66][info ][gc,heap     ] GC(17) Eden regions: 9->0(72)
[2025-08-19T15:10:04.092+0000][66][info ][gc,heap     ] GC(17) Survivor regions: 3->4(10)
[2025-08-19T15:10:04.093+0000][66][info ][gc,heap     ] GC(17) Old regions: 3->3
[2025-08-19T15:10:04.094+0000][66][info ][gc,heap     ] GC(17) Humongous regions: 0->0
[2025-08-19T15:10:04.095+0000][66][info ][gc,metaspace] GC(17) Metaspace: 35297K(36160K)->35297K(36160K) NonClass: 31226K(31744K)->31226K(31744K) Class: 4070K(4416K)->4070K(4416K)
[2025-08-19T15:10:04.096+0000][66][info ][gc          ] GC(17) Pause Young (Concurrent Start) (Metadata GC Threshold) 58M->25M(512M) 34.478ms
[2025-08-19T15:10:04.097+0000][66][info ][gc          ] GC(18) Concurrent Mark Cycle
[2025-08-19T15:10:04.097+0000][66][info ][gc,marking  ] GC(18) Concurrent Scan Root Regions
[2025-08-19T15:10:04.097+0000][66][info ][gc,cpu      ] GC(17) User=0.02s Sys=0.00s Real=0.04s
[2025-08-19T15:10:04.106+0000][66][info ][gc,marking  ] GC(18) Concurrent Scan Root Regions 8.563ms
[2025-08-19T15:10:04.107+0000][66][info ][gc,marking  ] GC(18) Concurrent Mark
[2025-08-19T15:10:04.108+0000][66][info ][gc,marking  ] GC(18) Concurrent Mark From Roots
[2025-08-19T15:10:04.109+0000][66][info ][gc,task     ] GC(18) Using 1 workers of 1 for marking
[2025-08-19T15:10:04.106+0000][66][info ][safepoint   ] Safepoint "CollectForMetadataAllocation", Time since last: 683951204 ns, Reaching safepoint: 5624 ns, Cleanup: 72272 ns, At safepoint: 45219020 ns, Total: 45296916 ns
[2025-08-19T15:10:04.139+0000][66][info ][gc,marking  ] GC(18) Concurrent Mark From Roots 30.416ms
[2025-08-19T15:10:04.140+0000][66][info ][gc,marking  ] GC(18) Concurrent Preclean
[2025-08-19T15:10:04.141+0000][66][info ][gc,marking  ] GC(18) Concurrent Preclean 1.124ms
[2025-08-19T15:10:04.142+0000][66][info ][gc,start    ] GC(18) Pause Remark
[2025-08-19T15:10:04.159+0000][66][info ][gc          ] GC(18) Pause Remark 27M->27M(512M) 16.653ms
[2025-08-19T15:10:04.160+0000][66][info ][gc,cpu      ] GC(18) User=0.02s Sys=0.00s Real=0.02s
[2025-08-19T15:10:04.163+0000][66][info ][safepoint   ] Safepoint "G1PauseRemark", Time since last: 35228523 ns, Reaching safepoint: 295639 ns, Cleanup: 14113 ns, At safepoint: 20856744 ns, Total: 21166496 ns
[2025-08-19T15:10:04.164+0000][66][info ][gc,marking  ] GC(18) Concurrent Mark 56.830ms
[2025-08-19T15:10:04.165+0000][66][info ][gc,marking  ] GC(18) Concurrent Rebuild Remembered Sets and Scrub Regions
[2025-08-19T15:10:04.178+0000][66][info ][gc,marking  ] GC(18) Concurrent Rebuild Remembered Sets and Scrub Regions 12.927ms
[2025-08-19T15:10:04.180+0000][66][info ][gc,start    ] GC(18) Pause Cleanup
[2025-08-19T15:10:04.181+0000][66][info ][gc          ] GC(18) Pause Cleanup 27M->27M(512M) 0.952ms
[2025-08-19T15:10:04.182+0000][66][info ][gc,cpu      ] GC(18) User=0.00s Sys=0.00s Real=0.00s
[2025-08-19T15:10:04.183+0000][66][info ][safepoint   ] Safepoint "G1PauseCleanup", Time since last: 17081055 ns, Reaching safepoint: 226742 ns, Cleanup: 10066 ns, At safepoint: 2608947 ns, Total: 2845755 ns
[2025-08-19T15:10:04.184+0000][66][info ][gc,marking  ] GC(18) Concurrent Clear Claimed Marks
[2025-08-19T15:10:04.185+0000][66][info ][gc,marking  ] GC(18) Concurrent Clear Claimed Marks 1.278ms
[2025-08-19T15:10:04.186+0000][66][info ][gc,marking  ] GC(18) Concurrent Cleanup for Next Mark
[2025-08-19T15:10:04.188+0000][66][info ][gc,marking  ] GC(18) Concurrent Cleanup for Next Mark 1.906ms
[2025-08-19T15:10:04.189+0000][66][info ][gc          ] GC(18) Concurrent Mark Cycle 92.544ms
[2025-08-19T15:10:05.184+0000][66][info ][safepoint   ] Safepoint "Cleanup", Time since last: 1001062312 ns, Reaching safepoint: 144974 ns, Cleanup: 84101 ns, At safepoint: 41379 ns, Total: 270454 ns
[2025-08-19T15:10:05.416+0000][66][info ][gc,start    ] GC(19) Pause Young (Normal) (G1 Evacuation Pause)
[2025-08-19T15:10:05.417+0000][66][info ][gc,task     ] GC(19) Using 2 workers of 2 for evacuation
[2025-08-19T15:10:05.418+0000][66][debug][gc,age      ] GC(19) Desired survivor size 20971520 bytes, new threshold 15 (max threshold 15)
[2025-08-19T15:10:05.435+0000][66][info ][gc,phases   ] GC(19)   Pre Evacuate Collection Set: 0.44ms
[2025-08-19T15:10:05.436+0000][66][info ][gc,phases   ] GC(19)   Merge Heap Roots: 0.17ms
[2025-08-19T15:10:05.437+0000][66][info ][gc,phases   ] GC(19)   Evacuate Collection Set: 13.83ms
[2025-08-19T15:10:05.437+0000][66][info ][gc,phases   ] GC(19)   Post Evacuate Collection Set: 1.01ms
[2025-08-19T15:10:05.438+0000][66][info ][gc,phases   ] GC(19)   Other: 1.72ms
[2025-08-19T15:10:05.439+0000][66][trace][gc,age      ] GC(19) Age table with threshold 15 (max threshold 15)
[2025-08-19T15:10:05.440+0000][66][trace][gc,age      ] GC(19) - age   1:    6160672 bytes,    6160672 total
[2025-08-19T15:10:05.441+0000][66][trace][gc,age      ] GC(19) - age   2:    2573176 bytes,    8733848 total
[2025-08-19T15:10:05.442+0000][66][trace][gc,age      ] GC(19) - age   3:    2791504 bytes,   11525352 total
[2025-08-19T15:10:05.443+0000][66][trace][gc,age      ] GC(19) - age   4:    3994256 bytes,   15519608 total
[2025-08-19T15:10:05.444+0000][66][trace][gc,age      ] GC(19) - age   5:    2628096 bytes,   18147704 total
[2025-08-19T15:10:05.445+0000][66][trace][gc,age      ] GC(19) - age   6:      38616 bytes,   18186320 total
[2025-08-19T15:10:05.446+0000][66][trace][gc,age      ] GC(19) - age   7:     818696 bytes,   19005016 total
[2025-08-19T15:10:05.447+0000][66][trace][gc,age      ] GC(19) - age   8:     317104 bytes,   19322120 total
[2025-08-19T15:10:05.448+0000][66][trace][gc,age      ] GC(19) - age   9:     386688 bytes,   19708808 total
[2025-08-19T15:10:05.449+0000][66][trace][gc,age      ] GC(19) - age  10:     249088 bytes,   19957896 total
[2025-08-19T15:10:05.450+0000][66][info ][gc,heap     ] GC(19) Eden regions: 72->0(70)
[2025-08-19T15:10:05.450+0000][66][info ][gc,heap     ] GC(19) Survivor regions: 4->6(10)
[2025-08-19T15:10:05.451+0000][66][info ][gc,heap     ] GC(19) Old regions: 3->3
[2025-08-19T15:10:05.452+0000][66][info ][gc,heap     ] GC(19) Humongous regions: 0->0
[2025-08-19T15:10:05.453+0000][66][info ][gc,metaspace] GC(19) Metaspace: 37501K(38464K)->37501K(38464K) NonClass: 33122K(33728K)->33122K(33728K) Class: 4378K(4736K)->4378K(4736K)
[2025-08-19T15:10:05.454+0000][66][info ][gc          ] GC(19) Pause Young (Normal) (G1 Evacuation Pause) 313M->31M(512M) 37.736ms
[2025-08-19T15:10:05.455+0000][66][info ][gc,cpu      ] GC(19) User=0.03s Sys=0.00s Real=0.04s
[2025-08-19T15:10:05.456+0000][66][info ][safepoint   ] Safepoint "G1CollectForAllocation", Time since last: 232082189 ns, Reaching safepoint: 5051 ns, Cleanup: 29294 ns, At safepoint: 39736419 ns, Total: 39770764 ns
[2025-08-19T15:10:06.226+0000][66][info ][gc,start    ] GC(20) Pause Young (Normal) (G1 Evacuation Pause)
[2025-08-19T15:10:06.228+0000][66][info ][gc,task     ] GC(20) Using 2 workers of 2 for evacuation
[2025-08-19T15:10:06.229+0000][66][debug][gc,age      ] GC(20) Desired survivor size 20971520 bytes, new threshold 15 (max threshold 15)
[2025-08-19T15:10:06.257+0000][66][info ][gc,phases   ] GC(20)   Pre Evacuate Collection Set: 0.43ms
[2025-08-19T15:10:06.258+0000][66][info ][gc,phases   ] GC(20)   Merge Heap Roots: 0.12ms
[2025-08-19T15:10:06.259+0000][66][info ][gc,phases   ] GC(20)   Evacuate Collection Set: 25.57ms
[2025-08-19T15:10:06.261+0000][66][info ][gc,phases   ] GC(20)   Post Evacuate Collection Set: 0.92ms
[2025-08-19T15:10:06.261+0000][66][info ][gc,phases   ] GC(20)   Other: 2.27ms
[2025-08-19T15:10:06.263+0000][66][trace][gc,age      ] GC(20) Age table with threshold 15 (max threshold 15)
[2025-08-19T15:10:06.264+0000][66][trace][gc,age      ] GC(20) - age   1:    4256128 bytes,    4256128 total
[2025-08-19T15:10:06.265+0000][66][trace][gc,age      ] GC(20) - age   2:    5702376 bytes,    9958504 total
[2025-08-19T15:10:06.266+0000][66][trace][gc,age      ] GC(20) - age   3:    2573176 bytes,   12531680 total
[2025-08-19T15:10:06.267+0000][66][trace][gc,age      ] GC(20) - age   4:    2788768 bytes,   15320448 total
[2025-08-19T15:10:06.268+0000][66][trace][gc,age      ] GC(20) - age   5:    3993536 bytes,   19313984 total
[2025-08-19T15:10:06.269+0000][66][trace][gc,age      ] GC(20) - age   6:    2626560 bytes,   21940544 total
[2025-08-19T15:10:06.270+0000][66][trace][gc,age      ] GC(20) - age   7:      38584 bytes,   21979128 total
[2025-08-19T15:10:06.271+0000][66][trace][gc,age      ] GC(20) - age   8:     818504 bytes,   22797632 total
[2025-08-19T15:10:06.272+0000][66][trace][gc,age      ] GC(20) - age   9:     317104 bytes,   23114736 total
[2025-08-19T15:10:06.273+0000][66][trace][gc,age      ] GC(20) - age  10:     385952 bytes,   23500688 total
[2025-08-19T15:10:06.274+0000][66][trace][gc,age      ] GC(20) - age  11:     249024 bytes,   23749712 total
[2025-08-19T15:10:06.275+0000][66][info ][gc,heap     ] GC(20) Eden regions: 70->0(70)
[2025-08-19T15:10:06.276+0000][66][info ][gc,heap     ] GC(20) Survivor regions: 6->6(10)
[2025-08-19T15:10:06.278+0000][66][info ][gc,heap     ] GC(20) Old regions: 3->3
[2025-08-19T15:10:06.278+0000][66][info ][gc,heap     ] GC(20) Humongous regions: 0->0
[2025-08-19T15:10:06.279+0000][66][info ][gc,metaspace] GC(20) Metaspace: 38202K(39168K)->38202K(39168K) NonClass: 33722K(34304K)->33722K(34304K) Class: 4479K(4864K)->4479K(4864K)
[2025-08-19T15:10:06.281+0000][66][info ][gc          ] GC(20) Pause Young (Normal) (G1 Evacuation Pause) 311M->34M(512M) 54.899ms
[2025-08-19T15:10:06.282+0000][66][info ][gc,cpu      ] GC(20) User=0.08s Sys=0.00s Real=0.05s
[2025-08-19T15:10:06.289+0000][66][info ][safepoint   ] Safepoint "G1CollectForAllocation", Time since last: 769953492 ns, Reaching safepoint: 6897 ns, Cleanup: 50023 ns, At safepoint: 62875819 ns, Total: 62932739 ns
[2025-08-19T15:10:07.665+0000][66][info ][safepoint   ] Safepoint "ICBufferFull", Time since last: 1376033712 ns, Reaching safepoint: 4867 ns, Cleanup: 90056 ns, At safepoint: 9564 ns, Total: 104487 ns
[2025-08-19T15:10:08.315+0000][66][info ][gc,start    ] GC(21) Pause Young (Normal) (G1 Evacuation Pause)
[2025-08-19T15:10:08.316+0000][66][info ][gc,task     ] GC(21) Using 2 workers of 2 for evacuation
[2025-08-19T15:10:08.317+0000][66][debug][gc,age      ] GC(21) Desired survivor size 20971520 bytes, new threshold 6 (max threshold 15)
[2025-08-19T15:10:08.343+0000][66][info ][gc,phases   ] GC(21)   Pre Evacuate Collection Set: 0.45ms
[2025-08-19T15:10:08.345+0000][66][info ][gc,phases   ] GC(21)   Merge Heap Roots: 0.08ms
[2025-08-19T15:10:08.346+0000][66][info ][gc,phases   ] GC(21)   Evacuate Collection Set: 23.65ms
[2025-08-19T15:10:08.347+0000][66][info ][gc,phases   ] GC(21)   Post Evacuate Collection Set: 1.26ms
[2025-08-19T15:10:08.349+0000][66][info ][gc,phases   ] GC(21)   Other: 2.20ms
[2025-08-19T15:10:08.350+0000][66][trace][gc,age      ] GC(21) Age table with threshold 6 (max threshold 15)
[2025-08-19T15:10:08.350+0000][66][trace][gc,age      ] GC(21) - age   1:    6146304 bytes,    6146304 total
[2025-08-19T15:10:08.351+0000][66][trace][gc,age      ] GC(21) - age   2:    3204152 bytes,    9350456 total
[2025-08-19T15:10:08.352+0000][66][trace][gc,age      ] GC(21) - age   3:    5669912 bytes,   15020368 total
[2025-08-19T15:10:08.353+0000][66][trace][gc,age      ] GC(21) - age   4:    2572904 bytes,   17593272 total
[2025-08-19T15:10:08.354+0000][66][trace][gc,age      ] GC(21) - age   5:    2771056 bytes,   20364328 total
[2025-08-19T15:10:08.355+0000][66][trace][gc,age      ] GC(21) - age   6:    3972072 bytes,   24336400 total
[2025-08-19T15:10:08.355+0000][66][info ][gc,heap     ] GC(21) Eden regions: 70->0(70)
[2025-08-19T15:10:08.356+0000][66][info ][gc,heap     ] GC(21) Survivor regions: 6->6(10)
[2025-08-19T15:10:08.357+0000][66][info ][gc,heap     ] GC(21) Old regions: 3->4
[2025-08-19T15:10:08.358+0000][66][info ][gc,heap     ] GC(21) Humongous regions: 0->0
[2025-08-19T15:10:08.359+0000][66][info ][gc,metaspace] GC(21) Metaspace: 44468K(45696K)->44468K(45696K) NonClass: 39080K(39808K)->39080K(39808K) Class: 5387K(5888K)->5387K(5888K)
[2025-08-19T15:10:08.360+0000][66][info ][gc          ] GC(21) Pause Young (Normal) (G1 Evacuation Pause) 314M->39M(512M) 45.517ms
[2025-08-19T15:10:08.368+0000][66][info ][gc,cpu      ] GC(21) User=0.05s Sys=0.00s Real=0.05s
[2025-08-19T15:10:08.373+0000][66][info ][safepoint   ] Safepoint "G1CollectForAllocation", Time since last: 649490908 ns, Reaching safepoint: 5980 ns, Cleanup: 98033 ns, At safepoint: 58144069 ns, Total: 58248082 ns
[2025-08-19T15:10:09.375+0000][66][info ][safepoint   ] Safepoint "Cleanup", Time since last: 1001810264 ns, Reaching safepoint: 679630 ns, Cleanup: 60265 ns, At safepoint: 11437 ns, Total: 751332 ns
[2025-08-19T15:10:10.377+0000][66][info ][safepoint   ] Safepoint "Cleanup", Time since last: 1001678675 ns, Reaching safepoint: 7974 ns, Cleanup: 171604 ns, At safepoint: 12800 ns, Total: 192378 ns
[2025-08-19T15:10:11.356+0000][66][info ][gc,start    ] GC(22) Pause Young (Concurrent Start) (Metadata GC Threshold)
[2025-08-19T15:10:11.358+0000][66][info ][gc,task     ] GC(22) Using 2 workers of 2 for evacuation
[2025-08-19T15:10:11.359+0000][66][debug][gc,age      ] GC(22) Desired survivor size 20971520 bytes, new threshold 6 (max threshold 15)
[2025-08-19T15:10:11.401+0000][66][info ][gc,phases   ] GC(22)   Pre Evacuate Collection Set: 0.42ms
[2025-08-19T15:10:11.402+0000][66][info ][gc,phases   ] GC(22)   Merge Heap Roots: 0.15ms
[2025-08-19T15:10:11.405+0000][66][info ][gc,phases   ] GC(22)   Evacuate Collection Set: 38.25ms
[2025-08-19T15:10:11.406+0000][66][info ][gc,phases   ] GC(22)   Post Evacuate Collection Set: 2.10ms
[2025-08-19T15:10:11.408+0000][66][info ][gc,phases   ] GC(22)   Other: 2.21ms
[2025-08-19T15:10:11.409+0000][66][trace][gc,age      ] GC(22) Age table with threshold 6 (max threshold 15)
[2025-08-19T15:10:11.410+0000][66][trace][gc,age      ] GC(22) - age   1:    4120984 bytes,    4120984 total
[2025-08-19T15:10:11.411+0000][66][trace][gc,age      ] GC(22) - age   2:    5942184 bytes,   10063168 total
[2025-08-19T15:10:11.413+0000][66][trace][gc,age      ] GC(22) - age   3:    3201096 bytes,   13264264 total
[2025-08-19T15:10:11.414+0000][66][trace][gc,age      ] GC(22) - age   4:    5664544 bytes,   18928808 total
[2025-08-19T15:10:11.415+0000][66][trace][gc,age      ] GC(22) - age   5:    2572904 bytes,   21501712 total
[2025-08-19T15:10:11.416+0000][66][trace][gc,age      ] GC(22) - age   6:    2770480 bytes,   24272192 total
[2025-08-19T15:10:11.418+0000][66][info ][gc,heap     ] GC(22) Eden regions: 65->0(70)
[2025-08-19T15:10:11.421+0000][66][info ][gc,heap     ] GC(22) Survivor regions: 6->6(10)
[2025-08-19T15:10:11.422+0000][66][info ][gc,heap     ] GC(22) Old regions: 4->5
[2025-08-19T15:10:11.423+0000][66][info ][gc,heap     ] GC(22) Humongous regions: 0->0
[2025-08-19T15:10:11.424+0000][66][info ][gc,metaspace] GC(22) Metaspace: 59194K(60608K)->59194K(60608K) NonClass: 51693K(52544K)->51693K(52544K) Class: 7500K(8064K)->7500K(8064K)
[2025-08-19T15:10:11.425+0000][66][info ][gc          ] GC(22) Pause Young (Concurrent Start) (Metadata GC Threshold) 299M->43M(512M) 68.754ms
[2025-08-19T15:10:11.426+0000][66][info ][gc,cpu      ] GC(22) User=0.10s Sys=0.00s Real=0.07s
[2025-08-19T15:10:11.426+0000][66][info ][gc          ] GC(23) Concurrent Mark Cycle
[2025-08-19T15:10:11.429+0000][66][info ][gc,marking  ] GC(23) Concurrent Scan Root Regions
[2025-08-19T15:10:11.427+0000][66][info ][safepoint   ] Safepoint "CollectForMetadataAllocation", Time since last: 979055124 ns, Reaching safepoint: 6418 ns, Cleanup: 38996 ns, At safepoint: 70892778 ns, Total: 70938192 ns
[2025-08-19T15:10:11.471+0000][66][info ][gc,marking  ] GC(23) Concurrent Scan Root Regions 41.694ms
[2025-08-19T15:10:11.472+0000][66][info ][gc,marking  ] GC(23) Concurrent Mark
[2025-08-19T15:10:11.473+0000][66][info ][gc,marking  ] GC(23) Concurrent Mark From Roots
[2025-08-19T15:10:11.475+0000][66][info ][gc,task     ] GC(23) Using 1 workers of 1 for marking
[2025-08-19T15:10:11.522+0000][66][info ][safepoint   ] Safepoint "CollectForMetadataAllocation", Time since last: 94364237 ns, Reaching safepoint: 68916 ns, Cleanup: 11331 ns, At safepoint: 105644 ns, Total: 185891 ns
[2025-08-19T15:10:11.537+0000][66][info ][gc,marking  ] GC(23) Concurrent Mark From Roots 63.868ms
[2025-08-19T15:10:11.539+0000][66][info ][gc,marking  ] GC(23) Concurrent Preclean
[2025-08-19T15:10:11.540+0000][66][info ][gc,marking  ] GC(23) Concurrent Preclean 1.304ms
[2025-08-19T15:10:11.542+0000][66][info ][gc,start    ] GC(23) Pause Remark
[2025-08-19T15:10:11.561+0000][66][info ][gc          ] GC(23) Pause Remark 47M->47M(512M) 18.772ms
[2025-08-19T15:10:11.562+0000][66][info ][gc,cpu      ] GC(23) User=0.03s Sys=0.00s Real=0.02s
[2025-08-19T15:10:11.564+0000][66][info ][safepoint   ] Safepoint "G1PauseRemark", Time since last: 19337130 ns, Reaching safepoint: 773836 ns, Cleanup: 6081 ns, At safepoint: 21939168 ns, Total: 22719085 ns
[2025-08-19T15:10:11.569+0000][66][info ][gc,marking  ] GC(23) Concurrent Mark 96.820ms
[2025-08-19T15:10:11.571+0000][66][info ][gc,marking  ] GC(23) Concurrent Rebuild Remembered Sets and Scrub Regions
[2025-08-19T15:10:11.604+0000][66][info ][gc,marking  ] GC(23) Concurrent Rebuild Remembered Sets and Scrub Regions 32.983ms
[2025-08-19T15:10:11.607+0000][66][info ][gc,start    ] GC(23) Pause Cleanup
[2025-08-19T15:10:11.608+0000][66][info ][gc          ] GC(23) Pause Cleanup 49M->49M(512M) 1.472ms
[2025-08-19T15:10:11.609+0000][66][info ][gc,cpu      ] GC(23) User=0.01s Sys=0.00s Real=0.00s
[2025-08-19T15:10:11.611+0000][66][info ][safepoint   ] Safepoint "G1PauseCleanup", Time since last: 43019669 ns, Reaching safepoint: 8360 ns, Cleanup: 29132 ns, At safepoint: 4222666 ns, Total: 4260158 ns
[2025-08-19T15:10:11.612+0000][66][info ][gc,marking  ] GC(23) Concurrent Clear Claimed Marks
[2025-08-19T15:10:11.614+0000][66][info ][gc,marking  ] GC(23) Concurrent Clear Claimed Marks 1.531ms
[2025-08-19T15:10:11.615+0000][66][info ][gc,marking  ] GC(23) Concurrent Cleanup for Next Mark
[2025-08-19T15:10:11.620+0000][66][info ][gc,marking  ] GC(23) Concurrent Cleanup for Next Mark 4.197ms
[2025-08-19T15:10:11.621+0000][66][info ][gc          ] GC(23) Concurrent Mark Cycle 194.670ms
[2025-08-19T15:10:12.613+0000][66][info ][safepoint   ] Safepoint "Cleanup", Time since last: 1001465807 ns, Reaching safepoint: 147244 ns, Cleanup: 27575 ns, At safepoint: 43569 ns, Total: 218388 ns
[2025-08-19T15:10:14.016+0000][66][info ][safepoint   ] Safepoint "Cleanup", Time since last: 1402784328 ns, Reaching safepoint: 228596 ns, Cleanup: 100648 ns, At safepoint: 142478 ns, Total: 471722 ns
[2025-08-19T15:10:15.018+0000][66][info ][safepoint   ] Safepoint "Cleanup", Time since last: 1001616652 ns, Reaching safepoint: 163188 ns, Cleanup: 88551 ns, At safepoint: 16543 ns, Total: 268282 ns
[2025-08-19T15:10:16.020+0000][66][info ][safepoint   ] Safepoint "Cleanup", Time since last: 1001464262 ns, Reaching safepoint: 147112 ns, Cleanup: 17277 ns, At safepoint: 45727 ns, Total: 210116 ns
[2025-08-19T15:10:16.194+0000][66][info ][gc,start    ] GC(24) Pause Young (Prepare Mixed) (G1 Evacuation Pause)
[2025-08-19T15:10:16.195+0000][66][info ][gc,task     ] GC(24) Using 2 workers of 2 for evacuation
[2025-08-19T15:10:16.196+0000][66][debug][gc,age      ] GC(24) Desired survivor size 20971520 bytes, new threshold 5 (max threshold 15)
[2025-08-19T15:10:16.230+0000][66][info ][gc,phases   ] GC(24)   Pre Evacuate Collection Set: 0.18ms
[2025-08-19T15:10:16.231+0000][66][info ][gc,phases   ] GC(24)   Merge Heap Roots: 0.13ms
[2025-08-19T15:10:16.232+0000][66][info ][gc,phases   ] GC(24)   Evacuate Collection Set: 30.86ms
[2025-08-19T15:10:16.233+0000][66][info ][gc,phases   ] GC(24)   Post Evacuate Collection Set: 1.97ms
[2025-08-19T15:10:16.233+0000][66][info ][gc,phases   ] GC(24)   Other: 2.13ms
[2025-08-19T15:10:16.234+0000][66][trace][gc,age      ] GC(24) Age table with threshold 5 (max threshold 15)
[2025-08-19T15:10:16.235+0000][66][trace][gc,age      ] GC(24) - age   1:    8848648 bytes,    8848648 total
[2025-08-19T15:10:16.236+0000][66][trace][gc,age      ] GC(24) - age   2:    3895496 bytes,   12744144 total
[2025-08-19T15:10:16.237+0000][66][trace][gc,age      ] GC(24) - age   3:    5871744 bytes,   18615888 total
[2025-08-19T15:10:16.238+0000][66][trace][gc,age      ] GC(24) - age   4:    3160696 bytes,   21776584 total
[2025-08-19T15:10:16.240+0000][66][trace][gc,age      ] GC(24) - age   5:    5654920 bytes,   27431504 total
[2025-08-19T15:10:16.241+0000][66][info ][gc,heap     ] GC(24) Eden regions: 70->0(69)
[2025-08-19T15:10:16.242+0000][66][info ][gc,heap     ] GC(24) Survivor regions: 6->7(10)
[2025-08-19T15:10:16.243+0000][66][info ][gc,heap     ] GC(24) Old regions: 5->7
[2025-08-19T15:10:16.244+0000][66][info ][gc,heap     ] GC(24) Humongous regions: 0->0
[2025-08-19T15:10:16.245+0000][66][info ][gc,metaspace] GC(24) Metaspace: 69488K(71296K)->69488K(71296K) NonClass: 60274K(61376K)->60274K(61376K) Class: 9213K(9920K)->9213K(9920K)
[2025-08-19T15:10:16.246+0000][66][info ][gc          ] GC(24) Pause Young (Prepare Mixed) (G1 Evacuation Pause) 323M->53M(512M) 52.291ms
[2025-08-19T15:10:16.248+0000][66][info ][gc,cpu      ] GC(24) User=0.06s Sys=0.00s Real=0.06s
[2025-08-19T15:10:16.256+0000][66][info ][safepoint   ] Safepoint "G1CollectForAllocation", Time since last: 173981476 ns, Reaching safepoint: 7134 ns, Cleanup: 9211 ns, At safepoint: 62076703 ns, Total: 62093048 ns
[2025-08-19T15:10:17.487+0000][66][info ][safepoint   ] Safepoint "ICBufferFull", Time since last: 1125474986 ns, Reaching safepoint: 164664 ns, Cleanup: 88536 ns, At safepoint: 79128 ns, Total: 332328 ns
[2025-08-19T15:10:18.488+0000][66][info ][safepoint   ] Safepoint "Cleanup", Time since last: 1001333055 ns, Reaching safepoint: 220438 ns, Cleanup: 50805 ns, At safepoint: 43265 ns, Total: 314508 ns
[2025-08-19T15:10:18.811+0000][66][info ][gc,start    ] GC(25) Pause Young (Mixed) (G1 Evacuation Pause)
[2025-08-19T15:10:18.812+0000][66][info ][gc,task     ] GC(25) Using 2 workers of 2 for evacuation
[2025-08-19T15:10:18.813+0000][66][debug][gc,age      ] GC(25) Desired survivor size 20971520 bytes, new threshold 4 (max threshold 15)
[2025-08-19T15:10:18.867+0000][66][info ][gc,phases   ] GC(25)   Pre Evacuate Collection Set: 0.58ms
[2025-08-19T15:10:18.868+0000][66][info ][gc,phases   ] GC(25)   Merge Heap Roots: 0.26ms
[2025-08-19T15:10:18.869+0000][66][info ][gc,phases   ] GC(25)   Evacuate Collection Set: 47.72ms
[2025-08-19T15:10:18.870+0000][66][info ][gc,phases   ] GC(25)   Post Evacuate Collection Set: 2.63ms
[2025-08-19T15:10:18.871+0000][66][info ][gc,phases   ] GC(25)   Other: 3.20ms
[2025-08-19T15:10:18.872+0000][66][trace][gc,age      ] GC(25) Age table with threshold 4 (max threshold 15)
[2025-08-19T15:10:18.873+0000][66][trace][gc,age      ] GC(25) - age   1:    3723232 bytes,    3723232 total
[2025-08-19T15:10:18.874+0000][66][trace][gc,age      ] GC(25) - age   2:    7000344 bytes,   10723576 total
[2025-08-19T15:10:18.875+0000][66][trace][gc,age      ] GC(25) - age   3:    3870600 bytes,   14594176 total
[2025-08-19T15:10:18.876+0000][66][trace][gc,age      ] GC(25) - age   4:    5768208 bytes,   20362384 total
[2025-08-19T15:10:18.877+0000][66][info ][gc,heap     ] GC(25) Eden regions: 69->0(71)
[2025-08-19T15:10:18.878+0000][66][info ][gc,heap     ] GC(25) Survivor regions: 7->5(10)
[2025-08-19T15:10:18.879+0000][66][info ][gc,heap     ] GC(25) Old regions: 7->9
[2025-08-19T15:10:18.879+0000][66][info ][gc,heap     ] GC(25) Humongous regions: 0->0
[2025-08-19T15:10:18.880+0000][66][info ][gc,metaspace] GC(25) Metaspace: 74184K(75968K)->74184K(75968K) NonClass: 64221K(65280K)->64221K(65280K) Class: 9962K(10688K)->9962K(10688K)
[2025-08-19T15:10:18.881+0000][66][info ][gc          ] GC(25) Pause Young (Mixed) (G1 Evacuation Pause) 329M->53M(512M) 70.255ms
[2025-08-19T15:10:18.882+0000][66][info ][gc,cpu      ] GC(25) User=0.11s Sys=0.00s Real=0.07s
[2025-08-19T15:10:18.886+0000][66][info ][safepoint   ] Safepoint "G1CollectForAllocation", Time since last: 322453056 ns, Reaching safepoint: 8150 ns, Cleanup: 5842 ns, At safepoint: 75316870 ns, Total: 75330862 ns
[2025-08-19T15:10:20.029+0000][66][info ][safepoint   ] Safepoint "Cleanup", Time since last: 1142786109 ns, Reaching safepoint: 3837 ns, Cleanup: 42507 ns, At safepoint: 33850 ns, Total: 80194 ns
[2025-08-19T15:10:21.067+0000][66][info ][safepoint   ] Safepoint "Cleanup", Time since last: 1037633782 ns, Reaching safepoint: 4513 ns, Cleanup: 254521 ns, At safepoint: 14624 ns, Total: 273658 ns
[2025-08-19T15:10:22.514+0000][66][info ][safepoint   ] Safepoint "Cleanup", Time since last: 1446898026 ns, Reaching safepoint: 7023 ns, Cleanup: 70400 ns, At safepoint: 42900 ns, Total: 120323 ns
[2025-08-19T15:10:23.516+0000][66][info ][safepoint   ] Safepoint "Cleanup", Time since last: 1001362880 ns, Reaching safepoint: 163257 ns, Cleanup: 73850 ns, At safepoint: 14135 ns, Total: 251242 ns
[2025-08-19T15:10:23.665+0000][66][info ][gc,start    ] GC(26) Pause Young (Concurrent Start) (Metadata GC Threshold)
[2025-08-19T15:10:23.667+0000][66][info ][gc,task     ] GC(26) Using 2 workers of 2 for evacuation
[2025-08-19T15:10:23.668+0000][66][debug][gc,age      ] GC(26) Desired survivor size 20971520 bytes, new threshold 15 (max threshold 15)
[2025-08-19T15:10:23.735+0000][66][info ][gc,phases   ] GC(26)   Pre Evacuate Collection Set: 0.24ms
[2025-08-19T15:10:23.737+0000][66][info ][gc,phases   ] GC(26)   Merge Heap Roots: 0.07ms
[2025-08-19T15:10:23.738+0000][66][info ][gc,phases   ] GC(26)   Evacuate Collection Set: 48.37ms
[2025-08-19T15:10:23.739+0000][66][info ][gc,phases   ] GC(26)   Post Evacuate Collection Set: 3.84ms
[2025-08-19T15:10:23.740+0000][66][info ][gc,phases   ] GC(26)   Other: 15.82ms
[2025-08-19T15:10:23.740+0000][66][trace][gc,age      ] GC(26) Age table with threshold 15 (max threshold 15)
[2025-08-19T15:10:23.741+0000][66][trace][gc,age      ] GC(26) - age   1:    8345368 bytes,    8345368 total
[2025-08-19T15:10:23.742+0000][66][trace][gc,age      ] GC(26) - age   2:    3586584 bytes,   11931952 total
[2025-08-19T15:10:23.743+0000][66][trace][gc,age      ] GC(26) - age   3:    6949248 bytes,   18881200 total
[2025-08-19T15:10:23.744+0000][66][trace][gc,age      ] GC(26) - age   4:    3831344 bytes,   22712544 total
[2025-08-19T15:10:23.745+0000][66][trace][gc,age      ] GC(26) - age   5:    5686264 bytes,   28398808 total
[2025-08-19T15:10:23.746+0000][66][info ][gc,heap     ] GC(26) Eden regions: 69->0(68)
[2025-08-19T15:10:23.747+0000][66][info ][gc,heap     ] GC(26) Survivor regions: 5->8(10)
[2025-08-19T15:10:23.748+0000][66][info ][gc,heap     ] GC(26) Old regions: 9->9
[2025-08-19T15:10:23.749+0000][66][info ][gc,heap     ] GC(26) Humongous regions: 0->0
[2025-08-19T15:10:23.750+0000][66][info ][gc,metaspace] GC(26) Metaspace: 99746K(101696K)->99746K(101696K) NonClass: 86296K(87488K)->86296K(87488K) Class: 13449K(14208K)->13449K(14208K)
[2025-08-19T15:10:23.751+0000][66][info ][gc          ] GC(26) Pause Young (Concurrent Start) (Metadata GC Threshold) 327M->63M(512M) 86.052ms
[2025-08-19T15:10:23.752+0000][66][info ][gc,cpu      ] GC(26) User=0.09s Sys=0.00s Real=0.09s
[2025-08-19T15:10:23.752+0000][66][info ][gc          ] GC(27) Concurrent Mark Cycle
[2025-08-19T15:10:23.757+0000][66][info ][gc,marking  ] GC(27) Concurrent Scan Root Regions
[2025-08-19T15:10:23.757+0000][66][info ][safepoint   ] Safepoint "CollectForMetadataAllocation", Time since last: 149656172 ns, Reaching safepoint: 6016 ns, Cleanup: 25005 ns, At safepoint: 91635573 ns, Total: 91666594 ns
[2025-08-19T15:10:23.799+0000][66][info ][gc,marking  ] GC(27) Concurrent Scan Root Regions 41.857ms
[2025-08-19T15:10:23.800+0000][66][info ][gc,marking  ] GC(27) Concurrent Mark
[2025-08-19T15:10:23.801+0000][66][info ][gc,marking  ] GC(27) Concurrent Mark From Roots
[2025-08-19T15:10:23.803+0000][66][info ][gc,task     ] GC(27) Using 1 workers of 1 for marking
[2025-08-19T15:10:23.861+0000][66][info ][gc,marking  ] GC(27) Concurrent Mark From Roots 59.836ms
[2025-08-19T15:10:23.863+0000][66][info ][gc,marking  ] GC(27) Concurrent Preclean
[2025-08-19T15:10:23.865+0000][66][info ][gc,marking  ] GC(27) Concurrent Preclean 1.955ms
[2025-08-19T15:10:23.867+0000][66][info ][gc,start    ] GC(27) Pause Remark
[2025-08-19T15:10:23.884+0000][66][info ][gc          ] GC(27) Pause Remark 66M->66M(512M) 17.107ms
[2025-08-19T15:10:23.885+0000][66][info ][gc,cpu      ] GC(27) User=0.02s Sys=0.00s Real=0.02s
[2025-08-19T15:10:23.890+0000][66][info ][safepoint   ] Safepoint "G1PauseRemark", Time since last: 109475482 ns, Reaching safepoint: 266667 ns, Cleanup: 15626 ns, At safepoint: 23637055 ns, Total: 23919348 ns
[2025-08-19T15:10:23.892+0000][66][info ][gc,marking  ] GC(27) Concurrent Mark 91.345ms
[2025-08-19T15:10:23.893+0000][66][info ][gc,marking  ] GC(27) Concurrent Rebuild Remembered Sets and Scrub Regions
[2025-08-19T15:10:23.920+0000][66][info ][gc,marking  ] GC(27) Concurrent Rebuild Remembered Sets and Scrub Regions 27.566ms
[2025-08-19T15:10:23.951+0000][66][info ][gc,start    ] GC(27) Pause Cleanup
[2025-08-19T15:10:23.952+0000][66][info ][gc          ] GC(27) Pause Cleanup 67M->67M(512M) 1.828ms
[2025-08-19T15:10:23.953+0000][66][info ][gc,cpu      ] GC(27) User=0.01s Sys=0.00s Real=0.00s
[2025-08-19T15:10:23.954+0000][66][info ][safepoint   ] Safepoint "G1PauseCleanup", Time since last: 60200022 ns, Reaching safepoint: 8433 ns, Cleanup: 26866 ns, At safepoint: 3590394 ns, Total: 3625693 ns
[2025-08-19T15:10:23.960+0000][66][info ][gc,marking  ] GC(27) Concurrent Clear Claimed Marks
[2025-08-19T15:10:23.962+0000][66][info ][gc,marking  ] GC(27) Concurrent Clear Claimed Marks 1.597ms
[2025-08-19T15:10:23.963+0000][66][info ][gc,marking  ] GC(27) Concurrent Cleanup for Next Mark
[2025-08-19T15:10:23.965+0000][66][info ][gc,marking  ] GC(27) Concurrent Cleanup for Next Mark 2.009ms
[2025-08-19T15:10:23.967+0000][66][info ][gc          ] GC(27) Concurrent Mark Cycle 214.023ms
[2025-08-19T15:10:24.986+0000][66][info ][safepoint   ] Safepoint "Cleanup", Time since last: 1032056374 ns, Reaching safepoint: 3865 ns, Cleanup: 49566 ns, At safepoint: 37480 ns, Total: 90911 ns
[2025-08-19T15:10:26.781+0000][66][info ][safepoint   ] Safepoint "Cleanup", Time since last: 1794862182 ns, Reaching safepoint: 142928 ns, Cleanup: 105552 ns, At safepoint: 12579 ns, Total: 261059 ns
[2025-08-19T15:10:28.147+0000][66][info ][safepoint   ] Safepoint "Cleanup", Time since last: 1365830085 ns, Reaching safepoint: 5894 ns, Cleanup: 53138 ns, At safepoint: 10221 ns, Total: 69253 ns
[2025-08-19T15:10:29.151+0000][66][info ][safepoint   ] Safepoint "Cleanup", Time since last: 1003577373 ns, Reaching safepoint: 150078 ns, Cleanup: 64162 ns, At safepoint: 43102 ns, Total: 257342 ns
[2025-08-19T15:10:29.899+0000][66][info ][safepoint   ] Safepoint "ICBufferFull", Time since last: 747165218 ns, Reaching safepoint: 607540 ns, Cleanup: 91748 ns, At safepoint: 43325 ns, Total: 742613 ns
[2025-08-19T15:10:30.254+0000][66][info ][safepoint   ] Safepoint "ICBufferFull", Time since last: 354623465 ns, Reaching safepoint: 11968 ns, Cleanup: 91916 ns, At safepoint: 10817 ns, Total: 114701 ns
[2025-08-19T15:10:30.807+0000][66][info ][safepoint   ] Safepoint "ICBufferFull", Time since last: 553192238 ns, Reaching safepoint: 12366 ns, Cleanup: 87890 ns, At safepoint: 184360 ns, Total: 284616 ns
[2025-08-19T15:10:30.956+0000][66][info ][gc,start    ] GC(28) Pause Young (Prepare Mixed) (G1 Evacuation Pause)
[2025-08-19T15:10:30.957+0000][66][info ][gc,task     ] GC(28) Using 2 workers of 2 for evacuation
[2025-08-19T15:10:30.958+0000][66][debug][gc,age      ] GC(28) Desired survivor size 20971520 bytes, new threshold 4 (max threshold 15)
[2025-08-19T15:10:31.057+0000][66][info ][gc,phases   ] GC(28)   Pre Evacuate Collection Set: 0.60ms
[2025-08-19T15:10:31.058+0000][66][info ][gc,phases   ] GC(28)   Merge Heap Roots: 0.43ms
[2025-08-19T15:10:31.059+0000][66][info ][gc,phases   ] GC(28)   Evacuate Collection Set: 93.37ms
[2025-08-19T15:10:31.060+0000][66][info ][gc,phases   ] GC(28)   Post Evacuate Collection Set: 3.24ms
[2025-08-19T15:10:31.060+0000][66][info ][gc,phases   ] GC(28)   Other: 1.87ms
[2025-08-19T15:10:31.061+0000][66][trace][gc,age      ] GC(28) Age table with threshold 4 (max threshold 15)
[2025-08-19T15:10:31.062+0000][66][trace][gc,age      ] GC(28) - age   1:   17018808 bytes,   17018808 total
[2025-08-19T15:10:31.062+0000][66][trace][gc,age      ] GC(28) - age   2:    7961272 bytes,   24980080 total
[2025-08-19T15:10:31.063+0000][66][trace][gc,age      ] GC(28) - age   3:    3550616 bytes,   28530696 total
[2025-08-19T15:10:31.064+0000][66][trace][gc,age      ] GC(28) - age   4:    6806152 bytes,   35336848 total
[2025-08-19T15:10:31.065+0000][66][info ][gc,heap     ] GC(28) Eden regions: 68->0(67)
[2025-08-19T15:10:31.066+0000][66][info ][gc,heap     ] GC(28) Survivor regions: 8->9(10)
[2025-08-19T15:10:31.067+0000][66][info ][gc,heap     ] GC(28) Old regions: 9->11
[2025-08-19T15:10:31.068+0000][66][info ][gc,heap     ] GC(28) Humongous regions: 0->0
[2025-08-19T15:10:31.069+0000][66][info ][gc,metaspace] GC(28) Metaspace: 128287K(132096K)->128287K(132096K) NonClass: 110071K(112128K)->110071K(112128K) Class: 18216K(19968K)->18216K(19968K)
[2025-08-19T15:10:31.070+0000][66][info ][gc          ] GC(28) Pause Young (Prepare Mixed) (G1 Evacuation Pause) 335M->79M(512M) 114.135ms
[2025-08-19T15:10:31.071+0000][66][info ][gc,cpu      ] GC(28) User=0.19s Sys=0.00s Real=0.12s
[2025-08-19T15:10:31.075+0000][66][info ][safepoint   ] Safepoint "G1CollectForAllocation", Time since last: 148426728 ns, Reaching safepoint: 10606 ns, Cleanup: 48578 ns, At safepoint: 119575922 ns, Total: 119635106 ns
[2025-08-19T15:10:31.747+0000][66][info ][safepoint   ] Safepoint "ICBufferFull", Time since last: 671283305 ns, Reaching safepoint: 43518 ns, Cleanup: 269609 ns, At safepoint: 15316 ns, Total: 328443 ns
[2025-08-19T15:10:32.757+0000][66][info ][safepoint   ] Safepoint "Cleanup", Time since last: 1002817665 ns, Reaching safepoint: 6543661 ns, Cleanup: 108714 ns, At safepoint: 69991 ns, Total: 6722366 ns
[2025-08-19T15:10:33.760+0000][66][info ][safepoint   ] Safepoint "Cleanup", Time since last: 1002073150 ns, Reaching safepoint: 896625 ns, Cleanup: 435867 ns, At safepoint: 27594 ns, Total: 1360086 ns
[2025-08-19T15:10:34.828+0000][66][info ][safepoint   ] Safepoint "Cleanup", Time since last: 1068384434 ns, Reaching safepoint: 16685 ns, Cleanup: 132463 ns, At safepoint: 18620 ns, Total: 167768 ns
[2025-08-19T15:10:35.845+0000][66][info ][safepoint   ] Safepoint "Cleanup", Time since last: 1016162903 ns, Reaching safepoint: 19976 ns, Cleanup: 46065 ns, At safepoint: 21638 ns, Total: 87679 ns
[2025-08-19T15:10:36.850+0000][66][info ][safepoint   ] Safepoint "Cleanup", Time since last: 1005335101 ns, Reaching safepoint: 135061 ns, Cleanup: 234259 ns, At safepoint: 16717 ns, Total: 386037 ns
[2025-08-19T15:10:37.880+0000][66][info ][safepoint   ] Safepoint "Cleanup", Time since last: 1029227242 ns, Reaching safepoint: 240492 ns, Cleanup: 60003 ns, At safepoint: 105854 ns, Total: 406349 ns
[2025-08-19T15:10:39.828+0000][66][info ][safepoint   ] Safepoint "Cleanup", Time since last: 1948094846 ns, Reaching safepoint: 51678 ns, Cleanup: 132405 ns, At safepoint: 12800 ns, Total: 196883 ns
[2025-08-19T15:10:41.130+0000][66][info ][safepoint   ] Safepoint "Cleanup", Time since last: 1301236892 ns, Reaching safepoint: 46252 ns, Cleanup: 179436 ns, At safepoint: 12410 ns, Total: 238098 ns
[2025-08-19T15:10:42.165+0000][66][info ][safepoint   ] Safepoint "Cleanup", Time since last: 1020151245 ns, Reaching safepoint: 7161239 ns, Cleanup: 33845 ns, At safepoint: 7728201 ns, Total: 14923285 ns
[2025-08-19T15:10:43.167+0000][66][info ][safepoint   ] Safepoint "Cleanup", Time since last: 1001702417 ns, Reaching safepoint: 15188 ns, Cleanup: 28704 ns, At safepoint: 10870 ns, Total: 54762 ns
[2025-08-19T15:10:44.302+0000][66][info ][safepoint   ] Safepoint "Cleanup", Time since last: 1133709525 ns, Reaching safepoint: 80887 ns, Cleanup: 208114 ns, At safepoint: 804791 ns, Total: 1093792 ns
[2025-08-19T15:10:45.839+0000][66][info ][safepoint   ] Safepoint "Cleanup", Time since last: 1537226763 ns, Reaching safepoint: 9286 ns, Cleanup: 66020 ns, At safepoint: 98215 ns, Total: 173521 ns
[2025-08-19T15:10:47.121+0000][66][info ][safepoint   ] Safepoint "Cleanup", Time since last: 1282438701 ns, Reaching safepoint: 17869 ns, Cleanup: 30440 ns, At safepoint: 13179 ns, Total: 61488 ns
[2025-08-19T15:10:48.578+0000][66][info ][safepoint   ] Safepoint "Cleanup", Time since last: 1456394280 ns, Reaching safepoint: 16958 ns, Cleanup: 41055 ns, At safepoint: 10858 ns, Total: 68871 ns
[2025-08-19T15:10:49.425+0000][66][info ][safepoint   ] Safepoint "Cleanup", Time since last: 1271134123 ns, Reaching safepoint: 15549 ns, Cleanup: 75489 ns, At safepoint: 15680 ns, Total: 106718 ns
[2025-08-19T15:10:52.572+0000][66][info ][safepoint   ] Safepoint "Cleanup", Time since last: 3147545825 ns, Reaching safepoint: 19816 ns, Cleanup: 26174 ns, At safepoint: 14995 ns, Total: 60985 ns
[2025-08-19T15:10:54.519+0000][66][info ][safepoint   ] Safepoint "Cleanup", Time since last: 1946695341 ns, Reaching safepoint: 17542 ns, Cleanup: 173497 ns, At safepoint: 25068 ns, Total: 216107 ns
[2025-08-19T15:10:55.984+0000][66][info ][safepoint   ] Safepoint "Cleanup", Time since last: 1465139963 ns, Reaching safepoint: 20641 ns, Cleanup: 17575 ns, At safepoint: 14544 ns, Total: 52760 ns
[2025-08-19T15:10:57.130+0000][66][info ][safepoint   ] Safepoint "Cleanup", Time since last: 1144768066 ns, Reaching safepoint: 850980 ns, Cleanup: 68358 ns, At safepoint: 43578 ns, Total: 962916 ns
[2025-08-19T15:11:13.200+0000][66][info ][safepoint   ] Safepoint "Cleanup", Time since last: 16066887995 ns, Reaching safepoint: 2136194 ns, Cleanup: 15643 ns, At safepoint: 64454 ns, Total: 2216291 ns
[2025-08-19T15:11:16.295+0000][66][info ][safepoint   ] Safepoint "Cleanup", Time since last: 3095659250 ns, Reaching safepoint: 18425 ns, Cleanup: 18129 ns, At safepoint: 11081 ns, Total: 47635 ns
[2025-08-19T15:11:18.993+0000][66][info ][safepoint   ] Safepoint "Cleanup", Time since last: 2698346157 ns, Reaching safepoint: 6460 ns, Cleanup: 8553 ns, At safepoint: 5097 ns, Total: 20110 ns
[2025-08-19T15:11:20.308+0000][66][info ][safepoint   ] Safepoint "Cleanup", Time since last: 1877615393 ns, Reaching safepoint: 153284 ns, Cleanup: 9467 ns, At safepoint: 18263 ns, Total: 181014 ns
[2025-08-19T15:11:26.188+0000][66][info ][safepoint   ] Safepoint "Cleanup", Time since last: 5880203408 ns, Reaching safepoint: 22416 ns, Cleanup: 18813 ns, At safepoint: 14124 ns, Total: 55353 ns
[2025-08-19T15:11:27.664+0000][66][info ][safepoint   ] Safepoint "Cleanup", Time since last: 1475199564 ns, Reaching safepoint: 22196 ns, Cleanup: 32630 ns, At safepoint: 15735 ns, Total: 70561 ns
[2025-08-19T15:11:29.048+0000][66][info ][safepoint   ] Safepoint "Cleanup", Time since last: 1384059470 ns, Reaching safepoint: 9230 ns, Cleanup: 47097 ns, At safepoint: 9968 ns, Total: 66295 ns
[2025-08-19T15:11:30.207+0000][66][info ][safepoint   ] Safepoint "Cleanup", Time since last: 1159540309 ns, Reaching safepoint: 17013 ns, Cleanup: 177694 ns, At safepoint: 25429 ns, Total: 220136 ns
[2025-08-19T15:11:31.209+0000][66][info ][safepoint   ] Safepoint "Cleanup", Time since last: 1001505588 ns, Reaching safepoint: 241302 ns, Cleanup: 64802 ns, At safepoint: 22708 ns, Total: 328812 ns
[2025-08-19T15:11:32.061+0000][66][info ][gc,start    ] GC(29) Pause Young (Mixed) (G1 Evacuation Pause)
[2025-08-19T15:11:32.063+0000][66][info ][gc,task     ] GC(29) Using 2 workers of 2 for evacuation
[2025-08-19T15:11:32.064+0000][66][debug][gc,age      ] GC(29) Desired survivor size 20971520 bytes, new threshold 2 (max threshold 15)
[2025-08-19T15:11:32.139+0000][66][info ][gc,phases   ] GC(29)   Pre Evacuate Collection Set: 0.74ms
[2025-08-19T15:11:32.140+0000][66][info ][gc,phases   ] GC(29)   Merge Heap Roots: 0.29ms
[2025-08-19T15:11:32.142+0000][66][info ][gc,phases   ] GC(29)   Evacuate Collection Set: 68.45ms
[2025-08-19T15:11:32.143+0000][66][info ][gc,phases   ] GC(29)   Post Evacuate Collection Set: 3.87ms
[2025-08-19T15:11:32.144+0000][66][info ][gc,phases   ] GC(29)   Other: 2.14ms
[2025-08-19T15:11:32.146+0000][66][trace][gc,age      ] GC(29) Age table with threshold 2 (max threshold 15)
[2025-08-19T15:11:32.148+0000][66][trace][gc,age      ] GC(29) - age   1:    6956608 bytes,    6956608 total
[2025-08-19T15:11:32.149+0000][66][trace][gc,age      ] GC(29) - age   2:   16259120 bytes,   23215728 total
[2025-08-19T15:11:32.151+0000][66][info ][gc,heap     ] GC(29) Eden regions: 67->0(70)
[2025-08-19T15:11:32.153+0000][66][info ][gc,heap     ] GC(29) Survivor regions: 9->6(10)
[2025-08-19T15:11:32.154+0000][66][info ][gc,heap     ] GC(29) Old regions: 11->16
[2025-08-19T15:11:32.156+0000][66][info ][gc,heap     ] GC(29) Humongous regions: 0->0
[2025-08-19T15:11:32.158+0000][66][info ][gc,metaspace] GC(29) Metaspace: 137197K(141120K)->137197K(141120K) NonClass: 117694K(119872K)->117694K(119872K) Class: 19503K(21248K)->19503K(21248K)
[2025-08-19T15:11:32.160+0000][66][info ][gc          ] GC(29) Pause Young (Mixed) (G1 Evacuation Pause) 347M->86M(512M) 98.390ms
[2025-08-19T15:11:32.161+0000][66][info ][gc,cpu      ] GC(29) User=0.14s Sys=0.00s Real=0.10s
[2025-08-19T15:11:32.177+0000][66][info ][safepoint   ] Safepoint "G1CollectForAllocation", Time since last: 852121403 ns, Reaching safepoint: 12595 ns, Cleanup: 32969 ns, At safepoint: 115739825 ns, Total: 115785389 ns
[2025-08-19T15:11:33.181+0000][66][info ][safepoint   ] Safepoint "Cleanup", Time since last: 1003577760 ns, Reaching safepoint: 168983 ns, Cleanup: 120387 ns, At safepoint: 65876 ns, Total: 355246 ns
[2025-08-19T15:11:34.578+0000][66][info ][safepoint   ] Safepoint "Cleanup", Time since last: 1395978264 ns, Reaching safepoint: 1163748 ns, Cleanup: 71446 ns, At safepoint: 44394 ns, Total: 1279588 ns
[2025-08-19T15:11:35.580+0000][66][info ][safepoint   ] Safepoint "Cleanup", Time since last: 1001064757 ns, Reaching safepoint: 227699 ns, Cleanup: 29901 ns, At safepoint: 131635 ns, Total: 389235 ns
[2025-08-19T15:11:36.753+0000][66][info ][safepoint   ] Safepoint "Cleanup", Time since last: 1172363037 ns, Reaching safepoint: 672915 ns, Cleanup: 34683 ns, At safepoint: 18339 ns, Total: 725937 ns
[2025-08-19T15:11:37.758+0000][66][info ][safepoint   ] Safepoint "Cleanup", Time since last: 1004506260 ns, Reaching safepoint: 23244 ns, Cleanup: 54207 ns, At safepoint: 53446 ns, Total: 130897 ns
[2025-08-19T15:11:39.780+0000][66][info ][safepoint   ] Safepoint "Cleanup", Time since last: 2022147583 ns, Reaching safepoint: 26762 ns, Cleanup: 19859 ns, At safepoint: 13197 ns, Total: 59818 ns
[2025-08-19T15:11:40.784+0000][66][info ][safepoint   ] Safepoint "Cleanup", Time since last: 1003859111 ns, Reaching safepoint: 7236 ns, Cleanup: 120735 ns, At safepoint: 11236 ns, Total: 139207 ns
[2025-08-19T15:11:41.843+0000][66][info ][safepoint   ] Safepoint "Cleanup", Time since last: 1058413841 ns, Reaching safepoint: 227812 ns, Cleanup: 42702 ns, At safepoint: 89596 ns, Total: 360110 ns
[2025-08-19T15:11:42.846+0000][66][info ][safepoint   ] Safepoint "Cleanup", Time since last: 1002656154 ns, Reaching safepoint: 483173 ns, Cleanup: 66481 ns, At safepoint: 105372 ns, Total: 655026 ns
[2025-08-19T15:11:44.639+0000][66][info ][safepoint   ] Safepoint "Cleanup", Time since last: 1792879216 ns, Reaching safepoint: 24594 ns, Cleanup: 55884 ns, At safepoint: 21052 ns, Total: 101530 ns
[2025-08-19T15:11:45.641+0000][66][info ][safepoint   ] Safepoint "Cleanup", Time since last: 1002427580 ns, Reaching safepoint: 136887 ns, Cleanup: 25693 ns, At safepoint: 27272 ns, Total: 189852 ns
[2025-08-19T15:11:51.565+0000][66][info ][safepoint   ] Safepoint "Cleanup", Time since last: 5004034823 ns, Reaching safepoint: 26339 ns, Cleanup: 42174 ns, At safepoint: 22779 ns, Total: 91292 ns
[2025-08-19T15:11:54.568+0000][66][info ][safepoint   ] Safepoint "Cleanup", Time since last: 3002997869 ns, Reaching safepoint: 27099 ns, Cleanup: 22560 ns, At safepoint: 20489 ns, Total: 70148 ns
[2025-08-19T15:11:55.570+0000][66][info ][safepoint   ] Safepoint "Cleanup", Time since last: 1002157593 ns, Reaching safepoint: 36595 ns, Cleanup: 22853 ns, At safepoint: 23817 ns, Total: 83265 ns
[2025-08-19T15:12:01.576+0000][66][info ][safepoint   ] Safepoint "Cleanup", Time since last: 6005566170 ns, Reaching safepoint: 24253 ns, Cleanup: 58135 ns, At safepoint: 17170 ns, Total: 99558 ns
[2025-08-19T15:12:02.578+0000][66][info ][safepoint   ] Safepoint "Cleanup", Time since last: 1002551363 ns, Reaching safepoint: 27098 ns, Cleanup: 18738 ns, At safepoint: 22087 ns, Total: 67923 ns
[2025-08-19T15:12:11.670+0000][66][info ][safepoint   ] Safepoint "Cleanup", Time since last: 9091613580 ns, Reaching safepoint: 271363 ns, Cleanup: 110018 ns, At safepoint: 77520 ns, Total: 458901 ns
[2025-08-19T15:12:12.672+0000][66][info ][safepoint   ] Safepoint "Cleanup", Time since last: 1001788108 ns, Reaching safepoint: 25711 ns, Cleanup: 22425 ns, At safepoint: 21020 ns, Total: 69156 ns
[2025-08-19T15:12:14.676+0000][66][info ][safepoint   ] Safepoint "Cleanup", Time since last: 2003358054 ns, Reaching safepoint: 64881 ns, Cleanup: 16088 ns, At safepoint: 22228 ns, Total: 103197 ns
[2025-08-19T15:12:15.677+0000][66][info ][safepoint   ] Safepoint "Cleanup", Time since last: 1001838986 ns, Reaching safepoint: 19533 ns, Cleanup: 16228 ns, At safepoint: 14239 ns, Total: 50000 ns
[2025-08-19T15:12:21.778+0000][66][info ][safepoint   ] Safepoint "Cleanup", Time since last: 6122962293 ns, Reaching safepoint: 34363 ns, Cleanup: 33283 ns, At safepoint: 17271 ns, Total: 84917 ns
[2025-08-19T15:12:23.780+0000][66][info ][safepoint   ] Safepoint "Cleanup", Time since last: 2001909685 ns, Reaching safepoint: 22239 ns, Cleanup: 18483 ns, At safepoint: 12833 ns, Total: 53555 ns
[2025-08-19T15:12:24.784+0000][66][info ][safepoint   ] Safepoint "Cleanup", Time since last: 1003727473 ns, Reaching safepoint: 103901 ns, Cleanup: 147837 ns, At safepoint: 35528 ns, Total: 287266 ns
[2025-08-19T15:12:25.786+0000][66][info ][safepoint   ] Safepoint "Cleanup", Time since last: 1001817127 ns, Reaching safepoint: 26942 ns, Cleanup: 19432 ns, At safepoint: 21170 ns, Total: 67544 ns
[2025-08-19T15:12:31.792+0000][66][info ][safepoint   ] Safepoint "Cleanup", Time since last: 6005196356 ns, Reaching safepoint: 26639 ns, Cleanup: 45955 ns, At safepoint: 24836 ns, Total: 97430 ns
[2025-08-19T15:12:35.796+0000][66][info ][safepoint   ] Safepoint "Cleanup", Time since last: 4004590139 ns, Reaching safepoint: 119960 ns, Cleanup: 22018 ns, At safepoint: 25503 ns, Total: 167481 ns
[2025-08-19T15:12:36.799+0000][66][info ][safepoint   ] Safepoint "Cleanup", Time since last: 1002284214 ns, Reaching safepoint: 26633 ns, Cleanup: 21167 ns, At safepoint: 22223 ns, Total: 70023 ns
[2025-08-19T15:12:41.804+0000][66][info ][safepoint   ] Safepoint "Cleanup", Time since last: 5005365254 ns, Reaching safepoint: 31477 ns, Cleanup: 31328 ns, At safepoint: 15189 ns, Total: 77994 ns
[2025-08-19T15:12:44.806+0000][66][info ][safepoint   ] Safepoint "Cleanup", Time since last: 3002101488 ns, Reaching safepoint: 35399 ns, Cleanup: 49205 ns, At safepoint: 29613 ns, Total: 114217 ns
[2025-08-19T15:12:48.819+0000][66][info ][safepoint   ] Safepoint "Cleanup", Time since last: 4012913200 ns, Reaching safepoint: 91321 ns, Cleanup: 21418 ns, At safepoint: 32988 ns, Total: 145727 ns
[2025-08-19T15:12:51.347+0000][66][info ][safepoint   ] Safepoint "Cleanup", Time since last: 2550003065 ns, Reaching safepoint: 9203 ns, Cleanup: 32513 ns, At safepoint: 35684 ns, Total: 77400 ns
[2025-08-19T15:12:53.100+0000][66][info ][safepoint   ] Safepoint "Cleanup", Time since last: 1753077276 ns, Reaching safepoint: 26837 ns, Cleanup: 77618 ns, At safepoint: 23972 ns, Total: 128427 ns
[2025-08-19T15:12:54.102+0000][66][info ][safepoint   ] Safepoint "Cleanup", Time since last: 1001590805 ns, Reaching safepoint: 19458 ns, Cleanup: 22082 ns, At safepoint: 11101 ns, Total: 52641 ns
[2025-08-19T15:12:59.107+0000][66][info ][safepoint   ] Safepoint "Cleanup", Time since last: 5004469699 ns, Reaching safepoint: 79316 ns, Cleanup: 22041 ns, At safepoint: 23397 ns, Total: 124754 ns
[2025-08-19T15:13:00.109+0000][66][info ][safepoint   ] Safepoint "Cleanup", Time since last: 1001952642 ns, Reaching safepoint: 25928 ns, Cleanup: 17875 ns, At safepoint: 22288 ns, Total: 66091 ns
[2025-08-19T15:13:02.111+0000][66][info ][safepoint   ] Safepoint "Cleanup", Time since last: 2002050875 ns, Reaching safepoint: 22982 ns, Cleanup: 33900 ns, At safepoint: 16277 ns, Total: 73159 ns
[2025-08-19T15:13:09.119+0000][66][info ][safepoint   ] Safepoint "Cleanup", Time since last: 7008250296 ns, Reaching safepoint: 32315 ns, Cleanup: 26481 ns, At safepoint: 39210 ns, Total: 98006 ns
[2025-08-19T15:13:12.124+0000][66][info ][safepoint   ] Safepoint "Cleanup", Time since last: 3004420090 ns, Reaching safepoint: 73203 ns, Cleanup: 34743 ns, At safepoint: 16997 ns, Total: 124943 ns
[2025-08-19T15:13:15.126+0000][66][info ][safepoint   ] Safepoint "Cleanup", Time since last: 3002649432 ns, Reaching safepoint: 26635 ns, Cleanup: 17305 ns, At safepoint: 17945 ns, Total: 61885 ns
[2025-08-19T15:13:16.128+0000][66][info ][safepoint   ] Safepoint "Cleanup", Time since last: 1001467325 ns, Reaching safepoint: 74697 ns, Cleanup: 18112 ns, At safepoint: 17953 ns, Total: 110762 ns
[2025-08-19T15:13:21.913+0000][66][info ][safepoint   ] Safepoint "Cleanup", Time since last: 5806358630 ns, Reaching safepoint: 26632 ns, Cleanup: 70377 ns, At safepoint: 30640 ns, Total: 127649 ns
[2025-08-19T15:13:22.915+0000][66][info ][safepoint   ] Safepoint "Cleanup", Time since last: 1002602135 ns, Reaching safepoint: 25657 ns, Cleanup: 16639 ns, At safepoint: 16926 ns, Total: 59222 ns
[2025-08-19T15:13:24.917+0000][66][info ][safepoint   ] Safepoint "Cleanup", Time since last: 2001581051 ns, Reaching safepoint: 19114 ns, Cleanup: 16997 ns, At safepoint: 13002 ns, Total: 49113 ns
[2025-08-19T15:13:31.923+0000][66][info ][safepoint   ] Safepoint "Cleanup", Time since last: 7006014818 ns, Reaching safepoint: 100068 ns, Cleanup: 38582 ns, At safepoint: 41980 ns, Total: 180630 ns
[2025-08-19T15:13:41.936+0000][66][info ][safepoint   ] Safepoint "Cleanup", Time since last: 10012589242 ns, Reaching safepoint: 358341 ns, Cleanup: 37449 ns, At safepoint: 62033 ns, Total: 457823 ns
[2025-08-19T15:13:43.152+0000][66][info ][safepoint   ] Safepoint "Cleanup", Time since last: 1215840490 ns, Reaching safepoint: 25851 ns, Cleanup: 22978 ns, At safepoint: 23495 ns, Total: 72324 ns
[2025-08-19T15:13:44.154+0000][66][info ][safepoint   ] Safepoint "Cleanup", Time since last: 1001604997 ns, Reaching safepoint: 24789 ns, Cleanup: 19786 ns, At safepoint: 21428 ns, Total: 66003 ns
[2025-08-19T15:13:46.536+0000][66][info ][safepoint   ] Safepoint "Cleanup", Time since last: 2382120613 ns, Reaching safepoint: 29310 ns, Cleanup: 18136 ns, At safepoint: 20926 ns, Total: 68372 ns
[2025-08-19T15:13:51.542+0000][66][info ][safepoint   ] Safepoint "Cleanup", Time since last: 5006278231 ns, Reaching safepoint: 24797 ns, Cleanup: 55403 ns, At safepoint: 22666 ns, Total: 102866 ns
[2025-08-19T15:14:00.802+0000][66][info ][safepoint   ] Safepoint "Cleanup", Time since last: 9810903120 ns, Reaching safepoint: 195336 ns, Cleanup: 22821 ns, At safepoint: 44490 ns, Total: 262647 ns
[2025-08-19T15:14:02.477+0000][66][info ][safepoint   ] Safepoint "Cleanup", Time since last: 1675214348 ns, Reaching safepoint: 9104 ns, Cleanup: 22137 ns, At safepoint: 7399 ns, Total: 38640 ns
[2025-08-19T15:14:03.903+0000][66][info ][safepoint   ] Safepoint "Cleanup", Time since last: 1425613311 ns, Reaching safepoint: 240034 ns, Cleanup: 22384 ns, At safepoint: 79784 ns, Total: 342202 ns
[2025-08-19T15:14:05.534+0000][66][info ][safepoint   ] Safepoint "Cleanup", Time since last: 1630737270 ns, Reaching safepoint: 114040 ns, Cleanup: 45053 ns, At safepoint: 17571 ns, Total: 176664 ns
[2025-08-19T15:14:07.270+0000][66][info ][safepoint   ] Safepoint "Cleanup", Time since last: 1735461100 ns, Reaching safepoint: 153620 ns, Cleanup: 103504 ns, At safepoint: 17727 ns, Total: 274851 ns
[2025-08-19T15:14:10.818+0000][66][info ][safepoint   ] Safepoint "Cleanup", Time since last: 3547929303 ns, Reaching safepoint: 23638 ns, Cleanup: 17304 ns, At safepoint: 18740 ns, Total: 59682 ns
[2025-08-19T15:14:12.232+0000][66][info ][safepoint   ] Safepoint "Cleanup", Time since last: 1414021716 ns, Reaching safepoint: 24670 ns, Cleanup: 45337 ns, At safepoint: 13167 ns, Total: 83174 ns
[2025-08-19T15:14:14.187+0000][66][info ][safepoint   ] Safepoint "Cleanup", Time since last: 1955361090 ns, Reaching safepoint: 17950 ns, Cleanup: 14383 ns, At safepoint: 9726 ns, Total: 42059 ns
[2025-08-19T15:14:15.184+0000][66][info ][gc,start    ] GC(30) Pause Young (Normal) (G1 Evacuation Pause)
[2025-08-19T15:14:15.185+0000][66][info ][gc,task     ] GC(30) Using 2 workers of 2 for evacuation
[2025-08-19T15:14:15.186+0000][66][debug][gc,age      ] GC(30) Desired survivor size 20971520 bytes, new threshold 2 (max threshold 15)
[2025-08-19T15:14:15.339+0000][66][info ][gc,phases   ] GC(30)   Pre Evacuate Collection Set: 0.65ms
[2025-08-19T15:14:15.341+0000][66][info ][gc,phases   ] GC(30)   Merge Heap Roots: 0.28ms
[2025-08-19T15:14:15.341+0000][66][info ][gc,phases   ] GC(30)   Evacuate Collection Set: 147.90ms
[2025-08-19T15:14:15.342+0000][66][info ][gc,phases   ] GC(30)   Post Evacuate Collection Set: 4.00ms
[2025-08-19T15:14:15.343+0000][66][info ][gc,phases   ] GC(30)   Other: 1.57ms
[2025-08-19T15:14:15.344+0000][66][trace][gc,age      ] GC(30) Age table with threshold 2 (max threshold 15)
[2025-08-19T15:14:15.344+0000][66][trace][gc,age      ] GC(30) - age   1:    4640408 bytes,    4640408 total
[2025-08-19T15:14:15.345+0000][66][trace][gc,age      ] GC(30) - age   2:    3952720 bytes,    8593128 total
[2025-08-19T15:14:15.346+0000][66][info ][gc,heap     ] GC(30) Eden regions: 70->0(73)
[2025-08-19T15:14:15.346+0000][66][info ][gc,heap     ] GC(30) Survivor regions: 6->3(10)
[2025-08-19T15:14:15.347+0000][66][info ][gc,heap     ] GC(30) Old regions: 16->20
[2025-08-19T15:14:15.348+0000][66][info ][gc,heap     ] GC(30) Humongous regions: 0->0
[2025-08-19T15:14:15.349+0000][66][info ][gc,metaspace] GC(30) Metaspace: 139871K(143808K)->139871K(143808K) NonClass: 120126K(122304K)->120126K(122304K) Class: 19744K(21504K)->19744K(21504K)
[2025-08-19T15:14:15.349+0000][66][info ][gc          ] GC(30) Pause Young (Normal) (G1 Evacuation Pause) 366M->91M(512M) 165.773ms
[2025-08-19T15:14:15.351+0000][66][info ][gc,cpu      ] GC(30) User=0.14s Sys=0.00s Real=0.22s
[2025-08-19T15:14:15.351+0000][66][info ][safepoint   ] Safepoint "G1CollectForAllocation", Time since last: 996190060 ns, Reaching safepoint: 16859 ns, Cleanup: 23488 ns, At safepoint: 167810870 ns, Total: 167851217 ns
[2025-08-19T15:14:16.512+0000][66][info ][safepoint   ] Safepoint "Cleanup", Time since last: 1160390388 ns, Reaching safepoint: 7031 ns, Cleanup: 30267 ns, At safepoint: 5630 ns, Total: 42928 ns
[2025-08-19T15:14:19.020+0000][66][info ][safepoint   ] Safepoint "Cleanup", Time since last: 2507716627 ns, Reaching safepoint: 9794 ns, Cleanup: 73634 ns, At safepoint: 9015 ns, Total: 92443 ns
[2025-08-19T15:14:20.032+0000][66][info ][safepoint   ] Safepoint "Cleanup", Time since last: 1011637295 ns, Reaching safepoint: 262526 ns, Cleanup: 16100 ns, At safepoint: 115612 ns, Total: 394238 ns
[2025-08-19T15:14:22.250+0000][66][info ][safepoint   ] Safepoint "Cleanup", Time since last: 1711857363 ns, Reaching safepoint: 46432 ns, Cleanup: 538885 ns, At safepoint: 23317 ns, Total: 608634 ns
[2025-08-19T15:14:25.767+0000][66][info ][safepoint   ] Safepoint "Cleanup", Time since last: 3395047587 ns, Reaching safepoint: 121158090 ns, Cleanup: 20170 ns, At safepoint: 39934 ns, Total: 121218194 ns
[2025-08-19T15:14:28.389+0000][66][info ][safepoint   ] Safepoint "Cleanup", Time since last: 2622282129 ns, Reaching safepoint: 18290 ns, Cleanup: 23234 ns, At safepoint: 12719 ns, Total: 54243 ns
[2025-08-19T15:14:32.835+0000][66][info ][safepoint   ] Safepoint "Cleanup", Time since last: 4445811526 ns, Reaching safepoint: 65645 ns, Cleanup: 14791 ns, At safepoint: 13133 ns, Total: 93569 ns
[2025-08-19T15:14:34.645+0000][66][info ][safepoint   ] Safepoint "Cleanup", Time since last: 1810109280 ns, Reaching safepoint: 25036 ns, Cleanup: 49530 ns, At safepoint: 21301 ns, Total: 95867 ns
[2025-08-19T15:14:41.652+0000][66][info ][safepoint   ] Safepoint "Cleanup", Time since last: 7007043059 ns, Reaching safepoint: 76012 ns, Cleanup: 32746 ns, At safepoint: 20774 ns, Total: 129532 ns
[2025-08-19T15:14:45.655+0000][66][info ][safepoint   ] Safepoint "Cleanup", Time since last: 4002756733 ns, Reaching safepoint: 22400 ns, Cleanup: 17745 ns, At safepoint: 15455 ns, Total: 55600 ns
[2025-08-19T15:14:51.666+0000][66][info ][safepoint   ] Safepoint "Cleanup", Time since last: 6010318942 ns, Reaching safepoint: 24689 ns, Cleanup: 29301 ns, At safepoint: 77037 ns, Total: 131027 ns
[2025-08-19T15:14:55.522+0000][66][info ][safepoint   ] Safepoint "Cleanup", Time since last: 3878718594 ns, Reaching safepoint: 88259 ns, Cleanup: 21733 ns, At safepoint: 31760 ns, Total: 141752 ns
[2025-08-19T15:15:01.275+0000][66][info ][safepoint   ] Safepoint "Cleanup", Time since last: 5753022122 ns, Reaching safepoint: 18192 ns, Cleanup: 13550 ns, At safepoint: 11433 ns, Total: 43175 ns
[2025-08-19T15:15:03.104+0000][66][info ][safepoint   ] Safepoint "Cleanup", Time since last: 1829109133 ns, Reaching safepoint: 20679 ns, Cleanup: 46552 ns, At safepoint: 13886 ns, Total: 81117 ns
[2025-08-19T15:15:04.858+0000][66][info ][safepoint   ] Safepoint "Cleanup", Time since last: 1753225116 ns, Reaching safepoint: 27337 ns, Cleanup: 25181 ns, At safepoint: 24022 ns, Total: 76540 ns
[2025-08-19T15:15:11.866+0000][66][info ][safepoint   ] Safepoint "Cleanup", Time since last: 7008130593 ns, Reaching safepoint: 60120 ns, Cleanup: 30816 ns, At safepoint: 13275 ns, Total: 104211 ns
[2025-08-19T15:15:14.870+0000][66][info ][safepoint   ] Safepoint "Cleanup", Time since last: 3003706508 ns, Reaching safepoint: 25497 ns, Cleanup: 19295 ns, At safepoint: 21885 ns, Total: 66677 ns
[2025-08-19T15:15:15.871+0000][66][info ][safepoint   ] Safepoint "Cleanup", Time since last: 1001577964 ns, Reaching safepoint: 20832 ns, Cleanup: 16115 ns, At safepoint: 13220 ns, Total: 50167 ns
[2025-08-19T15:15:22.152+0000][66][info ][safepoint   ] Safepoint "Cleanup", Time since last: 6280316378 ns, Reaching safepoint: 33031 ns, Cleanup: 33885 ns, At safepoint: 26248 ns, Total: 93164 ns
[2025-08-19T15:15:24.131+0000][66][info ][safepoint   ] Safepoint "Cleanup", Time since last: 2002545204 ns, Reaching safepoint: 24823 ns, Cleanup: 18889 ns, At safepoint: 16964 ns, Total: 60676 ns
[2025-08-19T15:15:29.137+0000][66][info ][safepoint   ] Safepoint "Cleanup", Time since last: 5005906637 ns, Reaching safepoint: 23459 ns, Cleanup: 30484 ns, At safepoint: 18482 ns, Total: 72425 ns
[2025-08-19T15:15:32.140+0000][66][info ][safepoint   ] Safepoint "Cleanup", Time since last: 3002940211 ns, Reaching safepoint: 22410 ns, Cleanup: 20690 ns, At safepoint: 15287 ns, Total: 58387 ns
[2025-08-19T15:15:42.150+0000][66][info ][safepoint   ] Safepoint "Cleanup", Time since last: 10009786850 ns, Reaching safepoint: 60051 ns, Cleanup: 27452 ns, At safepoint: 13970 ns, Total: 101473 ns
[2025-08-19T15:15:46.154+0000][66][info ][safepoint   ] Safepoint "Cleanup", Time since last: 4004050715 ns, Reaching safepoint: 26456 ns, Cleanup: 23304 ns, At safepoint: 22839 ns, Total: 72599 ns
[2025-08-19T15:15:47.156+0000][66][info ][safepoint   ] Safepoint "Cleanup", Time since last: 1001776786 ns, Reaching safepoint: 21977 ns, Cleanup: 17339 ns, At safepoint: 14442 ns, Total: 53758 ns
[2025-08-19T15:15:52.163+0000][66][info ][safepoint   ] Safepoint "Cleanup", Time since last: 5007473092 ns, Reaching safepoint: 27104 ns, Cleanup: 35157 ns, At safepoint: 18039 ns, Total: 80300 ns
[2025-08-19T15:16:02.154+0000][66][info ][safepoint   ] Safepoint "Cleanup", Time since last: 10011135614 ns, Reaching safepoint: 20201 ns, Cleanup: 29785 ns, At safepoint: 12645 ns, Total: 62631 ns
[2025-08-19T15:16:06.157+0000][66][info ][safepoint   ] Safepoint "Cleanup", Time since last: 4003076962 ns, Reaching safepoint: 30632 ns, Cleanup: 19125 ns, At safepoint: 21467 ns, Total: 71224 ns
[2025-08-19T15:16:11.453+0000][66][info ][safepoint   ] Safepoint "Cleanup", Time since last: 5296034211 ns, Reaching safepoint: 9460 ns, Cleanup: 33285 ns, At safepoint: 6702 ns, Total: 49447 ns
[2025-08-19T15:16:13.325+0000][66][info ][safepoint   ] Safepoint "Cleanup", Time since last: 1872101116 ns, Reaching safepoint: 18724 ns, Cleanup: 43242 ns, At safepoint: 12554 ns, Total: 74520 ns
[2025-08-19T15:16:21.303+0000][66][info ][safepoint   ] Safepoint "Cleanup", Time since last: 7977154035 ns, Reaching safepoint: 628469 ns, Cleanup: 18861 ns, At safepoint: 52954 ns, Total: 700284 ns
[2025-08-19T15:16:22.305+0000][66][info ][safepoint   ] Safepoint "Cleanup", Time since last: 1001811272 ns, Reaching safepoint: 31160 ns, Cleanup: 54037 ns, At safepoint: 25075 ns, Total: 110272 ns
[2025-08-19T15:16:29.300+0000][66][info ][safepoint   ] Safepoint "Cleanup", Time since last: 7016895736 ns, Reaching safepoint: 56422 ns, Cleanup: 94931 ns, At safepoint: 19746 ns, Total: 171099 ns
[2025-08-19T15:16:31.304+0000][66][info ][safepoint   ] Safepoint "Cleanup", Time since last: 2002219463 ns, Reaching safepoint: 2294595 ns, Cleanup: 21244 ns, At safepoint: 89483 ns, Total: 2405322 ns
[2025-08-19T15:16:36.311+0000][66][info ][safepoint   ] Safepoint "Cleanup", Time since last: 5006555595 ns, Reaching safepoint: 17748 ns, Cleanup: 17604 ns, At safepoint: 12478 ns, Total: 47830 ns
[2025-08-19T15:16:37.316+0000][66][info ][safepoint   ] Safepoint "Cleanup", Time since last: 1004347623 ns, Reaching safepoint: 27641 ns, Cleanup: 33853 ns, At safepoint: 24231 ns, Total: 85725 ns
[2025-08-19T15:16:41.319+0000][66][info ][safepoint   ] Safepoint "Cleanup", Time since last: 4003794963 ns, Reaching safepoint: 18972 ns, Cleanup: 27738 ns, At safepoint: 12890 ns, Total: 59600 ns
[2025-08-19T15:16:44.323+0000][66][info ][safepoint   ] Safepoint "Cleanup", Time since last: 3002919936 ns, Reaching safepoint: 454699 ns, Cleanup: 20964 ns, At safepoint: 25239 ns, Total: 500902 ns
[2025-08-19T15:16:45.326+0000][66][info ][safepoint   ] Safepoint "Cleanup", Time since last: 1002776105 ns, Reaching safepoint: 26212 ns, Cleanup: 15521 ns, At safepoint: 15285 ns, Total: 57018 ns
[2025-08-19T15:16:46.327+0000][66][info ][safepoint   ] Safepoint "Cleanup", Time since last: 1001804960 ns, Reaching safepoint: 22389 ns, Cleanup: 16286 ns, At safepoint: 15414 ns, Total: 54089 ns
[2025-08-19T15:16:51.333+0000][66][info ][safepoint   ] Safepoint "Cleanup", Time since last: 5005292532 ns, Reaching safepoint: 30406 ns, Cleanup: 23119 ns, At safepoint: 25270 ns, Total: 78795 ns
[2025-08-19T15:17:01.318+0000][66][info ][safepoint   ] Safepoint "Cleanup", Time since last: 10007647390 ns, Reaching safepoint: 64445 ns, Cleanup: 13474 ns, At safepoint: 14910 ns, Total: 92829 ns
[2025-08-19T15:17:07.323+0000][66][info ][safepoint   ] Safepoint "Cleanup", Time since last: 6004335030 ns, Reaching safepoint: 111662 ns, Cleanup: 20242 ns, At safepoint: 20184 ns, Total: 152088 ns
[2025-08-19T15:17:10.327+0000][66][info ][safepoint   ] Safepoint "Cleanup", Time since last: 3003899784 ns, Reaching safepoint: 190010 ns, Cleanup: 20752 ns, At safepoint: 26642 ns, Total: 237404 ns
[2025-08-19T15:17:11.330+0000][66][info ][safepoint   ] Safepoint "Cleanup", Time since last: 1002607503 ns, Reaching safepoint: 22827 ns, Cleanup: 22212 ns, At safepoint: 16258 ns, Total: 61297 ns
[2025-08-19T15:17:12.412+0000][66][info ][safepoint   ] Safepoint "Cleanup", Time since last: 1081983558 ns, Reaching safepoint: 7676 ns, Cleanup: 21237 ns, At safepoint: 6999 ns, Total: 35912 ns
[2025-08-19T15:17:13.416+0000][66][info ][safepoint   ] Safepoint "Cleanup", Time since last: 1003832033 ns, Reaching safepoint: 30937 ns, Cleanup: 21361 ns, At safepoint: 21219 ns, Total: 73517 ns
[2025-08-19T15:17:14.418+0000][66][info ][safepoint   ] Safepoint "Cleanup", Time since last: 1002074768 ns, Reaching safepoint: 32882 ns, Cleanup: 19913 ns, At safepoint: 23636 ns, Total: 76431 ns
[2025-08-19T15:17:21.274+0000][66][info ][safepoint   ] Safepoint "Cleanup", Time since last: 6855799655 ns, Reaching safepoint: 402301 ns, Cleanup: 29002 ns, At safepoint: 50218 ns, Total: 481521 ns
[2025-08-19T15:17:22.276+0000][66][info ][safepoint   ] Safepoint "Cleanup", Time since last: 1001602074 ns, Reaching safepoint: 23760 ns, Cleanup: 16779 ns, At safepoint: 17102 ns, Total: 57641 ns
[2025-08-19T15:17:24.259+0000][66][info ][safepoint   ] Safepoint "Cleanup", Time since last: 2005442114 ns, Reaching safepoint: 24064 ns, Cleanup: 17111 ns, At safepoint: 17505 ns, Total: 58680 ns
[2025-08-19T15:17:31.267+0000][66][info ][safepoint   ] Safepoint "Cleanup", Time since last: 7007466169 ns, Reaching safepoint: 128990 ns, Cleanup: 22852 ns, At safepoint: 18895 ns, Total: 170737 ns
[2025-08-19T15:17:37.272+0000][66][info ][safepoint   ] Safepoint "Cleanup", Time since last: 6004847335 ns, Reaching safepoint: 25820 ns, Cleanup: 16893 ns, At safepoint: 18204 ns, Total: 60917 ns
[2025-08-19T15:17:41.274+0000][66][info ][safepoint   ] Safepoint "Cleanup", Time since last: 4002249989 ns, Reaching safepoint: 57131 ns, Cleanup: 114861 ns, At safepoint: 19910 ns, Total: 191902 ns
[2025-08-19T15:17:45.544+0000][66][info ][safepoint   ] Safepoint "Cleanup", Time since last: 4269599490 ns, Reaching safepoint: 29313 ns, Cleanup: 30872 ns, At safepoint: 20433 ns, Total: 80618 ns
[2025-08-19T15:17:51.549+0000][66][info ][safepoint   ] Safepoint "Cleanup", Time since last: 6005124041 ns, Reaching safepoint: 20931 ns, Cleanup: 26848 ns, At safepoint: 14030 ns, Total: 61809 ns
[2025-08-19T15:18:02.048+0000][66][info ][safepoint   ] Safepoint "Cleanup", Time since last: 10522686002 ns, Reaching safepoint: 21163 ns, Cleanup: 25134 ns, At safepoint: 11919 ns, Total: 58216 ns
[2025-08-19T15:18:08.058+0000][66][info ][safepoint   ] Safepoint "Cleanup", Time since last: 6009485274 ns, Reaching safepoint: 22925 ns, Cleanup: 18228 ns, At safepoint: 28483 ns, Total: 69636 ns
[2025-08-19T15:18:12.063+0000][66][info ][safepoint   ] Safepoint "Cleanup", Time since last: 4005259655 ns, Reaching safepoint: 71636 ns, Cleanup: 17167 ns, At safepoint: 21402 ns, Total: 110205 ns
[2025-08-19T15:18:14.068+0000][66][info ][safepoint   ] Safepoint "Cleanup", Time since last: 2005377499 ns, Reaching safepoint: 25993 ns, Cleanup: 15381 ns, At safepoint: 15185 ns, Total: 56559 ns
[2025-08-19T15:18:21.144+0000][66][info ][gc,start    ] GC(31) Pause Young (Concurrent Start) (G1 Evacuation Pause)
[2025-08-19T15:18:21.145+0000][66][info ][gc,task     ] GC(31) Using 2 workers of 2 for evacuation
[2025-08-19T15:18:21.146+0000][66][debug][gc,age      ] GC(31) Desired survivor size 20971520 bytes, new threshold 15 (max threshold 15)
[2025-08-19T15:18:21.199+0000][66][info ][gc,phases   ] GC(31)   Pre Evacuate Collection Set: 0.75ms
[2025-08-19T15:18:21.200+0000][66][info ][gc,phases   ] GC(31)   Merge Heap Roots: 0.57ms
[2025-08-19T15:18:21.202+0000][66][info ][gc,phases   ] GC(31)   Evacuate Collection Set: 46.10ms
[2025-08-19T15:18:21.203+0000][66][info ][gc,phases   ] GC(31)   Post Evacuate Collection Set: 3.77ms
[2025-08-19T15:18:21.204+0000][66][info ][gc,phases   ] GC(31)   Other: 2.98ms
[2025-08-19T15:18:21.205+0000][66][trace][gc,age      ] GC(31) Age table with threshold 15 (max threshold 15)
[2025-08-19T15:18:21.206+0000][66][trace][gc,age      ] GC(31) - age   1:    3959976 bytes,    3959976 total
[2025-08-19T15:18:21.207+0000][66][trace][gc,age      ] GC(31) - age   2:     892088 bytes,    4852064 total
[2025-08-19T15:18:21.208+0000][66][trace][gc,age      ] GC(31) - age   3:    3915024 bytes,    8767088 total
[2025-08-19T15:18:21.209+0000][66][info ][gc,heap     ] GC(31) Eden regions: 73->0(73)
[2025-08-19T15:18:21.210+0000][66][info ][gc,heap     ] GC(31) Survivor regions: 3->3(10)
[2025-08-19T15:18:21.211+0000][66][info ][gc,heap     ] GC(31) Old regions: 20->20
[2025-08-19T15:18:21.212+0000][66][info ][gc,heap     ] GC(31) Humongous regions: 0->0
[2025-08-19T15:18:21.213+0000][66][info ][gc,metaspace] GC(31) Metaspace: 140871K(144768K)->140871K(144768K) NonClass: 121085K(123200K)->121085K(123200K) Class: 19785K(21568K)->19785K(21568K)
[2025-08-19T15:18:21.214+0000][66][info ][gc          ] GC(31) Pause Young (Concurrent Start) (G1 Evacuation Pause) 383M->88M(512M) 70.036ms
[2025-08-19T15:18:21.215+0000][66][info ][gc,cpu      ] GC(31) User=0.05s Sys=0.00s Real=0.08s
[2025-08-19T15:18:21.216+0000][66][info ][safepoint   ] Safepoint "G1CollectForAllocation", Time since last: 7075207371 ns, Reaching safepoint: 19255 ns, Cleanup: 14936 ns, At safepoint: 72138282 ns, Total: 72172473 ns
[2025-08-19T15:18:21.215+0000][66][info ][gc          ] GC(32) Concurrent Mark Cycle
[2025-08-19T15:18:21.221+0000][66][info ][gc,marking  ] GC(32) Concurrent Scan Root Regions
[2025-08-19T15:18:21.254+0000][66][info ][gc,marking  ] GC(32) Concurrent Scan Root Regions 32.653ms
[2025-08-19T15:18:21.255+0000][66][info ][gc,marking  ] GC(32) Concurrent Mark
[2025-08-19T15:18:21.256+0000][66][info ][gc,marking  ] GC(32) Concurrent Mark From Roots
[2025-08-19T15:18:21.257+0000][66][info ][gc,task     ] GC(32) Using 1 workers of 1 for marking
[2025-08-19T15:18:21.638+0000][66][info ][gc,marking  ] GC(32) Concurrent Mark From Roots 382.478ms
[2025-08-19T15:18:21.640+0000][66][info ][gc,marking  ] GC(32) Concurrent Preclean
[2025-08-19T15:18:21.642+0000][66][info ][gc,marking  ] GC(32) Concurrent Preclean 2.339ms
[2025-08-19T15:18:21.643+0000][66][info ][gc,start    ] GC(32) Pause Remark
[2025-08-19T15:18:21.762+0000][66][info ][gc          ] GC(32) Pause Remark 105M->105M(512M) 118.349ms
[2025-08-19T15:18:21.764+0000][66][info ][gc,cpu      ] GC(32) User=0.22s Sys=0.00s Real=0.13s
[2025-08-19T15:18:21.773+0000][66][info ][safepoint   ] Safepoint "G1PauseRemark", Time since last: 427344587 ns, Reaching safepoint: 81693 ns, Cleanup: 46437 ns, At safepoint: 129813188 ns, Total: 129941318 ns
[2025-08-19T15:18:21.775+0000][66][info ][gc,marking  ] GC(32) Concurrent Mark 519.740ms
[2025-08-19T15:18:21.776+0000][66][info ][gc,marking  ] GC(32) Concurrent Rebuild Remembered Sets and Scrub Regions
[2025-08-19T15:18:22.278+0000][66][info ][gc,marking  ] GC(32) Concurrent Rebuild Remembered Sets and Scrub Regions 501.757ms
[2025-08-19T15:18:22.284+0000][66][info ][gc,start    ] GC(32) Pause Cleanup
[2025-08-19T15:18:22.285+0000][66][info ][gc          ] GC(32) Pause Cleanup 108M->108M(512M) 1.464ms
[2025-08-19T15:18:22.286+0000][66][info ][gc,cpu      ] GC(32) User=0.01s Sys=0.00s Real=0.00s
[2025-08-19T15:18:22.287+0000][66][info ][safepoint   ] Safepoint "G1PauseCleanup", Time since last: 506087776 ns, Reaching safepoint: 4368918 ns, Cleanup: 48280 ns, At safepoint: 3190250 ns, Total: 7607448 ns
[2025-08-19T15:18:22.288+0000][66][info ][gc,marking  ] GC(32) Concurrent Clear Claimed Marks
[2025-08-19T15:18:22.289+0000][66][info ][gc,marking  ] GC(32) Concurrent Clear Claimed Marks 1.263ms
[2025-08-19T15:18:22.291+0000][66][info ][gc,marking  ] GC(32) Concurrent Cleanup for Next Mark
[2025-08-19T15:18:22.295+0000][66][info ][gc,marking  ] GC(32) Concurrent Cleanup for Next Mark 4.089ms
[2025-08-19T15:18:22.296+0000][66][info ][gc          ] GC(32) Concurrent Mark Cycle 1081.402ms
[2025-08-19T15:18:23.322+0000][66][info ][safepoint   ] Safepoint "Cleanup", Time since last: 1056465403 ns, Reaching safepoint: 12065 ns, Cleanup: 104023 ns, At safepoint: 48667 ns, Total: 164755 ns
[2025-08-19T15:18:24.567+0000][66][info ][safepoint   ] Safepoint "Cleanup", Time since last: 1244284164 ns, Reaching safepoint: 26089 ns, Cleanup: 22169 ns, At safepoint: 20228 ns, Total: 68486 ns
[2025-08-19T15:18:29.573+0000][66][info ][safepoint   ] Safepoint "Cleanup", Time since last: 5006663214 ns, Reaching safepoint: 22100 ns, Cleanup: 16875 ns, At safepoint: 15171 ns, Total: 54146 ns
[2025-08-19T15:18:31.576+0000][66][info ][safepoint   ] Safepoint "Cleanup", Time since last: 2002707658 ns, Reaching safepoint: 22198 ns, Cleanup: 40585 ns, At safepoint: 15922 ns, Total: 78705 ns
[2025-08-19T15:18:36.582+0000][66][info ][safepoint   ] Safepoint "Cleanup", Time since last: 5005747205 ns, Reaching safepoint: 26633 ns, Cleanup: 16869 ns, At safepoint: 13779 ns, Total: 57281 ns
[2025-08-19T15:18:38.584+0000][66][info ][safepoint   ] Safepoint "Cleanup", Time since last: 2002156174 ns, Reaching safepoint: 26531 ns, Cleanup: 21997 ns, At safepoint: 20456 ns, Total: 68984 ns
[2025-08-19T15:18:41.588+0000][66][info ][safepoint   ] Safepoint "Cleanup", Time since last: 3003174675 ns, Reaching safepoint: 78516 ns, Cleanup: 20674 ns, At safepoint: 21304 ns, Total: 120494 ns
[2025-08-19T15:18:51.598+0000][66][info ][safepoint   ] Safepoint "Cleanup", Time since last: 10010406321 ns, Reaching safepoint: 22343 ns, Cleanup: 17767 ns, At safepoint: 15379 ns, Total: 55489 ns
[2025-08-19T15:19:08.591+0000][66][info ][safepoint   ] Safepoint "Cleanup", Time since last: 17014971655 ns, Reaching safepoint: 178969 ns, Cleanup: 16103 ns, At safepoint: 12883 ns, Total: 207955 ns
[2025-08-19T15:19:11.711+0000][66][info ][safepoint   ] Safepoint "Cleanup", Time since last: 3120220670 ns, Reaching safepoint: 66149 ns, Cleanup: 19201 ns, At safepoint: 17724 ns, Total: 103074 ns
[2025-08-19T15:19:15.723+0000][66][info ][safepoint   ] Safepoint "Cleanup", Time since last: 4011499630 ns, Reaching safepoint: 82456 ns, Cleanup: 22000 ns, At safepoint: 55222 ns, Total: 159678 ns
[2025-08-19T15:19:17.222+0000][66][info ][safepoint   ] Safepoint "Cleanup", Time since last: 1499071195 ns, Reaching safepoint: 117694 ns, Cleanup: 20265 ns, At safepoint: 26231 ns, Total: 164190 ns
[2025-08-19T15:19:21.285+0000][66][info ][safepoint   ] Safepoint "Cleanup", Time since last: 4062601241 ns, Reaching safepoint: 94268 ns, Cleanup: 29641 ns, At safepoint: 33940 ns, Total: 157849 ns
[2025-08-19T15:19:22.289+0000][66][info ][safepoint   ] Safepoint "Cleanup", Time since last: 1003613238 ns, Reaching safepoint: 42150 ns, Cleanup: 170869 ns, At safepoint: 47851 ns, Total: 260870 ns
[2025-08-19T15:19:31.281+0000][66][info ][safepoint   ] Safepoint "Cleanup", Time since last: 9014562030 ns, Reaching safepoint: 180179 ns, Cleanup: 43317 ns, At safepoint: 48576 ns, Total: 272072 ns
[2025-08-19T15:19:33.198+0000][66][info ][safepoint   ] Safepoint "Cleanup", Time since last: 1916665477 ns, Reaching safepoint: 27441 ns, Cleanup: 31827 ns, At safepoint: 30368 ns, Total: 89636 ns
[2025-08-19T15:19:36.202+0000][66][info ][safepoint   ] Safepoint "Cleanup", Time since last: 3004627772 ns, Reaching safepoint: 152997 ns, Cleanup: 18944 ns, At safepoint: 20113 ns, Total: 192054 ns
[2025-08-19T15:19:41.206+0000][66][info ][safepoint   ] Safepoint "Cleanup", Time since last: 5003222341 ns, Reaching safepoint: 183257 ns, Cleanup: 20385 ns, At safepoint: 124309 ns, Total: 327951 ns
[2025-08-19T15:19:51.218+0000][66][info ][safepoint   ] Safepoint "Cleanup", Time since last: 10012191445 ns, Reaching safepoint: 61206 ns, Cleanup: 26504 ns, At safepoint: 13954 ns, Total: 101664 ns
[2025-08-19T15:20:01.205+0000][66][info ][safepoint   ] Safepoint "Cleanup", Time since last: 10008141942 ns, Reaching safepoint: 74028 ns, Cleanup: 34083 ns, At safepoint: 19574 ns, Total: 127685 ns
[2025-08-19T15:20:11.213+0000][66][info ][safepoint   ] Safepoint "Cleanup", Time since last: 10008303734 ns, Reaching safepoint: 28579 ns, Cleanup: 27588 ns, At safepoint: 27655 ns, Total: 83822 ns
[2025-08-19T15:20:15.218+0000][66][info ][safepoint   ] Safepoint "Cleanup", Time since last: 4003888776 ns, Reaching safepoint: 638108 ns, Cleanup: 42686 ns, At safepoint: 109859 ns, Total: 790653 ns
[2025-08-19T15:20:16.220+0000][66][info ][safepoint   ] Safepoint "Cleanup", Time since last: 1002190213 ns, Reaching safepoint: 32800 ns, Cleanup: 22014 ns, At safepoint: 25326 ns, Total: 80140 ns
[2025-08-19T15:20:21.413+0000][66][info ][safepoint   ] Safepoint "Cleanup", Time since last: 5192621567 ns, Reaching safepoint: 22688 ns, Cleanup: 20345 ns, At safepoint: 15328 ns, Total: 58361 ns
[2025-08-19T15:20:29.398+0000][66][info ][safepoint   ] Safepoint "Cleanup", Time since last: 8007213232 ns, Reaching safepoint: 19622 ns, Cleanup: 60693 ns, At safepoint: 13316 ns, Total: 93631 ns
[2025-08-19T15:20:31.401+0000][66][info ][safepoint   ] Safepoint "Cleanup", Time since last: 2002879342 ns, Reaching safepoint: 24227 ns, Cleanup: 21691 ns, At safepoint: 14215 ns, Total: 60133 ns
[2025-08-19T15:20:39.409+0000][66][info ][safepoint   ] Safepoint "Cleanup", Time since last: 8008715017 ns, Reaching safepoint: 26240 ns, Cleanup: 19540 ns, At safepoint: 21293 ns, Total: 67073 ns
[2025-08-19T15:20:41.279+0000][66][info ][safepoint   ] Safepoint "Cleanup", Time since last: 1869038165 ns, Reaching safepoint: 8786 ns, Cleanup: 25015 ns, At safepoint: 35021 ns, Total: 68822 ns
[2025-08-19T15:20:42.883+0000][66][info ][safepoint   ] Safepoint "Cleanup", Time since last: 1604375660 ns, Reaching safepoint: 66136 ns, Cleanup: 43778 ns, At safepoint: 21540 ns, Total: 131454 ns
[2025-08-19T15:20:43.886+0000][66][info ][safepoint   ] Safepoint "Cleanup", Time since last: 1002927503 ns, Reaching safepoint: 23119 ns, Cleanup: 17855 ns, At safepoint: 16568 ns, Total: 57542 ns
[2025-08-19T15:20:45.889+0000][66][info ][safepoint   ] Safepoint "Cleanup", Time since last: 2002711016 ns, Reaching safepoint: 23399 ns, Cleanup: 16548 ns, At safepoint: 16753 ns, Total: 56700 ns
[2025-08-19T15:20:51.893+0000][66][info ][safepoint   ] Safepoint "Cleanup", Time since last: 6003712977 ns, Reaching safepoint: 23103 ns, Cleanup: 27354 ns, At safepoint: 19056 ns, Total: 69513 ns
[2025-08-19T15:20:58.879+0000][66][info ][safepoint   ] Safepoint "Cleanup", Time since last: 7008072288 ns, Reaching safepoint: 23116 ns, Cleanup: 16872 ns, At safepoint: 16148 ns, Total: 56136 ns
[2025-08-19T15:21:01.883+0000][66][info ][safepoint   ] Safepoint "Cleanup", Time since last: 3004398417 ns, Reaching safepoint: 23159 ns, Cleanup: 17067 ns, At safepoint: 14742 ns, Total: 54968 ns
[2025-08-19T15:21:11.891+0000][66][info ][safepoint   ] Safepoint "Cleanup", Time since last: 10007634714 ns, Reaching safepoint: 20951 ns, Cleanup: 16637 ns, At safepoint: 13514 ns, Total: 51102 ns
[2025-08-19T15:21:13.893+0000][66][info ][safepoint   ] Safepoint "Cleanup", Time since last: 2002288457 ns, Reaching safepoint: 55706 ns, Cleanup: 15776 ns, At safepoint: 16850 ns, Total: 88332 ns
[2025-08-19T15:21:15.896+0000][66][info ][safepoint   ] Safepoint "Cleanup", Time since last: 2002930286 ns, Reaching safepoint: 20911 ns, Cleanup: 15475 ns, At safepoint: 12479 ns, Total: 48865 ns
[2025-08-19T15:21:21.611+0000][66][info ][safepoint   ] Safepoint "Cleanup", Time since last: 5714365533 ns, Reaching safepoint: 23767 ns, Cleanup: 25872 ns, At safepoint: 14921 ns, Total: 64560 ns
[2025-08-19T15:21:22.614+0000][66][info ][safepoint   ] Safepoint "Cleanup", Time since last: 1003134595 ns, Reaching safepoint: 20052 ns, Cleanup: 15074 ns, At safepoint: 12622 ns, Total: 47748 ns
[2025-08-19T15:21:32.600+0000][66][info ][safepoint   ] Safepoint "Cleanup", Time since last: 10007016816 ns, Reaching safepoint: 32077 ns, Cleanup: 20466 ns, At safepoint: 25140 ns, Total: 77683 ns
[2025-08-19T15:21:41.610+0000][66][info ][safepoint   ] Safepoint "Cleanup", Time since last: 9009672797 ns, Reaching safepoint: 99825 ns, Cleanup: 34842 ns, At safepoint: 166818 ns, Total: 301485 ns
[2025-08-19T15:21:51.224+0000][66][info ][gc,start    ] GC(33) Pause Young (Prepare Mixed) (G1 Evacuation Pause)
[2025-08-19T15:21:51.227+0000][66][info ][gc,task     ] GC(33) Using 2 workers of 2 for evacuation
[2025-08-19T15:21:51.228+0000][66][debug][gc,age      ] GC(33) Desired survivor size 20971520 bytes, new threshold 15 (max threshold 15)
[2025-08-19T15:21:51.269+0000][66][info ][gc,phases   ] GC(33)   Pre Evacuate Collection Set: 0.97ms
[2025-08-19T15:21:51.270+0000][66][info ][gc,phases   ] GC(33)   Merge Heap Roots: 0.67ms
[2025-08-19T15:21:51.272+0000][66][info ][gc,phases   ] GC(33)   Evacuate Collection Set: 34.94ms
[2025-08-19T15:21:51.273+0000][66][info ][gc,phases   ] GC(33)   Post Evacuate Collection Set: 2.82ms
[2025-08-19T15:21:51.275+0000][66][info ][gc,phases   ] GC(33)   Other: 2.79ms
[2025-08-19T15:21:51.276+0000][66][trace][gc,age      ] GC(33) Age table with threshold 15 (max threshold 15)
[2025-08-19T15:21:51.277+0000][66][trace][gc,age      ] GC(33) - age   1:    2574648 bytes,    2574648 total
[2025-08-19T15:21:51.278+0000][66][trace][gc,age      ] GC(33) - age   2:     150176 bytes,    2724824 total
[2025-08-19T15:21:51.279+0000][66][trace][gc,age      ] GC(33) - age   3:     839184 bytes,    3564008 total
[2025-08-19T15:21:51.280+0000][66][trace][gc,age      ] GC(33) - age   4:    3814744 bytes,    7378752 total
[2025-08-19T15:21:51.281+0000][66][info ][gc,heap     ] GC(33) Eden regions: 73->0(74)
[2025-08-19T15:21:51.282+0000][66][info ][gc,heap     ] GC(33) Survivor regions: 3->2(10)
[2025-08-19T15:21:51.284+0000][66][info ][gc,heap     ] GC(33) Old regions: 20->20
[2025-08-19T15:21:51.285+0000][66][info ][gc,heap     ] GC(33) Humongous regions: 0->0
[2025-08-19T15:21:51.286+0000][66][info ][gc,metaspace] GC(33) Metaspace: 139139K(144896K)->139139K(144896K) NonClass: 119939K(123328K)->119939K(123328K) Class: 19200K(21568K)->19200K(21568K)
[2025-08-19T15:21:51.288+0000][66][info ][gc          ] GC(33) Pause Young (Prepare Mixed) (G1 Evacuation Pause) 380M->87M(512M) 64.026ms
[2025-08-19T15:21:51.289+0000][66][info ][gc,cpu      ] GC(33) User=0.06s Sys=0.00s Real=0.06s
[2025-08-19T15:21:51.291+0000][66][info ][safepoint   ] Safepoint "G1CollectForAllocation", Time since last: 9614024888 ns, Reaching safepoint: 98301 ns, Cleanup: 24127 ns, At safepoint: 66994457 ns, Total: 67116885 ns
[2025-08-19T15:21:52.729+0000][66][info ][safepoint   ] Safepoint "Cleanup", Time since last: 1437835392 ns, Reaching safepoint: 333912 ns, Cleanup: 20760 ns, At safepoint: 41770 ns, Total: 396442 ns
[2025-08-19T15:22:01.713+0000][66][info ][safepoint   ] Safepoint "Cleanup", Time since last: 9006911021 ns, Reaching safepoint: 85891 ns, Cleanup: 36465 ns, At safepoint: 17561 ns, Total: 139917 ns
[2025-08-19T15:22:09.719+0000][66][info ][safepoint   ] Safepoint "Cleanup", Time since last: 8006345674 ns, Reaching safepoint: 24584 ns, Cleanup: 23594 ns, At safepoint: 19267 ns, Total: 67445 ns
[2025-08-19T15:22:11.951+0000][66][info ][safepoint   ] Safepoint "Cleanup", Time since last: 2231343782 ns, Reaching safepoint: 125858 ns, Cleanup: 25154 ns, At safepoint: 28737 ns, Total: 179749 ns
[2025-08-19T15:22:13.953+0000][66][info ][safepoint   ] Safepoint "Cleanup", Time since last: 2002199644 ns, Reaching safepoint: 23729 ns, Cleanup: 18933 ns, At safepoint: 17719 ns, Total: 60381 ns
[2025-08-19T15:22:21.786+0000][66][info ][safepoint   ] Safepoint "Cleanup", Time since last: 7832756403 ns, Reaching safepoint: 23552 ns, Cleanup: 22551 ns, At safepoint: 16198 ns, Total: 62301 ns
[2025-08-19T15:22:31.773+0000][66][info ][safepoint   ] Safepoint "Cleanup", Time since last: 10010385835 ns, Reaching safepoint: 21502 ns, Cleanup: 18608 ns, At safepoint: 29239 ns, Total: 69349 ns
[2025-08-19T15:22:41.783+0000][66][info ][safepoint   ] Safepoint "Cleanup", Time since last: 10009934808 ns, Reaching safepoint: 22782 ns, Cleanup: 15657 ns, At safepoint: 15475 ns, Total: 53914 ns
[2025-08-19T15:22:44.068+0000][66][info ][safepoint   ] Safepoint "Cleanup", Time since last: 2284669836 ns, Reaching safepoint: 23595 ns, Cleanup: 16829 ns, At safepoint: 15137 ns, Total: 55561 ns
[2025-08-19T15:22:51.084+0000][66][info ][safepoint   ] Safepoint "Cleanup", Time since last: 7015874100 ns, Reaching safepoint: 62400 ns, Cleanup: 22756 ns, At safepoint: 29477 ns, Total: 114633 ns
[2025-08-19T15:23:01.496+0000][66][info ][safepoint   ] Safepoint "Cleanup", Time since last: 10493522200 ns, Reaching safepoint: 7629 ns, Cleanup: 11550 ns, At safepoint: 5671 ns, Total: 24850 ns
[2025-08-19T15:23:02.861+0000][66][info ][safepoint   ] Safepoint "Cleanup", Time since last: 1364937708 ns, Reaching safepoint: 6903 ns, Cleanup: 13299 ns, At safepoint: 4792 ns, Total: 24994 ns
[2025-08-19T15:23:06.864+0000][66][info ][safepoint   ] Safepoint "Cleanup", Time since last: 4003815065 ns, Reaching safepoint: 20699 ns, Cleanup: 18872 ns, At safepoint: 45931 ns, Total: 85502 ns
[2025-08-19T15:23:11.444+0000][66][info ][safepoint   ] Safepoint "Cleanup", Time since last: 4579448682 ns, Reaching safepoint: 27260 ns, Cleanup: 26800 ns, At safepoint: 28576 ns, Total: 82636 ns
[2025-08-19T15:23:14.716+0000][66][info ][safepoint   ] Safepoint "Cleanup", Time since last: 3272360855 ns, Reaching safepoint: 22038 ns, Cleanup: 20501 ns, At safepoint: 14693 ns, Total: 57232 ns
[2025-08-19T15:23:31.650+0000][66][info ][safepoint   ] Safepoint "Cleanup", Time since last: 17027025979 ns, Reaching safepoint: 25677 ns, Cleanup: 20442 ns, At safepoint: 14818 ns, Total: 60937 ns
[2025-08-19T15:23:41.660+0000][66][info ][safepoint   ] Safepoint "Cleanup", Time since last: 10009709579 ns, Reaching safepoint: 22277 ns, Cleanup: 26660 ns, At safepoint: 11178 ns, Total: 60115 ns
[2025-08-19T15:23:42.662+0000][66][info ][safepoint   ] Safepoint "Cleanup", Time since last: 1001972112 ns, Reaching safepoint: 25126 ns, Cleanup: 16721 ns, At safepoint: 18559 ns, Total: 60406 ns
[2025-08-19T15:23:43.664+0000][66][info ][safepoint   ] Safepoint "Cleanup", Time since last: 1001868067 ns, Reaching safepoint: 22435 ns, Cleanup: 16244 ns, At safepoint: 18167 ns, Total: 56846 ns
[2025-08-19T15:23:46.667+0000][66][info ][safepoint   ] Safepoint "Cleanup", Time since last: 3003437502 ns, Reaching safepoint: 19167 ns, Cleanup: 17500 ns, At safepoint: 19565 ns, Total: 56232 ns
[2025-08-19T15:23:51.671+0000][66][info ][safepoint   ] Safepoint "Cleanup", Time since last: 5003093032 ns, Reaching safepoint: 23948 ns, Cleanup: 27523 ns, At safepoint: 15786 ns, Total: 67257 ns
[2025-08-19T15:24:01.787+0000][66][info ][safepoint   ] Safepoint "Cleanup", Time since last: 10006513472 ns, Reaching safepoint: 68008 ns, Cleanup: 31450 ns, At safepoint: 15639 ns, Total: 115097 ns
[2025-08-19T15:24:11.125+0000][66][info ][safepoint   ] Safepoint "Cleanup", Time since last: 9337758913 ns, Reaching safepoint: 11901 ns, Cleanup: 27858 ns, At safepoint: 40072 ns, Total: 79831 ns
[2025-08-19T15:24:12.813+0000][66][info ][safepoint   ] Safepoint "Cleanup", Time since last: 1688636161 ns, Reaching safepoint: 24192 ns, Cleanup: 24517 ns, At safepoint: 16150 ns, Total: 64859 ns
[2025-08-19T15:24:16.827+0000][66][info ][safepoint   ] Safepoint "Cleanup", Time since last: 4013549330 ns, Reaching safepoint: 23619 ns, Cleanup: 19557 ns, At safepoint: 15542 ns, Total: 58718 ns
[2025-08-19T15:24:21.836+0000][66][info ][safepoint   ] Safepoint "Cleanup", Time since last: 5009118737 ns, Reaching safepoint: 23132 ns, Cleanup: 21727 ns, At safepoint: 14673 ns, Total: 59532 ns
[2025-08-19T15:24:41.831+0000][66][info ][safepoint   ] Safepoint "Cleanup", Time since last: 20017092134 ns, Reaching safepoint: 71138 ns, Cleanup: 22627 ns, At safepoint: 14809 ns, Total: 108574 ns
[2025-08-19T15:24:43.834+0000][66][info ][safepoint   ] Safepoint "Cleanup", Time since last: 2002699140 ns, Reaching safepoint: 23510 ns, Cleanup: 17042 ns, At safepoint: 14917 ns, Total: 55469 ns
[2025-08-19T15:24:51.840+0000][66][info ][safepoint   ] Safepoint "Cleanup", Time since last: 8005647481 ns, Reaching safepoint: 19521 ns, Cleanup: 15373 ns, At safepoint: 15227 ns, Total: 50121 ns
[2025-08-19T15:25:01.831+0000][66][info ][safepoint   ] Safepoint "Cleanup", Time since last: 10012975149 ns, Reaching safepoint: 58856 ns, Cleanup: 15838 ns, At safepoint: 14607 ns, Total: 89301 ns
[2025-08-19T15:25:11.841+0000][66][info ][safepoint   ] Safepoint "Cleanup", Time since last: 10010188565 ns, Reaching safepoint: 25969 ns, Cleanup: 16466 ns, At safepoint: 15127 ns, Total: 57562 ns
[2025-08-19T15:25:21.070+0000][66][info ][safepoint   ] Safepoint "Cleanup", Time since last: 9229061820 ns, Reaching safepoint: 8008 ns, Cleanup: 15369 ns, At safepoint: 6563 ns, Total: 29940 ns
[2025-08-19T15:25:22.167+0000][66][info ][safepoint   ] Safepoint "Cleanup", Time since last: 1093922366 ns, Reaching safepoint: 2930535 ns, Cleanup: 25356 ns, At safepoint: 70195 ns, Total: 3026086 ns
[2025-08-19T15:25:23.169+0000][66][info ][safepoint   ] Safepoint "Cleanup", Time since last: 1001675412 ns, Reaching safepoint: 24205 ns, Cleanup: 17900 ns, At safepoint: 16678 ns, Total: 58783 ns
[2025-08-19T15:25:29.153+0000][66][info ][safepoint   ] Safepoint "Cleanup", Time since last: 6006511284 ns, Reaching safepoint: 72878 ns, Cleanup: 30250 ns, At safepoint: 22730 ns, Total: 125858 ns
[2025-08-19T15:25:31.157+0000][66][info ][safepoint   ] Safepoint "Cleanup", Time since last: 2004153198 ns, Reaching safepoint: 28716 ns, Cleanup: 31874 ns, At safepoint: 26785 ns, Total: 87375 ns
[2025-08-19T15:25:32.160+0000][66][info ][safepoint   ] Safepoint "Cleanup", Time since last: 1002877656 ns, Reaching safepoint: 26708 ns, Cleanup: 19692 ns, At safepoint: 21605 ns, Total: 68005 ns
[2025-08-19T15:25:41.173+0000][66][info ][safepoint   ] Safepoint "Cleanup", Time since last: 9012477792 ns, Reaching safepoint: 71043 ns, Cleanup: 21269 ns, At safepoint: 21049 ns, Total: 113361 ns
[2025-08-19T15:25:46.182+0000][66][info ][safepoint   ] Safepoint "Cleanup", Time since last: 5008597173 ns, Reaching safepoint: 43988 ns, Cleanup: 30699 ns, At safepoint: 48898 ns, Total: 123585 ns
[2025-08-19T15:25:51.192+0000][66][info ][safepoint   ] Safepoint "Cleanup", Time since last: 5010322300 ns, Reaching safepoint: 25774 ns, Cleanup: 29149 ns, At safepoint: 22180 ns, Total: 77103 ns
[2025-08-19T15:26:01.180+0000][66][info ][safepoint   ] Safepoint "Cleanup", Time since last: 10010769244 ns, Reaching safepoint: 76011 ns, Cleanup: 24391 ns, At safepoint: 22396 ns, Total: 122798 ns
[2025-08-19T15:26:08.847+0000][66][info ][gc,start    ] GC(34) Pause Young (Mixed) (G1 Evacuation Pause)
[2025-08-19T15:26:08.848+0000][66][info ][gc,task     ] GC(34) Using 2 workers of 2 for evacuation
[2025-08-19T15:26:08.849+0000][66][debug][gc,age      ] GC(34) Desired survivor size 20971520 bytes, new threshold 15 (max threshold 15)
[2025-08-19T15:26:08.890+0000][66][info ][gc,phases   ] GC(34)   Pre Evacuate Collection Set: 0.60ms
[2025-08-19T15:26:08.891+0000][66][info ][gc,phases   ] GC(34)   Merge Heap Roots: 0.28ms
[2025-08-19T15:26:08.892+0000][66][info ][gc,phases   ] GC(34)   Evacuate Collection Set: 35.31ms
[2025-08-19T15:26:08.892+0000][66][info ][gc,phases   ] GC(34)   Post Evacuate Collection Set: 3.26ms
[2025-08-19T15:26:08.893+0000][66][info ][gc,phases   ] GC(34)   Other: 2.19ms
[2025-08-19T15:26:08.894+0000][66][trace][gc,age      ] GC(34) Age table with threshold 15 (max threshold 15)
[2025-08-19T15:26:08.895+0000][66][trace][gc,age      ] GC(34) - age   1:    4060680 bytes,    4060680 total
[2025-08-19T15:26:08.896+0000][66][trace][gc,age      ] GC(34) - age   2:     866568 bytes,    4927248 total
[2025-08-19T15:26:08.896+0000][66][trace][gc,age      ] GC(34) - age   3:     148400 bytes,    5075648 total
[2025-08-19T15:26:08.898+0000][66][trace][gc,age      ] GC(34) - age   4:     838760 bytes,    5914408 total
[2025-08-19T15:26:08.898+0000][66][trace][gc,age      ] GC(34) - age   5:    3813944 bytes,    9728352 total
[2025-08-19T15:26:08.899+0000][66][info ][gc,heap     ] GC(34) Eden regions: 74->0(73)
[2025-08-19T15:26:08.900+0000][66][info ][gc,heap     ] GC(34) Survivor regions: 2->3(10)
[2025-08-19T15:26:08.900+0000][66][info ][gc,heap     ] GC(34) Old regions: 20->20
[2025-08-19T15:26:08.901+0000][66][info ][gc,heap     ] GC(34) Humongous regions: 0->0
[2025-08-19T15:26:08.902+0000][66][info ][gc,metaspace] GC(34) Metaspace: 139481K(144896K)->139481K(144896K) NonClass: 120276K(123328K)->120276K(123328K) Class: 19205K(21568K)->19205K(21568K)
[2025-08-19T15:26:08.903+0000][66][info ][gc          ] GC(34) Pause Young (Mixed) (G1 Evacuation Pause) 383M->86M(512M) 55.808ms
[2025-08-19T15:26:08.903+0000][66][info ][gc,cpu      ] GC(34) User=0.08s Sys=0.00s Real=0.06s
[2025-08-19T15:26:08.904+0000][66][info ][safepoint   ] Safepoint "G1CollectForAllocation", Time since last: 7666454065 ns, Reaching safepoint: 19088 ns, Cleanup: 6618 ns, At safepoint: 57370718 ns, Total: 57396424 ns
[2025-08-19T15:26:10.907+0000][66][info ][safepoint   ] Safepoint "Cleanup", Time since last: 2002373889 ns, Reaching safepoint: 22336 ns, Cleanup: 19423 ns, At safepoint: 13997 ns, Total: 55756 ns
[2025-08-19T15:26:14.910+0000][66][info ][safepoint   ] Safepoint "Cleanup", Time since last: 4003591424 ns, Reaching safepoint: 26102 ns, Cleanup: 18253 ns, At safepoint: 16158 ns, Total: 60513 ns
[2025-08-19T15:26:15.914+0000][66][info ][safepoint   ] Safepoint "Cleanup", Time since last: 1002983155 ns, Reaching safepoint: 258669 ns, Cleanup: 27061 ns, At safepoint: 93285 ns, Total: 379015 ns
[2025-08-19T15:26:20.962+0000][66][info ][safepoint   ] Safepoint "Cleanup", Time since last: 5048688231 ns, Reaching safepoint: 24290 ns, Cleanup: 23592 ns, At safepoint: 15635 ns, Total: 63517 ns
[2025-08-19T15:26:21.964+0000][66][info ][safepoint   ] Safepoint "Cleanup", Time since last: 1001709624 ns, Reaching safepoint: 26126 ns, Cleanup: 18571 ns, At safepoint: 21086 ns, Total: 65783 ns
[2025-08-19T15:26:31.201+0000][66][info ][safepoint   ] Safepoint "Cleanup", Time since last: 9258973273 ns, Reaching safepoint: 11410 ns, Cleanup: 11839 ns, At safepoint: 8639 ns, Total: 31888 ns
[2025-08-19T15:26:32.741+0000][66][info ][safepoint   ] Safepoint "Cleanup", Time since last: 1540122185 ns, Reaching safepoint: 74128 ns, Cleanup: 21300 ns, At safepoint: 20421 ns, Total: 115849 ns
[2025-08-19T15:26:41.755+0000][66][info ][safepoint   ] Safepoint "Cleanup", Time since last: 9013214673 ns, Reaching safepoint: 111097 ns, Cleanup: 21477 ns, At safepoint: 23869 ns, Total: 156443 ns
[2025-08-19T15:26:44.757+0000][66][info ][safepoint   ] Safepoint "Cleanup", Time since last: 3002163493 ns, Reaching safepoint: 21147 ns, Cleanup: 14942 ns, At safepoint: 13545 ns, Total: 49634 ns
[2025-08-19T15:26:51.762+0000][66][info ][safepoint   ] Safepoint "Cleanup", Time since last: 7005308060 ns, Reaching safepoint: 22471 ns, Cleanup: 16560 ns, At safepoint: 190985 ns, Total: 230016 ns
[2025-08-19T15:27:01.756+0000][66][info ][safepoint   ] Safepoint "Cleanup", Time since last: 10016215519 ns, Reaching safepoint: 119692 ns, Cleanup: 35426 ns, At safepoint: 34514 ns, Total: 189632 ns
[2025-08-19T15:27:11.768+0000][66][info ][safepoint   ] Safepoint "Cleanup", Time since last: 10011679226 ns, Reaching safepoint: 72607 ns, Cleanup: 26335 ns, At safepoint: 37335 ns, Total: 136277 ns
[2025-08-19T15:27:21.147+0000][66][info ][safepoint   ] Safepoint "Cleanup", Time since last: 9379233943 ns, Reaching safepoint: 112617 ns, Cleanup: 20680 ns, At safepoint: 20115 ns, Total: 153412 ns
[2025-08-19T15:27:22.150+0000][66][info ][safepoint   ] Safepoint "Cleanup", Time since last: 1002339838 ns, Reaching safepoint: 22318 ns, Cleanup: 25797 ns, At safepoint: 18376 ns, Total: 66491 ns
[2025-08-19T15:27:31.136+0000][66][info ][safepoint   ] Safepoint "Cleanup", Time since last: 9008085500 ns, Reaching safepoint: 27693 ns, Cleanup: 22639 ns, At safepoint: 23409 ns, Total: 73741 ns
[2025-08-19T15:27:40.975+0000][66][info ][safepoint   ] Safepoint "Cleanup", Time since last: 9838561390 ns, Reaching safepoint: 10354 ns, Cleanup: 15404 ns, At safepoint: 7923 ns, Total: 33681 ns
[2025-08-19T15:27:42.112+0000][66][info ][safepoint   ] Safepoint "Cleanup", Time since last: 1137053555 ns, Reaching safepoint: 119758 ns, Cleanup: 30535 ns, At safepoint: 42811 ns, Total: 193104 ns
[2025-08-19T15:27:43.161+0000][66][info ][safepoint   ] Safepoint "Cleanup", Time since last: 1048547953 ns, Reaching safepoint: 12242 ns, Cleanup: 119363 ns, At safepoint: 43576 ns, Total: 175181 ns
[2025-08-19T15:27:44.852+0000][66][info ][safepoint   ] Safepoint "Cleanup", Time since last: 1691231291 ns, Reaching safepoint: 25808 ns, Cleanup: 25935 ns, At safepoint: 21507 ns, Total: 73250 ns
[2025-08-19T15:27:50.860+0000][66][info ][safepoint   ] Safepoint "Cleanup", Time since last: 6007214608 ns, Reaching safepoint: 258543 ns, Cleanup: 17147 ns, At safepoint: 24808 ns, Total: 300498 ns
[2025-08-19T15:27:51.864+0000][66][info ][safepoint   ] Safepoint "Cleanup", Time since last: 1004083614 ns, Reaching safepoint: 24796 ns, Cleanup: 18242 ns, At safepoint: 19852 ns, Total: 62890 ns
[2025-08-19T15:28:00.855+0000][66][info ][safepoint   ] Safepoint "Cleanup", Time since last: 9014102130 ns, Reaching safepoint: 80227 ns, Cleanup: 18216 ns, At safepoint: 23072 ns, Total: 121515 ns
[2025-08-19T15:28:31.226+0000][66][info ][safepoint   ] Safepoint "Cleanup", Time since last: 30391768919 ns, Reaching safepoint: 71611 ns, Cleanup: 16890 ns, At safepoint: 16543 ns, Total: 105044 ns
[2025-08-19T15:28:36.230+0000][66][info ][safepoint   ] Safepoint "Cleanup", Time since last: 5004617457 ns, Reaching safepoint: 24313 ns, Cleanup: 17393 ns, At safepoint: 17195 ns, Total: 58901 ns
[2025-08-19T15:28:41.236+0000][66][info ][safepoint   ] Safepoint "Cleanup", Time since last: 5005453030 ns, Reaching safepoint: 142045 ns, Cleanup: 83767 ns, At safepoint: 84827 ns, Total: 310639 ns
[2025-08-19T15:28:46.243+0000][66][info ][safepoint   ] Safepoint "Cleanup", Time since last: 5006888685 ns, Reaching safepoint: 32345 ns, Cleanup: 19266 ns, At safepoint: 22970 ns, Total: 74581 ns
[2025-08-19T15:28:50.929+0000][66][info ][safepoint   ] Safepoint "Cleanup", Time since last: 4686207682 ns, Reaching safepoint: 9498 ns, Cleanup: 27065 ns, At safepoint: 7829 ns, Total: 44392 ns
[2025-08-19T15:28:52.518+0000][66][info ][safepoint   ] Safepoint "Cleanup", Time since last: 1588622562 ns, Reaching safepoint: 24505 ns, Cleanup: 69543 ns, At safepoint: 22179 ns, Total: 116227 ns
[2025-08-19T15:28:55.501+0000][66][info ][safepoint   ] Safepoint "Cleanup", Time since last: 3005164325 ns, Reaching safepoint: 75467 ns, Cleanup: 17917 ns, At safepoint: 27143 ns, Total: 120527 ns
[2025-08-19T15:29:01.519+0000][66][info ][safepoint   ] Safepoint "Cleanup", Time since last: 6017646296 ns, Reaching safepoint: 27972 ns, Cleanup: 43402 ns, At safepoint: 26358 ns, Total: 97732 ns
[2025-08-19T15:29:06.528+0000][66][info ][safepoint   ] Safepoint "Cleanup", Time since last: 5008730887 ns, Reaching safepoint: 28108 ns, Cleanup: 20597 ns, At safepoint: 24193 ns, Total: 72898 ns
[2025-08-19T15:29:11.534+0000][66][info ][safepoint   ] Safepoint "Cleanup", Time since last: 5006034954 ns, Reaching safepoint: 27066 ns, Cleanup: 27631 ns, At safepoint: 20003 ns, Total: 74700 ns
[2025-08-19T15:29:21.423+0000][66][info ][safepoint   ] Safepoint "Cleanup", Time since last: 9888630459 ns, Reaching safepoint: 27144 ns, Cleanup: 27872 ns, At safepoint: 22048 ns, Total: 77064 ns
[2025-08-19T15:29:23.426+0000][66][info ][safepoint   ] Safepoint "Cleanup", Time since last: 2003204571 ns, Reaching safepoint: 34107 ns, Cleanup: 56522 ns, At safepoint: 32809 ns, Total: 123438 ns
[2025-08-19T15:29:31.415+0000][66][info ][safepoint   ] Safepoint "Cleanup", Time since last: 8010805555 ns, Reaching safepoint: 26133 ns, Cleanup: 26026 ns, At safepoint: 67480 ns, Total: 119639 ns
[2025-08-19T15:29:40.737+0000][66][info ][gc,start    ] GC(35) Pause Young (Concurrent Start) (G1 Evacuation Pause)
[2025-08-19T15:29:40.739+0000][66][info ][gc,task     ] GC(35) Using 2 workers of 2 for evacuation
[2025-08-19T15:29:40.740+0000][66][debug][gc,age      ] GC(35) Desired survivor size 20971520 bytes, new threshold 15 (max threshold 15)
[2025-08-19T15:29:40.762+0000][66][info ][gc,phases   ] GC(35)   Pre Evacuate Collection Set: 1.07ms
[2025-08-19T15:29:40.763+0000][66][info ][gc,phases   ] GC(35)   Merge Heap Roots: 0.50ms
[2025-08-19T15:29:40.764+0000][66][info ][gc,phases   ] GC(35)   Evacuate Collection Set: 16.65ms
[2025-08-19T15:29:40.764+0000][66][info ][gc,phases   ] GC(35)   Post Evacuate Collection Set: 2.63ms
[2025-08-19T15:29:40.765+0000][66][info ][gc,phases   ] GC(35)   Other: 2.04ms
[2025-08-19T15:29:40.766+0000][66][trace][gc,age      ] GC(35) Age table with threshold 15 (max threshold 15)
[2025-08-19T15:29:40.767+0000][66][trace][gc,age      ] GC(35) - age   1:    3116224 bytes,    3116224 total
[2025-08-19T15:29:40.768+0000][66][trace][gc,age      ] GC(35) - age   2:      49024 bytes,    3165248 total
[2025-08-19T15:29:40.768+0000][66][trace][gc,age      ] GC(35) - age   3:      91752 bytes,    3257000 total
[2025-08-19T15:29:40.770+0000][66][trace][gc,age      ] GC(35) - age   4:     148400 bytes,    3405400 total
[2025-08-19T15:29:40.771+0000][66][trace][gc,age      ] GC(35) - age   5:     829032 bytes,    4234432 total
[2025-08-19T15:29:40.772+0000][66][trace][gc,age      ] GC(35) - age   6:    3781280 bytes,    8015712 total
[2025-08-19T15:29:40.772+0000][66][info ][gc,heap     ] GC(35) Eden regions: 73->0(74)
[2025-08-19T15:29:40.773+0000][66][info ][gc,heap     ] GC(35) Survivor regions: 3->2(10)
[2025-08-19T15:29:40.774+0000][66][info ][gc,heap     ] GC(35) Old regions: 20->20
[2025-08-19T15:29:40.775+0000][66][info ][gc,heap     ] GC(35) Humongous regions: 0->0
[2025-08-19T15:29:40.776+0000][66][info ][gc,metaspace] GC(35) Metaspace: 139715K(144896K)->139715K(144896K) NonClass: 120509K(123328K)->120509K(123328K) Class: 19205K(21568K)->19205K(21568K)
[2025-08-19T15:29:40.776+0000][66][info ][gc          ] GC(35) Pause Young (Concurrent Start) (G1 Evacuation Pause) 378M->85M(512M) 39.113ms
[2025-08-19T15:29:40.777+0000][66][info ][gc,cpu      ] GC(35) User=0.03s Sys=0.01s Real=0.04s
[2025-08-19T15:29:40.779+0000][66][info ][safepoint   ] Safepoint "G1CollectForAllocation", Time since last: 9322470201 ns, Reaching safepoint: 15766 ns, Cleanup: 15878 ns, At safepoint: 41238744 ns, Total: 41270388 ns
[2025-08-19T15:29:40.778+0000][66][info ][gc          ] GC(36) Concurrent Mark Cycle
[2025-08-19T15:29:40.781+0000][66][info ][gc,marking  ] GC(36) Concurrent Scan Root Regions
[2025-08-19T15:29:40.829+0000][66][info ][gc,marking  ] GC(36) Concurrent Scan Root Regions 48.270ms
[2025-08-19T15:29:40.830+0000][66][info ][gc,marking  ] GC(36) Concurrent Mark
[2025-08-19T15:29:40.831+0000][66][info ][gc,marking  ] GC(36) Concurrent Mark From Roots
[2025-08-19T15:29:40.832+0000][66][info ][gc,task     ] GC(36) Using 1 workers of 1 for marking
[2025-08-19T15:29:41.019+0000][66][info ][gc,marking  ] GC(36) Concurrent Mark From Roots 187.580ms
[2025-08-19T15:29:41.020+0000][66][info ][gc,marking  ] GC(36) Concurrent Preclean
[2025-08-19T15:29:41.022+0000][66][info ][gc,marking  ] GC(36) Concurrent Preclean 1.679ms
[2025-08-19T15:29:41.023+0000][66][info ][gc,start    ] GC(36) Pause Remark
[2025-08-19T15:29:41.132+0000][66][info ][gc          ] GC(36) Pause Remark 95M->95M(512M) 109.099ms
[2025-08-19T15:29:41.134+0000][66][info ][gc,cpu      ] GC(36) User=0.20s Sys=0.00s Real=0.11s
[2025-08-19T15:29:41.137+0000][66][info ][safepoint   ] Safepoint "G1PauseRemark", Time since last: 244360400 ns, Reaching safepoint: 19695 ns, Cleanup: 20341 ns, At safepoint: 114360605 ns, Total: 114400641 ns
[2025-08-19T15:29:41.138+0000][66][info ][gc,marking  ] GC(36) Concurrent Mark 308.147ms
[2025-08-19T15:29:41.139+0000][66][info ][gc,marking  ] GC(36) Concurrent Rebuild Remembered Sets and Scrub Regions
[2025-08-19T15:29:41.217+0000][66][info ][gc,marking  ] GC(36) Concurrent Rebuild Remembered Sets and Scrub Regions 77.944ms
[2025-08-19T15:29:41.219+0000][66][info ][gc,start    ] GC(36) Pause Cleanup
[2025-08-19T15:29:41.220+0000][66][info ][gc          ] GC(36) Pause Cleanup 95M->95M(512M) 1.155ms
[2025-08-19T15:29:41.221+0000][66][info ][gc,cpu      ] GC(36) User=0.00s Sys=0.00s Real=0.00s
[2025-08-19T15:29:41.222+0000][66][info ][safepoint   ] Safepoint "G1PauseCleanup", Time since last: 81468786 ns, Reaching safepoint: 17311 ns, Cleanup: 108166 ns, At safepoint: 2951616 ns, Total: 3077093 ns
[2025-08-19T15:29:41.223+0000][66][info ][gc,marking  ] GC(36) Concurrent Clear Claimed Marks
[2025-08-19T15:29:41.253+0000][66][info ][gc,marking  ] GC(36) Concurrent Clear Claimed Marks 30.334ms
[2025-08-19T15:29:41.256+0000][66][info ][gc,marking  ] GC(36) Concurrent Cleanup for Next Mark
[2025-08-19T15:29:41.259+0000][66][info ][gc,marking  ] GC(36) Concurrent Cleanup for Next Mark 3.758ms
[2025-08-19T15:29:41.261+0000][66][info ][gc          ] GC(36) Concurrent Mark Cycle 483.006ms
[2025-08-19T15:29:50.917+0000][66][info ][safepoint   ] Safepoint "Cleanup", Time since last: 9695218411 ns, Reaching safepoint: 6596 ns, Cleanup: 13700 ns, At safepoint: 4700 ns, Total: 24996 ns
[2025-08-19T15:29:52.492+0000][66][info ][safepoint   ] Safepoint "Cleanup", Time since last: 1575003782 ns, Reaching safepoint: 22814 ns, Cleanup: 15472 ns, At safepoint: 14699 ns, Total: 52985 ns
[2025-08-19T15:30:01.486+0000][66][info ][safepoint   ] Safepoint "Cleanup", Time since last: 9015454220 ns, Reaching safepoint: 72677 ns, Cleanup: 91873 ns, At safepoint: 29843 ns, Total: 194393 ns
[2025-08-19T15:30:11.496+0000][66][info ][safepoint   ] Safepoint "Cleanup", Time since last: 10010308893 ns, Reaching safepoint: 24988 ns, Cleanup: 52496 ns, At safepoint: 12665 ns, Total: 90149 ns
[2025-08-19T15:30:14.500+0000][66][info ][safepoint   ] Safepoint "Cleanup", Time since last: 3003901709 ns, Reaching safepoint: 28780 ns, Cleanup: 19810 ns, At safepoint: 27365 ns, Total: 75955 ns
[2025-08-19T15:30:21.513+0000][66][info ][safepoint   ] Safepoint "Cleanup", Time since last: 7012509260 ns, Reaching safepoint: 25600 ns, Cleanup: 33201 ns, At safepoint: 26488 ns, Total: 85289 ns
[2025-08-19T15:30:23.516+0000][66][info ][safepoint   ] Safepoint "Cleanup", Time since last: 2003686363 ns, Reaching safepoint: 24868 ns, Cleanup: 24515 ns, At safepoint: 20036 ns, Total: 69419 ns
[2025-08-19T15:30:29.501+0000][66][info ][safepoint   ] Safepoint "Cleanup", Time since last: 6006560263 ns, Reaching safepoint: 21679 ns, Cleanup: 20524 ns, At safepoint: 15101 ns, Total: 57304 ns
[2025-08-19T15:30:31.504+0000][66][info ][safepoint   ] Safepoint "Cleanup", Time since last: 2003051947 ns, Reaching safepoint: 136512 ns, Cleanup: 25780 ns, At safepoint: 20924 ns, Total: 183216 ns
[2025-08-19T15:30:41.512+0000][66][info ][safepoint   ] Safepoint "Cleanup", Time since last: 10007337467 ns, Reaching safepoint: 24438 ns, Cleanup: 23606 ns, At safepoint: 16781 ns, Total: 64825 ns
[2025-08-19T15:31:00.830+0000][66][info ][safepoint   ] Safepoint "Cleanup", Time since last: 19340297383 ns, Reaching safepoint: 7213 ns, Cleanup: 14381 ns, At safepoint: 5127 ns, Total: 26721 ns
[2025-08-19T15:31:02.321+0000][66][info ][safepoint   ] Safepoint "Cleanup", Time since last: 1491446656 ns, Reaching safepoint: 46635 ns, Cleanup: 51108 ns, At safepoint: 51615 ns, Total: 149358 ns
[2025-08-19T15:31:11.335+0000][66][info ][safepoint   ] Safepoint "Cleanup", Time since last: 9013220625 ns, Reaching safepoint: 19878 ns, Cleanup: 16115 ns, At safepoint: 13605 ns, Total: 49598 ns
[2025-08-19T15:31:21.703+0000][66][info ][safepoint   ] Safepoint "Cleanup", Time since last: 10368190576 ns, Reaching safepoint: 27356 ns, Cleanup: 25415 ns, At safepoint: 242016 ns, Total: 294787 ns
[2025-08-19T15:31:30.688+0000][66][info ][safepoint   ] Safepoint "Cleanup", Time since last: 9006443887 ns, Reaching safepoint: 173213 ns, Cleanup: 10697 ns, At safepoint: 19318 ns, Total: 203228 ns
[2025-08-19T15:31:40.697+0000][66][info ][safepoint   ] Safepoint "Cleanup", Time since last: 10008500117 ns, Reaching safepoint: 253611 ns, Cleanup: 9441 ns, At safepoint: 41105 ns, Total: 304157 ns
[2025-08-19T15:31:41.698+0000][66][info ][safepoint   ] Safepoint "Cleanup", Time since last: 1001786500 ns, Reaching safepoint: 27035 ns, Cleanup: 22224 ns, At safepoint: 20079 ns, Total: 69338 ns
[2025-08-19T15:31:50.710+0000][66][info ][safepoint   ] Safepoint "Cleanup", Time since last: 9011194795 ns, Reaching safepoint: 221401 ns, Cleanup: 37451 ns, At safepoint: 95639 ns, Total: 354491 ns
[2025-08-19T15:31:51.712+0000][66][info ][safepoint   ] Safepoint "Cleanup", Time since last: 1001835651 ns, Reaching safepoint: 26731 ns, Cleanup: 152575 ns, At safepoint: 31175 ns, Total: 210481 ns
[2025-08-19T15:32:00.706+0000][66][info ][safepoint   ] Safepoint "Cleanup", Time since last: 9016488854 ns, Reaching safepoint: 21113 ns, Cleanup: 15736 ns, At safepoint: 14479 ns, Total: 51328 ns
[2025-08-19T15:32:10.715+0000][66][info ][safepoint   ] Safepoint "Cleanup", Time since last: 10008849349 ns, Reaching safepoint: 23588 ns, Cleanup: 130238 ns, At safepoint: 21921 ns, Total: 175747 ns
[2025-08-19T15:32:12.382+0000][66][info ][safepoint   ] Safepoint "Cleanup", Time since last: 1666226086 ns, Reaching safepoint: 26649 ns, Cleanup: 44510 ns, At safepoint: 32431 ns, Total: 103590 ns
[2025-08-19T15:32:14.385+0000][66][info ][safepoint   ] Safepoint "Cleanup", Time since last: 2003236883 ns, Reaching safepoint: 36795 ns, Cleanup: 19959 ns, At safepoint: 25359 ns, Total: 82113 ns
[2025-08-19T15:32:16.389+0000][66][info ][safepoint   ] Safepoint "Cleanup", Time since last: 2004241668 ns, Reaching safepoint: 25262 ns, Cleanup: 15724 ns, At safepoint: 15138 ns, Total: 56124 ns
[2025-08-19T15:32:20.869+0000][66][info ][safepoint   ] Safepoint "Cleanup", Time since last: 4479977338 ns, Reaching safepoint: 27967 ns, Cleanup: 95471 ns, At safepoint: 24633 ns, Total: 148071 ns
[2025-08-19T15:32:27.855+0000][66][info ][safepoint   ] Safepoint "Cleanup", Time since last: 7007327547 ns, Reaching safepoint: 73260 ns, Cleanup: 21933 ns, At safepoint: 17952 ns, Total: 113145 ns
[2025-08-19T15:32:30.862+0000][66][info ][safepoint   ] Safepoint "Cleanup", Time since last: 3006860576 ns, Reaching safepoint: 21419 ns, Cleanup: 41074 ns, At safepoint: 40241 ns, Total: 102734 ns
[2025-08-19T15:32:40.878+0000][66][info ][safepoint   ] Safepoint "Cleanup", Time since last: 10016188122 ns, Reaching safepoint: 182264 ns, Cleanup: 21763 ns, At safepoint: 23458 ns, Total: 227485 ns
[2025-08-19T15:32:45.883+0000][66][info ][safepoint   ] Safepoint "Cleanup", Time since last: 5004709498 ns, Reaching safepoint: 26801 ns, Cleanup: 18346 ns, At safepoint: 23055 ns, Total: 68202 ns
[2025-08-19T15:32:50.891+0000][66][info ][safepoint   ] Safepoint "Cleanup", Time since last: 5007987509 ns, Reaching safepoint: 72485 ns, Cleanup: 26374 ns, At safepoint: 20919 ns, Total: 119778 ns
[2025-08-19T15:32:53.893+0000][66][info ][safepoint   ] Safepoint "Cleanup", Time since last: 3002297686 ns, Reaching safepoint: 23645 ns, Cleanup: 17305 ns, At safepoint: 14525 ns, Total: 55475 ns
[2025-08-19T15:33:00.880+0000][66][info ][safepoint   ] Safepoint "Cleanup", Time since last: 7008539826 ns, Reaching safepoint: 74633 ns, Cleanup: 30196 ns, At safepoint: 23272 ns, Total: 128101 ns
[2025-08-19T15:33:01.882+0000][66][info ][safepoint   ] Safepoint "Cleanup", Time since last: 1001995427 ns, Reaching safepoint: 27350 ns, Cleanup: 19821 ns, At safepoint: 22646 ns, Total: 69817 ns
[2025-08-19T15:33:10.893+0000][66][info ][safepoint   ] Safepoint "Cleanup", Time since last: 9010824529 ns, Reaching safepoint: 25876 ns, Cleanup: 29988 ns, At safepoint: 21094 ns, Total: 76958 ns
[2025-08-19T15:33:20.775+0000][66][info ][safepoint   ] Safepoint "Cleanup", Time since last: 9882399049 ns, Reaching safepoint: 15253 ns, Cleanup: 25809 ns, At safepoint: 14155 ns, Total: 55217 ns
[2025-08-19T15:33:22.292+0000][66][info ][safepoint   ] Safepoint "Cleanup", Time since last: 1516906599 ns, Reaching safepoint: 25095 ns, Cleanup: 18704 ns, At safepoint: 14550 ns, Total: 58349 ns
[2025-08-19T15:33:24.296+0000][66][info ][safepoint   ] Safepoint "Cleanup", Time since last: 2003462246 ns, Reaching safepoint: 25778 ns, Cleanup: 21079 ns, At safepoint: 22127 ns, Total: 68984 ns
[2025-08-19T15:33:40.634+0000][66][info ][gc,start    ] GC(37) Pause Young (Prepare Mixed) (G1 Evacuation Pause)
[2025-08-19T15:33:40.635+0000][66][info ][gc,task     ] GC(37) Using 2 workers of 2 for evacuation
[2025-08-19T15:33:40.635+0000][66][debug][gc,age      ] GC(37) Desired survivor size 20971520 bytes, new threshold 15 (max threshold 15)
[2025-08-19T15:33:40.656+0000][66][info ][gc,phases   ] GC(37)   Pre Evacuate Collection Set: 0.54ms
[2025-08-19T15:33:40.657+0000][66][info ][gc,phases   ] GC(37)   Merge Heap Roots: 0.23ms
[2025-08-19T15:33:40.657+0000][66][info ][gc,phases   ] GC(37)   Evacuate Collection Set: 16.15ms
[2025-08-19T15:33:40.658+0000][66][info ][gc,phases   ] GC(37)   Post Evacuate Collection Set: 2.10ms
[2025-08-19T15:33:40.659+0000][66][info ][gc,phases   ] GC(37)   Other: 1.67ms
[2025-08-19T15:33:40.660+0000][66][trace][gc,age      ] GC(37) Age table with threshold 15 (max threshold 15)
[2025-08-19T15:33:40.661+0000][66][trace][gc,age      ] GC(37) - age   1:    4020080 bytes,    4020080 total
[2025-08-19T15:33:40.661+0000][66][trace][gc,age      ] GC(37) - age   2:     541128 bytes,    4561208 total
[2025-08-19T15:33:40.662+0000][66][trace][gc,age      ] GC(37) - age   3:      44008 bytes,    4605216 total
[2025-08-19T15:33:40.663+0000][66][trace][gc,age      ] GC(37) - age   4:      90824 bytes,    4696040 total
[2025-08-19T15:33:40.664+0000][66][trace][gc,age      ] GC(37) - age   5:     148400 bytes,    4844440 total
[2025-08-19T15:33:40.665+0000][66][trace][gc,age      ] GC(37) - age   6:     826544 bytes,    5670984 total
[2025-08-19T15:33:40.667+0000][66][trace][gc,age      ] GC(37) - age   7:    3747344 bytes,    9418328 total
[2025-08-19T15:33:40.668+0000][66][info ][gc,heap     ] GC(37) Eden regions: 74->0(73)
[2025-08-19T15:33:40.669+0000][66][info ][gc,heap     ] GC(37) Survivor regions: 2->3(10)
[2025-08-19T15:33:40.670+0000][66][info ][gc,heap     ] GC(37) Old regions: 20->20
[2025-08-19T15:33:40.671+0000][66][info ][gc,heap     ] GC(37) Humongous regions: 0->0
[2025-08-19T15:33:40.672+0000][66][info ][gc,metaspace] GC(37) Metaspace: 139979K(145024K)->139979K(145024K) NonClass: 120792K(123456K)->120792K(123456K) Class: 19186K(21568K)->19186K(21568K)
[2025-08-19T15:33:40.673+0000][66][info ][gc          ] GC(37) Pause Young (Prepare Mixed) (G1 Evacuation Pause) 381M->87M(512M) 38.743ms
[2025-08-19T15:33:40.674+0000][66][info ][gc,cpu      ] GC(37) User=0.04s Sys=0.00s Real=0.04s
[2025-08-19T15:33:40.679+0000][66][info ][safepoint   ] Safepoint "G1CollectForAllocation", Time since last: 16359881377 ns, Reaching safepoint: 58461 ns, Cleanup: 14441 ns, At safepoint: 45062809 ns, Total: 45135711 ns
[2025-08-19T15:33:50.687+0000][66][info ][safepoint   ] Safepoint "Cleanup", Time since last: 10008242749 ns, Reaching safepoint: 71029 ns, Cleanup: 23173 ns, At safepoint: 19187 ns, Total: 113389 ns
[2025-08-19T15:34:00.673+0000][66][info ][safepoint   ] Safepoint "Cleanup", Time since last: 10008643297 ns, Reaching safepoint: 25806 ns, Cleanup: 22120 ns, At safepoint: 20936 ns, Total: 68862 ns
[2025-08-19T15:34:21.093+0000][66][info ][safepoint   ] Safepoint "Cleanup", Time since last: 20419894136 ns, Reaching safepoint: 26948 ns, Cleanup: 20446 ns, At safepoint: 20427 ns, Total: 67821 ns
[2025-08-19T15:34:30.733+0000][66][info ][safepoint   ] Safepoint "Cleanup", Time since last: 9662249849 ns, Reaching safepoint: 13452 ns, Cleanup: 12319 ns, At safepoint: 11134 ns, Total: 36905 ns
[2025-08-19T15:34:32.343+0000][66][info ][safepoint   ] Safepoint "Cleanup", Time since last: 1609638398 ns, Reaching safepoint: 59472 ns, Cleanup: 27627 ns, At safepoint: 30903 ns, Total: 118002 ns
[2025-08-19T15:34:41.352+0000][66][info ][safepoint   ] Safepoint "Cleanup", Time since last: 9009567511 ns, Reaching safepoint: 27352 ns, Cleanup: 22333 ns, At safepoint: 23028 ns, Total: 72713 ns
[2025-08-19T15:34:46.358+0000][66][info ][safepoint   ] Safepoint "Cleanup", Time since last: 5005284823 ns, Reaching safepoint: 25933 ns, Cleanup: 19088 ns, At safepoint: 21189 ns, Total: 66210 ns
[2025-08-19T15:34:51.367+0000][66][info ][safepoint   ] Safepoint "Cleanup", Time since last: 5008780173 ns, Reaching safepoint: 71922 ns, Cleanup: 90840 ns, At safepoint: 29987 ns, Total: 192749 ns
[2025-08-19T15:34:54.372+0000][66][info ][safepoint   ] Safepoint "Cleanup", Time since last: 3004936494 ns, Reaching safepoint: 26532 ns, Cleanup: 18955 ns, At safepoint: 21011 ns, Total: 66498 ns
[2025-08-19T15:35:01.360+0000][66][info ][safepoint   ] Safepoint "Cleanup", Time since last: 7008622019 ns, Reaching safepoint: 325139 ns, Cleanup: 24487 ns, At safepoint: 18337 ns, Total: 367963 ns
[2025-08-19T15:35:41.329+0000][66][info ][safepoint   ] Safepoint "Cleanup", Time since last: 39991314328 ns, Reaching safepoint: 10922 ns, Cleanup: 93120 ns, At safepoint: 10935 ns, Total: 114977 ns
[2025-08-19T15:35:51.339+0000][66][info ][safepoint   ] Safepoint "Cleanup", Time since last: 10010089861 ns, Reaching safepoint: 62072 ns, Cleanup: 18199 ns, At safepoint: 15247 ns, Total: 95518 ns
[2025-08-19T15:35:54.345+0000][66][info ][safepoint   ] Safepoint "Cleanup", Time since last: 3005849749 ns, Reaching safepoint: 24976 ns, Cleanup: 21481 ns, At safepoint: 20121 ns, Total: 66578 ns
[2025-08-19T15:36:21.470+0000][66][info ][safepoint   ] Safepoint "Cleanup", Time since last: 27147111707 ns, Reaching safepoint: 507461 ns, Cleanup: 21293 ns, At safepoint: 21011 ns, Total: 549765 ns
[2025-08-19T15:36:24.455+0000][66][info ][safepoint   ] Safepoint "Cleanup", Time since last: 3007059397 ns, Reaching safepoint: 24992 ns, Cleanup: 15893 ns, At safepoint: 15939 ns, Total: 56824 ns
[2025-08-19T15:36:31.470+0000][66][info ][safepoint   ] Safepoint "Cleanup", Time since last: 7014158072 ns, Reaching safepoint: 26317 ns, Cleanup: 29656 ns, At safepoint: 196829 ns, Total: 252802 ns
[2025-08-19T15:36:36.540+0000][66][info ][safepoint   ] Safepoint "Cleanup", Time since last: 5070211997 ns, Reaching safepoint: 40912 ns, Cleanup: 24994 ns, At safepoint: 29766 ns, Total: 95672 ns
[2025-08-19T15:36:40.649+0000][66][info ][safepoint   ] Safepoint "Cleanup", Time since last: 4108570643 ns, Reaching safepoint: 271262 ns, Cleanup: 21918 ns, At safepoint: 63106 ns, Total: 356286 ns
[2025-08-19T15:36:41.651+0000][66][info ][safepoint   ] Safepoint "Cleanup", Time since last: 1002007278 ns, Reaching safepoint: 28555 ns, Cleanup: 18883 ns, At safepoint: 23373 ns, Total: 70811 ns
[2025-08-19T15:36:46.655+0000][66][info ][safepoint   ] Safepoint "Cleanup", Time since last: 5003901265 ns, Reaching safepoint: 40642 ns, Cleanup: 22755 ns, At safepoint: 82500 ns, Total: 145897 ns
[2025-08-19T15:36:50.642+0000][66][info ][safepoint   ] Safepoint "Cleanup", Time since last: 3986880461 ns, Reaching safepoint: 7182 ns, Cleanup: 15748 ns, At safepoint: 4333 ns, Total: 27263 ns
[2025-08-19T15:36:52.192+0000][66][info ][safepoint   ] Safepoint "Cleanup", Time since last: 1550238849 ns, Reaching safepoint: 23900 ns, Cleanup: 30242 ns, At safepoint: 16320 ns, Total: 70462 ns
[2025-08-19T15:36:55.175+0000][66][info ][safepoint   ] Safepoint "Cleanup", Time since last: 3004139069 ns, Reaching safepoint: 289172 ns, Cleanup: 85526 ns, At safepoint: 95876 ns, Total: 470574 ns
[2025-08-19T15:37:01.184+0000][66][info ][safepoint   ] Safepoint "Cleanup", Time since last: 6009093497 ns, Reaching safepoint: 28271 ns, Cleanup: 20608 ns, At safepoint: 23089 ns, Total: 71968 ns
[2025-08-19T15:37:11.194+0000][66][info ][safepoint   ] Safepoint "Cleanup", Time since last: 10010054717 ns, Reaching safepoint: 115123 ns, Cleanup: 20888 ns, At safepoint: 27528 ns, Total: 163539 ns
[2025-08-19T15:37:24.499+0000][66][info ][safepoint   ] Safepoint "Cleanup", Time since last: 13326594424 ns, Reaching safepoint: 23423 ns, Cleanup: 19620 ns, At safepoint: 14270 ns, Total: 57313 ns
[2025-08-19T15:37:30.505+0000][66][info ][safepoint   ] Safepoint "Cleanup", Time since last: 6006535077 ns, Reaching safepoint: 16958 ns, Cleanup: 61883 ns, At safepoint: 12595 ns, Total: 91436 ns
[2025-08-19T15:37:40.525+0000][66][info ][safepoint   ] Safepoint "Cleanup", Time since last: 10019926513 ns, Reaching safepoint: 165935 ns, Cleanup: 16713 ns, At safepoint: 17106 ns, Total: 199754 ns
[2025-08-19T15:37:51.538+0000][66][info ][safepoint   ] Safepoint "Cleanup", Time since last: 11012881249 ns, Reaching safepoint: 29106 ns, Cleanup: 20001 ns, At safepoint: 23009 ns, Total: 72116 ns
[2025-08-19T15:37:54.520+0000][66][info ][safepoint   ] Safepoint "Cleanup", Time since last: 3002756221 ns, Reaching safepoint: 635366 ns, Cleanup: 15761 ns, At safepoint: 14430 ns, Total: 665557 ns
[2025-08-19T15:38:00.423+0000][66][info ][gc,start    ] GC(38) Pause Young (Mixed) (G1 Evacuation Pause)
[2025-08-19T15:38:00.425+0000][66][info ][gc,task     ] GC(38) Using 2 workers of 2 for evacuation
[2025-08-19T15:38:00.425+0000][66][debug][gc,age      ] GC(38) Desired survivor size 20971520 bytes, new threshold 15 (max threshold 15)
[2025-08-19T15:38:00.457+0000][66][info ][gc,phases   ] GC(38)   Pre Evacuate Collection Set: 0.50ms
[2025-08-19T15:38:00.458+0000][66][info ][gc,phases   ] GC(38)   Merge Heap Roots: 0.15ms
[2025-08-19T15:38:00.459+0000][66][info ][gc,phases   ] GC(38)   Evacuate Collection Set: 20.95ms
[2025-08-19T15:38:00.460+0000][66][info ][gc,phases   ] GC(38)   Post Evacuate Collection Set: 8.86ms
[2025-08-19T15:38:00.461+0000][66][info ][gc,phases   ] GC(38)   Other: 1.59ms
[2025-08-19T15:38:00.462+0000][66][trace][gc,age      ] GC(38) Age table with threshold 15 (max threshold 15)
[2025-08-19T15:38:00.463+0000][66][trace][gc,age      ] GC(38) - age   1:    3943368 bytes,    3943368 total
[2025-08-19T15:38:00.464+0000][66][trace][gc,age      ] GC(38) - age   2:    1135976 bytes,    5079344 total
[2025-08-19T15:38:00.464+0000][66][trace][gc,age      ] GC(38) - age   3:     540936 bytes,    5620280 total
[2025-08-19T15:38:00.466+0000][66][trace][gc,age      ] GC(38) - age   4:      43984 bytes,    5664264 total
[2025-08-19T15:38:00.467+0000][66][trace][gc,age      ] GC(38) - age   5:      90824 bytes,    5755088 total
[2025-08-19T15:38:00.468+0000][66][trace][gc,age      ] GC(38) - age   6:     148400 bytes,    5903488 total
[2025-08-19T15:38:00.469+0000][66][trace][gc,age      ] GC(38) - age   7:     826208 bytes,    6729696 total
[2025-08-19T15:38:00.470+0000][66][trace][gc,age      ] GC(38) - age   8:    3747344 bytes,   10477040 total
[2025-08-19T15:38:00.471+0000][66][info ][gc,heap     ] GC(38) Eden regions: 73->0(73)
[2025-08-19T15:38:00.472+0000][66][info ][gc,heap     ] GC(38) Survivor regions: 3->3(10)
[2025-08-19T15:38:00.474+0000][66][info ][gc,heap     ] GC(38) Old regions: 20->19
[2025-08-19T15:38:00.475+0000][66][info ][gc,heap     ] GC(38) Humongous regions: 0->0
[2025-08-19T15:38:00.476+0000][66][info ][gc,metaspace] GC(38) Metaspace: 140090K(145024K)->140090K(145024K) NonClass: 120904K(123456K)->120904K(123456K) Class: 19186K(21568K)->19186K(21568K)
[2025-08-19T15:38:00.476+0000][66][info ][gc          ] GC(38) Pause Young (Mixed) (G1 Evacuation Pause) 379M->86M(512M) 53.131ms
[2025-08-19T15:38:00.477+0000][66][info ][gc,cpu      ] GC(38) User=0.05s Sys=0.01s Real=0.05s
[2025-08-19T15:38:00.487+0000][66][info ][safepoint   ] Safepoint "G1CollectForAllocation", Time since last: 5903343042 ns, Reaching safepoint: 51388 ns, Cleanup: 6732 ns, At safepoint: 63889939 ns, Total: 63948059 ns
[2025-08-19T15:38:02.312+0000][66][info ][safepoint   ] Safepoint "Cleanup", Time since last: 1824428495 ns, Reaching safepoint: 72653 ns, Cleanup: 33705 ns, At safepoint: 20007 ns, Total: 126365 ns
[2025-08-19T15:38:11.323+0000][66][info ][safepoint   ] Safepoint "Cleanup", Time since last: 9010711552 ns, Reaching safepoint: 27059 ns, Cleanup: 26686 ns, At safepoint: 22771 ns, Total: 76516 ns
[2025-08-19T15:38:13.328+0000][66][info ][safepoint   ] Safepoint "Cleanup", Time since last: 2005202130 ns, Reaching safepoint: 26723 ns, Cleanup: 19238 ns, At safepoint: 22987 ns, Total: 68948 ns
[2025-08-19T15:38:16.331+0000][66][info ][safepoint   ] Safepoint "Cleanup", Time since last: 3003627263 ns, Reaching safepoint: 34061 ns, Cleanup: 21069 ns, At safepoint: 24310 ns, Total: 79440 ns
[2025-08-19T15:38:20.543+0000][66][info ][safepoint   ] Safepoint "Cleanup", Time since last: 4211513325 ns, Reaching safepoint: 277008 ns, Cleanup: 128949 ns, At safepoint: 31391 ns, Total: 437348 ns
[2025-08-19T15:38:25.532+0000][66][info ][safepoint   ] Safepoint "Cleanup", Time since last: 5007685006 ns, Reaching safepoint: 27564 ns, Cleanup: 20509 ns, At safepoint: 207183 ns, Total: 255256 ns
[2025-08-19T15:38:30.539+0000][66][info ][safepoint   ] Safepoint "Cleanup", Time since last: 5005511682 ns, Reaching safepoint: 1164861 ns, Cleanup: 48105 ns, At safepoint: 148685 ns, Total: 1361651 ns
[2025-08-19T15:38:49.565+0000][66][info ][safepoint   ] Safepoint "Cleanup", Time since last: 19025669822 ns, Reaching safepoint: 71096 ns, Cleanup: 17412 ns, At safepoint: 16727 ns, Total: 105235 ns
[2025-08-19T15:38:55.545+0000][66][info ][safepoint   ] Safepoint "Cleanup", Time since last: 6005130889 ns, Reaching safepoint: 26922 ns, Cleanup: 17070 ns, At safepoint: 17568 ns, Total: 61560 ns
[2025-08-19T15:39:10.556+0000][66][info ][safepoint   ] Safepoint "Cleanup", Time since last: 15010457830 ns, Reaching safepoint: 17320 ns, Cleanup: 14175 ns, At safepoint: 93297 ns, Total: 124792 ns
[2025-08-19T15:39:11.576+0000][66][info ][safepoint   ] Safepoint "Cleanup", Time since last: 1020442860 ns, Reaching safepoint: 6660 ns, Cleanup: 22359 ns, At safepoint: 5503 ns, Total: 34522 ns
[2025-08-19T15:39:13.376+0000][66][info ][safepoint   ] Safepoint "Cleanup", Time since last: 1799435099 ns, Reaching safepoint: 25627 ns, Cleanup: 44272 ns, At safepoint: 20461 ns, Total: 90360 ns
[2025-08-19T15:39:15.379+0000][66][info ][safepoint   ] Safepoint "Cleanup", Time since last: 2003417650 ns, Reaching safepoint: 23474 ns, Cleanup: 15567 ns, At safepoint: 19394 ns, Total: 58435 ns
[2025-08-19T15:39:25.598+0000][66][info ][safepoint   ] Safepoint "Cleanup", Time since last: 10241644743 ns, Reaching safepoint: 38298 ns, Cleanup: 17489 ns, At safepoint: 17615 ns, Total: 73402 ns
[2025-08-19T15:39:28.676+0000][66][info ][safepoint   ] Safepoint "Cleanup", Time since last: 3077749089 ns, Reaching safepoint: 71971 ns, Cleanup: 17909 ns, At safepoint: 27624 ns, Total: 117504 ns
[2025-08-19T15:39:30.679+0000][66][info ][safepoint   ] Safepoint "Cleanup", Time since last: 2002921468 ns, Reaching safepoint: 28241 ns, Cleanup: 18537 ns, At safepoint: 21593 ns, Total: 68371 ns
[2025-08-19T15:39:31.682+0000][66][info ][safepoint   ] Safepoint "Cleanup", Time since last: 1002431195 ns, Reaching safepoint: 24855 ns, Cleanup: 151804 ns, At safepoint: 18107 ns, Total: 194766 ns
[2025-08-19T15:39:40.687+0000][66][info ][safepoint   ] Safepoint "Cleanup", Time since last: 9005097195 ns, Reaching safepoint: 78639 ns, Cleanup: 56293 ns, At safepoint: 29016 ns, Total: 163948 ns
[2025-08-19T15:39:55.678+0000][66][info ][safepoint   ] Safepoint "Cleanup", Time since last: 15012114052 ns, Reaching safepoint: 24981 ns, Cleanup: 17698 ns, At safepoint: 17432 ns, Total: 60111 ns
[2025-08-19T15:40:00.683+0000][66][info ][safepoint   ] Safepoint "Cleanup", Time since last: 5005104275 ns, Reaching safepoint: 79535 ns, Cleanup: 26765 ns, At safepoint: 21901 ns, Total: 128201 ns
[2025-08-19T15:40:10.789+0000][66][info ][safepoint   ] Safepoint "Cleanup", Time since last: 10105777167 ns, Reaching safepoint: 69121 ns, Cleanup: 20030 ns, At safepoint: 19121 ns, Total: 108272 ns
[2025-08-19T15:40:20.562+0000][66][info ][safepoint   ] Safepoint "Cleanup", Time since last: 9773697793 ns, Reaching safepoint: 10654 ns, Cleanup: 76998 ns, At safepoint: 11386 ns, Total: 99038 ns
[2025-08-19T15:40:22.091+0000][66][info ][safepoint   ] Safepoint "Cleanup", Time since last: 1528798333 ns, Reaching safepoint: 21117 ns, Cleanup: 62616 ns, At safepoint: 18115 ns, Total: 101848 ns
[2025-08-19T15:40:26.074+0000][66][info ][safepoint   ] Safepoint "Cleanup", Time since last: 4004062465 ns, Reaching safepoint: 54336 ns, Cleanup: 18957 ns, At safepoint: 236385 ns, Total: 309678 ns
[2025-08-19T15:40:28.081+0000][66][info ][safepoint   ] Safepoint "Cleanup", Time since last: 2006836550 ns, Reaching safepoint: 21382 ns, Cleanup: 16265 ns, At safepoint: 14112 ns, Total: 51759 ns
[2025-08-19T15:40:29.106+0000][66][info ][safepoint   ] Safepoint "Cleanup", Time since last: 1025634675 ns, Reaching safepoint: 25008 ns, Cleanup: 18563 ns, At safepoint: 20416 ns, Total: 63987 ns
[2025-08-19T15:40:31.169+0000][66][info ][safepoint   ] Safepoint "Cleanup", Time since last: 2062269894 ns, Reaching safepoint: 237560 ns, Cleanup: 20134 ns, At safepoint: 54842 ns, Total: 312536 ns
[2025-08-19T15:40:41.174+0000][66][info ][safepoint   ] Safepoint "Cleanup", Time since last: 10005064879 ns, Reaching safepoint: 29065 ns, Cleanup: 23016 ns, At safepoint: 94983 ns, Total: 147064 ns
[2025-08-19T15:41:11.227+0000][66][info ][safepoint   ] Safepoint "Cleanup", Time since last: 30077036658 ns, Reaching safepoint: 156177 ns, Cleanup: 68675 ns, At safepoint: 21651 ns, Total: 246503 ns
[2025-08-19T15:41:16.231+0000][66][info ][safepoint   ] Safepoint "Cleanup", Time since last: 5004284373 ns, Reaching safepoint: 26648 ns, Cleanup: 18308 ns, At safepoint: 21848 ns, Total: 66804 ns
[2025-08-19T15:41:20.782+0000][66][info ][safepoint   ] Safepoint "Cleanup", Time since last: 4551168060 ns, Reaching safepoint: 90265 ns, Cleanup: 23987 ns, At safepoint: 13772 ns, Total: 128024 ns
[2025-08-19T15:41:25.838+0000][66][info ][gc,start    ] GC(39) Pause Young (Concurrent Start) (G1 Evacuation Pause)
[2025-08-19T15:41:25.840+0000][66][info ][gc,task     ] GC(39) Using 2 workers of 2 for evacuation
[2025-08-19T15:41:25.842+0000][66][debug][gc,age      ] GC(39) Desired survivor size 20971520 bytes, new threshold 15 (max threshold 15)
[2025-08-19T15:41:25.898+0000][66][info ][gc,phases   ] GC(39)   Pre Evacuate Collection Set: 1.77ms
[2025-08-19T15:41:25.899+0000][66][info ][gc,phases   ] GC(39)   Merge Heap Roots: 0.34ms
[2025-08-19T15:41:25.900+0000][66][info ][gc,phases   ] GC(39)   Evacuate Collection Set: 45.40ms
[2025-08-19T15:41:25.901+0000][66][info ][gc,phases   ] GC(39)   Post Evacuate Collection Set: 4.21ms
[2025-08-19T15:41:25.903+0000][66][info ][gc,phases   ] GC(39)   Other: 6.11ms
[2025-08-19T15:41:25.904+0000][66][trace][gc,age      ] GC(39) Age table with threshold 15 (max threshold 15)
[2025-08-19T15:41:25.905+0000][66][trace][gc,age      ] GC(39) - age   1:    3199256 bytes,    3199256 total
[2025-08-19T15:41:25.906+0000][66][trace][gc,age      ] GC(39) - age   2:      15648 bytes,    3214904 total
[2025-08-19T15:41:25.907+0000][66][trace][gc,age      ] GC(39) - age   3:      32056 bytes,    3246960 total
[2025-08-19T15:41:25.908+0000][66][trace][gc,age      ] GC(39) - age   4:     333104 bytes,    3580064 total
[2025-08-19T15:41:25.909+0000][66][trace][gc,age      ] GC(39) - age   5:      43432 bytes,    3623496 total
[2025-08-19T15:41:25.910+0000][66][trace][gc,age      ] GC(39) - age   6:      90776 bytes,    3714272 total
[2025-08-19T15:41:25.911+0000][66][trace][gc,age      ] GC(39) - age   7:     148400 bytes,    3862672 total
[2025-08-19T15:41:25.913+0000][66][trace][gc,age      ] GC(39) - age   8:     825080 bytes,    4687752 total
[2025-08-19T15:41:25.913+0000][66][trace][gc,age      ] GC(39) - age   9:    3747288 bytes,    8435040 total
[2025-08-19T15:41:25.914+0000][66][info ][gc,heap     ] GC(39) Eden regions: 73->0(73)
[2025-08-19T15:41:25.916+0000][66][info ][gc,heap     ] GC(39) Survivor regions: 3->3(10)
[2025-08-19T15:41:25.916+0000][66][info ][gc,heap     ] GC(39) Old regions: 19->19
[2025-08-19T15:41:25.917+0000][66][info ][gc,heap     ] GC(39) Humongous regions: 0->0
[2025-08-19T15:41:25.918+0000][66][info ][gc,metaspace] GC(39) Metaspace: 140220K(145024K)->140220K(145024K) NonClass: 121033K(123456K)->121033K(123456K) Class: 19187K(21568K)->19187K(21568K)
[2025-08-19T15:41:25.920+0000][66][info ][gc          ] GC(39) Pause Young (Concurrent Start) (G1 Evacuation Pause) 378M->84M(512M) 82.011ms
[2025-08-19T15:41:25.921+0000][66][info ][gc,cpu      ] GC(39) User=0.10s Sys=0.00s Real=0.08s
[2025-08-19T15:41:25.921+0000][66][info ][gc          ] GC(40) Concurrent Mark Cycle
[2025-08-19T15:41:25.928+0000][66][info ][gc,marking  ] GC(40) Concurrent Scan Root Regions
[2025-08-19T15:41:25.922+0000][66][info ][safepoint   ] Safepoint "G1CollectForAllocation", Time since last: 5075637608 ns, Reaching safepoint: 16787 ns, Cleanup: 6368 ns, At safepoint: 84368132 ns, Total: 84391287 ns
[2025-08-19T15:41:25.956+0000][66][info ][gc,marking  ] GC(40) Concurrent Scan Root Regions 27.594ms
[2025-08-19T15:41:25.957+0000][66][info ][gc,marking  ] GC(40) Concurrent Mark
[2025-08-19T15:41:25.959+0000][66][info ][gc,marking  ] GC(40) Concurrent Mark From Roots
[2025-08-19T15:41:25.959+0000][66][info ][gc,task     ] GC(40) Using 1 workers of 1 for marking
[2025-08-19T15:41:26.180+0000][66][info ][gc,marking  ] GC(40) Concurrent Mark From Roots 221.309ms
[2025-08-19T15:41:26.181+0000][66][info ][gc,marking  ] GC(40) Concurrent Preclean
[2025-08-19T15:41:26.183+0000][66][info ][gc,marking  ] GC(40) Concurrent Preclean 2.064ms
[2025-08-19T15:41:26.185+0000][66][info ][gc,start    ] GC(40) Pause Remark
[2025-08-19T15:41:26.257+0000][66][info ][gc          ] GC(40) Pause Remark 85M->85M(512M) 72.833ms
[2025-08-19T15:41:26.259+0000][66][info ][gc,cpu      ] GC(40) User=0.14s Sys=0.00s Real=0.07s
[2025-08-19T15:41:26.260+0000][66][info ][safepoint   ] Safepoint "G1PauseRemark", Time since last: 262476538 ns, Reaching safepoint: 33803 ns, Cleanup: 8296 ns, At safepoint: 75530117 ns, Total: 75572216 ns
[2025-08-19T15:41:26.262+0000][66][info ][gc,marking  ] GC(40) Concurrent Mark 304.310ms
[2025-08-19T15:41:26.263+0000][66][info ][gc,marking  ] GC(40) Concurrent Rebuild Remembered Sets and Scrub Regions
[2025-08-19T15:41:26.358+0000][66][info ][gc,marking  ] GC(40) Concurrent Rebuild Remembered Sets and Scrub Regions 95.272ms
[2025-08-19T15:41:26.360+0000][66][info ][gc,start    ] GC(40) Pause Cleanup
[2025-08-19T15:41:26.362+0000][66][info ][gc          ] GC(40) Pause Cleanup 85M->85M(512M) 1.291ms
[2025-08-19T15:41:26.363+0000][66][info ][gc,cpu      ] GC(40) User=0.00s Sys=0.00s Real=0.00s
[2025-08-19T15:41:26.364+0000][66][info ][safepoint   ] Safepoint "G1PauseCleanup", Time since last: 100189062 ns, Reaching safepoint: 21875 ns, Cleanup: 88590 ns, At safepoint: 3678377 ns, Total: 3788842 ns
[2025-08-19T15:41:26.366+0000][66][info ][gc,marking  ] GC(40) Concurrent Clear Claimed Marks
[2025-08-19T15:41:26.368+0000][66][info ][gc,marking  ] GC(40) Concurrent Clear Claimed Marks 1.990ms
[2025-08-19T15:41:26.369+0000][66][info ][gc,marking  ] GC(40) Concurrent Cleanup for Next Mark
[2025-08-19T15:41:26.394+0000][66][info ][gc,marking  ] GC(40) Concurrent Cleanup for Next Mark 25.687ms
[2025-08-19T15:41:26.396+0000][66][info ][gc          ] GC(40) Concurrent Mark Cycle 474.851ms
[2025-08-19T15:41:30.539+0000][66][info ][safepoint   ] Safepoint "Cleanup", Time since last: 4174691036 ns, Reaching safepoint: 7309 ns, Cleanup: 13096 ns, At safepoint: 4652 ns, Total: 25057 ns
[2025-08-19T15:41:32.348+0000][66][info ][safepoint   ] Safepoint "Cleanup", Time since last: 1809145360 ns, Reaching safepoint: 22517 ns, Cleanup: 24930 ns, At safepoint: 18330 ns, Total: 65777 ns
[2025-08-19T15:41:40.354+0000][66][info ][safepoint   ] Safepoint "Cleanup", Time since last: 8005517200 ns, Reaching safepoint: 289109 ns, Cleanup: 14515 ns, At safepoint: 15031 ns, Total: 318655 ns
[2025-08-19T15:41:56.342+0000][66][info ][safepoint   ] Safepoint "Cleanup", Time since last: 16010336272 ns, Reaching safepoint: 20409 ns, Cleanup: 14391 ns, At safepoint: 12002 ns, Total: 46802 ns
[2025-08-19T15:42:00.273+0000][66][info ][safepoint   ] Safepoint "Cleanup", Time since last: 3931274491 ns, Reaching safepoint: 5550 ns, Cleanup: 8335 ns, At safepoint: 4302 ns, Total: 18187 ns
[2025-08-19T15:42:01.329+0000][66][info ][safepoint   ] Safepoint "Cleanup", Time since last: 1052349694 ns, Reaching safepoint: 847434 ns, Cleanup: 924404 ns, At safepoint: 1064003 ns, Total: 2835841 ns
[2025-08-19T15:42:02.332+0000][66][info ][safepoint   ] Safepoint "Cleanup", Time since last: 1003335863 ns, Reaching safepoint: 72840 ns, Cleanup: 50398 ns, At safepoint: 17345 ns, Total: 140583 ns
[2025-08-19T15:42:22.911+0000][66][info ][safepoint   ] Safepoint "Cleanup", Time since last: 20578345032 ns, Reaching safepoint: 25838 ns, Cleanup: 21782 ns, At safepoint: 19695 ns, Total: 67315 ns
[2025-08-19T15:42:31.896+0000][66][info ][safepoint   ] Safepoint "Cleanup", Time since last: 9006512526 ns, Reaching safepoint: 22856 ns, Cleanup: 24269 ns, At safepoint: 13278 ns, Total: 60403 ns
[2025-08-19T15:42:51.912+0000][66][info ][safepoint   ] Safepoint "Cleanup", Time since last: 20016205486 ns, Reaching safepoint: 59126 ns, Cleanup: 16234 ns, At safepoint: 47750 ns, Total: 123110 ns
[2025-08-19T15:42:55.895+0000][66][info ][safepoint   ] Safepoint "Cleanup", Time since last: 4004626424 ns, Reaching safepoint: 65813 ns, Cleanup: 17149 ns, At safepoint: 17029 ns, Total: 99991 ns
[2025-08-19T15:43:00.900+0000][66][info ][safepoint   ] Safepoint "Cleanup", Time since last: 5004956650 ns, Reaching safepoint: 22641 ns, Cleanup: 16524 ns, At safepoint: 14490 ns, Total: 53655 ns
[2025-08-19T15:43:10.906+0000][66][info ][safepoint   ] Safepoint "Cleanup", Time since last: 10006224493 ns, Reaching safepoint: 54537 ns, Cleanup: 23089 ns, At safepoint: 15531 ns, Total: 93157 ns
[2025-08-19T15:43:32.022+0000][66][info ][safepoint   ] Safepoint "Cleanup", Time since last: 21137337660 ns, Reaching safepoint: 128160 ns, Cleanup: 67814 ns, At safepoint: 16249 ns, Total: 212223 ns
[2025-08-19T15:43:50.036+0000][66][info ][safepoint   ] Safepoint "Cleanup", Time since last: 18013780746 ns, Reaching safepoint: 194202 ns, Cleanup: 15981 ns, At safepoint: 19453 ns, Total: 229636 ns
[2025-08-19T15:44:02.027+0000][66][info ][safepoint   ] Safepoint "Cleanup", Time since last: 12013300737 ns, Reaching safepoint: 29067 ns, Cleanup: 16716 ns, At safepoint: 17427 ns, Total: 63210 ns
[2025-08-19T15:44:09.432+0000][66][info ][safepoint   ] Safepoint "Cleanup", Time since last: 7405611914 ns, Reaching safepoint: 27826 ns, Cleanup: 18772 ns, At safepoint: 22299 ns, Total: 68897 ns
[2025-08-19T15:44:21.370+0000][66][info ][safepoint   ] Safepoint "Cleanup", Time since last: 11937353374 ns, Reaching safepoint: 22431 ns, Cleanup: 16600 ns, At safepoint: 13602 ns, Total: 52633 ns
[2025-08-19T15:44:29.248+0000][66][info ][safepoint   ] Safepoint "Cleanup", Time since last: 7900675640 ns, Reaching safepoint: 29026 ns, Cleanup: 61719 ns, At safepoint: 26041 ns, Total: 116786 ns
[2025-08-19T15:44:31.688+0000][66][info ][safepoint   ] Safepoint "Cleanup", Time since last: 2440107097 ns, Reaching safepoint: 27897 ns, Cleanup: 22222 ns, At safepoint: 22163 ns, Total: 72282 ns
[2025-08-19T15:44:42.946+0000][66][info ][safepoint   ] Safepoint "Cleanup", Time since last: 11258319677 ns, Reaching safepoint: 215082 ns, Cleanup: 16207 ns, At safepoint: 10590 ns, Total: 241879 ns
[2025-08-19T15:45:00.938+0000][66][info ][safepoint   ] Safepoint "Cleanup", Time since last: 18013573282 ns, Reaching safepoint: 25122 ns, Cleanup: 20066 ns, At safepoint: 16650 ns, Total: 61838 ns
[2025-08-19T15:45:06.944+0000][66][info ][safepoint   ] Safepoint "Cleanup", Time since last: 6006511469 ns, Reaching safepoint: 29181 ns, Cleanup: 22871 ns, At safepoint: 54032 ns, Total: 106084 ns
[2025-08-19T15:45:07.946+0000][66][info ][safepoint   ] Safepoint "Cleanup", Time since last: 1002031189 ns, Reaching safepoint: 26969 ns, Cleanup: 18259 ns, At safepoint: 20341 ns, Total: 65569 ns
[2025-08-19T15:45:12.952+0000][66][info ][safepoint   ] Safepoint "Cleanup", Time since last: 5005646143 ns, Reaching safepoint: 133380 ns, Cleanup: 18802 ns, At safepoint: 27037 ns, Total: 179219 ns
[2025-08-19T15:45:31.009+0000][66][info ][safepoint   ] Safepoint "Cleanup", Time since last: 18079351117 ns, Reaching safepoint: 26882 ns, Cleanup: 21734 ns, At safepoint: 21074 ns, Total: 69690 ns
[2025-08-19T15:45:32.011+0000][66][info ][safepoint   ] Safepoint "Cleanup", Time since last: 1001730296 ns, Reaching safepoint: 25585 ns, Cleanup: 17833 ns, At safepoint: 16553 ns, Total: 59971 ns
[2025-08-19T15:46:40.989+0000][66][info ][safepoint   ] Safepoint "Cleanup", Time since last: 69022932187 ns, Reaching safepoint: 20075 ns, Cleanup: 18686 ns, At safepoint: 10700 ns, Total: 49461 ns
[2025-08-19T15:47:39.383+0000][66][info ][safepoint   ] Safepoint "Cleanup", Time since last: 58671580889 ns, Reaching safepoint: 156653 ns, Cleanup: 61682 ns, At safepoint: 70706 ns, Total: 289041 ns
[2025-08-19T15:47:50.393+0000][66][info ][safepoint   ] Safepoint "Cleanup", Time since last: 11009166690 ns, Reaching safepoint: 34743 ns, Cleanup: 102401 ns, At safepoint: 34478 ns, Total: 171622 ns
[2025-08-19T15:48:39.812+0000][66][info ][safepoint   ] Safepoint "Cleanup", Time since last: 49230311570 ns, Reaching safepoint: 71826 ns, Cleanup: 19630 ns, At safepoint: 21004 ns, Total: 112460 ns
[2025-08-19T15:49:00.805+0000][66][info ][safepoint   ] Safepoint "Cleanup", Time since last: 21016507240 ns, Reaching safepoint: 64468 ns, Cleanup: 18862 ns, At safepoint: 15557 ns, Total: 98887 ns
[2025-08-19T15:49:09.815+0000][66][info ][safepoint   ] Safepoint "Cleanup", Time since last: 9009885864 ns, Reaching safepoint: 54803 ns, Cleanup: 23671 ns, At safepoint: 13744 ns, Total: 92218 ns
[2025-08-19T15:49:39.825+0000][66][info ][safepoint   ] Safepoint "Cleanup", Time since last: 30030589174 ns, Reaching safepoint: 57368 ns, Cleanup: 18266 ns, At safepoint: 12082 ns, Total: 87716 ns
[2025-08-19T15:49:46.831+0000][66][info ][safepoint   ] Safepoint "Cleanup", Time since last: 7006251804 ns, Reaching safepoint: 26454 ns, Cleanup: 19351 ns, At safepoint: 24825 ns, Total: 70630 ns
[2025-08-19T15:50:00.849+0000][66][info ][safepoint   ] Safepoint "Cleanup", Time since last: 14039864318 ns, Reaching safepoint: 65900 ns, Cleanup: 17320 ns, At safepoint: 16651 ns, Total: 99871 ns
[2025-08-19T15:50:10.861+0000][66][info ][safepoint   ] Safepoint "Cleanup", Time since last: 10011351909 ns, Reaching safepoint: 167411 ns, Cleanup: 33668 ns, At safepoint: 31478 ns, Total: 232557 ns
[2025-08-19T15:50:40.708+0000][66][info ][safepoint   ] Safepoint "Cleanup", Time since last: 30100943772 ns, Reaching safepoint: 115092 ns, Cleanup: 24715 ns, At safepoint: 14585 ns, Total: 154392 ns
[2025-08-19T15:51:10.935+0000][66][info ][safepoint   ] Safepoint "Cleanup", Time since last: 30019290034 ns, Reaching safepoint: 71470 ns, Cleanup: 18753 ns, At safepoint: 29941 ns, Total: 120164 ns
[2025-08-19T15:51:20.955+0000][66][info ][safepoint   ] Safepoint "Cleanup", Time since last: 10019426197 ns, Reaching safepoint: 54664 ns, Cleanup: 27681 ns, At safepoint: 16417 ns, Total: 98762 ns
[2025-08-19T15:52:11.205+0000][66][info ][safepoint   ] Safepoint "Cleanup", Time since last: 50291830751 ns, Reaching safepoint: 209372 ns, Cleanup: 19751 ns, At safepoint: 60517 ns, Total: 289640 ns
[2025-08-19T15:52:20.211+0000][66][info ][safepoint   ] Safepoint "Cleanup", Time since last: 9005780075 ns, Reaching safepoint: 24779 ns, Cleanup: 19160 ns, At safepoint: 10761 ns, Total: 54700 ns
[2025-08-19T15:52:30.196+0000][66][info ][safepoint   ] Safepoint "Cleanup", Time since last: 10007951234 ns, Reaching safepoint: 59243 ns, Cleanup: 17315 ns, At safepoint: 16257 ns, Total: 92815 ns
[2025-08-19T15:52:43.204+0000][66][info ][safepoint   ] Safepoint "Cleanup", Time since last: 13008005811 ns, Reaching safepoint: 32710 ns, Cleanup: 18825 ns, At safepoint: 30491 ns, Total: 82026 ns
[2025-08-19T15:53:20.213+0000][66][info ][safepoint   ] Safepoint "Cleanup", Time since last: 37030841851 ns, Reaching safepoint: 20028 ns, Cleanup: 15477 ns, At safepoint: 71659 ns, Total: 107164 ns
[2025-08-19T15:53:28.261+0000][66][info ][safepoint   ] Safepoint "Cleanup", Time since last: 8070368692 ns, Reaching safepoint: 27081 ns, Cleanup: 18258 ns, At safepoint: 24594 ns, Total: 69933 ns
[2025-08-19T15:53:30.265+0000][66][info ][safepoint   ] Safepoint "Cleanup", Time since last: 2003846741 ns, Reaching safepoint: 76947 ns, Cleanup: 24351 ns, At safepoint: 23982 ns, Total: 125280 ns
[2025-08-19T15:54:11.270+0000][66][info ][safepoint   ] Safepoint "Cleanup", Time since last: 41026680490 ns, Reaching safepoint: 75874 ns, Cleanup: 17064 ns, At safepoint: 21799 ns, Total: 114737 ns
[2025-08-19T15:54:41.182+0000][66][info ][safepoint   ] Safepoint "Cleanup", Time since last: 30018272427 ns, Reaching safepoint: 48106 ns, Cleanup: 16535 ns, At safepoint: 12109 ns, Total: 76750 ns
[2025-08-19T15:55:01.262+0000][66][info ][safepoint   ] Safepoint "Cleanup", Time since last: 20018346576 ns, Reaching safepoint: 82084 ns, Cleanup: 20793 ns, At safepoint: 23615 ns, Total: 126492 ns
[2025-08-19T15:55:11.272+0000][66][info ][safepoint   ] Safepoint "Cleanup", Time since last: 10009318755 ns, Reaching safepoint: 25787 ns, Cleanup: 24010 ns, At safepoint: 19386 ns, Total: 69183 ns
[2025-08-19T15:55:50.389+0000][66][info ][safepoint   ] Safepoint "Cleanup", Time since last: 39139727891 ns, Reaching safepoint: 71355 ns, Cleanup: 20421 ns, At safepoint: 21177 ns, Total: 112953 ns
[2025-08-19T15:56:00.375+0000][66][info ][safepoint   ] Safepoint "Cleanup", Time since last: 10007836369 ns, Reaching safepoint: 68892 ns, Cleanup: 19256 ns, At safepoint: 17436 ns, Total: 105584 ns
[2025-08-19T15:56:05.381+0000][66][info ][safepoint   ] Safepoint "Cleanup", Time since last: 5005136162 ns, Reaching safepoint: 27233 ns, Cleanup: 20312 ns, At safepoint: 22130 ns, Total: 69675 ns
[2025-08-19T15:56:11.386+0000][66][info ][safepoint   ] Safepoint "Cleanup", Time since last: 6005370893 ns, Reaching safepoint: 30760 ns, Cleanup: 16084 ns, At safepoint: 13580 ns, Total: 60424 ns
[2025-08-19T15:57:12.389+0000][66][info ][safepoint   ] Safepoint "Cleanup", Time since last: 61046844248 ns, Reaching safepoint: 70402 ns, Cleanup: 20274 ns, At safepoint: 16409 ns, Total: 107085 ns
[2025-08-19T15:57:42.385+0000][66][info ][safepoint   ] Safepoint "Cleanup", Time since last: 30018749237 ns, Reaching safepoint: 77333 ns, Cleanup: 26272 ns, At safepoint: 196423 ns, Total: 300028 ns
[2025-08-19T15:57:56.429+0000][66][info ][safepoint   ] Safepoint "Cleanup", Time since last: 14044087031 ns, Reaching safepoint: 27377 ns, Cleanup: 16288 ns, At safepoint: 19512 ns, Total: 63177 ns
[2025-08-19T15:58:00.669+0000][66][info ][safepoint   ] Safepoint "Cleanup", Time since last: 4262945218 ns, Reaching safepoint: 31348 ns, Cleanup: 18468 ns, At safepoint: 22169 ns, Total: 71985 ns
[2025-08-19T15:58:20.546+0000][66][info ][safepoint   ] Safepoint "Cleanup", Time since last: 19876187555 ns, Reaching safepoint: 21570 ns, Cleanup: 15045 ns, At safepoint: 10613 ns, Total: 47228 ns
[2025-08-19T15:58:42.711+0000][66][info ][safepoint   ] Safepoint "Cleanup", Time since last: 22388315817 ns, Reaching safepoint: 23026 ns, Cleanup: 15545 ns, At safepoint: 13260 ns, Total: 51831 ns
[2025-08-19T16:00:14.106+0000][66][info ][safepoint   ] Safepoint "Cleanup", Time since last: 91259789147 ns, Reaching safepoint: 70870 ns, Cleanup: 38690 ns, At safepoint: 33947 ns, Total: 143507 ns
[2025-08-19T16:00:29.859+0000][66][info ][safepoint   ] Safepoint "Cleanup", Time since last: 15774023480 ns, Reaching safepoint: 39341 ns, Cleanup: 33104 ns, At safepoint: 183894 ns, Total: 256339 ns
[2025-08-19T16:00:39.868+0000][66][info ][safepoint   ] Safepoint "Cleanup", Time since last: 10009261083 ns, Reaching safepoint: 25616 ns, Cleanup: 17510 ns, At safepoint: 20733 ns, Total: 63859 ns
[2025-08-19T16:00:44.909+0000][66][info ][safepoint   ] Safepoint "Cleanup", Time since last: 5041293676 ns, Reaching safepoint: 22988 ns, Cleanup: 17780 ns, At safepoint: 59295 ns, Total: 100063 ns
[2025-08-19T16:01:44.996+0000][66][info ][safepoint   ] Safepoint "Cleanup", Time since last: 60130873347 ns, Reaching safepoint: 122919 ns, Cleanup: 16930 ns, At safepoint: 24186 ns, Total: 164035 ns
[2025-08-19T16:02:00.986+0000][66][info ][safepoint   ] Safepoint "Cleanup", Time since last: 16012383083 ns, Reaching safepoint: 21426 ns, Cleanup: 20279 ns, At safepoint: 12408 ns, Total: 54113 ns
[2025-08-19T16:02:45.032+0000][66][info ][safepoint   ] Safepoint "Cleanup", Time since last: 44067262741 ns, Reaching safepoint: 63799 ns, Cleanup: 18228 ns, At safepoint: 19253 ns, Total: 101280 ns
[2025-08-19T16:03:46.139+0000][66][info ][safepoint   ] Safepoint "Cleanup", Time since last: 61151025777 ns, Reaching safepoint: 68789 ns, Cleanup: 18314 ns, At safepoint: 146816 ns, Total: 233919 ns
[2025-08-19T16:04:10.201+0000][66][info ][safepoint   ] Safepoint "Cleanup", Time since last: 24084160891 ns, Reaching safepoint: 25623 ns, Cleanup: 20409 ns, At safepoint: 20547 ns, Total: 66579 ns
[2025-08-19T16:04:30.446+0000][66][info ][gc,start    ] GC(41) Pause Young (Prepare Mixed) (G1 Evacuation Pause)
[2025-08-19T16:04:30.453+0000][66][info ][gc,task     ] GC(41) Using 2 workers of 2 for evacuation
[2025-08-19T16:04:30.454+0000][66][debug][gc,age      ] GC(41) Desired survivor size 20971520 bytes, new threshold 15 (max threshold 15)
[2025-08-19T16:04:30.519+0000][66][info ][gc,phases   ] GC(41)   Pre Evacuate Collection Set: 2.93ms
[2025-08-19T16:04:30.520+0000][66][info ][gc,phases   ] GC(41)   Merge Heap Roots: 0.54ms
[2025-08-19T16:04:30.521+0000][66][info ][gc,phases   ] GC(41)   Evacuate Collection Set: 56.89ms
[2025-08-19T16:04:30.522+0000][66][info ][gc,phases   ] GC(41)   Post Evacuate Collection Set: 2.75ms
[2025-08-19T16:04:30.523+0000][66][info ][gc,phases   ] GC(41)   Other: 3.24ms
[2025-08-19T16:04:30.524+0000][66][trace][gc,age      ] GC(41) Age table with threshold 15 (max threshold 15)
[2025-08-19T16:04:30.525+0000][66][trace][gc,age      ] GC(41) - age   1:    2649904 bytes,    2649904 total
[2025-08-19T16:04:30.526+0000][66][trace][gc,age      ] GC(41) - age   2:       7752 bytes,    2657656 total
[2025-08-19T16:04:30.528+0000][66][trace][gc,age      ] GC(41) - age   3:      15352 bytes,    2673008 total
[2025-08-19T16:04:30.529+0000][66][trace][gc,age      ] GC(41) - age   4:      30512 bytes,    2703520 total
[2025-08-19T16:04:30.530+0000][66][trace][gc,age      ] GC(41) - age   5:      26896 bytes,    2730416 total
[2025-08-19T16:04:30.531+0000][66][trace][gc,age      ] GC(41) - age   6:      43368 bytes,    2773784 total
[2025-08-19T16:04:30.532+0000][66][trace][gc,age      ] GC(41) - age   7:      64904 bytes,    2838688 total
[2025-08-19T16:04:30.533+0000][66][trace][gc,age      ] GC(41) - age   8:     146288 bytes,    2984976 total
[2025-08-19T16:04:30.534+0000][66][trace][gc,age      ] GC(41) - age   9:     773224 bytes,    3758200 total
[2025-08-19T16:04:30.534+0000][66][trace][gc,age      ] GC(41) - age  10:    3041320 bytes,    6799520 total
[2025-08-19T16:04:30.535+0000][66][info ][gc,heap     ] GC(41) Eden regions: 73->0(74)
[2025-08-19T16:04:30.536+0000][66][info ][gc,heap     ] GC(41) Survivor regions: 3->2(10)
[2025-08-19T16:04:30.539+0000][66][info ][gc,heap     ] GC(41) Old regions: 19->19
[2025-08-19T16:04:30.540+0000][66][info ][gc,heap     ] GC(41) Humongous regions: 0->0
[2025-08-19T16:04:30.541+0000][66][info ][gc,metaspace] GC(41) Metaspace: 140983K(145216K)->140983K(145216K) NonClass: 121692K(123648K)->121692K(123648K) Class: 19290K(21568K)->19290K(21568K)
[2025-08-19T16:04:30.543+0000][66][info ][gc          ] GC(41) Pause Young (Prepare Mixed) (G1 Evacuation Pause) 376M->82M(512M) 97.395ms
[2025-08-19T16:04:30.546+0000][66][info ][gc,cpu      ] GC(41) User=0.10s Sys=0.01s Real=0.10s
[2025-08-19T16:04:30.553+0000][66][info ][safepoint   ] Safepoint "G1CollectForAllocation", Time since last: 20263852040 ns, Reaching safepoint: 3107409 ns, Cleanup: 13101 ns, At safepoint: 106976285 ns, Total: 110096795 ns
[2025-08-19T16:05:47.050+0000][66][info ][safepoint   ] Safepoint "Cleanup", Time since last: 76540887956 ns, Reaching safepoint: 64518 ns, Cleanup: 22302 ns, At safepoint: 19224 ns, Total: 106044 ns
[2025-08-19T16:07:30.235+0000][66][info ][safepoint   ] Safepoint "Cleanup", Time since last: 103274184483 ns, Reaching safepoint: 27120 ns, Cleanup: 29874 ns, At safepoint: 22925 ns, Total: 79919 ns
[2025-08-19T16:08:39.393+0000][66][info ][safepoint   ] Safepoint "Cleanup", Time since last: 69201513659 ns, Reaching safepoint: 26843 ns, Cleanup: 19223 ns, At safepoint: 22818 ns, Total: 68884 ns
[2025-08-19T16:08:47.402+0000][66][info ][safepoint   ] Safepoint "Cleanup", Time since last: 8008627689 ns, Reaching safepoint: 32698 ns, Cleanup: 25948 ns, At safepoint: 42173 ns, Total: 100819 ns
[2025-08-19T16:09:59.579+0000][66][info ][safepoint   ] Safepoint "Cleanup", Time since last: 72244392585 ns, Reaching safepoint: 68505 ns, Cleanup: 17550 ns, At safepoint: 21223 ns, Total: 107278 ns
[2025-08-19T16:10:00.583+0000][66][info ][safepoint   ] Safepoint "Cleanup", Time since last: 1003387170 ns, Reaching safepoint: 25028 ns, Cleanup: 18292 ns, At safepoint: 19509 ns, Total: 62829 ns
[2025-08-19T16:10:47.603+0000][66][info ][safepoint   ] Safepoint "Cleanup", Time since last: 47041772035 ns, Reaching safepoint: 75987 ns, Cleanup: 20094 ns, At safepoint: 23226 ns, Total: 119307 ns
[2025-08-19T16:10:59.588+0000][66][info ][safepoint   ] Safepoint "Cleanup", Time since last: 12007733253 ns, Reaching safepoint: 69060 ns, Cleanup: 23596 ns, At safepoint: 20750 ns, Total: 113406 ns
[2025-08-19T16:11:17.607+0000][66][info ][safepoint   ] Safepoint "Cleanup", Time since last: 18019061384 ns, Reaching safepoint: 22201 ns, Cleanup: 15269 ns, At safepoint: 11952 ns, Total: 49422 ns
[2025-08-19T16:12:00.664+0000][66][info ][safepoint   ] Safepoint "Cleanup", Time since last: 43100357808 ns, Reaching safepoint: 31148 ns, Cleanup: 18399 ns, At safepoint: 185034 ns, Total: 234581 ns
[2025-08-19T16:12:09.668+0000][66][info ][safepoint   ] Safepoint "Cleanup", Time since last: 9004604318 ns, Reaching safepoint: 27355 ns, Cleanup: 22941 ns, At safepoint: 14325 ns, Total: 64621 ns
[2025-08-19T16:12:19.676+0000][66][info ][safepoint   ] Safepoint "Cleanup", Time since last: 10007388661 ns, Reaching safepoint: 150299 ns, Cleanup: 21930 ns, At safepoint: 15051 ns, Total: 187280 ns
[2025-08-19T16:12:24.679+0000][66][info ][safepoint   ] Safepoint "Cleanup", Time since last: 5003091773 ns, Reaching safepoint: 22560 ns, Cleanup: 17254 ns, At safepoint: 9011 ns, Total: 48825 ns
[2025-08-19T16:12:30.658+0000][66][info ][safepoint   ] Safepoint "Cleanup", Time since last: 6002928825 ns, Reaching safepoint: 97194 ns, Cleanup: 16979 ns, At safepoint: 22987 ns, Total: 137160 ns
[2025-08-19T16:14:26.846+0000][66][info ][safepoint   ] Safepoint "Cleanup", Time since last: 116252177866 ns, Reaching safepoint: 24295 ns, Cleanup: 21066 ns, At safepoint: 17130 ns, Total: 62491 ns
[2025-08-19T16:14:39.832+0000][66][info ][safepoint   ] Safepoint "Cleanup", Time since last: 13009319735 ns, Reaching safepoint: 25839 ns, Cleanup: 16987 ns, At safepoint: 20812 ns, Total: 63638 ns
[2025-08-19T16:14:57.843+0000][66][info ][safepoint   ] Safepoint "Cleanup", Time since last: 18010767392 ns, Reaching safepoint: 429512 ns, Cleanup: 46096 ns, At safepoint: 23580 ns, Total: 499188 ns
[2025-08-19T16:15:27.843+0000][66][info ][safepoint   ] Safepoint "Cleanup", Time since last: 30020622157 ns, Reaching safepoint: 96639 ns, Cleanup: 16763 ns, At safepoint: 13133 ns, Total: 126535 ns
[2025-08-19T16:15:57.936+0000][66][info ][safepoint   ] Safepoint "Cleanup", Time since last: 30116448006 ns, Reaching safepoint: 126121 ns, Cleanup: 59043 ns, At safepoint: 16310 ns, Total: 201474 ns
[2025-08-19T16:16:28.004+0000][66][info ][safepoint   ] Safepoint "Cleanup", Time since last: 30089232695 ns, Reaching safepoint: 91547 ns, Cleanup: 25675 ns, At safepoint: 23801 ns, Total: 141023 ns
[2025-08-19T16:16:58.015+0000][66][info ][safepoint   ] Safepoint "Cleanup", Time since last: 30034446640 ns, Reaching safepoint: 69247 ns, Cleanup: 17946 ns, At safepoint: 24776 ns, Total: 111969 ns
[2025-08-19T16:16:59.018+0000][66][info ][safepoint   ] Safepoint "Cleanup", Time since last: 1002485983 ns, Reaching safepoint: 38653 ns, Cleanup: 17171 ns, At safepoint: 19567 ns, Total: 75391 ns
[2025-08-19T16:18:09.235+0000][66][info ][safepoint   ] Safepoint "Cleanup", Time since last: 70282958786 ns, Reaching safepoint: 26648 ns, Cleanup: 18674 ns, At safepoint: 22243 ns, Total: 67565 ns
[2025-08-19T16:18:15.238+0000][66][info ][safepoint   ] Safepoint "Cleanup", Time since last: 6003270603 ns, Reaching safepoint: 25818 ns, Cleanup: 18268 ns, At safepoint: 16731 ns, Total: 60817 ns
[2025-08-19T16:18:29.249+0000][66][info ][safepoint   ] Safepoint "Cleanup", Time since last: 14010970311 ns, Reaching safepoint: 62422 ns, Cleanup: 16099 ns, At safepoint: 18165 ns, Total: 96686 ns
[2025-08-19T16:20:19.729+0000][66][info ][safepoint   ] Safepoint "Cleanup", Time since last: 110567662119 ns, Reaching safepoint: 158576 ns, Cleanup: 18448 ns, At safepoint: 23017 ns, Total: 200041 ns
[2025-08-19T16:20:29.737+0000][66][info ][safepoint   ] Safepoint "Cleanup", Time since last: 10007825335 ns, Reaching safepoint: 192432 ns, Cleanup: 16282 ns, At safepoint: 48524 ns, Total: 257238 ns
[2025-08-19T16:23:01.056+0000][66][info ][safepoint   ] Safepoint "Cleanup", Time since last: 151507187389 ns, Reaching safepoint: 25378 ns, Cleanup: 18571 ns, At safepoint: 16178 ns, Total: 60127 ns
[2025-08-19T16:23:32.601+0000][66][info ][safepoint   ] Safepoint "Cleanup", Time since last: 31511426543 ns, Reaching safepoint: 24266 ns, Cleanup: 17183 ns, At safepoint: 18187 ns, Total: 59636 ns
[2025-08-19T16:24:01.458+0000][66][info ][safepoint   ] Safepoint "Cleanup", Time since last: 27097121396 ns, Reaching safepoint: 1760702566 ns, Cleanup: 18777 ns, At safepoint: 23299 ns, Total: 1760744642 ns
[2025-08-19T16:24:59.595+0000][66][info ][safepoint   ] Safepoint "Cleanup", Time since last: 58183937143 ns, Reaching safepoint: 147281 ns, Cleanup: 18020 ns, At safepoint: 26393 ns, Total: 191694 ns
[2025-08-19T16:25:13.201+0000][66][info ][safepoint   ] Safepoint "Cleanup", Time since last: 13012024511 ns, Reaching safepoint: 617328539 ns, Cleanup: 20671 ns, At safepoint: 94801 ns, Total: 617444011 ns
[2025-08-19T16:25:45.602+0000][66][info ][safepoint   ] Safepoint "Cleanup", Time since last: 32490817242 ns, Reaching safepoint: 72668 ns, Cleanup: 17418 ns, At safepoint: 69675 ns, Total: 159761 ns
[2025-08-19T16:27:45.687+0000][66][info ][safepoint   ] Safepoint "Cleanup", Time since last: 120103770333 ns, Reaching safepoint: 58577 ns, Cleanup: 16785 ns, At safepoint: 12351 ns, Total: 87713 ns
[2025-08-19T16:28:31.797+0000][66][info ][safepoint   ] Safepoint "Cleanup", Time since last: 46133270922 ns, Reaching safepoint: 23360 ns, Cleanup: 16217 ns, At safepoint: 15943 ns, Total: 55520 ns
[2025-08-19T16:28:38.782+0000][66][info ][safepoint   ] Safepoint "Cleanup", Time since last: 7007017379 ns, Reaching safepoint: 26608 ns, Cleanup: 20244 ns, At safepoint: 22228 ns, Total: 69080 ns
[2025-08-19T16:28:39.785+0000][66][info ][safepoint   ] Safepoint "Cleanup", Time since last: 1002926817 ns, Reaching safepoint: 26984 ns, Cleanup: 23853 ns, At safepoint: 22918 ns, Total: 73755 ns
[2025-08-19T16:29:46.799+0000][66][info ][safepoint   ] Safepoint "Cleanup", Time since last: 67058786258 ns, Reaching safepoint: 233790 ns, Cleanup: 19497 ns, At safepoint: 82588 ns, Total: 335875 ns
[2025-08-19T16:29:48.803+0000][66][info ][safepoint   ] Safepoint "Cleanup", Time since last: 2003729375 ns, Reaching safepoint: 24145 ns, Cleanup: 16779 ns, At safepoint: 13661 ns, Total: 54585 ns
[2025-08-19T16:30:48.844+0000][66][info ][safepoint   ] Safepoint "Cleanup", Time since last: 60092817254 ns, Reaching safepoint: 165697 ns, Cleanup: 24319 ns, At safepoint: 47252 ns, Total: 237268 ns
[2025-08-19T16:32:01.297+0000][66][info ][safepoint   ] Safepoint "Cleanup", Time since last: 72489393857 ns, Reaching safepoint: 73042 ns, Cleanup: 22613 ns, At safepoint: 31636 ns, Total: 127291 ns
[2025-08-19T16:32:28.308+0000][66][info ][safepoint   ] Safepoint "Cleanup", Time since last: 27032536633 ns, Reaching safepoint: 26747 ns, Cleanup: 19404 ns, At safepoint: 24853 ns, Total: 71004 ns
[2025-08-19T16:32:56.312+0000][66][info ][safepoint   ] Safepoint "Cleanup", Time since last: 28025772009 ns, Reaching safepoint: 82380 ns, Cleanup: 23970 ns, At safepoint: 38430 ns, Total: 144780 ns
[2025-08-19T16:33:19.309+0000][66][info ][safepoint   ] Safepoint "Cleanup", Time since last: 23019486540 ns, Reaching safepoint: 69727 ns, Cleanup: 18569 ns, At safepoint: 21082 ns, Total: 109378 ns
[2025-08-19T16:34:05.998+0000][66][info ][gc,start    ] GC(42) Pause Young (Mixed) (G1 Evacuation Pause)
[2025-08-19T16:34:05.999+0000][66][info ][gc,task     ] GC(42) Using 2 workers of 2 for evacuation
[2025-08-19T16:34:06.000+0000][66][debug][gc,age      ] GC(42) Desired survivor size 20971520 bytes, new threshold 15 (max threshold 15)
[2025-08-19T16:34:06.101+0000][66][info ][gc,phases   ] GC(42)   Pre Evacuate Collection Set: 0.72ms
[2025-08-19T16:34:06.102+0000][66][info ][gc,phases   ] GC(42)   Merge Heap Roots: 0.34ms
[2025-08-19T16:34:06.103+0000][66][info ][gc,phases   ] GC(42)   Evacuate Collection Set: 94.74ms
[2025-08-19T16:34:06.104+0000][66][info ][gc,phases   ] GC(42)   Post Evacuate Collection Set: 4.01ms
[2025-08-19T16:34:06.105+0000][66][info ][gc,phases   ] GC(42)   Other: 2.00ms
[2025-08-19T16:34:06.106+0000][66][trace][gc,age      ] GC(42) Age table with threshold 15 (max threshold 15)
[2025-08-19T16:34:06.106+0000][66][trace][gc,age      ] GC(42) - age   1:     822080 bytes,     822080 total
[2025-08-19T16:34:06.107+0000][66][trace][gc,age      ] GC(42) - age   2:    1814288 bytes,    2636368 total
[2025-08-19T16:34:06.108+0000][66][trace][gc,age      ] GC(42) - age   3:       6872 bytes,    2643240 total
[2025-08-19T16:34:06.109+0000][66][trace][gc,age      ] GC(42) - age   4:      15352 bytes,    2658592 total
[2025-08-19T16:34:06.109+0000][66][trace][gc,age      ] GC(42) - age   5:      30512 bytes,    2689104 total
[2025-08-19T16:34:06.110+0000][66][trace][gc,age      ] GC(42) - age   6:      26896 bytes,    2716000 total
[2025-08-19T16:34:06.111+0000][66][trace][gc,age      ] GC(42) - age   7:      43336 bytes,    2759336 total
[2025-08-19T16:34:06.112+0000][66][trace][gc,age      ] GC(42) - age   8:      64904 bytes,    2824240 total
[2025-08-19T16:34:06.113+0000][66][trace][gc,age      ] GC(42) - age   9:     145200 bytes,    2969440 total
[2025-08-19T16:34:06.113+0000][66][trace][gc,age      ] GC(42) - age  10:     739432 bytes,    3708872 total
[2025-08-19T16:34:06.114+0000][66][trace][gc,age      ] GC(42) - age  11:    3032512 bytes,    6741384 total
[2025-08-19T16:34:06.115+0000][66][info ][gc,heap     ] GC(42) Eden regions: 74->0(74)
[2025-08-19T16:34:06.116+0000][66][info ][gc,heap     ] GC(42) Survivor regions: 2->2(10)
[2025-08-19T16:34:06.117+0000][66][info ][gc,heap     ] GC(42) Old regions: 19->19
[2025-08-19T16:34:06.118+0000][66][info ][gc,heap     ] GC(42) Humongous regions: 0->0
[2025-08-19T16:34:06.119+0000][66][info ][gc,metaspace] GC(42) Metaspace: 141176K(145280K)->141176K(145280K) NonClass: 121885K(123712K)->121885K(123712K) Class: 19291K(21568K)->19291K(21568K)
[2025-08-19T16:34:06.120+0000][66][info ][gc          ] GC(42) Pause Young (Mixed) (G1 Evacuation Pause) 378M->81M(512M) 122.257ms
[2025-08-19T16:34:06.121+0000][66][info ][gc,cpu      ] GC(42) User=0.20s Sys=0.00s Real=0.12s
[2025-08-19T16:34:06.122+0000][66][info ][safepoint   ] Safepoint "G1CollectForAllocation", Time since last: 46732595873 ns, Reaching safepoint: 82167 ns, Cleanup: 7766 ns, At safepoint: 124590454 ns, Total: 124680387 ns
[2025-08-19T16:35:27.372+0000][66][info ][safepoint   ] Safepoint "Cleanup", Time since last: 81293343700 ns, Reaching safepoint: 74387 ns, Cleanup: 19288 ns, At safepoint: 23181 ns, Total: 116856 ns
[2025-08-19T16:35:33.381+0000][66][info ][safepoint   ] Safepoint "Cleanup", Time since last: 6008775940 ns, Reaching safepoint: 23104 ns, Cleanup: 16947 ns, At safepoint: 15619 ns, Total: 55670 ns
[2025-08-19T16:35:38.364+0000][66][info ][safepoint   ] Safepoint "Cleanup", Time since last: 5006234339 ns, Reaching safepoint: 12770 ns, Cleanup: 11105 ns, At safepoint: 9946 ns, Total: 33821 ns
[2025-08-19T16:35:57.395+0000][66][info ][safepoint   ] Safepoint "Cleanup", Time since last: 19030189683 ns, Reaching safepoint: 322537 ns, Cleanup: 16696 ns, At safepoint: 22845 ns, Total: 362078 ns
[2025-08-19T16:46:44.928+0000][66][info ][safepoint   ] Safepoint "Cleanup", Time since last: 9048173241 ns, Reaching safepoint: 23313 ns, Cleanup: 63371 ns, At safepoint: 20303 ns, Total: 106987 ns
[2025-08-19T17:32:03.489+0000][66][info ][safepoint   ] Safepoint "Cleanup", Time since last: 42088967074 ns, Reaching safepoint: 114558 ns, Cleanup: 22012 ns, At safepoint: 25652 ns, Total: 162222 ns
[2025-08-19T17:32:24.742+0000][66][info ][safepoint   ] Safepoint "Cleanup", Time since last: 19188299163 ns, Reaching safepoint: 27061 ns, Cleanup: 21666 ns, At safepoint: 22434 ns, Total: 71161 ns
[2025-08-19T17:33:05.752+0000][66][info ][safepoint   ] Safepoint "Cleanup", Time since last: 41029927420 ns, Reaching safepoint: 75088 ns, Cleanup: 18114 ns, At safepoint: 18386 ns, Total: 111588 ns
[2025-08-19T17:33:16.763+0000][66][info ][safepoint   ] Safepoint "Cleanup", Time since last: 11011075716 ns, Reaching safepoint: 79869 ns, Cleanup: 16413 ns, At safepoint: 22619 ns, Total: 118901 ns
[2025-08-19T17:33:25.747+0000][66][info ][safepoint   ] Safepoint "Cleanup", Time since last: 9008488457 ns, Reaching safepoint: 44577 ns, Cleanup: 34237 ns, At safepoint: 39263 ns, Total: 118077 ns
[2025-08-19T17:33:48.761+0000][66][info ][safepoint   ] Safepoint "Cleanup", Time since last: 23013997427 ns, Reaching safepoint: 22656 ns, Cleanup: 17635 ns, At safepoint: 56348 ns, Total: 96639 ns
[2025-08-19T17:33:55.746+0000][66][info ][safepoint   ] Safepoint "Cleanup", Time since last: 7006521726 ns, Reaching safepoint: 21574 ns, Cleanup: 17604 ns, At safepoint: 14003 ns, Total: 53181 ns
[2025-08-19T17:34:25.745+0000][66][info ][safepoint   ] Safepoint "Cleanup", Time since last: 30019631056 ns, Reaching safepoint: 43431 ns, Cleanup: 142512 ns, At safepoint: 158721 ns, Total: 344664 ns
[2025-08-19T17:36:30.029+0000][66][info ][safepoint   ] Safepoint "Cleanup", Time since last: 124373488467 ns, Reaching safepoint: 267322 ns, Cleanup: 17131 ns, At safepoint: 39563 ns, Total: 324016 ns
[2025-08-19T17:37:58.026+0000][66][info ][safepoint   ] Safepoint "Cleanup", Time since last: 88064069908 ns, Reaching safepoint: 25853 ns, Cleanup: 17324 ns, At safepoint: 25576 ns, Total: 68753 ns
[2025-08-19T17:40:16.122+0000][66][info ][safepoint   ] Safepoint "Cleanup", Time since last: 138184535131 ns, Reaching safepoint: 60146 ns, Cleanup: 100462 ns, At safepoint: 15649 ns, Total: 176257 ns
[2025-08-19T17:41:26.104+0000][66][info ][safepoint   ] Safepoint "Cleanup", Time since last: 70047016780 ns, Reaching safepoint: 65091 ns, Cleanup: 19234 ns, At safepoint: 19485 ns, Total: 103810 ns
[2025-08-19T17:42:01.358+0000][66][info ][safepoint   ] Safepoint "Cleanup", Time since last: 35275038387 ns, Reaching safepoint: 25637 ns, Cleanup: 16324 ns, At safepoint: 21430 ns, Total: 63391 ns
[2025-08-19T17:42:18.371+0000][66][info ][safepoint   ] Safepoint "Cleanup", Time since last: 17013245432 ns, Reaching safepoint: 97154 ns, Cleanup: 30212 ns, At safepoint: 81985 ns, Total: 209351 ns
[2025-08-19T17:42:35.360+0000][66][info ][safepoint   ] Safepoint "Cleanup", Time since last: 17012447251 ns, Reaching safepoint: 66773 ns, Cleanup: 17020 ns, At safepoint: 17141 ns, Total: 100934 ns
[2025-08-19T17:43:33.361+0000][66][info ][safepoint   ] Safepoint "Cleanup", Time since last: 58043121346 ns, Reaching safepoint: 74763 ns, Cleanup: 22512 ns, At safepoint: 17378 ns, Total: 114653 ns
[2025-08-19T17:44:33.619+0000][66][info ][safepoint   ] Safepoint "Cleanup", Time since last: 60303245509 ns, Reaching safepoint: 74112 ns, Cleanup: 32199 ns, At safepoint: 113822 ns, Total: 220133 ns
[2025-08-19T17:44:45.628+0000][66][info ][safepoint   ] Safepoint "Cleanup", Time since last: 12008191001 ns, Reaching safepoint: 24404 ns, Cleanup: 21387 ns, At safepoint: 18779 ns, Total: 64570 ns
[2025-08-19T17:45:47.718+0000][66][info ][safepoint   ] Safepoint "Cleanup", Time since last: 62133576282 ns, Reaching safepoint: 24553 ns, Cleanup: 17347 ns, At safepoint: 21016 ns, Total: 62916 ns
[2025-08-19T17:46:47.711+0000][66][info ][safepoint   ] Safepoint "Cleanup", Time since last: 60037528759 ns, Reaching safepoint: 20632 ns, Cleanup: 16302 ns, At safepoint: 13709 ns, Total: 50643 ns
[2025-08-19T17:49:35.737+0000][66][info ][safepoint   ] Safepoint "Cleanup", Time since last: 168158760631 ns, Reaching safepoint: 24047 ns, Cleanup: 15788 ns, At safepoint: 24860 ns, Total: 64695 ns
[2025-08-19T17:50:08.163+0000][66][info ][safepoint   ] Safepoint "Cleanup", Time since last: 32448588989 ns, Reaching safepoint: 79537 ns, Cleanup: 19421 ns, At safepoint: 16986 ns, Total: 115944 ns
[2025-08-19T17:50:35.207+0000][66][info ][safepoint   ] Safepoint "Cleanup", Time since last: 27062728763 ns, Reaching safepoint: 57018 ns, Cleanup: 14672 ns, At safepoint: 31527 ns, Total: 103217 ns
[2025-08-19T17:50:45.575+0000][66][info ][safepoint   ] Safepoint "Cleanup", Time since last: 10367803011 ns, Reaching safepoint: 22322 ns, Cleanup: 15296 ns, At safepoint: 15269 ns, Total: 52887 ns
[2025-08-19T17:51:17.672+0000][66][info ][safepoint   ] Safepoint "Cleanup", Time since last: 32121821866 ns, Reaching safepoint: 57452 ns, Cleanup: 16298 ns, At safepoint: 17069 ns, Total: 90819 ns
[2025-08-19T17:51:55.721+0000][66][info ][safepoint   ] Safepoint "Cleanup", Time since last: 38092570084 ns, Reaching safepoint: 278594 ns, Cleanup: 18280 ns, At safepoint: 23517 ns, Total: 320391 ns
[2025-08-19T17:52:17.735+0000][66][info ][safepoint   ] Safepoint "Cleanup", Time since last: 22013927873 ns, Reaching safepoint: 61095 ns, Cleanup: 16232 ns, At safepoint: 16267 ns, Total: 93594 ns
[2025-08-19T17:54:38.383+0000][66][info ][safepoint   ] Safepoint "Cleanup", Time since last: 140756887907 ns, Reaching safepoint: 377598 ns, Cleanup: 15928 ns, At safepoint: 27843 ns, Total: 421369 ns
[2025-08-19T17:55:25.368+0000][66][info ][safepoint   ] Safepoint "Cleanup", Time since last: 47029414095 ns, Reaching safepoint: 61637 ns, Cleanup: 20493 ns, At safepoint: 13584 ns, Total: 95714 ns
[2025-08-19T17:56:08.373+0000][66][info ][safepoint   ] Safepoint "Cleanup", Time since last: 43026922003 ns, Reaching safepoint: 235818 ns, Cleanup: 20348 ns, At safepoint: 15670 ns, Total: 271836 ns
[2025-08-19T17:56:38.373+0000][66][info ][safepoint   ] Safepoint "Cleanup", Time since last: 30021044909 ns, Reaching safepoint: 46800 ns, Cleanup: 17524 ns, At safepoint: 35738 ns, Total: 100062 ns
[2025-08-19T17:57:47.431+0000][66][info ][safepoint   ] Safepoint "Cleanup", Time since last: 69101841857 ns, Reaching safepoint: 21247 ns, Cleanup: 17495 ns, At safepoint: 13407 ns, Total: 52149 ns
[2025-08-19T17:58:28.686+0000][66][info ][safepoint   ] Safepoint "Cleanup", Time since last: 41299305465 ns, Reaching safepoint: 185615 ns, Cleanup: 15703 ns, At safepoint: 212084 ns, Total: 413402 ns
[2025-08-19T17:58:54.621+0000][66][info ][gc,start    ] GC(43) Pause Young (Concurrent Start) (G1 Evacuation Pause)
[2025-08-19T17:58:54.625+0000][66][info ][gc,task     ] GC(43) Using 2 workers of 2 for evacuation
[2025-08-19T17:58:54.632+0000][66][debug][gc,age      ] GC(43) Desired survivor size 20971520 bytes, new threshold 15 (max threshold 15)
[2025-08-19T17:58:54.729+0000][66][info ][gc,phases   ] GC(43)   Pre Evacuate Collection Set: 3.37ms
[2025-08-19T17:58:54.730+0000][66][info ][gc,phases   ] GC(43)   Merge Heap Roots: 0.78ms
[2025-08-19T17:58:54.731+0000][66][info ][gc,phases   ] GC(43)   Evacuate Collection Set: 80.25ms
[2025-08-19T17:58:54.733+0000][66][info ][gc,phases   ] GC(43)   Post Evacuate Collection Set: 8.94ms
[2025-08-19T17:58:54.734+0000][66][info ][gc,phases   ] GC(43)   Other: 10.59ms
[2025-08-19T17:58:54.734+0000][66][trace][gc,age      ] GC(43) Age table with threshold 15 (max threshold 15)
[2025-08-19T17:58:54.737+0000][66][trace][gc,age      ] GC(43) - age   1:    1279632 bytes,    1279632 total
[2025-08-19T17:58:54.738+0000][66][trace][gc,age      ] GC(43) - age   2:      43936 bytes,    1323568 total
[2025-08-19T17:58:54.739+0000][66][trace][gc,age      ] GC(43) - age   3:    1797624 bytes,    3121192 total
[2025-08-19T17:58:54.740+0000][66][trace][gc,age      ] GC(43) - age   4:       6872 bytes,    3128064 total
[2025-08-19T17:58:54.740+0000][66][trace][gc,age      ] GC(43) - age   5:      15352 bytes,    3143416 total
[2025-08-19T17:58:54.741+0000][66][trace][gc,age      ] GC(43) - age   6:      30512 bytes,    3173928 total
[2025-08-19T17:58:54.743+0000][66][trace][gc,age      ] GC(43) - age   7:      26896 bytes,    3200824 total
[2025-08-19T17:58:54.744+0000][66][trace][gc,age      ] GC(43) - age   8:      42248 bytes,    3243072 total
[2025-08-19T17:58:54.745+0000][66][trace][gc,age      ] GC(43) - age   9:      64904 bytes,    3307976 total
[2025-08-19T17:58:54.747+0000][66][trace][gc,age      ] GC(43) - age  10:     145200 bytes,    3453176 total
[2025-08-19T17:58:54.748+0000][66][trace][gc,age      ] GC(43) - age  11:     739432 bytes,    4192608 total
[2025-08-19T17:58:54.748+0000][66][trace][gc,age      ] GC(43) - age  12:    3032416 bytes,    7225024 total
[2025-08-19T17:58:54.749+0000][66][info ][gc,heap     ] GC(43) Eden regions: 74->0(74)
[2025-08-19T17:58:54.750+0000][66][info ][gc,heap     ] GC(43) Survivor regions: 2->2(10)
[2025-08-19T17:58:54.751+0000][66][info ][gc,heap     ] GC(43) Old regions: 19->19
[2025-08-19T17:58:54.752+0000][66][info ][gc,heap     ] GC(43) Humongous regions: 0->0
[2025-08-19T17:58:54.753+0000][66][info ][gc,metaspace] GC(43) Metaspace: 141361K(145344K)->141361K(145344K) NonClass: 122069K(123776K)->122069K(123776K) Class: 19292K(21568K)->19292K(21568K)
[2025-08-19T17:58:54.754+0000][66][info ][gc          ] GC(43) Pause Young (Concurrent Start) (G1 Evacuation Pause) 377M->81M(512M) 132.225ms
[2025-08-19T17:58:54.755+0000][66][info ][gc,cpu      ] GC(43) User=0.18s Sys=0.00s Real=0.13s
[2025-08-19T17:58:54.755+0000][66][info ][gc          ] GC(44) Concurrent Mark Cycle
[2025-08-19T17:58:54.761+0000][66][info ][gc,marking  ] GC(44) Concurrent Scan Root Regions
[2025-08-19T17:58:54.756+0000][66][info ][safepoint   ] Safepoint "G1CollectForAllocation", Time since last: 25957649739 ns, Reaching safepoint: 324807 ns, Cleanup: 7298 ns, At safepoint: 134586962 ns, Total: 134919067 ns
[2025-08-19T17:58:54.848+0000][66][info ][gc,marking  ] GC(44) Concurrent Scan Root Regions 87.345ms
[2025-08-19T17:58:54.849+0000][66][info ][gc,marking  ] GC(44) Concurrent Mark
[2025-08-19T17:58:54.851+0000][66][info ][gc,marking  ] GC(44) Concurrent Mark From Roots
[2025-08-19T17:58:54.856+0000][66][info ][gc,task     ] GC(44) Using 1 workers of 1 for marking
[2025-08-19T17:58:55.412+0000][66][info ][gc,marking  ] GC(44) Concurrent Mark From Roots 561.595ms
[2025-08-19T17:58:55.414+0000][66][info ][gc,marking  ] GC(44) Concurrent Preclean
[2025-08-19T17:58:55.415+0000][66][info ][gc,marking  ] GC(44) Concurrent Preclean 1.663ms
[2025-08-19T17:58:55.417+0000][66][info ][gc,start    ] GC(44) Pause Remark
[2025-08-19T17:58:55.667+0000][66][info ][gc,mmu      ] GC(44) MMU target violated: 201.0ms (200.0ms/201.0ms)
[2025-08-19T17:58:55.668+0000][66][info ][gc          ] GC(44) Pause Remark 90M->90M(512M) 251.861ms
[2025-08-19T17:58:55.669+0000][66][info ][gc,cpu      ] GC(44) User=0.40s Sys=0.02s Real=0.26s
[2025-08-19T17:58:55.671+0000][66][info ][safepoint   ] Safepoint "G1PauseRemark", Time since last: 660542398 ns, Reaching safepoint: 25419 ns, Cleanup: 6207 ns, At safepoint: 254224602 ns, Total: 254256228 ns
[2025-08-19T17:58:55.672+0000][66][info ][gc,marking  ] GC(44) Concurrent Mark 822.585ms
[2025-08-19T17:58:55.673+0000][66][info ][gc,marking  ] GC(44) Concurrent Rebuild Remembered Sets and Scrub Regions
[2025-08-19T17:58:55.784+0000][66][info ][gc,marking  ] GC(44) Concurrent Rebuild Remembered Sets and Scrub Regions 111.342ms
[2025-08-19T17:58:55.786+0000][66][info ][gc,start    ] GC(44) Pause Cleanup
[2025-08-19T17:58:55.787+0000][66][info ][gc          ] GC(44) Pause Cleanup 90M->90M(512M) 1.325ms
[2025-08-19T17:58:55.788+0000][66][info ][gc,cpu      ] GC(44) User=0.00s Sys=0.00s Real=0.01s
[2025-08-19T17:58:55.789+0000][66][info ][safepoint   ] Safepoint "G1PauseCleanup", Time since last: 114519709 ns, Reaching safepoint: 22652 ns, Cleanup: 126203 ns, At safepoint: 3145922 ns, Total: 3294777 ns
[2025-08-19T17:58:55.790+0000][66][info ][gc,marking  ] GC(44) Concurrent Clear Claimed Marks
[2025-08-19T17:58:55.793+0000][66][info ][gc,marking  ] GC(44) Concurrent Clear Claimed Marks 3.115ms
[2025-08-19T17:58:55.794+0000][66][info ][gc,marking  ] GC(44) Concurrent Cleanup for Next Mark
[2025-08-19T17:58:55.818+0000][66][info ][gc,marking  ] GC(44) Concurrent Cleanup for Next Mark 23.987ms
[2025-08-19T17:58:55.820+0000][66][info ][gc          ] GC(44) Concurrent Mark Cycle 1065.157ms
[2025-08-19T17:59:17.802+0000][66][info ][safepoint   ] Safepoint "Cleanup", Time since last: 22012964466 ns, Reaching safepoint: 70747 ns, Cleanup: 18220 ns, At safepoint: 26281 ns, Total: 115248 ns
[2025-08-19T17:59:55.193+0000][66][info ][safepoint   ] Safepoint "Cleanup", Time since last: 37434118710 ns, Reaching safepoint: 53525 ns, Cleanup: 14484 ns, At safepoint: 13330 ns, Total: 81339 ns
[2025-08-19T18:00:05.200+0000][66][info ][safepoint   ] Safepoint "Cleanup", Time since last: 10007087444 ns, Reaching safepoint: 95478 ns, Cleanup: 229587 ns, At safepoint: 60955 ns, Total: 386020 ns
[2025-08-19T18:00:18.209+0000][66][info ][safepoint   ] Safepoint "Cleanup", Time since last: 13009049573 ns, Reaching safepoint: 32522 ns, Cleanup: 16257 ns, At safepoint: 18052 ns, Total: 66831 ns
[2025-08-19T18:00:41.241+0000][66][info ][safepoint   ] Safepoint "Cleanup", Time since last: 23052715962 ns, Reaching safepoint: 103862 ns, Cleanup: 19816 ns, At safepoint: 17729 ns, Total: 141407 ns
[2025-08-19T18:01:05.237+0000][66][info ][safepoint   ] Safepoint "Cleanup", Time since last: 24019424591 ns, Reaching safepoint: 64699 ns, Cleanup: 16840 ns, At safepoint: 28151 ns, Total: 109690 ns
[2025-08-19T18:01:15.247+0000][66][info ][safepoint   ] Safepoint "Cleanup", Time since last: 10009967743 ns, Reaching safepoint: 35893 ns, Cleanup: 28242 ns, At safepoint: 19890 ns, Total: 84025 ns
[2025-08-19T18:01:28.235+0000][66][info ][safepoint   ] Safepoint "Cleanup", Time since last: 13010653999 ns, Reaching safepoint: 34813 ns, Cleanup: 21785 ns, At safepoint: 39288 ns, Total: 95886 ns
[2025-08-19T18:02:15.249+0000][66][info ][safepoint   ] Safepoint "Cleanup", Time since last: 47034809933 ns, Reaching safepoint: 70270 ns, Cleanup: 18259 ns, At safepoint: 19418 ns, Total: 107947 ns
[2025-08-19T18:02:17.313+0000][66][info ][safepoint   ] Safepoint "Cleanup", Time since last: 2064584187 ns, Reaching safepoint: 32998 ns, Cleanup: 18974 ns, At safepoint: 59411 ns, Total: 111383 ns
[2025-08-19T18:03:35.306+0000][66][info ][safepoint   ] Safepoint "Cleanup", Time since last: 78058162958 ns, Reaching safepoint: 58874 ns, Cleanup: 16099 ns, At safepoint: 14190 ns, Total: 89163 ns
[2025-08-19T18:03:42.339+0000][66][info ][safepoint   ] Safepoint "Cleanup", Time since last: 7033718343 ns, Reaching safepoint: 25707 ns, Cleanup: 16510 ns, At safepoint: 16733 ns, Total: 58950 ns
[2025-08-19T18:04:47.613+0000][66][info ][safepoint   ] Safepoint "Cleanup", Time since last: 65318549563 ns, Reaching safepoint: 71723 ns, Cleanup: 19073 ns, At safepoint: 21565 ns, Total: 112361 ns
[2025-08-19T18:04:57.602+0000][66][info ][safepoint   ] Safepoint "Cleanup", Time since last: 10010975423 ns, Reaching safepoint: 59155 ns, Cleanup: 15686 ns, At safepoint: 17490 ns, Total: 92331 ns
[2025-08-19T18:05:47.974+0000][66][info ][safepoint   ] Safepoint "Cleanup", Time since last: 50393396041 ns, Reaching safepoint: 25854 ns, Cleanup: 14623 ns, At safepoint: 14424 ns, Total: 54901 ns
[2025-08-19T18:05:54.961+0000][66][info ][safepoint   ] Safepoint "Cleanup", Time since last: 7009429477 ns, Reaching safepoint: 21376 ns, Cleanup: 15486 ns, At safepoint: 12703 ns, Total: 49565 ns
[2025-08-19T18:07:15.149+0000][66][info ][safepoint   ] Safepoint "Cleanup", Time since last: 80231353012 ns, Reaching safepoint: 44871 ns, Cleanup: 22959 ns, At safepoint: 25988 ns, Total: 93818 ns
[2025-08-19T18:07:17.153+0000][66][info ][safepoint   ] Safepoint "Cleanup", Time since last: 2004138033 ns, Reaching safepoint: 25293 ns, Cleanup: 17607 ns, At safepoint: 16494 ns, Total: 59394 ns
[2025-08-19T18:09:15.029+0000][66][info ][safepoint   ] Safepoint "Cleanup", Time since last: 117965153653 ns, Reaching safepoint: 65043 ns, Cleanup: 16353 ns, At safepoint: 24098 ns, Total: 105494 ns
[2025-08-19T18:09:51.364+0000][66][info ][safepoint   ] Safepoint "Cleanup", Time since last: 36359690582 ns, Reaching safepoint: 25267 ns, Cleanup: 19503 ns, At safepoint: 9698 ns, Total: 54468 ns
[2025-08-19T18:12:55.361+0000][66][info ][safepoint   ] Safepoint "Cleanup", Time since last: 184156211510 ns, Reaching safepoint: 26456 ns, Cleanup: 16361 ns, At safepoint: 53399 ns, Total: 96216 ns
[2025-08-19T18:14:44.553+0000][66][info ][safepoint   ] Safepoint "Cleanup", Time since last: 109517661396 ns, Reaching safepoint: 50353 ns, Cleanup: 18135 ns, At safepoint: 70394 ns, Total: 138882 ns
[2025-08-19T18:14:51.235+0000][66][info ][safepoint   ] Safepoint "Cleanup", Time since last: 6681359220 ns, Reaching safepoint: 135305 ns, Cleanup: 70870 ns, At safepoint: 52273 ns, Total: 258448 ns
[2025-08-19T18:15:05.347+0000][66][info ][safepoint   ] Safepoint "Cleanup", Time since last: 13725134725 ns, Reaching safepoint: 213795720 ns, Cleanup: 20736 ns, At safepoint: 187931 ns, Total: 214004387 ns
[2025-08-19T18:17:02.593+0000][66][info ][safepoint   ] Safepoint "Cleanup", Time since last: 117269434703 ns, Reaching safepoint: 63677 ns, Cleanup: 15925 ns, At safepoint: 11297 ns, Total: 90899 ns
[2025-08-19T18:17:14.606+0000][66][info ][safepoint   ] Safepoint "Cleanup", Time since last: 12012790617 ns, Reaching safepoint: 22549 ns, Cleanup: 16564 ns, At safepoint: 13641 ns, Total: 52754 ns
[2025-08-19T18:17:29.614+0000][66][info ][safepoint   ] Safepoint "Cleanup", Time since last: 15008768250 ns, Reaching safepoint: 53353 ns, Cleanup: 49617 ns, At safepoint: 24617 ns, Total: 127587 ns
[2025-08-19T18:17:59.612+0000][66][info ][safepoint   ] Safepoint "Cleanup", Time since last: 30019136834 ns, Reaching safepoint: 76719 ns, Cleanup: 19962 ns, At safepoint: 25575 ns, Total: 122256 ns
[2025-08-19T18:19:34.677+0000][66][info ][safepoint   ] Safepoint "Cleanup", Time since last: 95194151574 ns, Reaching safepoint: 85828 ns, Cleanup: 16965 ns, At safepoint: 9967 ns, Total: 112760 ns
[2025-08-19T18:20:45.092+0000][66][info ][safepoint   ] Safepoint "Cleanup", Time since last: 70419613224 ns, Reaching safepoint: 72434 ns, Cleanup: 17715 ns, At safepoint: 27254 ns, Total: 117403 ns
[2025-08-19T18:21:03.949+0000][66][info ][safepoint   ] Safepoint "Cleanup", Time since last: 17942179496 ns, Reaching safepoint: 979651581 ns, Cleanup: 15549 ns, At safepoint: 21814885 ns, Total: 1001482015 ns
[2025-08-19T18:22:05.170+0000][66][info ][safepoint   ] Safepoint "Cleanup", Time since last: 61391530654 ns, Reaching safepoint: 67410 ns, Cleanup: 17890 ns, At safepoint: 15199 ns, Total: 100499 ns
[2025-08-19T18:22:14.236+0000][66][info ][safepoint   ] Safepoint "Cleanup", Time since last: 9065967322 ns, Reaching safepoint: 35236 ns, Cleanup: 20878 ns, At safepoint: 28873 ns, Total: 84987 ns
[2025-08-19T18:23:47.485+0000][66][info ][safepoint   ] Safepoint "Cleanup", Time since last: 93125965890 ns, Reaching safepoint: 32604 ns, Cleanup: 16115 ns, At safepoint: 11090 ns, Total: 59809 ns
[2025-08-19T18:24:48.483+0000][66][info ][safepoint   ] Safepoint "Cleanup", Time since last: 61040938363 ns, Reaching safepoint: 20950 ns, Cleanup: 14219 ns, At safepoint: 59707 ns, Total: 94876 ns
[2025-08-19T18:25:34.484+0000][66][info ][safepoint   ] Safepoint "Cleanup", Time since last: 46023028306 ns, Reaching safepoint: 86140 ns, Cleanup: 16978 ns, At safepoint: 18697 ns, Total: 121815 ns
[2025-08-19T18:27:54.043+0000][66][info ][gc,start    ] GC(45) Pause Young (Prepare Mixed) (G1 Evacuation Pause)
[2025-08-19T18:27:54.045+0000][66][info ][gc,task     ] GC(45) Using 2 workers of 2 for evacuation
[2025-08-19T18:27:54.046+0000][66][debug][gc,age      ] GC(45) Desired survivor size 20971520 bytes, new threshold 15 (max threshold 15)
[2025-08-19T18:27:54.075+0000][66][info ][gc,phases   ] GC(45)   Pre Evacuate Collection Set: 0.77ms
[2025-08-19T18:27:54.076+0000][66][info ][gc,phases   ] GC(45)   Merge Heap Roots: 0.32ms
[2025-08-19T18:27:54.077+0000][66][info ][gc,phases   ] GC(45)   Evacuate Collection Set: 24.59ms
[2025-08-19T18:27:54.078+0000][66][info ][gc,phases   ] GC(45)   Post Evacuate Collection Set: 2.56ms
[2025-08-19T18:27:54.079+0000][66][info ][gc,phases   ] GC(45)   Other: 2.06ms
[2025-08-19T18:27:54.080+0000][66][trace][gc,age      ] GC(45) Age table with threshold 15 (max threshold 15)
[2025-08-19T18:27:54.083+0000][66][trace][gc,age      ] GC(45) - age   1:     873736 bytes,     873736 total
[2025-08-19T18:27:54.084+0000][66][trace][gc,age      ] GC(45) - age   2:      62136 bytes,     935872 total
[2025-08-19T18:27:54.086+0000][66][trace][gc,age      ] GC(45) - age   3:      35488 bytes,     971360 total
[2025-08-19T18:27:54.087+0000][66][trace][gc,age      ] GC(45) - age   4:    1791760 bytes,    2763120 total
[2025-08-19T18:27:54.089+0000][66][trace][gc,age      ] GC(45) - age   5:       6728 bytes,    2769848 total
[2025-08-19T18:27:54.090+0000][66][trace][gc,age      ] GC(45) - age   6:      15352 bytes,    2785200 total
[2025-08-19T18:27:54.092+0000][66][trace][gc,age      ] GC(45) - age   7:      22376 bytes,    2807576 total
[2025-08-19T18:27:54.093+0000][66][trace][gc,age      ] GC(45) - age   8:      26896 bytes,    2834472 total
[2025-08-19T18:27:54.094+0000][66][trace][gc,age      ] GC(45) - age   9:      42168 bytes,    2876640 total
[2025-08-19T18:27:54.095+0000][66][trace][gc,age      ] GC(45) - age  10:      58568 bytes,    2935208 total
[2025-08-19T18:27:54.097+0000][66][trace][gc,age      ] GC(45) - age  11:     144912 bytes,    3080120 total
[2025-08-19T18:27:54.097+0000][66][trace][gc,age      ] GC(45) - age  12:     733928 bytes,    3814048 total
[2025-08-19T18:27:54.098+0000][66][trace][gc,age      ] GC(45) - age  13:    3004648 bytes,    6818696 total
[2025-08-19T18:27:54.099+0000][66][info ][gc,heap     ] GC(45) Eden regions: 74->0(74)
[2025-08-19T18:27:54.100+0000][66][info ][gc,heap     ] GC(45) Survivor regions: 2->2(10)
[2025-08-19T18:27:54.100+0000][66][info ][gc,heap     ] GC(45) Old regions: 19->19
[2025-08-19T18:27:54.101+0000][66][info ][gc,heap     ] GC(45) Humongous regions: 0->0
[2025-08-19T18:27:54.102+0000][66][info ][gc,metaspace] GC(45) Metaspace: 141641K(145536K)->141641K(145536K) NonClass: 122348K(123968K)->122348K(123968K) Class: 19292K(21568K)->19292K(21568K)
[2025-08-19T18:27:54.102+0000][66][info ][gc          ] GC(45) Pause Young (Prepare Mixed) (G1 Evacuation Pause) 377M->81M(512M) 59.389ms
[2025-08-19T18:27:54.105+0000][66][info ][gc,cpu      ] GC(45) User=0.06s Sys=0.00s Real=0.06s
[2025-08-19T18:27:54.106+0000][66][info ][safepoint   ] Safepoint "G1CollectForAllocation", Time since last: 139669788079 ns, Reaching safepoint: 15886 ns, Cleanup: 6323 ns, At safepoint: 63402431 ns, Total: 63424640 ns
[2025-08-19T18:30:14.346+0000][66][info ][safepoint   ] Safepoint "Cleanup", Time since last: 140348927192 ns, Reaching safepoint: 84907 ns, Cleanup: 19112 ns, At safepoint: 26344 ns, Total: 130363 ns
[2025-08-19T18:32:24.867+0000][66][info ][safepoint   ] Safepoint "Cleanup", Time since last: 130609480046 ns, Reaching safepoint: 243001 ns, Cleanup: 13144 ns, At safepoint: 48266 ns, Total: 304411 ns
[2025-08-19T18:34:14.892+0000][66][info ][safepoint   ] Safepoint "Cleanup", Time since last: 110113310652 ns, Reaching safepoint: 66064 ns, Cleanup: 17838 ns, At safepoint: 17349 ns, Total: 101251 ns
[2025-08-19T18:37:13.001+0000][66][info ][safepoint   ] Safepoint "Cleanup", Time since last: 178240854624 ns, Reaching safepoint: 29118 ns, Cleanup: 20319 ns, At safepoint: 14500 ns, Total: 63937 ns
[2025-08-19T18:39:57.254+0000][66][info ][safepoint   ] Safepoint "Cleanup", Time since last: 164364137902 ns, Reaching safepoint: 434655 ns, Cleanup: 74452 ns, At safepoint: 79042 ns, Total: 588149 ns
[2025-08-19T18:40:28.323+0000][66][info ][safepoint   ] Safepoint "Cleanup", Time since last: 31089270053 ns, Reaching safepoint: 89812 ns, Cleanup: 582286 ns, At safepoint: 38695 ns, Total: 710793 ns
[2025-08-19T18:42:01.247+0000][66][info ][safepoint   ] Safepoint "Cleanup", Time since last: 92991929808 ns, Reaching safepoint: 40742 ns, Cleanup: 27221 ns, At safepoint: 36292 ns, Total: 104255 ns
[2025-08-19T18:44:09.279+0000][66][info ][safepoint   ] Safepoint "Cleanup", Time since last: 128142889786 ns, Reaching safepoint: 45198 ns, Cleanup: 27142 ns, At safepoint: 29715 ns, Total: 102055 ns
[2025-08-19T18:46:14.530+0000][66][info ][safepoint   ] Safepoint "Cleanup", Time since last: 125338513435 ns, Reaching safepoint: 116120 ns, Cleanup: 91401 ns, At safepoint: 46659 ns, Total: 254180 ns
[2025-08-19T18:48:35.360+0000][66][info ][safepoint   ] Safepoint "Cleanup", Time since last: 141000797274 ns, Reaching safepoint: 1433562 ns, Cleanup: 29859 ns, At safepoint: 32912 ns, Total: 1496333 ns
[2025-08-19T18:54:08.337+0000][66][info ][safepoint   ] Safepoint "Cleanup", Time since last: 180117824108 ns, Reaching safepoint: 2083500 ns, Cleanup: 148100 ns, At safepoint: 105000 ns, Total: 2336600 ns
[2025-08-19T18:54:35.231+0000][66][info ][safepoint   ] Safepoint "Cleanup", Time since last: 25907307600 ns, Reaching safepoint: 28900 ns, Cleanup: 24700 ns, At safepoint: 55500 ns, Total: 109100 ns
[2025-08-19T18:55:08.577+0000][66][info ][safepoint   ] Safepoint "Cleanup", Time since last: 33056333700 ns, Reaching safepoint: 363291700 ns, Cleanup: 29100 ns, At safepoint: 115300 ns, Total: 363436100 ns
[2025-08-19T18:56:54.693+0000][66][info ][safepoint   ] Safepoint "Cleanup", Time since last: 106183157500 ns, Reaching safepoint: 88300 ns, Cleanup: 30500 ns, At safepoint: 52400 ns, Total: 171200 ns
[2025-08-19T18:57:24.682+0000][66][info ][safepoint   ] Safepoint "Cleanup", Time since last: 30024450500 ns, Reaching safepoint: 82300 ns, Cleanup: 39300 ns, At safepoint: 57400 ns, Total: 179000 ns
[2025-08-19T18:58:18.649+0000][66][info ][safepoint   ] Safepoint "Cleanup", Time since last: 54036845100 ns, Reaching safepoint: 81200 ns, Cleanup: 23600 ns, At safepoint: 67100 ns, Total: 171900 ns
[2025-08-19T18:58:24.654+0000][66][info ][safepoint   ] Safepoint "Cleanup", Time since last: 6005577800 ns, Reaching safepoint: 24500 ns, Cleanup: 23200 ns, At safepoint: 37800 ns, Total: 85500 ns
[2025-08-19T19:00:06.878+0000][66][info ][safepoint   ] Safepoint "Cleanup", Time since last: 102362122400 ns, Reaching safepoint: 561200 ns, Cleanup: 31900 ns, At safepoint: 69500 ns, Total: 662600 ns
[2025-08-19T19:01:15.993+0000][66][info ][gc,start    ] GC(46) Pause Young (Mixed) (G1 Evacuation Pause)
[2025-08-19T19:01:15.996+0000][66][info ][gc,task     ] GC(46) Using 2 workers of 2 for evacuation
[2025-08-19T19:01:15.998+0000][66][debug][gc,age      ] GC(46) Desired survivor size 20971520 bytes, new threshold 15 (max threshold 15)
[2025-08-19T19:01:16.271+0000][66][info ][gc,mmu      ] GC(46) MMU target violated: 201.0ms (200.0ms/201.0ms)
[2025-08-19T19:01:16.273+0000][66][info ][gc,phases   ] GC(46)   Pre Evacuate Collection Set: 2.77ms
[2025-08-19T19:01:16.274+0000][66][info ][gc,phases   ] GC(46)   Merge Heap Roots: 1.65ms
[2025-08-19T19:01:16.276+0000][66][info ][gc,phases   ] GC(46)   Evacuate Collection Set: 245.22ms
[2025-08-19T19:01:16.277+0000][66][info ][gc,phases   ] GC(46)   Post Evacuate Collection Set: 21.18ms
[2025-08-19T19:01:16.278+0000][66][info ][gc,phases   ] GC(46)   Other: 6.39ms
[2025-08-19T19:01:16.280+0000][66][trace][gc,age      ] GC(46) Age table with threshold 15 (max threshold 15)
[2025-08-19T19:01:16.281+0000][66][trace][gc,age      ] GC(46) - age   1:    1542784 bytes,    1542784 total
[2025-08-19T19:01:16.282+0000][66][trace][gc,age      ] GC(46) - age   2:      77864 bytes,    1620648 total
[2025-08-19T19:01:16.284+0000][66][trace][gc,age      ] GC(46) - age   3:      29144 bytes,    1649792 total
[2025-08-19T19:01:16.285+0000][66][trace][gc,age      ] GC(46) - age   4:      26752 bytes,    1676544 total
[2025-08-19T19:01:16.287+0000][66][trace][gc,age      ] GC(46) - age   5:    1575424 bytes,    3251968 total
[2025-08-19T19:01:16.288+0000][66][trace][gc,age      ] GC(46) - age   6:       6728 bytes,    3258696 total
[2025-08-19T19:01:16.290+0000][66][trace][gc,age      ] GC(46) - age   7:      11048 bytes,    3269744 total
[2025-08-19T19:01:16.291+0000][66][trace][gc,age      ] GC(46) - age   8:      22336 bytes,    3292080 total
[2025-08-19T19:01:16.292+0000][66][trace][gc,age      ] GC(46) - age   9:      18288 bytes,    3310368 total
[2025-08-19T19:01:16.294+0000][66][trace][gc,age      ] GC(46) - age  10:      42168 bytes,    3352536 total
[2025-08-19T19:01:16.295+0000][66][trace][gc,age      ] GC(46) - age  11:      58568 bytes,    3411104 total
[2025-08-19T19:01:16.297+0000][66][trace][gc,age      ] GC(46) - age  12:     121464 bytes,    3532568 total
[2025-08-19T19:01:16.298+0000][66][trace][gc,age      ] GC(46) - age  13:     722320 bytes,    4254888 total
[2025-08-19T19:01:16.300+0000][66][trace][gc,age      ] GC(46) - age  14:    2983368 bytes,    7238256 total
[2025-08-19T19:01:16.301+0000][66][info ][gc,heap     ] GC(46) Eden regions: 74->0(74)
[2025-08-19T19:01:16.303+0000][66][info ][gc,heap     ] GC(46) Survivor regions: 2->2(10)
[2025-08-19T19:01:16.304+0000][66][info ][gc,heap     ] GC(46) Old regions: 19->19
[2025-08-19T19:01:16.306+0000][66][info ][gc,heap     ] GC(46) Humongous regions: 0->0
[2025-08-19T19:01:16.307+0000][66][info ][gc,metaspace] GC(46) Metaspace: 141671K(145536K)->141671K(145536K) NonClass: 122377K(123968K)->122377K(123968K) Class: 19293K(21568K)->19293K(21568K)
[2025-08-19T19:01:16.310+0000][66][info ][gc          ] GC(46) Pause Young (Mixed) (G1 Evacuation Pause) 377M->80M(512M) 316.851ms
[2025-08-19T19:01:16.312+0000][66][info ][gc,cpu      ] GC(46) User=0.51s Sys=0.00s Real=0.32s
[2025-08-19T19:01:16.320+0000][66][info ][safepoint   ] Safepoint "G1CollectForAllocation", Time since last: 69186954900 ns, Reaching safepoint: 65400 ns, Cleanup: 16700 ns, At safepoint: 326266900 ns, Total: 326349000 ns
[2025-08-19T19:01:17.323+0000][66][info ][safepoint   ] Safepoint "Cleanup", Time since last: 1003201200 ns, Reaching safepoint: 247700 ns, Cleanup: 40300 ns, At safepoint: 225000 ns, Total: 513000 ns
[2025-08-19T19:02:26.304+0000][66][info ][safepoint   ] Safepoint "Cleanup", Time since last: 69050456900 ns, Reaching safepoint: 72300 ns, Cleanup: 28700 ns, At safepoint: 135000 ns, Total: 236000 ns
[2025-08-19T19:03:36.350+0000][66][info ][safepoint   ] Safepoint "Cleanup", Time since last: 70152107200 ns, Reaching safepoint: 140700 ns, Cleanup: 32700 ns, At safepoint: 46800 ns, Total: 220200 ns
[2025-08-19T19:05:42.712+0000][66][info ][safepoint   ] Safepoint "Cleanup", Time since last: 126498116900 ns, Reaching safepoint: 3926700 ns, Cleanup: 170900 ns, At safepoint: 200800 ns, Total: 4298400 ns
[2025-08-19T19:08:13.755+0000][66][info ][safepoint   ] Safepoint "Cleanup", Time since last: 151218413800 ns, Reaching safepoint: 97400 ns, Cleanup: 124500 ns, At safepoint: 55500 ns, Total: 277400 ns
[2025-08-19T19:08:43.858+0000][66][info ][safepoint   ] Safepoint "Cleanup", Time since last: 30136583400 ns, Reaching safepoint: 88300 ns, Cleanup: 29400 ns, At safepoint: 1166000 ns, Total: 1283700 ns
[2025-08-19T19:13:19.098+0000][66][info ][safepoint   ] Safepoint "Cleanup", Time since last: 275556666600 ns, Reaching safepoint: 29400 ns, Cleanup: 23700 ns, At safepoint: 77800 ns, Total: 130900 ns
[2025-08-19T19:15:19.072+0000][66][info ][safepoint   ] Safepoint "Cleanup", Time since last: 120115098100 ns, Reaching safepoint: 161000 ns, Cleanup: 24200 ns, At safepoint: 37500 ns, Total: 222700 ns
[2025-08-19T20:19:23.439+0000][66][info ][safepoint   ] Safepoint "Cleanup", Time since last: 70509839900 ns, Reaching safepoint: 732395500 ns, Cleanup: 79200 ns, At safepoint: 142100 ns, Total: 732616800 ns
[2025-08-19T20:19:25.483+0000][66][info ][safepoint   ] Safepoint "Cleanup", Time since last: 2043524400 ns, Reaching safepoint: 673400 ns, Cleanup: 76400 ns, At safepoint: 84500 ns, Total: 834300 ns
[2025-08-19T20:20:33.180+0000][66][info ][safepoint   ] Safepoint "Cleanup", Time since last: 67197087200 ns, Reaching safepoint: 6302100 ns, Cleanup: 27400 ns, At safepoint: 61600 ns, Total: 6391100 ns
[2025-08-19T23:45:36.432+0000][66][info ][safepoint   ] Safepoint "Cleanup", Time since last: 492932539400 ns, Reaching safepoint: 352800 ns, Cleanup: 143000 ns, At safepoint: 68400 ns, Total: 564200 ns
[2025-08-19T23:46:49.377+0000][66][info ][safepoint   ] Safepoint "Cleanup", Time since last: 72914869200 ns, Reaching safepoint: 551987600 ns, Cleanup: 36500 ns, At safepoint: 219300 ns, Total: 552243400 ns
[2025-08-19T23:46:50.937+0000][66][info ][safepoint   ] Safepoint "Cleanup", Time since last: 1559195200 ns, Reaching safepoint: 137800 ns, Cleanup: 24200 ns, At safepoint: 145000 ns, Total: 307000 ns
[2025-08-19T23:47:52.481+0000][66][info ][safepoint   ] Safepoint "Cleanup", Time since last: 61333823900 ns, Reaching safepoint: 29300 ns, Cleanup: 37900 ns, At safepoint: 37700 ns, Total: 104900 ns
[2025-08-19T23:48:01.769+0000][66][info ][safepoint   ] Safepoint "Cleanup", Time since last: 9034905900 ns, Reaching safepoint: 117279000 ns, Cleanup: 112000 ns, At safepoint: 136114900 ns, Total: 253505900 ns
[2025-08-19T23:48:06.315+0000][66][info ][safepoint   ] Safepoint "Cleanup", Time since last: 4660962300 ns, Reaching safepoint: 139993100 ns, Cleanup: 22700 ns, At safepoint: 73400 ns, Total: 140089200 ns
[2025-08-19T23:50:49.623+0000][66][info ][safepoint   ] Safepoint "Cleanup", Time since last: 163263941500 ns, Reaching safepoint: 38900 ns, Cleanup: 28200 ns, At safepoint: 151600 ns, Total: 218700 ns
[2025-08-19T23:52:27.602+0000][66][info ][safepoint   ] Safepoint "Cleanup", Time since last: 98084139200 ns, Reaching safepoint: 67900 ns, Cleanup: 23200 ns, At safepoint: 36800 ns, Total: 127900 ns
[2025-08-19T23:52:45.671+0000][66][info ][gc,start    ] GC(47) Pause Young (Concurrent Start) (G1 Evacuation Pause)
[2025-08-19T23:52:45.675+0000][66][info ][gc,task     ] GC(47) Using 2 workers of 2 for evacuation
[2025-08-19T23:52:45.676+0000][66][debug][gc,age      ] GC(47) Desired survivor size 20971520 bytes, new threshold 15 (max threshold 15)
[2025-08-19T23:52:46.023+0000][66][info ][gc,mmu      ] GC(47) MMU target violated: 201.0ms (200.0ms/201.0ms)
[2025-08-19T23:52:46.032+0000][66][info ][gc,phases   ] GC(47)   Pre Evacuate Collection Set: 3.68ms
[2025-08-19T23:52:46.035+0000][66][info ][gc,phases   ] GC(47)   Merge Heap Roots: 0.77ms
[2025-08-19T23:52:46.038+0000][66][info ][gc,phases   ] GC(47)   Evacuate Collection Set: 295.28ms
[2025-08-19T23:52:46.042+0000][66][info ][gc,phases   ] GC(47)   Post Evacuate Collection Set: 42.02ms
[2025-08-19T23:52:46.047+0000][66][info ][gc,phases   ] GC(47)   Other: 15.22ms
[2025-08-19T23:52:46.049+0000][66][trace][gc,age      ] GC(47) Age table with threshold 15 (max threshold 15)
[2025-08-19T23:52:46.052+0000][66][trace][gc,age      ] GC(47) - age   1:    2663072 bytes,    2663072 total
[2025-08-19T23:52:46.054+0000][66][trace][gc,age      ] GC(47) - age   2:      52448 bytes,    2715520 total
[2025-08-19T23:52:46.059+0000][66][trace][gc,age      ] GC(47) - age   3:      69520 bytes,    2785040 total
[2025-08-19T23:52:46.061+0000][66][trace][gc,age      ] GC(47) - age   4:      29056 bytes,    2814096 total
[2025-08-19T23:52:46.063+0000][66][trace][gc,age      ] GC(47) - age   5:      26720 bytes,    2840816 total
[2025-08-19T23:52:46.065+0000][66][trace][gc,age      ] GC(47) - age   6:    1575008 bytes,    4415824 total
[2025-08-19T23:52:46.070+0000][66][trace][gc,age      ] GC(47) - age   7:       6448 bytes,    4422272 total
[2025-08-19T23:52:46.074+0000][66][trace][gc,age      ] GC(47) - age   8:      11048 bytes,    4433320 total
[2025-08-19T23:52:46.076+0000][66][trace][gc,age      ] GC(47) - age   9:      22336 bytes,    4455656 total
[2025-08-19T23:52:46.078+0000][66][trace][gc,age      ] GC(47) - age  10:      18288 bytes,    4473944 total
[2025-08-19T23:52:46.081+0000][66][trace][gc,age      ] GC(47) - age  11:      42168 bytes,    4516112 total
[2025-08-19T23:52:46.083+0000][66][trace][gc,age      ] GC(47) - age  12:      58568 bytes,    4574680 total
[2025-08-19T23:52:46.085+0000][66][trace][gc,age      ] GC(47) - age  13:     121328 bytes,    4696008 total
[2025-08-19T23:52:46.087+0000][66][trace][gc,age      ] GC(47) - age  14:     721880 bytes,    5417888 total
[2025-08-19T23:52:46.090+0000][66][trace][gc,age      ] GC(47) - age  15:    2983080 bytes,    8400968 total
[2025-08-19T23:52:46.093+0000][66][info ][gc,heap     ] GC(47) Eden regions: 74->0(21)
[2025-08-19T23:52:46.095+0000][66][info ][gc,heap     ] GC(47) Survivor regions: 2->3(10)
[2025-08-19T23:52:46.096+0000][66][info ][gc,heap     ] GC(47) Old regions: 19->19
[2025-08-19T23:52:46.099+0000][66][info ][gc,heap     ] GC(47) Humongous regions: 0->0
[2025-08-19T23:52:46.102+0000][66][info ][gc,metaspace] GC(47) Metaspace: 141738K(145600K)->141738K(145600K) NonClass: 122443K(124032K)->122443K(124032K) Class: 19294K(21568K)->19294K(21568K)
[2025-08-19T23:52:46.106+0000][66][info ][gc          ] GC(47) Pause Young (Concurrent Start) (G1 Evacuation Pause) 375M->82M(512M) 435.159ms
[2025-08-19T23:52:46.109+0000][66][info ][gc,cpu      ] GC(47) User=0.62s Sys=0.00s Real=0.44s
[2025-08-19T23:52:46.111+0000][66][info ][gc          ] GC(48) Concurrent Mark Cycle
[2025-08-19T23:52:46.125+0000][66][info ][safepoint   ] Safepoint "G1CollectForAllocation", Time since last: 18102795200 ns, Reaching safepoint: 79100 ns, Cleanup: 18700 ns, At safepoint: 454388400 ns, Total: 454486200 ns
[2025-08-19T23:52:46.125+0000][66][info ][gc,marking  ] GC(48) Concurrent Scan Root Regions
[2025-08-19T23:52:46.292+0000][66][info ][gc,marking  ] GC(48) Concurrent Scan Root Regions 167.018ms
[2025-08-19T23:52:46.295+0000][66][info ][gc,marking  ] GC(48) Concurrent Mark
[2025-08-19T23:52:46.297+0000][66][info ][gc,marking  ] GC(48) Concurrent Mark From Roots
[2025-08-19T23:52:46.299+0000][66][info ][gc,task     ] GC(48) Using 1 workers of 1 for marking
[2025-08-19T23:52:47.015+0000][66][info ][gc,marking  ] GC(48) Concurrent Mark From Roots 717.951ms
[2025-08-19T23:52:47.018+0000][66][info ][gc,marking  ] GC(48) Concurrent Preclean
[2025-08-19T23:52:47.024+0000][66][info ][gc,marking  ] GC(48) Concurrent Preclean 4.370ms
[2025-08-19T23:52:47.027+0000][66][info ][gc,start    ] GC(48) Pause Remark
[2025-08-19T23:52:47.216+0000][66][info ][gc          ] GC(48) Pause Remark 92M->92M(512M) 189.216ms
[2025-08-19T23:52:47.218+0000][66][info ][gc,cpu      ] GC(48) User=0.34s Sys=0.00s Real=0.19s
[2025-08-19T23:52:47.222+0000][66][info ][safepoint   ] Safepoint "G1PauseRemark", Time since last: 901072900 ns, Reaching safepoint: 28900 ns, Cleanup: 15200 ns, At safepoint: 195782800 ns, Total: 195826900 ns
[2025-08-19T23:52:47.224+0000][66][info ][gc,marking  ] GC(48) Concurrent Mark 929.435ms
[2025-08-19T23:52:47.226+0000][66][info ][gc,marking  ] GC(48) Concurrent Rebuild Remembered Sets and Scrub Regions
[2025-08-19T23:52:47.376+0000][66][info ][gc,marking  ] GC(48) Concurrent Rebuild Remembered Sets and Scrub Regions 150.085ms
[2025-08-19T23:52:47.378+0000][66][info ][gc,start    ] GC(48) Pause Cleanup
[2025-08-19T23:52:47.381+0000][66][info ][gc          ] GC(48) Pause Cleanup 92M->92M(512M) 3.132ms
[2025-08-19T23:52:47.383+0000][66][info ][gc,cpu      ] GC(48) User=0.00s Sys=0.00s Real=0.01s
[2025-08-19T23:52:47.385+0000][66][info ][safepoint   ] Safepoint "G1PauseCleanup", Time since last: 155658600 ns, Reaching safepoint: 31400 ns, Cleanup: 30500 ns, At safepoint: 7250600 ns, Total: 7312500 ns
[2025-08-19T23:52:47.389+0000][66][info ][gc,marking  ] GC(48) Concurrent Clear Claimed Marks
[2025-08-19T23:52:47.391+0000][66][info ][gc,marking  ] GC(48) Concurrent Clear Claimed Marks 2.438ms
[2025-08-19T23:52:47.393+0000][66][info ][gc,marking  ] GC(48) Concurrent Cleanup for Next Mark
[2025-08-19T23:52:47.431+0000][66][info ][gc,marking  ] GC(48) Concurrent Cleanup for Next Mark 38.358ms
[2025-08-19T23:52:47.432+0000][66][info ][gc          ] GC(48) Concurrent Mark Cycle 1321.716ms
[2025-08-19T23:53:27.394+0000][66][info ][safepoint   ] Safepoint "Cleanup", Time since last: 40044943600 ns, Reaching safepoint: 104200 ns, Cleanup: 141000 ns, At safepoint: 59900 ns, Total: 305100 ns
[2025-08-19T23:53:55.571+0000][66][info ][gc,start    ] GC(49) Pause Young (Prepare Mixed) (G1 Evacuation Pause)
[2025-08-19T23:53:55.574+0000][66][info ][gc,task     ] GC(49) Using 2 workers of 2 for evacuation
[2025-08-19T23:53:55.576+0000][66][debug][gc,age      ] GC(49) Desired survivor size 2097152 bytes, new threshold 1 (max threshold 15)
[2025-08-19T23:53:55.681+0000][66][info ][gc,phases   ] GC(49)   Pre Evacuate Collection Set: 0.70ms
[2025-08-19T23:53:55.683+0000][66][info ][gc,phases   ] GC(49)   Merge Heap Roots: 1.09ms
[2025-08-19T23:53:55.688+0000][66][info ][gc,phases   ] GC(49)   Evacuate Collection Set: 97.54ms
[2025-08-19T23:53:55.691+0000][66][info ][gc,phases   ] GC(49)   Post Evacuate Collection Set: 3.04ms
[2025-08-19T23:53:55.694+0000][66][info ][gc,phases   ] GC(49)   Other: 4.82ms
[2025-08-19T23:53:55.696+0000][66][trace][gc,age      ] GC(49) Age table with threshold 1 (max threshold 15)
[2025-08-19T23:53:55.698+0000][66][trace][gc,age      ] GC(49) - age   1:     177896 bytes,     177896 total
[2025-08-19T23:53:55.699+0000][66][info ][gc,heap     ] GC(49) Eden regions: 3->0(75)
[2025-08-19T23:53:55.702+0000][66][info ][gc,heap     ] GC(49) Survivor regions: 3->1(1)
[2025-08-19T23:53:55.703+0000][66][info ][gc,heap     ] GC(49) Old regions: 19->20
[2025-08-19T23:53:55.705+0000][66][info ][gc,heap     ] GC(49) Humongous regions: 0->0
[2025-08-19T23:53:55.706+0000][66][info ][gc,metaspace] GC(49) Metaspace: 141748K(145600K)->141748K(145600K) NonClass: 122452K(124032K)->122452K(124032K) Class: 19296K(21568K)->19296K(21568K)
[2025-08-19T23:53:55.708+0000][66][info ][gc          ] GC(49) Pause Young (Prepare Mixed) (G1 Evacuation Pause) 94M->80M(512M) 137.332ms
[2025-08-19T23:53:55.710+0000][66][info ][gc,cpu      ] GC(49) User=0.18s Sys=0.01s Real=0.14s
[2025-08-19T23:53:55.722+0000][66][info ][safepoint   ] Safepoint "G1CollectForAllocation", Time since last: 28210564800 ns, Reaching safepoint: 974500 ns, Cleanup: 134800 ns, At safepoint: 150848900 ns, Total: 151958200 ns
[2025-08-19T23:53:57.726+0000][66][info ][safepoint   ] Safepoint "Cleanup", Time since last: 2004413200 ns, Reaching safepoint: 55800 ns, Cleanup: 36100 ns, At safepoint: 69500 ns, Total: 161400 ns
[2025-08-19T23:54:56.794+0000][66][info ][safepoint   ] Safepoint "Cleanup", Time since last: 59137747200 ns, Reaching safepoint: 30100 ns, Cleanup: 24400 ns, At safepoint: 40400 ns, Total: 94900 ns
[2025-08-19T23:56:15.767+0000][66][info ][safepoint   ] Safepoint "Cleanup", Time since last: 79077455300 ns, Reaching safepoint: 140700 ns, Cleanup: 72400 ns, At safepoint: 45400 ns, Total: 258500 ns
[2025-08-19T23:57:01.775+0000][66][info ][safepoint   ] Safepoint "Cleanup", Time since last: 46043489400 ns, Reaching safepoint: 27100 ns, Cleanup: 25200 ns, At safepoint: 36800 ns, Total: 89100 ns
[2025-08-19T23:58:35.779+0000][66][info ][safepoint   ] Safepoint "Cleanup", Time since last: 94144125400 ns, Reaching safepoint: 302100 ns, Cleanup: 25200 ns, At safepoint: 83700 ns, Total: 411000 ns
[2025-08-19T23:59:09.890+0000][66][info ][safepoint   ] Safepoint "Cleanup", Time since last: 34291875500 ns, Reaching safepoint: 78900 ns, Cleanup: 24400 ns, At safepoint: 37100 ns, Total: 140400 ns
[2025-08-20T00:00:56.118+0000][66][info ][safepoint   ] Safepoint "Cleanup", Time since last: 106187064400 ns, Reaching safepoint: 464700 ns, Cleanup: 50100 ns, At safepoint: 83200 ns, Total: 598000 ns
[2025-08-20T00:00:57.123+0000][66][info ][safepoint   ] Safepoint "Cleanup", Time since last: 1004810400 ns, Reaching safepoint: 37900 ns, Cleanup: 91500 ns, At safepoint: 68500 ns, Total: 197900 ns
[2025-08-20T00:00:58.127+0000][66][info ][safepoint   ] Safepoint "Cleanup", Time since last: 1003587800 ns, Reaching safepoint: 28800 ns, Cleanup: 29700 ns, At safepoint: 322400 ns, Total: 380900 ns
[2025-08-20T00:00:59.132+0000][66][info ][safepoint   ] Safepoint "Cleanup", Time since last: 1005370500 ns, Reaching safepoint: 33300 ns, Cleanup: 40600 ns, At safepoint: 41500 ns, Total: 115400 ns
[2025-08-20T00:01:00.207+0000][66][info ][safepoint   ] Safepoint "Cleanup", Time since last: 1074295300 ns, Reaching safepoint: 353300 ns, Cleanup: 124200 ns, At safepoint: 61900 ns, Total: 539400 ns
[2025-08-20T00:01:01.407+0000][66][info ][safepoint   ] Safepoint "Cleanup", Time since last: 1195769800 ns, Reaching safepoint: 3898700 ns, Cleanup: 36700 ns, At safepoint: 116400 ns, Total: 4051800 ns
[2025-08-20T00:01:04.336+0000][66][info ][safepoint   ] Safepoint "Cleanup", Time since last: 2264124100 ns, Reaching safepoint: 664654700 ns, Cleanup: 44900 ns, At safepoint: 119900 ns, Total: 664819500 ns
[2025-08-20T00:01:05.925+0000][66][info ][safepoint   ] Safepoint "Cleanup", Time since last: 1395222400 ns, Reaching safepoint: 191190900 ns, Cleanup: 964500 ns, At safepoint: 1455900 ns, Total: 193611300 ns
[2025-08-20T00:02:11.863+0000][66][info ][safepoint   ] Safepoint "Cleanup", Time since last: 66151765300 ns, Reaching safepoint: 29900 ns, Cleanup: 24400 ns, At safepoint: 34300 ns, Total: 88600 ns
[2025-08-20T00:02:37.893+0000][66][info ][safepoint   ] Safepoint "Cleanup", Time since last: 25023428800 ns, Reaching safepoint: 1010235000 ns, Cleanup: 45500 ns, At safepoint: 654100 ns, Total: 1010934600 ns
[2025-08-20T00:02:39.305+0000][66][info ][safepoint   ] Safepoint "Cleanup", Time since last: 1411325000 ns, Reaching safepoint: 481100 ns, Cleanup: 42200 ns, At safepoint: 49400 ns, Total: 572700 ns
[2025-08-20T00:02:41.058+0000][66][info ][safepoint   ] Safepoint "Cleanup", Time since last: 1370437100 ns, Reaching safepoint: 379571100 ns, Cleanup: 29400 ns, At safepoint: 2741600 ns, Total: 382342100 ns
[2025-08-20T00:02:43.493+0000][66][info ][safepoint   ] Safepoint "Cleanup", Time since last: 1356582200 ns, Reaching safepoint: 677555000 ns, Cleanup: 2538300 ns, At safepoint: 398574500 ns, Total: 1078667800 ns
[2025-08-20T00:02:45.198+0000][66][info ][safepoint   ] Safepoint "Cleanup", Time since last: 1698403400 ns, Reaching safepoint: 6234300 ns, Cleanup: 33600 ns, At safepoint: 194100 ns, Total: 6462000 ns
[2025-08-20T00:02:46.704+0000][66][info ][safepoint   ] Safepoint "Cleanup", Time since last: 1473424900 ns, Reaching safepoint: 32843400 ns, Cleanup: 27800 ns, At safepoint: 60400 ns, Total: 32931600 ns
[2025-08-20T00:02:48.504+0000][66][info ][safepoint   ] Safepoint "Cleanup", Time since last: 1799213800 ns, Reaching safepoint: 59000 ns, Cleanup: 179200 ns, At safepoint: 101300 ns, Total: 339500 ns
[2025-08-20T00:02:55.337+0000][66][info ][safepoint   ] Safepoint "Cleanup", Time since last: 6831017400 ns, Reaching safepoint: 2253600 ns, Cleanup: 37100 ns, At safepoint: 96000 ns, Total: 2386700 ns
[2025-08-20T00:02:56.422+0000][66][info ][safepoint   ] Safepoint "Cleanup", Time since last: 1077984300 ns, Reaching safepoint: 6371800 ns, Cleanup: 47200 ns, At safepoint: 107700 ns, Total: 6526700 ns
[2025-08-20T00:03:00.650+0000][66][info ][safepoint   ] Safepoint "Cleanup", Time since last: 3242821500 ns, Reaching safepoint: 985848000 ns, Cleanup: 45000 ns, At safepoint: 123000 ns, Total: 986016000 ns
[2025-08-20T00:03:02.004+0000][66][info ][safepoint   ] Safepoint "Cleanup", Time since last: 1353750800 ns, Reaching safepoint: 72500 ns, Cleanup: 36900 ns, At safepoint: 52700 ns, Total: 162100 ns
[2025-08-20T00:03:06.759+0000][66][info ][safepoint   ] Safepoint "Cleanup", Time since last: 4266017900 ns, Reaching safepoint: 485630900 ns, Cleanup: 2355400 ns, At safepoint: 520800 ns, Total: 488507100 ns
[2025-08-20T00:03:16.396+0000][66][info ][safepoint   ] Safepoint "Cleanup", Time since last: 9728611200 ns, Reaching safepoint: 72300 ns, Cleanup: 28400 ns, At safepoint: 67100 ns, Total: 167800 ns
[2025-08-20T00:03:17.412+0000][66][info ][safepoint   ] Safepoint "Cleanup", Time since last: 1008943300 ns, Reaching safepoint: 595700 ns, Cleanup: 1235900 ns, At safepoint: 5314000 ns, Total: 7145600 ns
[2025-08-20T00:03:18.726+0000][66][info ][safepoint   ] Safepoint "Cleanup", Time since last: 1313630000 ns, Reaching safepoint: 129900 ns, Cleanup: 65000 ns, At safepoint: 61000 ns, Total: 255900 ns
[2025-08-20T00:03:23.801+0000][66][info ][safepoint   ] Safepoint "Cleanup", Time since last: 4761520500 ns, Reaching safepoint: 313196800 ns, Cleanup: 23400 ns, At safepoint: 728100 ns, Total: 313948300 ns
[2025-08-20T00:03:27.907+0000][66][info ][safepoint   ] Safepoint "Cleanup", Time since last: 4105108000 ns, Reaching safepoint: 34200 ns, Cleanup: 31300 ns, At safepoint: 48400 ns, Total: 113900 ns
[2025-08-20T00:03:40.135+0000][66][info ][safepoint   ] Safepoint "Cleanup", Time since last: 12127234700 ns, Reaching safepoint: 4224200 ns, Cleanup: 28000 ns, At safepoint: 5788000 ns, Total: 10040200 ns
[2025-08-20T00:03:52.071+0000][66][info ][safepoint   ] Safepoint "Cleanup", Time since last: 11936278400 ns, Reaching safepoint: 38900 ns, Cleanup: 29200 ns, At safepoint: 108400 ns, Total: 176500 ns
[2025-08-20T00:03:54.066+0000][66][info ][safepoint   ] Safepoint "Cleanup", Time since last: 1976767900 ns, Reaching safepoint: 17990400 ns, Cleanup: 53200 ns, At safepoint: 105100 ns, Total: 18148700 ns
[2025-08-20T00:03:55.070+0000][66][info ][safepoint   ] Safepoint "Cleanup", Time since last: 1003769800 ns, Reaching safepoint: 32200 ns, Cleanup: 28000 ns, At safepoint: 45100 ns, Total: 105300 ns
[2025-08-20T00:04:00.227+0000][66][info ][safepoint   ] Safepoint "Cleanup", Time since last: 5156919700 ns, Reaching safepoint: 66700 ns, Cleanup: 27100 ns, At safepoint: 37700 ns, Total: 131500 ns
[2025-08-20T00:04:13.002+0000][66][info ][safepoint   ] Safepoint "Cleanup", Time since last: 12858529300 ns, Reaching safepoint: 195500 ns, Cleanup: 23300 ns, At safepoint: 38200 ns, Total: 257000 ns
[2025-08-20T00:04:14.007+0000][66][info ][safepoint   ] Safepoint "Cleanup", Time since last: 1005165000 ns, Reaching safepoint: 31200 ns, Cleanup: 26300 ns, At safepoint: 38300 ns, Total: 95800 ns
[2025-08-20T00:04:16.916+0000][66][info ][safepoint   ] Safepoint "Cleanup", Time since last: 2909257600 ns, Reaching safepoint: 205600 ns, Cleanup: 39900 ns, At safepoint: 59300 ns, Total: 304800 ns
[2025-08-20T00:04:28.803+0000][66][info ][safepoint   ] Safepoint "Cleanup", Time since last: 11841507700 ns, Reaching safepoint: 45240900 ns, Cleanup: 23600 ns, At safepoint: 90100 ns, Total: 45354600 ns
[2025-08-20T00:04:30.291+0000][66][info ][safepoint   ] Safepoint "Cleanup", Time since last: 1487604300 ns, Reaching safepoint: 353200 ns, Cleanup: 200500 ns, At safepoint: 77100 ns, Total: 630800 ns
[2025-08-20T00:04:31.446+0000][66][info ][safepoint   ] Safepoint "Cleanup", Time since last: 1017992500 ns, Reaching safepoint: 136664100 ns, Cleanup: 35900 ns, At safepoint: 245500 ns, Total: 136945500 ns
[2025-08-20T00:04:32.796+0000][66][info ][safepoint   ] Safepoint "Cleanup", Time since last: 1178555100 ns, Reaching safepoint: 170735600 ns, Cleanup: 29500 ns, At safepoint: 379300 ns, Total: 171144400 ns
[2025-08-20T00:04:33.837+0000][66][info ][safepoint   ] Safepoint "Cleanup", Time since last: 1040149900 ns, Reaching safepoint: 410000 ns, Cleanup: 31300 ns, At safepoint: 74800 ns, Total: 516100 ns
[2025-08-20T00:04:35.959+0000][66][info ][safepoint   ] Safepoint "Cleanup", Time since last: 1994711900 ns, Reaching safepoint: 127562000 ns, Cleanup: 33800 ns, At safepoint: 103700 ns, Total: 127699500 ns
[2025-08-20T00:04:40.071+0000][66][info ][safepoint   ] Safepoint "Cleanup", Time since last: 3359963300 ns, Reaching safepoint: 840030500 ns, Cleanup: 26300 ns, At safepoint: 3152100 ns, Total: 843208900 ns
[2025-08-20T00:04:41.326+0000][66][info ][safepoint   ] Safepoint "Cleanup", Time since last: 1250685100 ns, Reaching safepoint: 489800 ns, Cleanup: 417100 ns, At safepoint: 546700 ns, Total: 1453600 ns
[2025-08-20T00:04:59.553+0000][66][info ][safepoint   ] Safepoint "Cleanup", Time since last: 10255333000 ns, Reaching safepoint: 7973939200 ns, Cleanup: 27400 ns, At safepoint: 88600 ns, Total: 7974055200 ns
[2025-08-20T00:05:05.570+0000][66][info ][safepoint   ] Safepoint "Cleanup", Time since last: 6015557300 ns, Reaching safepoint: 881500 ns, Cleanup: 22600 ns, At safepoint: 364500 ns, Total: 1268600 ns
[2025-08-20T00:05:20.025+0000][66][info ][safepoint   ] Safepoint "Cleanup", Time since last: 14387346400 ns, Reaching safepoint: 25300 ns, Cleanup: 30100 ns, At safepoint: 232800 ns, Total: 288200 ns
[2025-08-20T00:05:21.041+0000][66][info ][safepoint   ] Safepoint "Cleanup", Time since last: 1009949900 ns, Reaching safepoint: 5943300 ns, Cleanup: 38400 ns, At safepoint: 69900 ns, Total: 6051600 ns
[2025-08-20T00:05:23.379+0000][66][info ][safepoint   ] Safepoint "Cleanup", Time since last: 2337313000 ns, Reaching safepoint: 26800 ns, Cleanup: 26300 ns, At safepoint: 267700 ns, Total: 320800 ns
[2025-08-20T00:05:24.395+0000][66][info ][safepoint   ] Safepoint "Cleanup", Time since last: 1014681800 ns, Reaching safepoint: 137900 ns, Cleanup: 22800 ns, At safepoint: 1653400 ns, Total: 1814100 ns
[2025-08-20T00:05:45.100+0000][66][info ][safepoint   ] Safepoint "Cleanup", Time since last: 20894946200 ns, Reaching safepoint: 167876300 ns, Cleanup: 31000 ns, At safepoint: 76300 ns, Total: 167983600 ns
[2025-08-20T00:05:51.748+0000][66][info ][gc,start    ] GC(50) Pause Young (Mixed) (G1 Evacuation Pause)
[2025-08-20T00:05:51.875+0000][66][info ][gc,task     ] GC(50) Using 2 workers of 2 for evacuation
[2025-08-20T00:05:51.877+0000][66][debug][gc,age      ] GC(50) Desired survivor size 20971520 bytes, new threshold 15 (max threshold 15)
[2025-08-20T00:05:53.915+0000][66][info ][gc,mmu      ] GC(50) MMU target violated: 201.0ms (200.0ms/201.0ms)
[2025-08-20T00:05:54.038+0000][66][info ][gc,phases   ] GC(50)   Pre Evacuate Collection Set: 0.36ms
[2025-08-20T00:05:54.040+0000][66][info ][gc,phases   ] GC(50)   Merge Heap Roots: 0.34ms
[2025-08-20T00:05:54.042+0000][66][info ][gc,phases   ] GC(50)   Evacuate Collection Set: 2029.14ms
[2025-08-20T00:05:54.044+0000][66][info ][gc,phases   ] GC(50)   Post Evacuate Collection Set: 6.93ms
[2025-08-20T00:05:54.046+0000][66][info ][gc,phases   ] GC(50)   Other: 126.26ms
[2025-08-20T00:05:54.050+0000][66][trace][gc,age      ] GC(50) Age table with threshold 15 (max threshold 15)
[2025-08-20T00:05:54.052+0000][66][trace][gc,age      ] GC(50) - age   1:    5395376 bytes,    5395376 total
[2025-08-20T00:05:54.055+0000][66][trace][gc,age      ] GC(50) - age   2:      16464 bytes,    5411840 total
[2025-08-20T00:05:54.057+0000][66][info ][gc,heap     ] GC(50) Eden regions: 75->0(74)
[2025-08-20T00:05:54.059+0000][66][info ][gc,heap     ] GC(50) Survivor regions: 1->2(10)
[2025-08-20T00:05:54.061+0000][66][info ][gc,heap     ] GC(50) Old regions: 20->20
[2025-08-20T00:05:54.063+0000][66][info ][gc,heap     ] GC(50) Humongous regions: 0->0
[2025-08-20T00:05:54.066+0000][66][info ][gc,metaspace] GC(50) Metaspace: 141891K(145664K)->141891K(145664K) NonClass: 122577K(124096K)->122577K(124096K) Class: 19314K(21568K)->19314K(21568K)
[2025-08-20T00:05:54.067+0000][66][info ][gc          ] GC(50) Pause Young (Mixed) (G1 Evacuation Pause) 380M->85M(512M) 2319.397ms
[2025-08-20T00:05:54.069+0000][66][info ][gc,cpu      ] GC(50) User=3.22s Sys=0.80s Real=2.32s
[2025-08-20T00:05:54.075+0000][66][info ][safepoint   ] Safepoint "G1CollectForAllocation", Time since last: 6647960200 ns, Reaching safepoint: 25700 ns, Cleanup: 14800 ns, At safepoint: 2327213300 ns, Total: 2327253800 ns
[2025-08-20T00:05:59.371+0000][66][info ][safepoint   ] Safepoint "Cleanup", Time since last: 5295679100 ns, Reaching safepoint: 39500 ns, Cleanup: 22300 ns, At safepoint: 64500 ns, Total: 126300 ns
[2025-08-20T00:06:11.087+0000][66][info ][safepoint   ] Safepoint "Cleanup", Time since last: 11715970100 ns, Reaching safepoint: 365700 ns, Cleanup: 22800 ns, At safepoint: 92500 ns, Total: 481000 ns
[2025-08-20T00:06:22.286+0000][66][info ][safepoint   ] Safepoint "Cleanup", Time since last: 10954540500 ns, Reaching safepoint: 45300 ns, Cleanup: 28400 ns, At safepoint: 49800 ns, Total: 123500 ns
[2025-08-20T00:06:24.312+0000][66][info ][safepoint   ] Safepoint "Cleanup", Time since last: 2026619000 ns, Reaching safepoint: 31100 ns, Cleanup: 25500 ns, At safepoint: 39500 ns, Total: 96100 ns
[2025-08-20T00:06:31.906+0000][66][info ][safepoint   ] Safepoint "Cleanup", Time since last: 7591334800 ns, Reaching safepoint: 596800 ns, Cleanup: 1387100 ns, At safepoint: 79300 ns, Total: 2063200 ns
[2025-08-20T00:06:43.036+0000][66][info ][safepoint   ] Safepoint "Cleanup", Time since last: 11184594800 ns, Reaching safepoint: 44000 ns, Cleanup: 30400 ns, At safepoint: 56000 ns, Total: 130400 ns
[2025-08-20T00:06:44.840+0000][66][info ][safepoint   ] Safepoint "Cleanup", Time since last: 1800890400 ns, Reaching safepoint: 3723300 ns, Cleanup: 22900 ns, At safepoint: 37300 ns, Total: 3783500 ns
[2025-08-20T00:06:46.404+0000][66][info ][safepoint   ] Safepoint "Cleanup", Time since last: 1563276200 ns, Reaching safepoint: 290300 ns, Cleanup: 107500 ns, At safepoint: 273700 ns, Total: 671500 ns
[2025-08-20T00:06:47.518+0000][66][info ][safepoint   ] Safepoint "Cleanup", Time since last: 1113292600 ns, Reaching safepoint: 22400 ns, Cleanup: 24600 ns, At safepoint: 35500 ns, Total: 82500 ns
[2025-08-20T00:07:00.484+0000][66][info ][safepoint   ] Safepoint "Cleanup", Time since last: 12965584700 ns, Reaching safepoint: 173600 ns, Cleanup: 28900 ns, At safepoint: 44600 ns, Total: 247100 ns
[2025-08-20T00:07:20.534+0000][66][info ][safepoint   ] Safepoint "Cleanup", Time since last: 20025393900 ns, Reaching safepoint: 28700 ns, Cleanup: 23000 ns, At safepoint: 37200 ns, Total: 88900 ns
[2025-08-20T00:07:30.542+0000][66][info ][safepoint   ] Safepoint "Cleanup", Time since last: 10007908100 ns, Reaching safepoint: 87900 ns, Cleanup: 24500 ns, At safepoint: 37400 ns, Total: 149800 ns
[2025-08-20T00:07:32.144+0000][66][info ][safepoint   ] Safepoint "Cleanup", Time since last: 1601054700 ns, Reaching safepoint: 599700 ns, Cleanup: 31100 ns, At safepoint: 50700 ns, Total: 681500 ns
[2025-08-20T00:07:33.164+0000][66][info ][safepoint   ] Safepoint "Cleanup", Time since last: 1020143100 ns, Reaching safepoint: 28100 ns, Cleanup: 23600 ns, At safepoint: 37600 ns, Total: 89300 ns
[2025-08-20T00:07:46.296+0000][66][info ][safepoint   ] Safepoint "Cleanup", Time since last: 8047095900 ns, Reaching safepoint: 5290393700 ns, Cleanup: 32700 ns, At safepoint: 2002600 ns, Total: 5292429000 ns
[2025-08-20T00:07:47.299+0000][66][info ][safepoint   ] Safepoint "Cleanup", Time since last: 1002329000 ns, Reaching safepoint: 30300 ns, Cleanup: 27800 ns, At safepoint: 29300 ns, Total: 87400 ns
[2025-08-20T00:08:00.536+0000][66][info ][safepoint   ] Safepoint "Cleanup", Time since last: 13236982400 ns, Reaching safepoint: 30200 ns, Cleanup: 24200 ns, At safepoint: 39300 ns, Total: 93700 ns
[2025-08-20T00:08:10.543+0000][66][info ][safepoint   ] Safepoint "Cleanup", Time since last: 10007510400 ns, Reaching safepoint: 35700 ns, Cleanup: 26600 ns, At safepoint: 43100 ns, Total: 105400 ns
[2025-08-20T00:08:20.692+0000][66][info ][safepoint   ] Safepoint "Cleanup", Time since last: 10010708500 ns, Reaching safepoint: 30900 ns, Cleanup: 50900 ns, At safepoint: 75200 ns, Total: 157000 ns
[2025-08-20T00:08:40.710+0000][66][info ][safepoint   ] Safepoint "Cleanup", Time since last: 20018228600 ns, Reaching safepoint: 34000 ns, Cleanup: 25600 ns, At safepoint: 188000 ns, Total: 247600 ns
[2025-08-20T00:08:41.903+0000][66][info ][safepoint   ] Safepoint "Cleanup", Time since last: 1192299500 ns, Reaching safepoint: 25200 ns, Cleanup: 41200 ns, At safepoint: 49900 ns, Total: 116300 ns
[2025-08-20T00:08:42.944+0000][66][info ][safepoint   ] Safepoint "Cleanup", Time since last: 1041749000 ns, Reaching safepoint: 20600 ns, Cleanup: 21500 ns, At safepoint: 34200 ns, Total: 76300 ns
[2025-08-20T00:08:45.721+0000][66][info ][safepoint   ] Safepoint "Cleanup", Time since last: 2811371000 ns, Reaching safepoint: 468900 ns, Cleanup: 28400 ns, At safepoint: 41200 ns, Total: 538500 ns
[2025-08-20T00:08:52.002+0000][66][info ][safepoint   ] Safepoint "Cleanup", Time since last: 5955223800 ns, Reaching safepoint: 324701800 ns, Cleanup: 28200 ns, At safepoint: 1382800 ns, Total: 326112800 ns
[2025-08-20T00:08:53.186+0000][66][info ][safepoint   ] Safepoint "Cleanup", Time since last: 1183123100 ns, Reaching safepoint: 47700 ns, Cleanup: 36800 ns, At safepoint: 66200 ns, Total: 150700 ns
[2025-08-20T00:08:54.198+0000][66][info ][safepoint   ] Safepoint "Cleanup", Time since last: 1012300300 ns, Reaching safepoint: 31500 ns, Cleanup: 32300 ns, At safepoint: 39200 ns, Total: 103000 ns
[2025-08-20T00:08:57.691+0000][66][info ][safepoint   ] Safepoint "Cleanup", Time since last: 3492814000 ns, Reaching safepoint: 30800 ns, Cleanup: 24900 ns, At safepoint: 38700 ns, Total: 94400 ns
[2025-08-20T00:09:30.214+0000][66][info ][gc,start    ] GC(51) Pause Young (Concurrent Start) (G1 Evacuation Pause)
[2025-08-20T00:09:30.233+0000][66][info ][gc,task     ] GC(51) Using 2 workers of 2 for evacuation
[2025-08-20T00:09:30.234+0000][66][debug][gc,age      ] GC(51) Desired survivor size 20971520 bytes, new threshold 15 (max threshold 15)
[2025-08-20T00:09:30.253+0000][66][info ][gc,phases   ] GC(51)   Pre Evacuate Collection Set: 0.59ms
[2025-08-20T00:09:30.255+0000][66][info ][gc,phases   ] GC(51)   Merge Heap Roots: 0.31ms
[2025-08-20T00:09:30.256+0000][66][info ][gc,phases   ] GC(51)   Evacuate Collection Set: 11.54ms
[2025-08-20T00:09:30.257+0000][66][info ][gc,phases   ] GC(51)   Post Evacuate Collection Set: 3.47ms
[2025-08-20T00:09:30.258+0000][66][info ][gc,phases   ] GC(51)   Other: 4.23ms
[2025-08-20T00:09:30.259+0000][66][trace][gc,age      ] GC(51) Age table with threshold 15 (max threshold 15)
[2025-08-20T00:09:30.260+0000][66][trace][gc,age      ] GC(51) - age   1:    3854064 bytes,    3854064 total
[2025-08-20T00:09:30.261+0000][66][trace][gc,age      ] GC(51) - age   2:    1766536 bytes,    5620600 total
[2025-08-20T00:09:30.262+0000][66][trace][gc,age      ] GC(51) - age   3:      16176 bytes,    5636776 total
[2025-08-20T00:09:30.263+0000][66][info ][gc,heap     ] GC(51) Eden regions: 74->0(74)
[2025-08-20T00:09:30.264+0000][66][info ][gc,heap     ] GC(51) Survivor regions: 2->2(10)
[2025-08-20T00:09:30.266+0000][66][info ][gc,heap     ] GC(51) Old regions: 20->20
[2025-08-20T00:09:30.267+0000][66][info ][gc,heap     ] GC(51) Humongous regions: 0->0
[2025-08-20T00:09:30.268+0000][66][info ][gc,metaspace] GC(51) Metaspace: 141963K(145664K)->141963K(145664K) NonClass: 122648K(124096K)->122648K(124096K) Class: 19315K(21568K)->19315K(21568K)
[2025-08-20T00:09:30.271+0000][66][info ][gc          ] GC(51) Pause Young (Concurrent Start) (G1 Evacuation Pause) 381M->85M(512M) 56.935ms
[2025-08-20T00:09:30.273+0000][66][info ][gc,cpu      ] GC(51) User=0.00s Sys=0.03s Real=0.06s
[2025-08-20T00:09:30.273+0000][66][info ][gc          ] GC(52) Concurrent Mark Cycle
[2025-08-20T00:09:30.277+0000][66][info ][gc,marking  ] GC(52) Concurrent Scan Root Regions
[2025-08-20T00:09:30.277+0000][66][info ][safepoint   ] Safepoint "G1CollectForAllocation", Time since last: 32585496400 ns, Reaching safepoint: 110200 ns, Cleanup: 9100 ns, At safepoint: 63090900 ns, Total: 63210200 ns
[2025-08-20T00:09:30.408+0000][66][info ][gc,marking  ] GC(52) Concurrent Scan Root Regions 130.777ms
[2025-08-20T00:09:30.411+0000][66][info ][gc,marking  ] GC(52) Concurrent Mark
[2025-08-20T00:09:30.414+0000][66][info ][gc,marking  ] GC(52) Concurrent Mark From Roots
[2025-08-20T00:09:30.416+0000][66][info ][gc,task     ] GC(52) Using 1 workers of 1 for marking
[2025-08-20T00:09:30.611+0000][66][info ][gc,marking  ] GC(52) Concurrent Mark From Roots 197.118ms
[2025-08-20T00:09:30.614+0000][66][info ][gc,marking  ] GC(52) Concurrent Preclean
[2025-08-20T00:09:30.618+0000][66][info ][gc,marking  ] GC(52) Concurrent Preclean 5.263ms
[2025-08-20T00:09:30.721+0000][66][info ][gc,start    ] GC(52) Pause Remark
[2025-08-20T00:10:21.718+0000][66][info ][gc,mmu      ] GC(52) MMU target violated: 201.0ms (200.0ms/201.0ms)
[2025-08-20T00:10:21.724+0000][66][info ][gc          ] GC(52) Pause Remark 92M->92M(512M) 51132.553ms
[2025-08-20T00:10:21.729+0000][66][info ][gc,cpu      ] GC(52) User=58.48s Sys=14.46s Real=51.14s
[2025-08-20T00:10:21.791+0000][66][info ][safepoint   ] Safepoint "G1PauseRemark", Time since last: 443410200 ns, Reaching safepoint: 212700 ns, Cleanup: 17500 ns, At safepoint: 51199349300 ns, Total: 51199579500 ns
[2025-08-20T00:10:21.799+0000][66][info ][gc,marking  ] GC(52) Concurrent Mark 51517.439ms
[2025-08-20T00:10:21.804+0000][66][info ][gc,marking  ] GC(52) Concurrent Rebuild Remembered Sets and Scrub Regions
[2025-08-20T00:10:23.393+0000][66][info ][safepoint   ] Safepoint "Cleanup", Time since last: 1590937200 ns, Reaching safepoint: 11044400 ns, Cleanup: 52300 ns, At safepoint: 178100 ns, Total: 11274800 ns
[2025-08-20T00:10:23.481+0000][66][info ][gc,marking  ] GC(52) Concurrent Rebuild Remembered Sets and Scrub Regions 1677.703ms
[2025-08-20T00:10:23.491+0000][66][info ][gc,start    ] GC(52) Pause Cleanup
[2025-08-20T00:10:23.493+0000][66][info ][gc          ] GC(52) Pause Cleanup 106M->106M(512M) 1.755ms
[2025-08-20T00:10:23.494+0000][66][info ][gc,cpu      ] GC(52) User=0.00s Sys=0.00s Real=0.01s
[2025-08-20T00:10:23.496+0000][66][info ][safepoint   ] Safepoint "G1PauseCleanup", Time since last: 94712000 ns, Reaching safepoint: 1075700 ns, Cleanup: 240200 ns, At safepoint: 6820300 ns, Total: 8136200 ns
[2025-08-20T00:10:23.501+0000][66][info ][gc,marking  ] GC(52) Concurrent Clear Claimed Marks
[2025-08-20T00:10:23.503+0000][66][info ][gc,marking  ] GC(52) Concurrent Clear Claimed Marks 2.600ms
[2025-08-20T00:10:23.507+0000][66][info ][gc,marking  ] GC(52) Concurrent Cleanup for Next Mark
[2025-08-20T00:10:23.512+0000][66][info ][gc,marking  ] GC(52) Concurrent Cleanup for Next Mark 4.761ms
[2025-08-20T00:10:23.515+0000][66][info ][gc          ] GC(52) Concurrent Mark Cycle 53371.545ms
[2025-08-20T00:10:24.939+0000][66][info ][safepoint   ] Safepoint "Cleanup", Time since last: 1442983400 ns, Reaching safepoint: 127100 ns, Cleanup: 29700 ns, At safepoint: 53500 ns, Total: 210300 ns
[2025-08-20T00:10:26.949+0000][66][info ][safepoint   ] Safepoint "Cleanup", Time since last: 2010168800 ns, Reaching safepoint: 31500 ns, Cleanup: 24500 ns, At safepoint: 39900 ns, Total: 95900 ns
[2025-08-20T00:10:31.853+0000][66][info ][gc,start    ] GC(53) Pause Young (Prepare Mixed) (G1 Evacuation Pause)
[2025-08-20T00:10:32.816+0000][66][info ][gc,task     ] GC(53) Using 2 workers of 2 for evacuation
[2025-08-20T00:10:34.442+0000][66][debug][gc,age      ] GC(53) Desired survivor size 2097152 bytes, new threshold 1 (max threshold 15)
[2025-08-20T00:10:35.864+0000][66][info ][gc,mmu      ] GC(53) MMU target violated: 201.0ms (200.0ms/201.0ms)
[2025-08-20T00:10:35.865+0000][66][info ][gc,phases   ] GC(53)   Pre Evacuate Collection Set: 0.41ms
[2025-08-20T00:10:35.867+0000][66][info ][gc,phases   ] GC(53)   Merge Heap Roots: 0.49ms
[2025-08-20T00:10:35.869+0000][66][info ][gc,phases   ] GC(53)   Evacuate Collection Set: 604.80ms
[2025-08-20T00:10:35.870+0000][66][info ][gc,phases   ] GC(53)   Post Evacuate Collection Set: 4.53ms
[2025-08-20T00:10:35.872+0000][66][info ][gc,phases   ] GC(53)   Other: 2439.14ms
[2025-08-20T00:10:35.873+0000][66][trace][gc,age      ] GC(53) Age table with threshold 1 (max threshold 15)
[2025-08-20T00:10:35.875+0000][66][trace][gc,age      ] GC(53) - age   1:     780680 bytes,     780680 total
[2025-08-20T00:10:35.877+0000][66][info ][gc,heap     ] GC(53) Eden regions: 6->0(5)
[2025-08-20T00:10:35.879+0000][66][info ][gc,heap     ] GC(53) Survivor regions: 2->1(1)
[2025-08-20T00:10:35.881+0000][66][info ][gc,heap     ] GC(53) Old regions: 20->21
[2025-08-20T00:10:35.883+0000][66][info ][gc,heap     ] GC(53) Humongous regions: 0->0
[2025-08-20T00:10:35.886+0000][66][info ][gc,metaspace] GC(53) Metaspace: 141827K(145664K)->141827K(145664K) NonClass: 122551K(124096K)->122551K(124096K) Class: 19275K(21568K)->19275K(21568K)
[2025-08-20T00:10:35.888+0000][66][info ][gc          ] GC(53) Pause Young (Prepare Mixed) (G1 Evacuation Pause) 109M->83M(512M) 4034.799ms
[2025-08-20T00:10:35.890+0000][66][info ][gc,cpu      ] GC(53) User=0.95s Sys=0.26s Real=4.03s
[2025-08-20T00:10:35.896+0000][66][info ][safepoint   ] Safepoint "G1CollectForAllocation", Time since last: 4903658400 ns, Reaching safepoint: 25400 ns, Cleanup: 15000 ns, At safepoint: 4043396800 ns, Total: 4043437200 ns
[2025-08-20T00:10:41.959+0000][66][info ][gc,start    ] GC(54) Pause Young (Mixed) (G1 Evacuation Pause)
[2025-08-20T00:10:42.925+0000][66][info ][gc,task     ] GC(54) Using 2 workers of 2 for evacuation
[2025-08-20T00:10:42.927+0000][66][debug][gc,age      ] GC(54) Desired survivor size 2097152 bytes, new threshold 15 (max threshold 15)
[2025-08-20T00:10:44.691+0000][66][info ][gc,mmu      ] GC(54) MMU target violated: 201.0ms (200.0ms/201.0ms)
[2025-08-20T00:10:44.792+0000][66][info ][gc,phases   ] GC(54)   Pre Evacuate Collection Set: 1.30ms
[2025-08-20T00:10:44.794+0000][66][info ][gc,phases   ] GC(54)   Merge Heap Roots: 0.24ms
[2025-08-20T00:10:44.795+0000][66][info ][gc,phases   ] GC(54)   Evacuate Collection Set: 1720.18ms
[2025-08-20T00:10:44.796+0000][66][info ][gc,phases   ] GC(54)   Post Evacuate Collection Set: 7.98ms
[2025-08-20T00:10:44.798+0000][66][info ][gc,phases   ] GC(54)   Other: 105.34ms
[2025-08-20T00:10:44.799+0000][66][trace][gc,age      ] GC(54) Age table with threshold 15 (max threshold 15)
[2025-08-20T00:10:44.801+0000][66][trace][gc,age      ] GC(54) - age   1:    2210888 bytes,    2210888 total
[2025-08-20T00:10:44.803+0000][66][trace][gc,age      ] GC(54) - age   2:     629496 bytes,    2840384 total
[2025-08-20T00:10:44.805+0000][66][info ][gc,heap     ] GC(54) Eden regions: 5->0(5)
[2025-08-20T00:10:44.806+0000][66][info ][gc,heap     ] GC(54) Survivor regions: 1->1(1)
[2025-08-20T00:10:44.807+0000][66][info ][gc,heap     ] GC(54) Old regions: 21->21
[2025-08-20T00:10:44.809+0000][66][info ][gc,heap     ] GC(54) Humongous regions: 0->0
[2025-08-20T00:10:44.810+0000][66][info ][gc,metaspace] GC(54) Metaspace: 141834K(145664K)->141834K(145664K) NonClass: 122558K(124096K)->122558K(124096K) Class: 19275K(21568K)->19275K(21568K)
[2025-08-20T00:10:44.812+0000][66][info ][gc          ] GC(54) Pause Young (Mixed) (G1 Evacuation Pause) 103M->83M(512M) 2820.150ms
[2025-08-20T00:10:44.815+0000][66][info ][gc,cpu      ] GC(54) User=2.85s Sys=0.54s Real=2.83s
[2025-08-20T00:10:44.822+0000][66][info ][safepoint   ] Safepoint "G1CollectForAllocation", Time since last: 6062371400 ns, Reaching safepoint: 278800 ns, Cleanup: 16000 ns, At safepoint: 2830117700 ns, Total: 2830412500 ns
[2025-08-20T00:10:45.828+0000][66][info ][safepoint   ] Safepoint "Cleanup", Time since last: 1005606500 ns, Reaching safepoint: 32700 ns, Cleanup: 28300 ns, At safepoint: 139900 ns, Total: 200900 ns
[2025-08-20T00:10:52.835+0000][66][info ][safepoint   ] Safepoint "Cleanup", Time since last: 7007086800 ns, Reaching safepoint: 34400 ns, Cleanup: 33000 ns, At safepoint: 47300 ns, Total: 114700 ns
[2025-08-20T00:11:01.925+0000][66][info ][gc,start    ] GC(55) Pause Young (Concurrent Start) (G1 Evacuation Pause)
[2025-08-20T00:11:01.928+0000][66][info ][gc,task     ] GC(55) Using 2 workers of 2 for evacuation
[2025-08-20T00:11:01.932+0000][66][debug][gc,age      ] GC(55) Desired survivor size 2097152 bytes, new threshold 1 (max threshold 15)
[2025-08-20T00:11:01.948+0000][66][info ][gc,phases   ] GC(55)   Pre Evacuate Collection Set: 0.22ms
[2025-08-20T00:11:01.949+0000][66][info ][gc,phases   ] GC(55)   Merge Heap Roots: 0.29ms
[2025-08-20T00:11:01.950+0000][66][info ][gc,phases   ] GC(55)   Evacuate Collection Set: 10.82ms
[2025-08-20T00:11:01.951+0000][66][info ][gc,phases   ] GC(55)   Post Evacuate Collection Set: 2.07ms
[2025-08-20T00:11:01.953+0000][66][info ][gc,phases   ] GC(55)   Other: 6.42ms
[2025-08-20T00:11:01.954+0000][66][trace][gc,age      ] GC(55) Age table with threshold 1 (max threshold 15)
[2025-08-20T00:11:01.955+0000][66][trace][gc,age      ] GC(55) - age   1:     443968 bytes,     443968 total
[2025-08-20T00:11:01.956+0000][66][info ][gc,heap     ] GC(55) Eden regions: 5->0(5)
[2025-08-20T00:11:01.957+0000][66][info ][gc,heap     ] GC(55) Survivor regions: 1->1(1)
[2025-08-20T00:11:01.958+0000][66][info ][gc,heap     ] GC(55) Old regions: 21->21
[2025-08-20T00:11:01.959+0000][66][info ][gc,heap     ] GC(55) Humongous regions: 0->0
[2025-08-20T00:11:01.962+0000][66][info ][gc,metaspace] GC(55) Metaspace: 141836K(145664K)->141836K(145664K) NonClass: 122561K(124096K)->122561K(124096K) Class: 19275K(21568K)->19275K(21568K)
[2025-08-20T00:11:01.965+0000][66][info ][gc          ] GC(55) Pause Young (Concurrent Start) (G1 Evacuation Pause) 103M->83M(512M) 39.471ms
[2025-08-20T00:11:01.966+0000][66][info ][gc,cpu      ] GC(55) User=0.02s Sys=0.00s Real=0.04s
[2025-08-20T00:11:01.966+0000][66][info ][gc          ] GC(56) Concurrent Mark Cycle
[2025-08-20T00:11:01.975+0000][66][info ][gc,marking  ] GC(56) Concurrent Scan Root Regions
[2025-08-20T00:11:01.975+0000][66][info ][safepoint   ] Safepoint "G1CollectForAllocation", Time since last: 9090202000 ns, Reaching safepoint: 23300 ns, Cleanup: 17700 ns, At safepoint: 48336400 ns, Total: 48377400 ns
[2025-08-20T00:11:01.982+0000][66][info ][gc,marking  ] GC(56) Concurrent Scan Root Regions 7.303ms
[2025-08-20T00:11:01.983+0000][66][info ][gc,marking  ] GC(56) Concurrent Mark
[2025-08-20T00:11:01.985+0000][66][info ][gc,marking  ] GC(56) Concurrent Mark From Roots
[2025-08-20T00:11:01.986+0000][66][info ][gc,task     ] GC(56) Using 1 workers of 1 for marking
[2025-08-20T00:11:02.164+0000][66][info ][gc,marking  ] GC(56) Concurrent Mark From Roots 179.731ms
[2025-08-20T00:11:02.166+0000][66][info ][gc,marking  ] GC(56) Concurrent Preclean
[2025-08-20T00:11:02.168+0000][66][info ][gc,marking  ] GC(56) Concurrent Preclean 2.394ms
[2025-08-20T00:11:02.206+0000][66][info ][gc,start    ] GC(56) Pause Remark
[2025-08-20T00:11:02.510+0000][66][info ][gc,mmu      ] GC(56) MMU target violated: 201.0ms (200.0ms/201.0ms)
[2025-08-20T00:11:02.512+0000][66][info ][gc          ] GC(56) Pause Remark 84M->84M(512M) 306.260ms
[2025-08-20T00:11:02.513+0000][66][info ][gc,cpu      ] GC(56) User=0.39s Sys=0.06s Real=0.30s
[2025-08-20T00:11:02.523+0000][66][info ][safepoint   ] Safepoint "G1PauseRemark", Time since last: 232090300 ns, Reaching safepoint: 174100 ns, Cleanup: 17600 ns, At safepoint: 316966200 ns, Total: 317157900 ns
[2025-08-20T00:11:02.525+0000][66][info ][gc,marking  ] GC(56) Concurrent Mark 541.407ms
[2025-08-20T00:11:02.528+0000][66][info ][gc,marking  ] GC(56) Concurrent Rebuild Remembered Sets and Scrub Regions
[2025-08-20T00:11:02.673+0000][66][info ][gc,marking  ] GC(56) Concurrent Rebuild Remembered Sets and Scrub Regions 144.416ms
[2025-08-20T00:11:02.675+0000][66][info ][gc,start    ] GC(56) Pause Cleanup
[2025-08-20T00:11:02.677+0000][66][info ][gc          ] GC(56) Pause Cleanup 84M->84M(512M) 1.830ms
[2025-08-20T00:11:02.678+0000][66][info ][gc,cpu      ] GC(56) User=0.00s Sys=0.00s Real=0.00s
[2025-08-20T00:11:02.679+0000][66][info ][safepoint   ] Safepoint "G1PauseCleanup", Time since last: 152281700 ns, Reaching safepoint: 25000 ns, Cleanup: 23600 ns, At safepoint: 4087700 ns, Total: 4136300 ns
[2025-08-20T00:11:02.680+0000][66][info ][gc,marking  ] GC(56) Concurrent Clear Claimed Marks
[2025-08-20T00:11:02.682+0000][66][info ][gc,marking  ] GC(56) Concurrent Clear Claimed Marks 1.669ms
[2025-08-20T00:11:02.683+0000][66][info ][gc,marking  ] GC(56) Concurrent Cleanup for Next Mark
[2025-08-20T00:11:02.685+0000][66][info ][gc,marking  ] GC(56) Concurrent Cleanup for Next Mark 2.269ms
[2025-08-20T00:11:02.687+0000][66][info ][gc          ] GC(56) Concurrent Mark Cycle 720.481ms
[2025-08-20T00:11:32.226+0000][66][info ][gc,start    ] GC(57) Pause Young (Prepare Mixed) (G1 Evacuation Pause)
[2025-08-20T00:11:33.379+0000][66][info ][gc,task     ] GC(57) Using 2 workers of 2 for evacuation
[2025-08-20T00:11:33.383+0000][66][debug][gc,age      ] GC(57) Desired survivor size 2097152 bytes, new threshold 15 (max threshold 15)
[2025-08-20T00:11:33.405+0000][66][info ][gc,phases   ] GC(57)   Pre Evacuate Collection Set: 0.41ms
[2025-08-20T00:11:33.407+0000][66][info ][gc,phases   ] GC(57)   Merge Heap Roots: 0.47ms
[2025-08-20T00:11:33.408+0000][66][info ][gc,phases   ] GC(57)   Evacuate Collection Set: 11.64ms
[2025-08-20T00:11:33.410+0000][66][info ][gc,phases   ] GC(57)   Post Evacuate Collection Set: 4.13ms
[2025-08-20T00:11:33.413+0000][66][info ][gc,phases   ] GC(57)   Other: 8.95ms
[2025-08-20T00:11:33.416+0000][66][trace][gc,age      ] GC(57) Age table with threshold 15 (max threshold 15)
[2025-08-20T00:11:33.419+0000][66][trace][gc,age      ] GC(57) - age   1:    2711744 bytes,    2711744 total
[2025-08-20T00:11:33.422+0000][66][trace][gc,age      ] GC(57) - age   2:      38880 bytes,    2750624 total
[2025-08-20T00:11:33.425+0000][66][info ][gc,heap     ] GC(57) Eden regions: 5->0(5)
[2025-08-20T00:11:33.427+0000][66][info ][gc,heap     ] GC(57) Survivor regions: 1->1(1)
[2025-08-20T00:11:33.430+0000][66][info ][gc,heap     ] GC(57) Old regions: 21->21
[2025-08-20T00:11:33.432+0000][66][info ][gc,heap     ] GC(57) Humongous regions: 0->0
[2025-08-20T00:11:33.434+0000][66][info ][gc,metaspace] GC(57) Metaspace: 141837K(145664K)->141837K(145664K) NonClass: 122569K(124096K)->122569K(124096K) Class: 19268K(21568K)->19268K(21568K)
[2025-08-20T00:11:33.436+0000][66][info ][gc          ] GC(57) Pause Young (Prepare Mixed) (G1 Evacuation Pause) 103M->85M(512M) 1209.957ms
[2025-08-20T00:11:33.438+0000][66][info ][gc,cpu      ] GC(57) User=0.00s Sys=0.02s Real=1.21s
[2025-08-20T00:11:33.441+0000][66][info ][safepoint   ] Safepoint "G1CollectForAllocation", Time since last: 29775188700 ns, Reaching safepoint: 137500 ns, Cleanup: 231600 ns, At safepoint: 1214602400 ns, Total: 1214971500 ns
[2025-08-20T00:11:37.451+0000][66][info ][safepoint   ] Safepoint "Cleanup", Time since last: 4010190800 ns, Reaching safepoint: 186900 ns, Cleanup: 30000 ns, At safepoint: 72700 ns, Total: 289600 ns
[2025-08-20T00:11:43.412+0000][66][info ][safepoint   ] Safepoint "Cleanup", Time since last: 5960447700 ns, Reaching safepoint: 108700 ns, Cleanup: 47000 ns, At safepoint: 72100 ns, Total: 227800 ns
[2025-08-20T00:11:44.090+0000][66][info ][gc,start    ] GC(58) Pause Young (Mixed) (G1 Evacuation Pause)
[2025-08-20T00:11:44.093+0000][66][info ][gc,task     ] GC(58) Using 2 workers of 2 for evacuation
[2025-08-20T00:11:44.096+0000][66][debug][gc,age      ] GC(58) Desired survivor size 2097152 bytes, new threshold 1 (max threshold 15)
[2025-08-20T00:11:44.212+0000][66][info ][gc,phases   ] GC(58)   Pre Evacuate Collection Set: 0.40ms
[2025-08-20T00:11:44.237+0000][66][info ][gc,phases   ] GC(58)   Merge Heap Roots: 0.27ms
[2025-08-20T00:11:44.255+0000][66][info ][gc,phases   ] GC(58)   Evacuate Collection Set: 70.67ms
[2025-08-20T00:11:44.256+0000][66][info ][gc,phases   ] GC(58)   Post Evacuate Collection Set: 31.83ms
[2025-08-20T00:11:44.258+0000][66][info ][gc,phases   ] GC(58)   Other: 15.73ms
[2025-08-20T00:11:44.260+0000][66][trace][gc,age      ] GC(58) Age table with threshold 1 (max threshold 15)
[2025-08-20T00:11:44.262+0000][66][trace][gc,age      ] GC(58) - age   1:    2026472 bytes,    2026472 total
[2025-08-20T00:11:44.263+0000][66][info ][gc,heap     ] GC(58) Eden regions: 5->0(5)
[2025-08-20T00:11:44.266+0000][66][info ][gc,heap     ] GC(58) Survivor regions: 1->1(1)
[2025-08-20T00:11:44.272+0000][66][info ][gc,heap     ] GC(58) Old regions: 21->21
[2025-08-20T00:11:44.274+0000][66][info ][gc,heap     ] GC(58) Humongous regions: 0->0
[2025-08-20T00:11:44.276+0000][66][info ][gc,metaspace] GC(58) Metaspace: 141842K(145664K)->141842K(145664K) NonClass: 122574K(124096K)->122574K(124096K) Class: 19268K(21568K)->19268K(21568K)
[2025-08-20T00:11:44.280+0000][66][info ][gc          ] GC(58) Pause Young (Mixed) (G1 Evacuation Pause) 105M->84M(512M) 190.084ms
[2025-08-20T00:11:44.284+0000][66][info ][gc,cpu      ] GC(58) User=0.04s Sys=0.05s Real=0.19s
[2025-08-20T00:11:44.296+0000][66][info ][safepoint   ] Safepoint "G1CollectForAllocation", Time since last: 677439400 ns, Reaching safepoint: 88000 ns, Cleanup: 19000 ns, At safepoint: 206843200 ns, Total: 206950200 ns
[2025-08-20T00:11:45.760+0000][66][info ][safepoint   ] Safepoint "Cleanup", Time since last: 1463999200 ns, Reaching safepoint: 44200 ns, Cleanup: 18000 ns, At safepoint: 26500 ns, Total: 88700 ns
[2025-08-20T00:11:52.422+0000][66][info ][gc,start    ] GC(59) Pause Young (Concurrent Start) (G1 Evacuation Pause)
[2025-08-20T00:11:53.130+0000][66][info ][gc,task     ] GC(59) Using 2 workers of 2 for evacuation
[2025-08-20T00:11:53.131+0000][66][debug][gc,age      ] GC(59) Desired survivor size 2097152 bytes, new threshold 15 (max threshold 15)
[2025-08-20T00:11:53.150+0000][66][info ][gc,phases   ] GC(59)   Pre Evacuate Collection Set: 0.89ms
[2025-08-20T00:11:53.151+0000][66][info ][gc,phases   ] GC(59)   Merge Heap Roots: 0.50ms
[2025-08-20T00:11:53.152+0000][66][info ][gc,phases   ] GC(59)   Evacuate Collection Set: 12.89ms
[2025-08-20T00:11:53.154+0000][66][info ][gc,phases   ] GC(59)   Post Evacuate Collection Set: 2.62ms
[2025-08-20T00:11:53.155+0000][66][info ][gc,phases   ] GC(59)   Other: 3.78ms
[2025-08-20T00:11:53.156+0000][66][trace][gc,age      ] GC(59) Age table with threshold 15 (max threshold 15)
[2025-08-20T00:11:53.157+0000][66][trace][gc,age      ] GC(59) - age   1:    2558616 bytes,    2558616 total
[2025-08-20T00:11:53.159+0000][66][trace][gc,age      ] GC(59) - age   2:     250200 bytes,    2808816 total
[2025-08-20T00:11:53.162+0000][66][info ][gc,heap     ] GC(59) Eden regions: 5->0(5)
[2025-08-20T00:11:53.164+0000][66][info ][gc,heap     ] GC(59) Survivor regions: 1->1(1)
[2025-08-20T00:11:53.166+0000][66][info ][gc,heap     ] GC(59) Old regions: 21->21
[2025-08-20T00:11:53.167+0000][66][info ][gc,heap     ] GC(59) Humongous regions: 0->0
[2025-08-20T00:11:53.169+0000][66][info ][gc,metaspace] GC(59) Metaspace: 141847K(145664K)->141847K(145664K) NonClass: 122578K(124096K)->122578K(124096K) Class: 19268K(21568K)->19268K(21568K)
[2025-08-20T00:11:53.172+0000][66][info ][gc          ] GC(59) Pause Young (Concurrent Start) (G1 Evacuation Pause) 104M->85M(512M) 750.755ms
[2025-08-20T00:11:53.176+0000][66][info ][gc,cpu      ] GC(59) User=0.01s Sys=0.01s Real=0.75s
[2025-08-20T00:11:53.176+0000][66][info ][gc          ] GC(60) Concurrent Mark Cycle
[2025-08-20T00:11:53.185+0000][66][info ][gc,marking  ] GC(60) Concurrent Scan Root Regions
[2025-08-20T00:11:53.196+0000][66][info ][safepoint   ] Safepoint "G1CollectForAllocation", Time since last: 6488586500 ns, Reaching safepoint: 39800 ns, Cleanup: 19800 ns, At safepoint: 774549100 ns, Total: 774608700 ns
[2025-08-20T00:11:53.198+0000][66][info ][gc,marking  ] GC(60) Concurrent Scan Root Regions 13.774ms
[2025-08-20T00:11:53.204+0000][66][info ][gc,marking  ] GC(60) Concurrent Mark
[2025-08-20T00:11:53.206+0000][66][info ][gc,marking  ] GC(60) Concurrent Mark From Roots
[2025-08-20T00:11:53.207+0000][66][info ][gc,task     ] GC(60) Using 1 workers of 1 for marking
[2025-08-20T00:11:53.385+0000][66][info ][gc,marking  ] GC(60) Concurrent Mark From Roots 178.526ms
[2025-08-20T00:11:53.516+0000][66][info ][gc,marking  ] GC(60) Concurrent Preclean
[2025-08-20T00:11:53.702+0000][66][info ][gc,marking  ] GC(60) Concurrent Preclean 185.403ms
[2025-08-20T00:11:53.907+0000][66][info ][gc,start    ] GC(60) Pause Remark
[2025-08-20T00:11:54.039+0000][66][info ][gc          ] GC(60) Pause Remark 87M->87M(512M) 132.619ms
[2025-08-20T00:11:54.045+0000][66][info ][gc,cpu      ] GC(60) User=0.12s Sys=0.00s Real=0.14s
[2025-08-20T00:11:54.051+0000][66][info ][safepoint   ] Safepoint "G1PauseRemark", Time since last: 649925700 ns, Reaching safepoint: 59365100 ns, Cleanup: 23100 ns, At safepoint: 145582400 ns, Total: 204970600 ns
[2025-08-20T00:11:54.056+0000][66][info ][gc,marking  ] GC(60) Concurrent Mark 851.769ms
[2025-08-20T00:11:54.064+0000][66][info ][gc,marking  ] GC(60) Concurrent Rebuild Remembered Sets and Scrub Regions
[2025-08-20T00:11:54.421+0000][66][info ][gc,marking  ] GC(60) Concurrent Rebuild Remembered Sets and Scrub Regions 357.325ms
[2025-08-20T00:11:54.424+0000][66][info ][gc,start    ] GC(60) Pause Cleanup
[2025-08-20T00:11:54.436+0000][66][info ][gc          ] GC(60) Pause Cleanup 89M->89M(512M) 12.486ms
[2025-08-20T00:11:54.439+0000][66][info ][gc,cpu      ] GC(60) User=0.00s Sys=0.00s Real=0.01s
[2025-08-20T00:11:54.444+0000][66][info ][safepoint   ] Safepoint "G1PauseCleanup", Time since last: 372033500 ns, Reaching safepoint: 76800 ns, Cleanup: 151700 ns, At safepoint: 21043700 ns, Total: 21272200 ns
[2025-08-20T00:11:54.446+0000][66][info ][gc,marking  ] GC(60) Concurrent Clear Claimed Marks
[2025-08-20T00:11:54.448+0000][66][info ][gc,marking  ] GC(60) Concurrent Clear Claimed Marks 1.956ms
[2025-08-20T00:11:54.450+0000][66][info ][gc,marking  ] GC(60) Concurrent Cleanup for Next Mark
[2025-08-20T00:11:54.455+0000][66][info ][gc,marking  ] GC(60) Concurrent Cleanup for Next Mark 4.987ms
[2025-08-20T00:11:54.457+0000][66][info ][gc          ] GC(60) Concurrent Mark Cycle 1280.780ms
[2025-08-20T00:12:12.282+0000][66][info ][gc,start    ] GC(61) Pause Young (Prepare Mixed) (G1 Evacuation Pause)
[2025-08-20T00:12:12.284+0000][66][info ][gc,task     ] GC(61) Using 2 workers of 2 for evacuation
[2025-08-20T00:12:12.285+0000][66][debug][gc,age      ] GC(61) Desired survivor size 2097152 bytes, new threshold 1 (max threshold 15)
[2025-08-20T00:12:12.309+0000][66][info ][gc,phases   ] GC(61)   Pre Evacuate Collection Set: 1.65ms
[2025-08-20T00:12:12.311+0000][66][info ][gc,phases   ] GC(61)   Merge Heap Roots: 0.63ms
[2025-08-20T00:12:12.312+0000][66][info ][gc,phases   ] GC(61)   Evacuate Collection Set: 15.89ms
[2025-08-20T00:12:12.314+0000][66][info ][gc,phases   ] GC(61)   Post Evacuate Collection Set: 3.76ms
[2025-08-20T00:12:12.314+0000][66][info ][gc,phases   ] GC(61)   Other: 3.22ms
[2025-08-20T00:12:12.316+0000][66][trace][gc,age      ] GC(61) Age table with threshold 1 (max threshold 15)
[2025-08-20T00:12:12.317+0000][66][trace][gc,age      ] GC(61) - age   1:    2114632 bytes,    2114632 total
[2025-08-20T00:12:12.318+0000][66][info ][gc,heap     ] GC(61) Eden regions: 5->0(5)
[2025-08-20T00:12:12.319+0000][66][info ][gc,heap     ] GC(61) Survivor regions: 1->1(1)
[2025-08-20T00:12:12.322+0000][66][info ][gc,heap     ] GC(61) Old regions: 21->21
[2025-08-20T00:12:12.324+0000][66][info ][gc,heap     ] GC(61) Humongous regions: 0->0
[2025-08-20T00:12:12.325+0000][66][info ][gc,metaspace] GC(61) Metaspace: 141863K(145664K)->141863K(145664K) NonClass: 122594K(124096K)->122594K(124096K) Class: 19269K(21568K)->19269K(21568K)
[2025-08-20T00:12:12.327+0000][66][info ][gc          ] GC(61) Pause Young (Prepare Mixed) (G1 Evacuation Pause) 105M->86M(512M) 44.478ms
[2025-08-20T00:12:12.329+0000][66][info ][gc,cpu      ] GC(61) User=0.01s Sys=0.01s Real=0.04s
[2025-08-20T00:12:12.342+0000][66][info ][safepoint   ] Safepoint "G1CollectForAllocation", Time since last: 17837790100 ns, Reaching safepoint: 57400 ns, Cleanup: 22100 ns, At safepoint: 59737400 ns, Total: 59816900 ns
[2025-08-20T00:12:34.253+0000][66][info ][gc,start    ] GC(62) Pause Young (Mixed) (G1 Evacuation Pause)
[2025-08-20T00:12:34.724+0000][66][info ][gc,task     ] GC(62) Using 2 workers of 2 for evacuation
[2025-08-20T00:12:34.727+0000][66][debug][gc,age      ] GC(62) Desired survivor size 2097152 bytes, new threshold 1 (max threshold 15)
[2025-08-20T00:12:35.697+0000][66][info ][gc,mmu      ] GC(62) MMU target violated: 201.0ms (200.0ms/201.0ms)
[2025-08-20T00:12:35.705+0000][66][info ][gc,phases   ] GC(62)   Pre Evacuate Collection Set: 0.71ms
[2025-08-20T00:12:35.708+0000][66][info ][gc,phases   ] GC(62)   Merge Heap Roots: 0.41ms
[2025-08-20T00:12:35.711+0000][66][info ][gc,phases   ] GC(62)   Evacuate Collection Set: 964.05ms
[2025-08-20T00:12:35.713+0000][66][info ][gc,phases   ] GC(62)   Post Evacuate Collection Set: 2.30ms
[2025-08-20T00:12:35.714+0000][66][info ][gc,phases   ] GC(62)   Other: 13.91ms
[2025-08-20T00:12:35.716+0000][66][trace][gc,age      ] GC(62) Age table with threshold 1 (max threshold 15)
[2025-08-20T00:12:35.718+0000][66][trace][gc,age      ] GC(62) - age   1:     681512 bytes,     681512 total
[2025-08-20T00:12:35.719+0000][66][info ][gc,heap     ] GC(62) Eden regions: 5->0(5)
[2025-08-20T00:12:35.721+0000][66][info ][gc,heap     ] GC(62) Survivor regions: 1->1(1)
[2025-08-20T00:12:35.723+0000][66][info ][gc,heap     ] GC(62) Old regions: 21->21
[2025-08-20T00:12:35.725+0000][66][info ][gc,heap     ] GC(62) Humongous regions: 0->0
[2025-08-20T00:12:35.726+0000][66][info ][gc,metaspace] GC(62) Metaspace: 141907K(145728K)->141907K(145728K) NonClass: 122638K(124160K)->122638K(124160K) Class: 19269K(21568K)->19269K(21568K)
[2025-08-20T00:12:35.727+0000][66][info ][gc          ] GC(62) Pause Young (Mixed) (G1 Evacuation Pause) 105M->83M(512M) 1474.044ms
[2025-08-20T00:12:35.728+0000][66][info ][gc,cpu      ] GC(62) User=1.59s Sys=0.29s Real=1.48s
[2025-08-20T00:12:35.730+0000][66][info ][safepoint   ] Safepoint "G1CollectForAllocation", Time since last: 21945469400 ns, Reaching safepoint: 649100 ns, Cleanup: 18100 ns, At safepoint: 1476840700 ns, Total: 1477507900 ns
[2025-08-20T00:12:44.273+0000][66][info ][safepoint   ] Safepoint "Cleanup", Time since last: 8385963300 ns, Reaching safepoint: 154125000 ns, Cleanup: 29900 ns, At safepoint: 2750400 ns, Total: 156905300 ns
[2025-08-20T00:12:48.211+0000][66][info ][gc,start    ] GC(63) Pause Young (Concurrent Start) (G1 Evacuation Pause)
[2025-08-20T00:12:48.213+0000][66][info ][gc,task     ] GC(63) Using 2 workers of 2 for evacuation
[2025-08-20T00:12:48.217+0000][66][debug][gc,age      ] GC(63) Desired survivor size 2097152 bytes, new threshold 15 (max threshold 15)
[2025-08-20T00:12:48.228+0000][66][info ][gc,phases   ] GC(63)   Pre Evacuate Collection Set: 0.52ms
[2025-08-20T00:12:48.229+0000][66][info ][gc,phases   ] GC(63)   Merge Heap Roots: 0.22ms
[2025-08-20T00:12:48.232+0000][66][info ][gc,phases   ] GC(63)   Evacuate Collection Set: 4.15ms
[2025-08-20T00:12:48.235+0000][66][info ][gc,phases   ] GC(63)   Post Evacuate Collection Set: 2.84ms
[2025-08-20T00:12:48.237+0000][66][info ][gc,phases   ] GC(63)   Other: 6.64ms
[2025-08-20T00:12:48.239+0000][66][trace][gc,age      ] GC(63) Age table with threshold 15 (max threshold 15)
[2025-08-20T00:12:49.514+0000][66][trace][gc,age      ] GC(63) - age   1:     634056 bytes,     634056 total
[2025-08-20T00:12:50.477+0000][66][trace][gc,age      ] GC(63) - age   2:     288376 bytes,     922432 total
[2025-08-20T00:12:51.085+0000][66][info ][gc,heap     ] GC(63) Eden regions: 5->0(7)
[2025-08-20T00:12:51.742+0000][66][info ][gc,heap     ] GC(63) Survivor regions: 1->1(1)
[2025-08-20T00:12:52.175+0000][66][info ][gc,heap     ] GC(63) Old regions: 21->21
[2025-08-20T00:12:52.264+0000][66][info ][gc,heap     ] GC(63) Humongous regions: 0->0
[2025-08-20T00:12:52.266+0000][66][info ][gc,metaspace] GC(63) Metaspace: 141921K(145728K)->141921K(145728K) NonClass: 122651K(124160K)->122651K(124160K) Class: 19269K(21568K)->19269K(21568K)
[2025-08-20T00:12:52.268+0000][66][info ][gc          ] GC(63) Pause Young (Concurrent Start) (G1 Evacuation Pause) 103M->84M(512M) 4057.644ms
[2025-08-20T00:12:52.270+0000][66][info ][gc,cpu      ] GC(63) User=0.01s Sys=0.03s Real=4.06s
[2025-08-20T00:12:52.270+0000][66][info ][gc          ] GC(64) Concurrent Mark Cycle
[2025-08-20T00:12:52.280+0000][66][info ][gc,marking  ] GC(64) Concurrent Scan Root Regions
[2025-08-20T00:12:52.280+0000][66][info ][safepoint   ] Safepoint "G1CollectForAllocation", Time since last: 4081858000 ns, Reaching safepoint: 72000 ns, Cleanup: 9600 ns, At safepoint: 4069305000 ns, Total: 4069386600 ns
[2025-08-20T00:12:52.662+0000][66][info ][gc,marking  ] GC(64) Concurrent Scan Root Regions 381.163ms
[2025-08-20T00:12:53.806+0000][66][info ][gc,marking  ] GC(64) Concurrent Mark
[2025-08-20T00:12:54.003+0000][66][info ][gc,marking  ] GC(64) Concurrent Mark From Roots
[2025-08-20T00:12:54.213+0000][66][info ][gc,task     ] GC(64) Using 1 workers of 1 for marking
[2025-08-20T00:12:54.652+0000][66][info ][gc,marking  ] GC(64) Concurrent Mark From Roots 649.035ms
[2025-08-20T00:12:55.167+0000][66][info ][gc,marking  ] GC(64) Concurrent Preclean
[2025-08-20T00:12:55.213+0000][66][info ][gc,marking  ] GC(64) Concurrent Preclean 46.837ms
[2025-08-20T00:12:55.345+0000][66][info ][gc,start    ] GC(64) Pause Remark
[2025-08-20T00:12:56.922+0000][66][info ][gc,mmu      ] GC(64) MMU target violated: 201.0ms (200.0ms/201.0ms)
[2025-08-20T00:12:57.002+0000][66][info ][gc          ] GC(64) Pause Remark 95M->95M(512M) 1656.829ms
[2025-08-20T00:12:57.003+0000][66][info ][gc,cpu      ] GC(64) User=1.91s Sys=0.59s Real=1.66s
[2025-08-20T00:12:57.051+0000][66][info ][safepoint   ] Safepoint "G1PauseRemark", Time since last: 3063827500 ns, Reaching safepoint: 939600 ns, Cleanup: 21400 ns, At safepoint: 1706249900 ns, Total: 1707210900 ns
[2025-08-20T00:12:57.053+0000][66][info ][gc,marking  ] GC(64) Concurrent Mark 3247.262ms
[2025-08-20T00:12:57.055+0000][66][info ][gc,marking  ] GC(64) Concurrent Rebuild Remembered Sets and Scrub Regions
[2025-08-20T00:12:57.219+0000][66][info ][gc,marking  ] GC(64) Concurrent Rebuild Remembered Sets and Scrub Regions 163.701ms
[2025-08-20T00:12:57.683+0000][66][info ][gc,start    ] GC(64) Pause Cleanup
[2025-08-20T00:12:57.882+0000][66][info ][gc          ] GC(64) Pause Cleanup 96M->96M(512M) 198.927ms
[2025-08-20T00:12:57.884+0000][66][info ][gc,cpu      ] GC(64) User=0.00s Sys=0.01s Real=0.20s
[2025-08-20T00:12:57.890+0000][66][info ][safepoint   ] Safepoint "G1PauseCleanup", Time since last: 630381700 ns, Reaching safepoint: 33200 ns, Cleanup: 1771700 ns, At safepoint: 207185200 ns, Total: 208990100 ns
[2025-08-20T00:12:57.893+0000][66][info ][gc,marking  ] GC(64) Concurrent Clear Claimed Marks
[2025-08-20T00:12:57.897+0000][66][info ][gc,marking  ] GC(64) Concurrent Clear Claimed Marks 3.462ms
[2025-08-20T00:12:57.898+0000][66][info ][gc,marking  ] GC(64) Concurrent Cleanup for Next Mark
[2025-08-20T00:12:57.901+0000][66][info ][gc,marking  ] GC(64) Concurrent Cleanup for Next Mark 2.630ms
[2025-08-20T00:12:57.907+0000][66][info ][gc          ] GC(64) Concurrent Mark Cycle 5636.619ms
[2025-08-20T00:13:00.803+0000][66][info ][gc,start    ] GC(65) Pause Young (Prepare Mixed) (G1 Evacuation Pause)
[2025-08-20T00:13:00.927+0000][66][info ][gc,task     ] GC(65) Using 2 workers of 2 for evacuation
[2025-08-20T00:13:00.929+0000][66][debug][gc,age      ] GC(65) Desired survivor size 2097152 bytes, new threshold 15 (max threshold 15)
[2025-08-20T00:13:00.959+0000][66][info ][gc,phases   ] GC(65)   Pre Evacuate Collection Set: 0.36ms
[2025-08-20T00:13:00.962+0000][66][info ][gc,phases   ] GC(65)   Merge Heap Roots: 0.74ms
[2025-08-20T00:13:00.964+0000][66][info ][gc,phases   ] GC(65)   Evacuate Collection Set: 22.11ms
[2025-08-20T00:13:00.968+0000][66][info ][gc,phases   ] GC(65)   Post Evacuate Collection Set: 3.81ms
[2025-08-20T00:13:00.971+0000][66][info ][gc,phases   ] GC(65)   Other: 5.66ms
[2025-08-20T00:13:00.975+0000][66][trace][gc,age      ] GC(65) Age table with threshold 15 (max threshold 15)
[2025-08-20T00:13:00.977+0000][66][trace][gc,age      ] GC(65) - age   1:    1496752 bytes,    1496752 total
[2025-08-20T00:13:00.979+0000][66][trace][gc,age      ] GC(65) - age   2:     309392 bytes,    1806144 total
[2025-08-20T00:13:00.982+0000][66][trace][gc,age      ] GC(65) - age   3:     269832 bytes,    2075976 total
[2025-08-20T00:13:00.987+0000][66][info ][gc,heap     ] GC(65) Eden regions: 5->0(5)
[2025-08-20T00:13:00.992+0000][66][info ][gc,heap     ] GC(65) Survivor regions: 1->1(1)
[2025-08-20T00:13:00.996+0000][66][info ][gc,heap     ] GC(65) Old regions: 21->21
[2025-08-20T00:13:00.998+0000][66][info ][gc,heap     ] GC(65) Humongous regions: 0->0
[2025-08-20T00:13:01.002+0000][66][info ][gc,metaspace] GC(65) Metaspace: 141932K(145728K)->141932K(145728K) NonClass: 122661K(124160K)->122661K(124160K) Class: 19270K(21568K)->19270K(21568K)
[2025-08-20T00:13:01.005+0000][66][info ][gc          ] GC(65) Pause Young (Prepare Mixed) (G1 Evacuation Pause) 104M->85M(512M) 202.579ms
[2025-08-20T00:13:01.007+0000][66][info ][gc,cpu      ] GC(65) User=0.03s Sys=0.01s Real=0.20s
[2025-08-20T00:13:01.017+0000][66][info ][safepoint   ] Safepoint "G1CollectForAllocation", Time since last: 2912250600 ns, Reaching safepoint: 100400 ns, Cleanup: 13900 ns, At safepoint: 213931800 ns, Total: 214046100 ns
[2025-08-20T00:13:02.699+0000][66][info ][safepoint   ] Safepoint "Cleanup", Time since last: 1682073800 ns, Reaching safepoint: 34800 ns, Cleanup: 22400 ns, At safepoint: 72900 ns, Total: 130100 ns
[2025-08-20T00:13:03.701+0000][66][info ][safepoint   ] Safepoint "Cleanup", Time since last: 1002382200 ns, Reaching safepoint: 28200 ns, Cleanup: 23200 ns, At safepoint: 35500 ns, Total: 86900 ns
[2025-08-20T00:13:03.904+0000][66][info ][gc,start    ] GC(66) Pause Young (Mixed) (G1 Evacuation Pause)
[2025-08-20T00:13:03.911+0000][66][info ][gc,task     ] GC(66) Using 2 workers of 2 for evacuation
[2025-08-20T00:13:03.923+0000][66][debug][gc,age      ] GC(66) Desired survivor size 2097152 bytes, new threshold 15 (max threshold 15)
[2025-08-20T00:13:04.034+0000][66][info ][gc,phases   ] GC(66)   Pre Evacuate Collection Set: 3.66ms
[2025-08-20T00:13:04.036+0000][66][info ][gc,phases   ] GC(66)   Merge Heap Roots: 5.13ms
[2025-08-20T00:13:04.039+0000][66][info ][gc,phases   ] GC(66)   Evacuate Collection Set: 80.64ms
[2025-08-20T00:13:04.045+0000][66][info ][gc,phases   ] GC(66)   Post Evacuate Collection Set: 11.42ms
[2025-08-20T00:13:04.047+0000][66][info ][gc,phases   ] GC(66)   Other: 24.01ms
[2025-08-20T00:13:04.050+0000][66][trace][gc,age      ] GC(66) Age table with threshold 15 (max threshold 15)
[2025-08-20T00:13:04.051+0000][66][trace][gc,age      ] GC(66) - age   1:    2185512 bytes,    2185512 total
[2025-08-20T00:13:04.052+0000][66][trace][gc,age      ] GC(66) - age   2:     459536 bytes,    2645048 total
[2025-08-20T00:13:04.054+0000][66][trace][gc,age      ] GC(66) - age   3:     308096 bytes,    2953144 total
[2025-08-20T00:13:04.055+0000][66][trace][gc,age      ] GC(66) - age   4:     138744 bytes,    3091888 total
[2025-08-20T00:13:04.056+0000][66][info ][gc,heap     ] GC(66) Eden regions: 5->0(8)
[2025-08-20T00:13:04.058+0000][66][info ][gc,heap     ] GC(66) Survivor regions: 1->1(1)
[2025-08-20T00:13:04.060+0000][66][info ][gc,heap     ] GC(66) Old regions: 21->21
[2025-08-20T00:13:04.061+0000][66][info ][gc,heap     ] GC(66) Humongous regions: 0->0
[2025-08-20T00:13:04.065+0000][66][info ][gc,metaspace] GC(66) Metaspace: 141933K(145728K)->141933K(145728K) NonClass: 122663K(124160K)->122663K(124160K) Class: 19270K(21568K)->19270K(21568K)
[2025-08-20T00:13:04.067+0000][66][info ][gc          ] GC(66) Pause Young (Mixed) (G1 Evacuation Pause) 105M->85M(512M) 163.694ms
[2025-08-20T00:13:04.072+0000][66][info ][gc,cpu      ] GC(66) User=0.05s Sys=0.04s Real=0.17s
[2025-08-20T00:13:04.092+0000][66][info ][safepoint   ] Safepoint "G1CollectForAllocation", Time since last: 180502800 ns, Reaching safepoint: 13988100 ns, Cleanup: 5558000 ns, At safepoint: 191198400 ns, Total: 210744500 ns
[2025-08-20T00:13:05.547+0000][66][info ][safepoint   ] Safepoint "Cleanup", Time since last: 1451841600 ns, Reaching safepoint: 1006500 ns, Cleanup: 23800 ns, At safepoint: 1448300 ns, Total: 2478600 ns
[2025-08-20T00:13:13.215+0000][66][info ][safepoint   ] Safepoint "Cleanup", Time since last: 7667770300 ns, Reaching safepoint: 442700 ns, Cleanup: 32900 ns, At safepoint: 224500 ns, Total: 700100 ns
[2025-08-20T00:13:14.578+0000][66][info ][safepoint   ] Safepoint "Cleanup", Time since last: 1361987300 ns, Reaching safepoint: 574900 ns, Cleanup: 226100 ns, At safepoint: 224400 ns, Total: 1025400 ns
[2025-08-20T00:13:15.716+0000][66][info ][safepoint   ] Safepoint "Cleanup", Time since last: 1005307500 ns, Reaching safepoint: 132316700 ns, Cleanup: 48800 ns, At safepoint: 98200 ns, Total: 132463700 ns
[2025-08-20T00:13:17.790+0000][66][info ][safepoint   ] Safepoint "Cleanup", Time since last: 2073922000 ns, Reaching safepoint: 30200 ns, Cleanup: 311900 ns, At safepoint: 157700 ns, Total: 499800 ns
[2025-08-20T00:13:18.871+0000][66][info ][safepoint   ] Safepoint "Cleanup", Time since last: 1008074700 ns, Reaching safepoint: 31300 ns, Cleanup: 28500 ns, At safepoint: 38800 ns, Total: 98600 ns
[2025-08-20T00:13:27.293+0000][66][info ][gc,start    ] GC(67) Pause Young (Concurrent Start) (G1 Evacuation Pause)
[2025-08-20T00:13:27.988+0000][66][info ][gc,task     ] GC(67) Using 2 workers of 2 for evacuation
[2025-08-20T00:13:27.991+0000][66][debug][gc,age      ] GC(67) Desired survivor size 4194304 bytes, new threshold 15 (max threshold 15)
[2025-08-20T00:13:28.011+0000][66][info ][gc,phases   ] GC(67)   Pre Evacuate Collection Set: 0.79ms
[2025-08-20T00:13:28.014+0000][66][info ][gc,phases   ] GC(67)   Merge Heap Roots: 0.60ms
[2025-08-20T00:13:28.015+0000][66][info ][gc,phases   ] GC(67)   Evacuate Collection Set: 13.25ms
[2025-08-20T00:13:28.018+0000][66][info ][gc,phases   ] GC(67)   Post Evacuate Collection Set: 2.41ms
[2025-08-20T00:13:28.020+0000][66][info ][gc,phases   ] GC(67)   Other: 5.53ms
[2025-08-20T00:13:28.022+0000][66][trace][gc,age      ] GC(67) Age table with threshold 15 (max threshold 15)
[2025-08-20T00:13:28.023+0000][66][trace][gc,age      ] GC(67) - age   1:    2446160 bytes,    2446160 total
[2025-08-20T00:13:28.026+0000][66][trace][gc,age      ] GC(67) - age   2:    1512376 bytes,    3958536 total
[2025-08-20T00:13:28.028+0000][66][trace][gc,age      ] GC(67) - age   3:     325688 bytes,    4284224 total
[2025-08-20T00:13:28.032+0000][66][trace][gc,age      ] GC(67) - age   4:     308096 bytes,    4592320 total
[2025-08-20T00:13:28.034+0000][66][trace][gc,age      ] GC(67) - age   5:       6584 bytes,    4598904 total
[2025-08-20T00:13:28.035+0000][66][info ][gc,heap     ] GC(67) Eden regions: 9->0(10)
[2025-08-20T00:13:28.037+0000][66][info ][gc,heap     ] GC(67) Survivor regions: 1->2(2)
[2025-08-20T00:13:28.038+0000][66][info ][gc,heap     ] GC(67) Old regions: 21->21
[2025-08-20T00:13:28.042+0000][66][info ][gc,heap     ] GC(67) Humongous regions: 0->0
[2025-08-20T00:13:28.044+0000][66][info ][gc,metaspace] GC(67) Metaspace: 141936K(145728K)->141936K(145728K) NonClass: 122666K(124160K)->122666K(124160K) Class: 19270K(21568K)->19270K(21568K)
[2025-08-20T00:13:28.046+0000][66][info ][gc          ] GC(67) Pause Young (Concurrent Start) (G1 Evacuation Pause) 121M->86M(512M) 752.844ms
[2025-08-20T00:13:28.048+0000][66][info ][gc          ] GC(68) Concurrent Mark Cycle
[2025-08-20T00:13:28.049+0000][66][info ][gc,marking  ] GC(68) Concurrent Scan Root Regions
[2025-08-20T00:13:28.048+0000][66][info ][gc,cpu      ] GC(67) User=0.03s Sys=0.00s Real=0.75s
[2025-08-20T00:13:28.056+0000][66][info ][gc,marking  ] GC(68) Concurrent Scan Root Regions 7.413ms
[2025-08-20T00:13:28.064+0000][66][info ][gc,marking  ] GC(68) Concurrent Mark
[2025-08-20T00:13:28.070+0000][66][info ][safepoint   ] Safepoint "G1CollectForAllocation", Time since last: 7609203900 ns, Reaching safepoint: 812518800 ns, Cleanup: 23300 ns, At safepoint: 776591600 ns, Total: 1589133700 ns
[2025-08-20T00:13:28.292+0000][66][info ][gc,marking  ] GC(68) Concurrent Mark From Roots
[2025-08-20T00:13:30.270+0000][66][info ][gc,task     ] GC(68) Using 1 workers of 1 for marking
[2025-08-20T00:13:30.726+0000][66][info ][gc,marking  ] GC(68) Concurrent Mark From Roots 2435.026ms
[2025-08-20T00:13:30.934+0000][66][info ][gc,marking  ] GC(68) Concurrent Preclean
[2025-08-20T00:13:30.937+0000][66][info ][gc,marking  ] GC(68) Concurrent Preclean 3.370ms
[2025-08-20T00:13:30.939+0000][66][info ][gc,start    ] GC(68) Pause Remark
[2025-08-20T00:13:31.296+0000][66][info ][gc,mmu      ] GC(68) MMU target violated: 201.0ms (200.0ms/201.0ms)
[2025-08-20T00:13:31.385+0000][66][info ][gc          ] GC(68) Pause Remark 96M->96M(512M) 446.630ms
[2025-08-20T00:13:32.080+0000][66][info ][gc,cpu      ] GC(68) User=0.60s Sys=0.00s Real=1.14s
[2025-08-20T00:13:32.293+0000][66][info ][safepoint   ] Safepoint "G1PauseRemark", Time since last: 2868963000 ns, Reaching safepoint: 26400 ns, Cleanup: 14500 ns, At safepoint: 1354239100 ns, Total: 1354280000 ns
[2025-08-20T00:13:32.298+0000][66][info ][gc,marking  ] GC(68) Concurrent Mark 4233.758ms
[2025-08-20T00:13:32.300+0000][66][info ][gc,marking  ] GC(68) Concurrent Rebuild Remembered Sets and Scrub Regions
[2025-08-20T00:13:32.403+0000][66][info ][gc,marking  ] GC(68) Concurrent Rebuild Remembered Sets and Scrub Regions 102.821ms
[2025-08-20T00:13:32.504+0000][66][info ][gc,start    ] GC(68) Pause Cleanup
[2025-08-20T00:13:32.507+0000][66][info ][gc          ] GC(68) Pause Cleanup 97M->97M(512M) 3.337ms
[2025-08-20T00:13:32.509+0000][66][info ][gc,cpu      ] GC(68) User=0.00s Sys=0.00s Real=0.00s
[2025-08-20T00:13:32.512+0000][66][info ][safepoint   ] Safepoint "G1PauseCleanup", Time since last: 111877900 ns, Reaching safepoint: 98361100 ns, Cleanup: 706100 ns, At safepoint: 7816200 ns, Total: 106883400 ns
[2025-08-20T00:13:32.514+0000][66][info ][gc,marking  ] GC(68) Concurrent Clear Claimed Marks
[2025-08-20T00:13:32.516+0000][66][info ][gc,marking  ] GC(68) Concurrent Clear Claimed Marks 2.174ms
[2025-08-20T00:13:32.519+0000][66][info ][gc,marking  ] GC(68) Concurrent Cleanup for Next Mark
[2025-08-20T00:13:32.522+0000][66][info ][gc,marking  ] GC(68) Concurrent Cleanup for Next Mark 3.578ms
[2025-08-20T00:13:32.524+0000][66][info ][gc          ] GC(68) Concurrent Mark Cycle 4476.560ms
[2025-08-20T00:13:33.384+0000][66][info ][gc,start    ] GC(69) Pause Young (Prepare Mixed) (G1 Evacuation Pause)
[2025-08-20T00:13:33.386+0000][66][info ][gc,task     ] GC(69) Using 2 workers of 2 for evacuation
[2025-08-20T00:13:33.388+0000][66][debug][gc,age      ] GC(69) Desired survivor size 2097152 bytes, new threshold 1 (max threshold 15)
[2025-08-20T00:13:33.408+0000][66][info ][gc,phases   ] GC(69)   Pre Evacuate Collection Set: 1.84ms
[2025-08-20T00:13:33.410+0000][66][info ][gc,phases   ] GC(69)   Merge Heap Roots: 0.49ms
[2025-08-20T00:13:33.413+0000][66][info ][gc,phases   ] GC(69)   Evacuate Collection Set: 11.94ms
[2025-08-20T00:13:33.415+0000][66][info ][gc,phases   ] GC(69)   Post Evacuate Collection Set: 4.01ms
[2025-08-20T00:13:33.418+0000][66][info ][gc,phases   ] GC(69)   Other: 3.35ms
[2025-08-20T00:13:33.420+0000][66][trace][gc,age      ] GC(69) Age table with threshold 1 (max threshold 15)
[2025-08-20T00:13:33.421+0000][66][trace][gc,age      ] GC(69) - age   1:     799856 bytes,     799856 total
[2025-08-20T00:13:33.423+0000][66][info ][gc,heap     ] GC(69) Eden regions: 4->0(5)
[2025-08-20T00:13:33.424+0000][66][info ][gc,heap     ] GC(69) Survivor regions: 2->1(1)
[2025-08-20T00:13:33.426+0000][66][info ][gc,heap     ] GC(69) Old regions: 21->22
[2025-08-20T00:13:33.427+0000][66][info ][gc,heap     ] GC(69) Humongous regions: 0->0
[2025-08-20T00:13:33.428+0000][66][info ][gc,metaspace] GC(69) Metaspace: 141936K(145728K)->141936K(145728K) NonClass: 122666K(124160K)->122666K(124160K) Class: 19270K(21568K)->19270K(21568K)
[2025-08-20T00:13:33.430+0000][66][info ][gc          ] GC(69) Pause Young (Prepare Mixed) (G1 Evacuation Pause) 102M->87M(512M) 45.383ms
[2025-08-20T00:13:33.431+0000][66][info ][gc,cpu      ] GC(69) User=0.02s Sys=0.00s Real=0.04s
[2025-08-20T00:13:33.434+0000][66][info ][safepoint   ] Safepoint "G1CollectForAllocation", Time since last: 872646800 ns, Reaching safepoint: 29800 ns, Cleanup: 15300 ns, At safepoint: 49472300 ns, Total: 49517400 ns
[2025-08-20T00:13:53.306+0000][66][info ][gc,start    ] GC(70) Pause Young (Mixed) (G1 Evacuation Pause)
[2025-08-20T00:13:53.311+0000][66][info ][gc,task     ] GC(70) Using 2 workers of 2 for evacuation
[2025-08-20T00:13:53.313+0000][66][debug][gc,age      ] GC(70) Desired survivor size 2097152 bytes, new threshold 15 (max threshold 15)
[2025-08-20T00:13:53.338+0000][66][info ][gc,phases   ] GC(70)   Pre Evacuate Collection Set: 0.95ms
[2025-08-20T00:13:53.340+0000][66][info ][gc,phases   ] GC(70)   Merge Heap Roots: 0.58ms
[2025-08-20T00:13:53.344+0000][66][info ][gc,phases   ] GC(70)   Evacuate Collection Set: 17.66ms
[2025-08-20T00:13:53.346+0000][66][info ][gc,phases   ] GC(70)   Post Evacuate Collection Set: 3.10ms
[2025-08-20T00:13:53.348+0000][66][info ][gc,phases   ] GC(70)   Other: 4.01ms
[2025-08-20T00:13:53.350+0000][66][trace][gc,age      ] GC(70) Age table with threshold 15 (max threshold 15)
[2025-08-20T00:13:53.353+0000][66][trace][gc,age      ] GC(70) - age   1:    2824304 bytes,    2824304 total
[2025-08-20T00:13:53.354+0000][66][trace][gc,age      ] GC(70) - age   2:     312432 bytes,    3136736 total
[2025-08-20T00:13:53.357+0000][66][info ][gc,heap     ] GC(70) Eden regions: 5->0(15)
[2025-08-20T00:13:53.359+0000][66][info ][gc,heap     ] GC(70) Survivor regions: 1->1(1)
[2025-08-20T00:13:53.360+0000][66][info ][gc,heap     ] GC(70) Old regions: 22->22
[2025-08-20T00:13:53.361+0000][66][info ][gc,heap     ] GC(70) Humongous regions: 0->0
[2025-08-20T00:13:53.363+0000][66][info ][gc,metaspace] GC(70) Metaspace: 141936K(145728K)->141936K(145728K) NonClass: 122666K(124160K)->122666K(124160K) Class: 19270K(21568K)->19270K(21568K)
[2025-08-20T00:13:53.365+0000][66][info ][gc          ] GC(70) Pause Young (Mixed) (G1 Evacuation Pause) 107M->87M(512M) 58.540ms
[2025-08-20T00:13:53.367+0000][66][info ][gc,cpu      ] GC(70) User=0.02s Sys=0.01s Real=0.06s
[2025-08-20T00:13:53.373+0000][66][info ][safepoint   ] Safepoint "G1CollectForAllocation", Time since last: 19908877400 ns, Reaching safepoint: 27000 ns, Cleanup: 15400 ns, At safepoint: 67088400 ns, Total: 67130800 ns
[2025-08-20T00:13:55.031+0000][66][info ][safepoint   ] Safepoint "Cleanup", Time since last: 1657790900 ns, Reaching safepoint: 22600 ns, Cleanup: 20500 ns, At safepoint: 102900 ns, Total: 146000 ns
[2025-08-20T00:13:56.053+0000][66][info ][safepoint   ] Safepoint "Cleanup", Time since last: 1021632800 ns, Reaching safepoint: 78000 ns, Cleanup: 31200 ns, At safepoint: 57700 ns, Total: 166900 ns
[2025-08-20T00:14:04.291+0000][66][info ][safepoint   ] Safepoint "Cleanup", Time since last: 8238651800 ns, Reaching safepoint: 29700 ns, Cleanup: 24200 ns, At safepoint: 37700 ns, Total: 91600 ns
[2025-08-20T00:14:06.146+0000][66][info ][safepoint   ] Safepoint "Cleanup", Time since last: 1850312200 ns, Reaching safepoint: 3596200 ns, Cleanup: 178300 ns, At safepoint: 481100 ns, Total: 4255600 ns
[2025-08-20T00:14:16.266+0000][66][info ][safepoint   ] Safepoint "Cleanup", Time since last: 10119249300 ns, Reaching safepoint: 237900 ns, Cleanup: 24600 ns, At safepoint: 71900 ns, Total: 334400 ns
[2025-08-20T00:14:17.706+0000][66][info ][safepoint   ] Safepoint "Cleanup", Time since last: 1439956500 ns, Reaching safepoint: 30300 ns, Cleanup: 23900 ns, At safepoint: 39100 ns, Total: 93300 ns
[2025-08-20T00:14:24.429+0000][66][info ][safepoint   ] Safepoint "Cleanup", Time since last: 6756961700 ns, Reaching safepoint: 29800 ns, Cleanup: 25900 ns, At safepoint: 38000 ns, Total: 93700 ns
[2025-08-20T00:14:43.318+0000][66][info ][gc,start    ] GC(71) Pause Young (Concurrent Start) (G1 Evacuation Pause)
[2025-08-20T00:14:43.321+0000][66][info ][gc,task     ] GC(71) Using 2 workers of 2 for evacuation
[2025-08-20T00:14:43.323+0000][66][debug][gc,age      ] GC(71) Desired survivor size 6291456 bytes, new threshold 15 (max threshold 15)
[2025-08-20T00:14:43.341+0000][66][info ][gc,phases   ] GC(71)   Pre Evacuate Collection Set: 0.65ms
[2025-08-20T00:14:43.343+0000][66][info ][gc,phases   ] GC(71)   Merge Heap Roots: 1.30ms
[2025-08-20T00:14:43.345+0000][66][info ][gc,phases   ] GC(71)   Evacuate Collection Set: 9.01ms
[2025-08-20T00:14:43.349+0000][66][info ][gc,phases   ] GC(71)   Post Evacuate Collection Set: 3.10ms
[2025-08-20T00:14:43.351+0000][66][info ][gc,phases   ] GC(71)   Other: 5.84ms
[2025-08-20T00:14:43.354+0000][66][trace][gc,age      ] GC(71) Age table with threshold 15 (max threshold 15)
[2025-08-20T00:14:43.356+0000][66][trace][gc,age      ] GC(71) - age   1:    3315792 bytes,    3315792 total
[2025-08-20T00:14:43.359+0000][66][trace][gc,age      ] GC(71) - age   2:     487120 bytes,    3802912 total
[2025-08-20T00:14:43.362+0000][66][trace][gc,age      ] GC(71) - age   3:      48560 bytes,    3851472 total
[2025-08-20T00:14:43.364+0000][66][info ][gc,heap     ] GC(71) Eden regions: 16->0(22)
[2025-08-20T00:14:43.366+0000][66][info ][gc,heap     ] GC(71) Survivor regions: 1->1(3)
[2025-08-20T00:14:43.368+0000][66][info ][gc,heap     ] GC(71) Old regions: 22->22
[2025-08-20T00:14:43.370+0000][66][info ][gc,heap     ] GC(71) Humongous regions: 0->0
[2025-08-20T00:14:43.372+0000][66][info ][gc,metaspace] GC(71) Metaspace: 141949K(145792K)->141949K(145792K) NonClass: 122678K(124224K)->122678K(124224K) Class: 19270K(21568K)->19270K(21568K)
[2025-08-20T00:14:43.374+0000][66][info ][gc          ] GC(71) Pause Young (Concurrent Start) (G1 Evacuation Pause) 151M->88M(512M) 56.287ms
[2025-08-20T00:14:43.376+0000][66][info ][gc,cpu      ] GC(71) User=0.01s Sys=0.02s Real=0.06s
[2025-08-20T00:14:43.376+0000][66][info ][gc          ] GC(72) Concurrent Mark Cycle
[2025-08-20T00:14:43.379+0000][66][info ][safepoint   ] Safepoint "G1CollectForAllocation", Time since last: 18889213400 ns, Reaching safepoint: 90400 ns, Cleanup: 12300 ns, At safepoint: 61432000 ns, Total: 61534700 ns
[2025-08-20T00:14:43.391+0000][66][info ][gc,marking  ] GC(72) Concurrent Scan Root Regions
[2025-08-20T00:14:43.402+0000][66][info ][gc,marking  ] GC(72) Concurrent Scan Root Regions 11.580ms
[2025-08-20T00:14:43.405+0000][66][info ][gc,marking  ] GC(72) Concurrent Mark
[2025-08-20T00:14:43.407+0000][66][info ][gc,marking  ] GC(72) Concurrent Mark From Roots
[2025-08-20T00:14:43.409+0000][66][info ][gc,task     ] GC(72) Using 1 workers of 1 for marking
[2025-08-20T00:14:43.631+0000][66][info ][gc,marking  ] GC(72) Concurrent Mark From Roots 223.723ms
[2025-08-20T00:14:43.633+0000][66][info ][gc,marking  ] GC(72) Concurrent Preclean
[2025-08-20T00:14:43.635+0000][66][info ][gc,marking  ] GC(72) Concurrent Preclean 2.085ms
[2025-08-20T00:14:43.637+0000][66][info ][gc,start    ] GC(72) Pause Remark
[2025-08-20T00:14:43.666+0000][66][info ][gc          ] GC(72) Pause Remark 92M->92M(512M) 29.252ms
[2025-08-20T00:14:43.668+0000][66][info ][gc,cpu      ] GC(72) User=0.04s Sys=0.00s Real=0.03s
[2025-08-20T00:14:43.669+0000][66][info ][safepoint   ] Safepoint "G1PauseRemark", Time since last: 257385600 ns, Reaching safepoint: 33800 ns, Cleanup: 24300 ns, At safepoint: 31905500 ns, Total: 31963600 ns
[2025-08-20T00:14:43.671+0000][66][info ][gc,marking  ] GC(72) Concurrent Mark 266.519ms
[2025-08-20T00:14:43.672+0000][66][info ][gc,marking  ] GC(72) Concurrent Rebuild Remembered Sets and Scrub Regions
[2025-08-20T00:14:43.766+0000][66][info ][gc,marking  ] GC(72) Concurrent Rebuild Remembered Sets and Scrub Regions 93.804ms
[2025-08-20T00:14:43.769+0000][66][info ][gc,start    ] GC(72) Pause Cleanup
[2025-08-20T00:14:43.771+0000][66][info ][gc          ] GC(72) Pause Cleanup 92M->92M(512M) 2.385ms
[2025-08-20T00:14:43.773+0000][66][info ][gc,cpu      ] GC(72) User=0.00s Sys=0.00s Real=0.01s
[2025-08-20T00:14:43.775+0000][66][info ][safepoint   ] Safepoint "G1PauseCleanup", Time since last: 99634300 ns, Reaching safepoint: 369700 ns, Cleanup: 99000 ns, At safepoint: 6126400 ns, Total: 6595100 ns
[2025-08-20T00:14:43.777+0000][66][info ][gc,marking  ] GC(72) Concurrent Clear Claimed Marks
[2025-08-20T00:14:43.779+0000][66][info ][gc,marking  ] GC(72) Concurrent Clear Claimed Marks 2.301ms
[2025-08-20T00:14:43.782+0000][66][info ][gc,marking  ] GC(72) Concurrent Cleanup for Next Mark
[2025-08-20T00:14:43.785+0000][66][info ][gc,marking  ] GC(72) Concurrent Cleanup for Next Mark 3.156ms
[2025-08-20T00:14:43.788+0000][66][info ][gc          ] GC(72) Concurrent Mark Cycle 411.132ms
[2025-08-20T00:15:03.288+0000][66][info ][gc,start    ] GC(73) Pause Young (Prepare Mixed) (G1 Evacuation Pause)
[2025-08-20T00:15:03.290+0000][66][info ][gc,task     ] GC(73) Using 2 workers of 2 for evacuation
[2025-08-20T00:15:03.292+0000][66][debug][gc,age      ] GC(73) Desired survivor size 2097152 bytes, new threshold 1 (max threshold 15)
[2025-08-20T00:15:03.308+0000][66][info ][gc,phases   ] GC(73)   Pre Evacuate Collection Set: 0.45ms
[2025-08-20T00:15:03.311+0000][66][info ][gc,phases   ] GC(73)   Merge Heap Roots: 0.47ms
[2025-08-20T00:15:03.312+0000][66][info ][gc,phases   ] GC(73)   Evacuate Collection Set: 10.52ms
[2025-08-20T00:15:03.313+0000][66][info ][gc,phases   ] GC(73)   Post Evacuate Collection Set: 2.26ms
[2025-08-20T00:15:03.315+0000][66][info ][gc,phases   ] GC(73)   Other: 3.50ms
[2025-08-20T00:15:03.316+0000][66][trace][gc,age      ] GC(73) Age table with threshold 1 (max threshold 15)
[2025-08-20T00:15:03.318+0000][66][trace][gc,age      ] GC(73) - age   1:     758488 bytes,     758488 total
[2025-08-20T00:15:03.320+0000][66][info ][gc,heap     ] GC(73) Eden regions: 5->0(5)
[2025-08-20T00:15:03.322+0000][66][info ][gc,heap     ] GC(73) Survivor regions: 1->1(1)
[2025-08-20T00:15:03.324+0000][66][info ][gc,heap     ] GC(73) Old regions: 22->22
[2025-08-20T00:15:03.325+0000][66][info ][gc,heap     ] GC(73) Humongous regions: 0->0
[2025-08-20T00:15:03.327+0000][66][info ][gc,metaspace] GC(73) Metaspace: 141949K(145792K)->141949K(145792K) NonClass: 122678K(124224K)->122678K(124224K) Class: 19270K(21568K)->19270K(21568K)
[2025-08-20T00:15:03.329+0000][66][info ][gc          ] GC(73) Pause Young (Prepare Mixed) (G1 Evacuation Pause) 108M->88M(512M) 40.884ms
[2025-08-20T00:15:03.331+0000][66][info ][gc,cpu      ] GC(73) User=0.02s Sys=0.00s Real=0.04s
[2025-08-20T00:15:03.333+0000][66][info ][safepoint   ] Safepoint "G1CollectForAllocation", Time since last: 19548353800 ns, Reaching safepoint: 79300 ns, Cleanup: 14600 ns, At safepoint: 44560200 ns, Total: 44654100 ns
[2025-08-20T00:15:13.286+0000][66][info ][gc,start    ] GC(74) Pause Young (Mixed) (G1 Evacuation Pause)
[2025-08-20T00:15:13.288+0000][66][info ][gc,task     ] GC(74) Using 2 workers of 2 for evacuation
[2025-08-20T00:15:13.289+0000][66][debug][gc,age      ] GC(74) Desired survivor size 2097152 bytes, new threshold 15 (max threshold 15)
[2025-08-20T00:15:13.312+0000][66][info ][gc,phases   ] GC(74)   Pre Evacuate Collection Set: 0.71ms
[2025-08-20T00:15:13.314+0000][66][info ][gc,phases   ] GC(74)   Merge Heap Roots: 0.23ms
[2025-08-20T00:15:13.315+0000][66][info ][gc,phases   ] GC(74)   Evacuate Collection Set: 16.88ms
[2025-08-20T00:15:13.317+0000][66][info ][gc,phases   ] GC(74)   Post Evacuate Collection Set: 3.49ms
[2025-08-20T00:15:13.319+0000][66][info ][gc,phases   ] GC(74)   Other: 3.05ms
[2025-08-20T00:15:13.320+0000][66][trace][gc,age      ] GC(74) Age table with threshold 15 (max threshold 15)
[2025-08-20T00:15:13.322+0000][66][trace][gc,age      ] GC(74) - age   1:    1030824 bytes,    1030824 total
[2025-08-20T00:15:13.323+0000][66][trace][gc,age      ] GC(74) - age   2:     276728 bytes,    1307552 total
[2025-08-20T00:15:13.328+0000][66][info ][gc,heap     ] GC(74) Eden regions: 5->0(35)
[2025-08-20T00:15:13.330+0000][66][info ][gc,heap     ] GC(74) Survivor regions: 1->1(1)
[2025-08-20T00:15:13.332+0000][66][info ][gc,heap     ] GC(74) Old regions: 22->22
[2025-08-20T00:15:13.334+0000][66][info ][gc,heap     ] GC(74) Humongous regions: 0->0
[2025-08-20T00:15:13.336+0000][66][info ][gc,metaspace] GC(74) Metaspace: 141954K(145792K)->141954K(145792K) NonClass: 122683K(124224K)->122683K(124224K) Class: 19270K(21568K)->19270K(21568K)
[2025-08-20T00:15:13.337+0000][66][info ][gc          ] GC(74) Pause Young (Mixed) (G1 Evacuation Pause) 108M->86M(512M) 51.610ms
[2025-08-20T00:15:13.338+0000][66][info ][gc,cpu      ] GC(74) User=0.02s Sys=0.02s Real=0.06s
[2025-08-20T00:15:13.340+0000][66][info ][safepoint   ] Safepoint "G1CollectForAllocation", Time since last: 9952685700 ns, Reaching safepoint: 30400 ns, Cleanup: 16400 ns, At safepoint: 54294600 ns, Total: 54341400 ns
[2025-08-20T00:15:43.432+0000][66][info ][safepoint   ] Safepoint "Cleanup", Time since last: 30128532300 ns, Reaching safepoint: 87100 ns, Cleanup: 29700 ns, At safepoint: 61700 ns, Total: 178500 ns
[2025-08-20T00:15:53.420+0000][66][info ][safepoint   ] Safepoint "Cleanup", Time since last: 10023957400 ns, Reaching safepoint: 76800 ns, Cleanup: 32700 ns, At safepoint: 44400 ns, Total: 153900 ns
[2025-08-20T00:16:03.432+0000][66][info ][safepoint   ] Safepoint "Cleanup", Time since last: 10011445700 ns, Reaching safepoint: 44700 ns, Cleanup: 24000 ns, At safepoint: 37400 ns, Total: 106100 ns
[2025-08-20T00:16:11.445+0000][66][info ][safepoint   ] Safepoint "Cleanup", Time since last: 8013414400 ns, Reaching safepoint: 27800 ns, Cleanup: 23700 ns, At safepoint: 37300 ns, Total: 88800 ns
[2025-08-20T00:16:13.450+0000][66][info ][safepoint   ] Safepoint "Cleanup", Time since last: 2004456800 ns, Reaching safepoint: 39400 ns, Cleanup: 32900 ns, At safepoint: 53800 ns, Total: 126100 ns
[2025-08-20T00:16:15.336+0000][66][info ][safepoint   ] Safepoint "Cleanup", Time since last: 1883982600 ns, Reaching safepoint: 36300 ns, Cleanup: 443900 ns, At safepoint: 69600 ns, Total: 549800 ns
[2025-08-20T00:16:16.493+0000][66][info ][safepoint   ] Safepoint "Cleanup", Time since last: 1158057700 ns, Reaching safepoint: 32500 ns, Cleanup: 37500 ns, At safepoint: 125200 ns, Total: 195200 ns
[2025-08-20T00:16:23.459+0000][66][info ][safepoint   ] Safepoint "Cleanup", Time since last: 6999605200 ns, Reaching safepoint: 35800 ns, Cleanup: 27800 ns, At safepoint: 39400 ns, Total: 103000 ns
[2025-08-20T00:16:43.555+0000][66][info ][safepoint   ] Safepoint "Cleanup", Time since last: 20095904300 ns, Reaching safepoint: 66200 ns, Cleanup: 24100 ns, At safepoint: 37300 ns, Total: 127600 ns
[2025-08-20T00:16:53.530+0000][66][info ][safepoint   ] Safepoint "Cleanup", Time since last: 10008735600 ns, Reaching safepoint: 34000 ns, Cleanup: 32400 ns, At safepoint: 46700 ns, Total: 113100 ns
[2025-08-20T00:17:03.537+0000][66][info ][safepoint   ] Safepoint "Cleanup", Time since last: 10006954200 ns, Reaching safepoint: 33900 ns, Cleanup: 35200 ns, At safepoint: 43600 ns, Total: 112700 ns
[2025-08-20T00:17:13.545+0000][66][info ][safepoint   ] Safepoint "Cleanup", Time since last: 10008352000 ns, Reaching safepoint: 40700 ns, Cleanup: 48500 ns, At safepoint: 46900 ns, Total: 136100 ns
[2025-08-20T00:17:23.250+0000][66][info ][gc,start    ] GC(75) Pause Young (Concurrent Start) (G1 Evacuation Pause)
[2025-08-20T00:17:23.254+0000][66][info ][gc,task     ] GC(75) Using 2 workers of 2 for evacuation
[2025-08-20T00:17:23.256+0000][66][debug][gc,age      ] GC(75) Desired survivor size 10485760 bytes, new threshold 15 (max threshold 15)
[2025-08-20T00:17:23.270+0000][66][info ][gc,phases   ] GC(75)   Pre Evacuate Collection Set: 0.62ms
[2025-08-20T00:17:23.273+0000][66][info ][gc,phases   ] GC(75)   Merge Heap Roots: 0.20ms
[2025-08-20T00:17:23.274+0000][66][info ][gc,phases   ] GC(75)   Evacuate Collection Set: 9.19ms
[2025-08-20T00:17:23.278+0000][66][info ][gc,phases   ] GC(75)   Post Evacuate Collection Set: 2.75ms
[2025-08-20T00:17:23.282+0000][66][info ][gc,phases   ] GC(75)   Other: 3.69ms
[2025-08-20T00:17:23.283+0000][66][trace][gc,age      ] GC(75) Age table with threshold 15 (max threshold 15)
[2025-08-20T00:17:23.286+0000][66][trace][gc,age      ] GC(75) - age   1:    3290552 bytes,    3290552 total
[2025-08-20T00:17:23.287+0000][66][trace][gc,age      ] GC(75) - age   2:     394736 bytes,    3685288 total
[2025-08-20T00:17:23.289+0000][66][trace][gc,age      ] GC(75) - age   3:     141352 bytes,    3826640 total
[2025-08-20T00:17:23.290+0000][66][info ][gc,heap     ] GC(75) Eden regions: 37->0(51)
[2025-08-20T00:17:23.292+0000][66][info ][gc,heap     ] GC(75) Survivor regions: 1->1(5)
[2025-08-20T00:17:23.293+0000][66][info ][gc,heap     ] GC(75) Old regions: 22->22
[2025-08-20T00:17:23.295+0000][66][info ][gc,heap     ] GC(75) Humongous regions: 0->0
[2025-08-20T00:17:23.296+0000][66][info ][gc,metaspace] GC(75) Metaspace: 142002K(145856K)->142002K(145856K) NonClass: 122732K(124288K)->122732K(124288K) Class: 19270K(21568K)->19270K(21568K)
[2025-08-20T00:17:23.298+0000][66][info ][gc          ] GC(75) Pause Young (Concurrent Start) (G1 Evacuation Pause) 234M->88M(512M) 47.942ms
[2025-08-20T00:17:23.300+0000][66][info ][gc,cpu      ] GC(75) User=0.00s Sys=0.02s Real=0.05s
[2025-08-20T00:17:23.301+0000][66][info ][safepoint   ] Safepoint "G1CollectForAllocation", Time since last: 9740063400 ns, Reaching safepoint: 381100 ns, Cleanup: 18900 ns, At safepoint: 51158300 ns, Total: 51558300 ns
[2025-08-20T00:17:23.300+0000][66][info ][gc          ] GC(76) Concurrent Mark Cycle
[2025-08-20T00:17:23.308+0000][66][info ][gc,marking  ] GC(76) Concurrent Scan Root Regions
[2025-08-20T00:17:23.317+0000][66][info ][gc,marking  ] GC(76) Concurrent Scan Root Regions 8.612ms
[2025-08-20T00:17:23.319+0000][66][info ][gc,marking  ] GC(76) Concurrent Mark
[2025-08-20T00:17:23.320+0000][66][info ][gc,marking  ] GC(76) Concurrent Mark From Roots
[2025-08-20T00:17:23.322+0000][66][info ][gc,task     ] GC(76) Using 1 workers of 1 for marking
[2025-08-20T00:17:23.681+0000][66][info ][gc,marking  ] GC(76) Concurrent Mark From Roots 360.639ms
[2025-08-20T00:17:23.688+0000][66][info ][gc,marking  ] GC(76) Concurrent Preclean
[2025-08-20T00:17:23.695+0000][66][info ][gc,marking  ] GC(76) Concurrent Preclean 10.259ms
[2025-08-20T00:17:23.700+0000][66][info ][gc,start    ] GC(76) Pause Remark
[2025-08-20T00:17:23.730+0000][66][info ][gc          ] GC(76) Pause Remark 96M->96M(512M) 29.743ms
[2025-08-20T00:17:23.732+0000][66][info ][gc,cpu      ] GC(76) User=0.04s Sys=0.00s Real=0.04s
[2025-08-20T00:17:23.734+0000][66][info ][safepoint   ] Safepoint "G1PauseRemark", Time since last: 398995900 ns, Reaching safepoint: 34400 ns, Cleanup: 10500 ns, At safepoint: 33757800 ns, Total: 33802700 ns
[2025-08-20T00:17:23.747+0000][66][info ][gc,marking  ] GC(76) Concurrent Mark 428.506ms
[2025-08-20T00:17:23.750+0000][66][info ][gc,marking  ] GC(76) Concurrent Rebuild Remembered Sets and Scrub Regions
[2025-08-20T00:17:24.223+0000][66][info ][gc,marking  ] GC(76) Concurrent Rebuild Remembered Sets and Scrub Regions 473.069ms
[2025-08-20T00:17:24.239+0000][66][info ][gc,start    ] GC(76) Pause Cleanup
[2025-08-20T00:17:24.248+0000][66][info ][gc          ] GC(76) Pause Cleanup 97M->97M(512M) 8.465ms
[2025-08-20T00:17:24.260+0000][66][info ][gc,cpu      ] GC(76) User=0.00s Sys=0.00s Real=0.02s
[2025-08-20T00:17:24.302+0000][66][info ][safepoint   ] Safepoint "G1PauseCleanup", Time since last: 503635100 ns, Reaching safepoint: 1487500 ns, Cleanup: 23100 ns, At safepoint: 62713200 ns, Total: 64223800 ns
[2025-08-20T00:17:24.306+0000][66][info ][gc,marking  ] GC(76) Concurrent Clear Claimed Marks
[2025-08-20T00:17:24.309+0000][66][info ][gc,marking  ] GC(76) Concurrent Clear Claimed Marks 2.863ms
[2025-08-20T00:17:24.314+0000][66][info ][gc,marking  ] GC(76) Concurrent Cleanup for Next Mark
[2025-08-20T00:17:24.320+0000][66][info ][gc,marking  ] GC(76) Concurrent Cleanup for Next Mark 5.984ms
[2025-08-20T00:17:24.322+0000][66][info ][gc          ] GC(76) Concurrent Mark Cycle 1022.666ms
[2025-08-20T00:17:26.024+0000][66][info ][safepoint   ] Safepoint "Cleanup", Time since last: 1721790500 ns, Reaching safepoint: 66400 ns, Cleanup: 27300 ns, At safepoint: 44200 ns, Total: 137900 ns
[2025-08-20T00:17:42.035+0000][66][info ][safepoint   ] Safepoint "Cleanup", Time since last: 16011070800 ns, Reaching safepoint: 35300 ns, Cleanup: 54700 ns, At safepoint: 56600 ns, Total: 146600 ns
[2025-08-20T00:17:44.089+0000][66][info ][safepoint   ] Safepoint "Cleanup", Time since last: 2053840600 ns, Reaching safepoint: 29600 ns, Cleanup: 18500 ns, At safepoint: 49500 ns, Total: 97600 ns
[2025-08-20T00:18:03.203+0000][66][info ][gc,start    ] GC(77) Pause Young (Prepare Mixed) (G1 Evacuation Pause)
[2025-08-20T00:18:03.206+0000][66][info ][gc,task     ] GC(77) Using 2 workers of 2 for evacuation
[2025-08-20T00:18:03.207+0000][66][debug][gc,age      ] GC(77) Desired survivor size 4194304 bytes, new threshold 15 (max threshold 15)
[2025-08-20T00:18:03.223+0000][66][info ][gc,phases   ] GC(77)   Pre Evacuate Collection Set: 1.24ms
[2025-08-20T00:18:03.225+0000][66][info ][gc,phases   ] GC(77)   Merge Heap Roots: 0.18ms
[2025-08-20T00:18:03.229+0000][66][info ][gc,phases   ] GC(77)   Evacuate Collection Set: 10.35ms
[2025-08-20T00:18:03.231+0000][66][info ][gc,phases   ] GC(77)   Post Evacuate Collection Set: 3.20ms
[2025-08-20T00:18:03.232+0000][66][info ][gc,phases   ] GC(77)   Other: 2.73ms
[2025-08-20T00:18:03.233+0000][66][trace][gc,age      ] GC(77) Age table with threshold 15 (max threshold 15)
[2025-08-20T00:18:03.234+0000][66][trace][gc,age      ] GC(77) - age   1:    5076656 bytes,    5076656 total
[2025-08-20T00:18:03.235+0000][66][trace][gc,age      ] GC(77) - age   2:     544296 bytes,    5620952 total
[2025-08-20T00:18:03.236+0000][66][trace][gc,age      ] GC(77) - age   3:     334296 bytes,    5955248 total
[2025-08-20T00:18:03.238+0000][66][trace][gc,age      ] GC(77) - age   4:       9968 bytes,    5965216 total
[2025-08-20T00:18:03.239+0000][66][info ][gc,heap     ] GC(77) Eden regions: 13->0(4)
[2025-08-20T00:18:03.241+0000][66][info ][gc,heap     ] GC(77) Survivor regions: 1->2(2)
[2025-08-20T00:18:03.242+0000][66][info ][gc,heap     ] GC(77) Old regions: 22->22
[2025-08-20T00:18:03.244+0000][66][info ][gc,heap     ] GC(77) Humongous regions: 0->0
[2025-08-20T00:18:03.246+0000][66][info ][gc,metaspace] GC(77) Metaspace: 142007K(145856K)->142007K(145856K) NonClass: 122737K(124288K)->122737K(124288K) Class: 19270K(21568K)->19270K(21568K)
[2025-08-20T00:18:03.249+0000][66][info ][gc          ] GC(77) Pause Young (Prepare Mixed) (G1 Evacuation Pause) 140M->91M(512M) 45.737ms
[2025-08-20T00:18:03.250+0000][66][info ][gc,cpu      ] GC(77) User=0.02s Sys=0.00s Real=0.05s
[2025-08-20T00:18:03.257+0000][66][info ][safepoint   ] Safepoint "G1CollectForAllocation", Time since last: 19149152600 ns, Reaching safepoint: 77400 ns, Cleanup: 15400 ns, At safepoint: 54254600 ns, Total: 54347400 ns
[2025-08-20T00:18:23.138+0000][66][info ][gc,start    ] GC(78) Pause Young (Mixed) (G1 Evacuation Pause)
[2025-08-20T00:18:23.140+0000][66][info ][gc,task     ] GC(78) Using 2 workers of 2 for evacuation
[2025-08-20T00:18:23.142+0000][66][debug][gc,age      ] GC(78) Desired survivor size 2097152 bytes, new threshold 1 (max threshold 15)
[2025-08-20T00:18:23.161+0000][66][info ][gc,phases   ] GC(78)   Pre Evacuate Collection Set: 0.68ms
[2025-08-20T00:18:23.163+0000][66][info ][gc,phases   ] GC(78)   Merge Heap Roots: 0.49ms
[2025-08-20T00:18:23.164+0000][66][info ][gc,phases   ] GC(78)   Evacuate Collection Set: 12.44ms
[2025-08-20T00:18:23.165+0000][66][info ][gc,phases   ] GC(78)   Post Evacuate Collection Set: 2.21ms
[2025-08-20T00:18:23.167+0000][66][info ][gc,phases   ] GC(78)   Other: 4.96ms
[2025-08-20T00:18:23.170+0000][66][trace][gc,age      ] GC(78) Age table with threshold 1 (max threshold 15)
[2025-08-20T00:18:23.172+0000][66][trace][gc,age      ] GC(78) - age   1:    2058280 bytes,    2058280 total
[2025-08-20T00:18:23.173+0000][66][info ][gc,heap     ] GC(78) Eden regions: 4->0(75)
[2025-08-20T00:18:23.175+0000][66][info ][gc,heap     ] GC(78) Survivor regions: 2->1(1)
[2025-08-20T00:18:23.177+0000][66][info ][gc,heap     ] GC(78) Old regions: 22->22
[2025-08-20T00:18:23.179+0000][66][info ][gc,heap     ] GC(78) Humongous regions: 0->0
[2025-08-20T00:18:23.180+0000][66][info ][gc,metaspace] GC(78) Metaspace: 142018K(145856K)->142018K(145856K) NonClass: 122748K(124288K)->122748K(124288K) Class: 19270K(21568K)->19270K(21568K)
[2025-08-20T00:18:23.182+0000][66][info ][gc          ] GC(78) Pause Young (Mixed) (G1 Evacuation Pause) 106M->87M(512M) 43.433ms
[2025-08-20T00:18:23.186+0000][66][info ][gc,cpu      ] GC(78) User=0.00s Sys=0.02s Real=0.05s
[2025-08-20T00:18:23.196+0000][66][info ][safepoint   ] Safepoint "G1CollectForAllocation", Time since last: 19916529000 ns, Reaching safepoint: 29900 ns, Cleanup: 23700 ns, At safepoint: 57622200 ns, Total: 57675800 ns
[2025-08-20T00:18:33.208+0000][66][info ][safepoint   ] Safepoint "Cleanup", Time since last: 10007861600 ns, Reaching safepoint: 3338400 ns, Cleanup: 657500 ns, At safepoint: 122900 ns, Total: 4118800 ns
[2025-08-20T00:18:34.565+0000][66][info ][safepoint   ] Safepoint "Cleanup", Time since last: 1356630500 ns, Reaching safepoint: 27100 ns, Cleanup: 20800 ns, At safepoint: 326100 ns, Total: 374000 ns
[2025-08-20T00:18:35.584+0000][66][info ][safepoint   ] Safepoint "Cleanup", Time since last: 1018524700 ns, Reaching safepoint: 31000 ns, Cleanup: 193200 ns, At safepoint: 89600 ns, Total: 313800 ns
[2025-08-20T00:18:42.993+0000][66][info ][safepoint   ] Safepoint "Cleanup", Time since last: 7409133800 ns, Reaching safepoint: 43000 ns, Cleanup: 30700 ns, At safepoint: 275100 ns, Total: 348800 ns
[2025-08-20T00:18:43.997+0000][66][info ][safepoint   ] Safepoint "Cleanup", Time since last: 1003314100 ns, Reaching safepoint: 186100 ns, Cleanup: 34800 ns, At safepoint: 48000 ns, Total: 268900 ns
[2025-08-20T00:19:03.977+0000][66][info ][safepoint   ] Safepoint "Cleanup", Time since last: 20015318500 ns, Reaching safepoint: 79300 ns, Cleanup: 34200 ns, At safepoint: 47200 ns, Total: 160700 ns
[2025-08-20T00:19:43.561+0000][66][info ][safepoint   ] Safepoint "Cleanup", Time since last: 39618109700 ns, Reaching safepoint: 37300 ns, Cleanup: 31000 ns, At safepoint: 51000 ns, Total: 119300 ns
[2025-08-20T00:19:44.565+0000][66][info ][safepoint   ] Safepoint "Cleanup", Time since last: 1004146500 ns, Reaching safepoint: 32500 ns, Cleanup: 29500 ns, At safepoint: 48500 ns, Total: 110500 ns
[2025-08-20T00:19:45.613+0000][66][info ][safepoint   ] Safepoint "Cleanup", Time since last: 1047734300 ns, Reaching safepoint: 47700 ns, Cleanup: 153800 ns, At safepoint: 49400 ns, Total: 250900 ns
[2025-08-20T00:19:52.816+0000][66][info ][safepoint   ] Safepoint "Cleanup", Time since last: 7238462800 ns, Reaching safepoint: 35500 ns, Cleanup: 30900 ns, At safepoint: 45800 ns, Total: 112200 ns
[2025-08-20T00:19:53.818+0000][66][info ][safepoint   ] Safepoint "Cleanup", Time since last: 1001905000 ns, Reaching safepoint: 36300 ns, Cleanup: 32300 ns, At safepoint: 51400 ns, Total: 120000 ns
[2025-08-20T00:20:03.832+0000][66][info ][safepoint   ] Safepoint "Cleanup", Time since last: 10013902500 ns, Reaching safepoint: 67400 ns, Cleanup: 27600 ns, At safepoint: 38100 ns, Total: 133100 ns
[2025-08-20T00:20:13.843+0000][66][info ][safepoint   ] Safepoint "Cleanup", Time since last: 10010095200 ns, Reaching safepoint: 31100 ns, Cleanup: 29500 ns, At safepoint: 38600 ns, Total: 99200 ns
[2025-08-20T00:20:23.582+0000][66][info ][safepoint   ] Safepoint "Cleanup", Time since last: 9775306300 ns, Reaching safepoint: 38800 ns, Cleanup: 33700 ns, At safepoint: 42500 ns, Total: 115000 ns
[2025-08-20T00:20:33.734+0000][66][info ][safepoint   ] Safepoint "Cleanup", Time since last: 10151914500 ns, Reaching safepoint: 70000 ns, Cleanup: 24900 ns, At safepoint: 39700 ns, Total: 134600 ns
[2025-08-20T00:20:43.745+0000][66][info ][safepoint   ] Safepoint "Cleanup", Time since last: 10009603100 ns, Reaching safepoint: 498100 ns, Cleanup: 236600 ns, At safepoint: 116200 ns, Total: 850900 ns
[2025-08-20T00:20:53.189+0000][66][info ][safepoint   ] Safepoint "Cleanup", Time since last: 9478821200 ns, Reaching safepoint: 21200 ns, Cleanup: 24200 ns, At safepoint: 49400 ns, Total: 94800 ns
[2025-08-20T00:20:54.622+0000][66][info ][safepoint   ] Safepoint "Cleanup", Time since last: 1433199300 ns, Reaching safepoint: 202100 ns, Cleanup: 37000 ns, At safepoint: 57400 ns, Total: 296500 ns
[2025-08-20T00:20:59.634+0000][66][info ][safepoint   ] Safepoint "Cleanup", Time since last: 5011346100 ns, Reaching safepoint: 35600 ns, Cleanup: 30600 ns, At safepoint: 47800 ns, Total: 114000 ns
[2025-08-20T00:22:03.774+0000][66][info ][safepoint   ] Safepoint "Cleanup", Time since last: 64210233300 ns, Reaching safepoint: 32100 ns, Cleanup: 365600 ns, At safepoint: 65700 ns, Total: 463400 ns
[2025-08-20T00:22:04.778+0000][66][info ][safepoint   ] Safepoint "Cleanup", Time since last: 1003258700 ns, Reaching safepoint: 35400 ns, Cleanup: 31100 ns, At safepoint: 60400 ns, Total: 126900 ns
[2025-08-20T00:22:05.243+0000][66][info ][gc,start    ] GC(79) Pause Young (Concurrent Start) (G1 Evacuation Pause)
[2025-08-20T00:22:05.246+0000][66][info ][gc,task     ] GC(79) Using 2 workers of 2 for evacuation
[2025-08-20T00:22:05.248+0000][66][debug][gc,age      ] GC(79) Desired survivor size 20971520 bytes, new threshold 15 (max threshold 15)
[2025-08-20T00:22:05.264+0000][66][info ][gc,phases   ] GC(79)   Pre Evacuate Collection Set: 0.54ms
[2025-08-20T00:22:05.266+0000][66][info ][gc,phases   ] GC(79)   Merge Heap Roots: 0.15ms
[2025-08-20T00:22:05.268+0000][66][info ][gc,phases   ] GC(79)   Evacuate Collection Set: 8.92ms
[2025-08-20T00:22:05.270+0000][66][info ][gc,phases   ] GC(79)   Post Evacuate Collection Set: 3.75ms
[2025-08-20T00:22:05.271+0000][66][info ][gc,phases   ] GC(79)   Other: 4.56ms
[2025-08-20T00:22:05.273+0000][66][trace][gc,age      ] GC(79) Age table with threshold 15 (max threshold 15)
[2025-08-20T00:22:05.275+0000][66][trace][gc,age      ] GC(79) - age   1:    2112424 bytes,    2112424 total
[2025-08-20T00:22:05.277+0000][66][trace][gc,age      ] GC(79) - age   2:     117568 bytes,    2229992 total
[2025-08-20T00:22:05.279+0000][66][info ][gc,heap     ] GC(79) Eden regions: 75->0(75)
[2025-08-20T00:22:05.281+0000][66][info ][gc,heap     ] GC(79) Survivor regions: 1->1(10)
[2025-08-20T00:22:05.283+0000][66][info ][gc,heap     ] GC(79) Old regions: 22->22
[2025-08-20T00:22:05.284+0000][66][info ][gc,heap     ] GC(79) Humongous regions: 0->0
[2025-08-20T00:22:05.286+0000][66][info ][gc,metaspace] GC(79) Metaspace: 142043K(145856K)->142043K(145856K) NonClass: 122773K(124288K)->122773K(124288K) Class: 19270K(21568K)->19270K(21568K)
[2025-08-20T00:22:05.287+0000][66][info ][gc          ] GC(79) Pause Young (Concurrent Start) (G1 Evacuation Pause) 387M->87M(512M) 44.253ms
[2025-08-20T00:22:05.290+0000][66][info ][gc,cpu      ] GC(79) User=0.02s Sys=0.02s Real=0.05s
[2025-08-20T00:22:05.290+0000][66][info ][gc          ] GC(80) Concurrent Mark Cycle
[2025-08-20T00:22:05.298+0000][66][info ][safepoint   ] Safepoint "G1CollectForAllocation", Time since last: 465046300 ns, Reaching safepoint: 30400 ns, Cleanup: 16100 ns, At safepoint: 55289400 ns, Total: 55335900 ns
[2025-08-20T00:22:05.299+0000][66][info ][gc,marking  ] GC(80) Concurrent Scan Root Regions
[2025-08-20T00:22:05.306+0000][66][info ][gc,marking  ] GC(80) Concurrent Scan Root Regions 7.358ms
[2025-08-20T00:22:05.311+0000][66][info ][gc,marking  ] GC(80) Concurrent Mark
[2025-08-20T00:22:05.314+0000][66][info ][gc,marking  ] GC(80) Concurrent Mark From Roots
[2025-08-20T00:22:05.315+0000][66][info ][gc,task     ] GC(80) Using 1 workers of 1 for marking
[2025-08-20T00:22:05.811+0000][66][info ][gc,marking  ] GC(80) Concurrent Mark From Roots 497.648ms
[2025-08-20T00:22:05.814+0000][66][info ][gc,marking  ] GC(80) Concurrent Preclean
[2025-08-20T00:22:05.817+0000][66][info ][gc,marking  ] GC(80) Concurrent Preclean 2.838ms
[2025-08-20T00:22:05.821+0000][66][info ][gc,start    ] GC(80) Pause Remark
[2025-08-20T00:22:05.867+0000][66][info ][gc          ] GC(80) Pause Remark 90M->90M(512M) 45.626ms
[2025-08-20T00:22:05.869+0000][66][info ][gc,cpu      ] GC(80) User=0.06s Sys=0.01s Real=0.05s
[2025-08-20T00:22:05.872+0000][66][info ][safepoint   ] Safepoint "G1PauseRemark", Time since last: 522075700 ns, Reaching safepoint: 31200 ns, Cleanup: 15800 ns, At safepoint: 51110800 ns, Total: 51157800 ns
[2025-08-20T00:22:05.876+0000][66][info ][gc,marking  ] GC(80) Concurrent Mark 565.429ms
[2025-08-20T00:22:05.878+0000][66][info ][gc,marking  ] GC(80) Concurrent Rebuild Remembered Sets and Scrub Regions
[2025-08-20T00:22:06.114+0000][66][info ][gc,marking  ] GC(80) Concurrent Rebuild Remembered Sets and Scrub Regions 236.411ms
[2025-08-20T00:22:06.117+0000][66][info ][gc,start    ] GC(80) Pause Cleanup
[2025-08-20T00:22:06.119+0000][66][info ][gc          ] GC(80) Pause Cleanup 92M->92M(512M) 2.238ms
[2025-08-20T00:22:06.121+0000][66][info ][gc,cpu      ] GC(80) User=0.00s Sys=0.00s Real=0.00s
[2025-08-20T00:22:06.123+0000][66][info ][safepoint   ] Safepoint "G1PauseCleanup", Time since last: 245200400 ns, Reaching safepoint: 26900 ns, Cleanup: 86400 ns, At safepoint: 5910600 ns, Total: 6023900 ns
[2025-08-20T00:22:06.124+0000][66][info ][gc,marking  ] GC(80) Concurrent Clear Claimed Marks
[2025-08-20T00:22:06.126+0000][66][info ][gc,marking  ] GC(80) Concurrent Clear Claimed Marks 2.139ms
[2025-08-20T00:22:06.128+0000][66][info ][gc,marking  ] GC(80) Concurrent Cleanup for Next Mark
[2025-08-20T00:22:06.131+0000][66][info ][gc,marking  ] GC(80) Concurrent Cleanup for Next Mark 3.453ms
[2025-08-20T00:22:06.133+0000][66][info ][gc          ] GC(80) Concurrent Mark Cycle 843.137ms
[2025-08-20T00:23:03.837+0000][66][info ][safepoint   ] Safepoint "Cleanup", Time since last: 57847955000 ns, Reaching safepoint: 168200 ns, Cleanup: 44500 ns, At safepoint: 89800 ns, Total: 302500 ns
[2025-08-20T00:23:13.287+0000][66][info ][safepoint   ] Safepoint "Cleanup", Time since last: 9450415700 ns, Reaching safepoint: 17500 ns, Cleanup: 23600 ns, At safepoint: 33100 ns, Total: 74200 ns
[2025-08-20T00:23:16.107+0000][66][info ][safepoint   ] Safepoint "Cleanup", Time since last: 2820282400 ns, Reaching safepoint: 38300 ns, Cleanup: 27400 ns, At safepoint: 54300 ns, Total: 120000 ns
[2025-08-20T00:23:18.141+0000][66][info ][safepoint   ] Safepoint "Cleanup", Time since last: 2004788900 ns, Reaching safepoint: 40000 ns, Cleanup: 29000 ns, At safepoint: 51300 ns, Total: 120300 ns
[2025-08-20T00:23:23.075+0000][66][info ][safepoint   ] Safepoint "Cleanup", Time since last: 4933246000 ns, Reaching safepoint: 67800 ns, Cleanup: 74300 ns, At safepoint: 170800 ns, Total: 312900 ns
[2025-08-20T00:23:32.950+0000][66][info ][gc,start    ] GC(81) Pause Young (Prepare Mixed) (G1 Evacuation Pause)
[2025-08-20T00:23:32.952+0000][66][info ][gc,task     ] GC(81) Using 2 workers of 2 for evacuation
[2025-08-20T00:23:32.954+0000][66][debug][gc,age      ] GC(81) Desired survivor size 8388608 bytes, new threshold 15 (max threshold 15)
[2025-08-20T00:23:32.983+0000][66][info ][gc,phases   ] GC(81)   Pre Evacuate Collection Set: 1.48ms
[2025-08-20T00:23:32.984+0000][66][info ][gc,phases   ] GC(81)   Merge Heap Roots: 0.59ms
[2025-08-20T00:23:32.986+0000][66][info ][gc,phases   ] GC(81)   Evacuate Collection Set: 20.18ms
[2025-08-20T00:23:32.989+0000][66][info ][gc,phases   ] GC(81)   Post Evacuate Collection Set: 4.16ms
[2025-08-20T00:23:32.990+0000][66][info ][gc,phases   ] GC(81)   Other: 3.87ms
[2025-08-20T00:23:32.991+0000][66][trace][gc,age      ] GC(81) Age table with threshold 15 (max threshold 15)
[2025-08-20T00:23:32.993+0000][66][trace][gc,age      ] GC(81) - age   1:    3846096 bytes,    3846096 total
[2025-08-20T00:23:32.999+0000][66][trace][gc,age      ] GC(81) - age   2:     853880 bytes,    4699976 total
[2025-08-20T00:23:33.000+0000][66][trace][gc,age      ] GC(81) - age   3:        488 bytes,    4700464 total
[2025-08-20T00:23:33.002+0000][66][info ][gc,heap     ] GC(81) Eden regions: 26->0(4)
[2025-08-20T00:23:33.004+0000][66][info ][gc,heap     ] GC(81) Survivor regions: 1->2(4)
[2025-08-20T00:23:33.005+0000][66][info ][gc,heap     ] GC(81) Old regions: 22->22
[2025-08-20T00:23:33.007+0000][66][info ][gc,heap     ] GC(81) Humongous regions: 0->0
[2025-08-20T00:23:33.008+0000][66][info ][gc,metaspace] GC(81) Metaspace: 142061K(145920K)->142061K(145920K) NonClass: 122791K(124352K)->122791K(124352K) Class: 19270K(21568K)->19270K(21568K)
[2025-08-20T00:23:33.010+0000][66][info ][gc          ] GC(81) Pause Young (Prepare Mixed) (G1 Evacuation Pause) 191M->90M(512M) 59.948ms
[2025-08-20T00:23:33.011+0000][66][info ][gc,cpu      ] GC(81) User=0.02s Sys=0.00s Real=0.06s
[2025-08-20T00:23:33.021+0000][66][info ][safepoint   ] Safepoint "G1CollectForAllocation", Time since last: 9875336200 ns, Reaching safepoint: 24000 ns, Cleanup: 20300 ns, At safepoint: 71069300 ns, Total: 71113600 ns
[2025-08-20T00:23:52.895+0000][66][info ][gc,start    ] GC(82) Pause Young (Mixed) (G1 Evacuation Pause)
[2025-08-20T00:23:52.896+0000][66][info ][gc,task     ] GC(82) Using 2 workers of 2 for evacuation
[2025-08-20T00:23:52.897+0000][66][debug][gc,age      ] GC(82) Desired survivor size 2097152 bytes, new threshold 1 (max threshold 15)
[2025-08-20T00:23:52.932+0000][66][info ][gc,phases   ] GC(82)   Pre Evacuate Collection Set: 0.38ms
[2025-08-20T00:23:52.934+0000][66][info ][gc,phases   ] GC(82)   Merge Heap Roots: 0.19ms
[2025-08-20T00:23:52.936+0000][66][info ][gc,phases   ] GC(82)   Evacuate Collection Set: 30.93ms
[2025-08-20T00:23:52.939+0000][66][info ][gc,phases   ] GC(82)   Post Evacuate Collection Set: 1.79ms
[2025-08-20T00:23:52.940+0000][66][info ][gc,phases   ] GC(82)   Other: 2.93ms
[2025-08-20T00:23:52.942+0000][66][trace][gc,age      ] GC(82) Age table with threshold 1 (max threshold 15)
[2025-08-20T00:23:52.944+0000][66][trace][gc,age      ] GC(82) - age   1:     524608 bytes,     524608 total
[2025-08-20T00:23:52.945+0000][66][info ][gc,heap     ] GC(82) Eden regions: 4->0(75)
[2025-08-20T00:23:52.947+0000][66][info ][gc,heap     ] GC(82) Survivor regions: 2->1(1)
[2025-08-20T00:23:52.948+0000][66][info ][gc,heap     ] GC(82) Old regions: 22->22
[2025-08-20T00:23:52.951+0000][66][info ][gc,heap     ] GC(82) Humongous regions: 0->0
[2025-08-20T00:23:52.953+0000][66][info ][gc,metaspace] GC(82) Metaspace: 142061K(145920K)->142061K(145920K) NonClass: 122791K(124352K)->122791K(124352K) Class: 19270K(21568K)->19270K(21568K)
[2025-08-20T00:23:52.957+0000][66][info ][gc          ] GC(82) Pause Young (Mixed) (G1 Evacuation Pause) 106M->88M(512M) 62.067ms
[2025-08-20T00:23:52.959+0000][66][info ][gc,cpu      ] GC(82) User=0.04s Sys=0.01s Real=0.06s
[2025-08-20T00:23:52.961+0000][66][info ][safepoint   ] Safepoint "G1CollectForAllocation", Time since last: 19909372800 ns, Reaching safepoint: 111700 ns, Cleanup: 23600 ns, At safepoint: 66594000 ns, Total: 66729300 ns
[2025-08-20T00:24:43.315+0000][66][info ][safepoint   ] Safepoint "Cleanup", Time since last: 50388058000 ns, Reaching safepoint: 202200 ns, Cleanup: 38100 ns, At safepoint: 39600 ns, Total: 279900 ns
[2025-08-20T00:25:03.379+0000][66][info ][safepoint   ] Safepoint "Cleanup", Time since last: 20099113300 ns, Reaching safepoint: 27200 ns, Cleanup: 23100 ns, At safepoint: 36600 ns, Total: 86900 ns
[2025-08-20T00:25:32.994+0000][66][info ][safepoint   ] Safepoint "Cleanup", Time since last: 29650742700 ns, Reaching safepoint: 34700 ns, Cleanup: 31100 ns, At safepoint: 59000 ns, Total: 124800 ns
[2025-08-20T00:25:34.245+0000][66][info ][safepoint   ] Safepoint "Cleanup", Time since last: 1250427300 ns, Reaching safepoint: 19100 ns, Cleanup: 54000 ns, At safepoint: 35400 ns, Total: 108500 ns
[2025-08-20T00:26:42.965+0000][66][info ][safepoint   ] Safepoint "Cleanup", Time since last: 68790156800 ns, Reaching safepoint: 17500 ns, Cleanup: 22300 ns, At safepoint: 142600 ns, Total: 182400 ns
[2025-08-20T00:26:44.324+0000][66][info ][safepoint   ] Safepoint "Cleanup", Time since last: 1359306800 ns, Reaching safepoint: 20400 ns, Cleanup: 22900 ns, At safepoint: 43500 ns, Total: 86800 ns
[2025-08-20T00:26:53.299+0000][66][info ][safepoint   ] Safepoint "Cleanup", Time since last: 9010541800 ns, Reaching safepoint: 32300 ns, Cleanup: 24800 ns, At safepoint: 40600 ns, Total: 97700 ns
[2025-08-20T00:27:03.312+0000][66][info ][safepoint   ] Safepoint "Cleanup", Time since last: 10013193700 ns, Reaching safepoint: 34900 ns, Cleanup: 28200 ns, At safepoint: 48700 ns, Total: 111800 ns
[2025-08-20T00:27:33.321+0000][66][info ][safepoint   ] Safepoint "Cleanup", Time since last: 30045527400 ns, Reaching safepoint: 48000 ns, Cleanup: 41500 ns, At safepoint: 65000 ns, Total: 154500 ns
[2025-08-20T00:27:49.309+0000][66][info ][safepoint   ] Safepoint "Cleanup", Time since last: 16022159700 ns, Reaching safepoint: 72700 ns, Cleanup: 24700 ns, At safepoint: 39800 ns, Total: 137200 ns
[2025-08-20T00:27:54.167+0000][66][info ][gc,start    ] GC(83) Pause Young (Concurrent Start) (G1 Evacuation Pause)
[2025-08-20T00:27:54.169+0000][66][info ][gc,task     ] GC(83) Using 2 workers of 2 for evacuation
[2025-08-20T00:27:54.170+0000][66][debug][gc,age      ] GC(83) Desired survivor size 20971520 bytes, new threshold 15 (max threshold 15)
[2025-08-20T00:27:54.188+0000][66][info ][gc,phases   ] GC(83)   Pre Evacuate Collection Set: 0.41ms
[2025-08-20T00:27:54.190+0000][66][info ][gc,phases   ] GC(83)   Merge Heap Roots: 0.34ms
[2025-08-20T00:27:54.192+0000][66][info ][gc,phases   ] GC(83)   Evacuate Collection Set: 12.48ms
[2025-08-20T00:27:54.193+0000][66][info ][gc,phases   ] GC(83)   Post Evacuate Collection Set: 3.28ms
[2025-08-20T00:27:54.196+0000][66][info ][gc,phases   ] GC(83)   Other: 3.23ms
[2025-08-20T00:27:54.198+0000][66][trace][gc,age      ] GC(83) Age table with threshold 15 (max threshold 15)
[2025-08-20T00:27:54.201+0000][66][trace][gc,age      ] GC(83) - age   1:    3064904 bytes,    3064904 total
[2025-08-20T00:27:54.202+0000][66][trace][gc,age      ] GC(83) - age   2:       9944 bytes,    3074848 total
[2025-08-20T00:27:54.204+0000][66][info ][gc,heap     ] GC(83) Eden regions: 75->0(75)
[2025-08-20T00:27:54.205+0000][66][info ][gc,heap     ] GC(83) Survivor regions: 1->1(10)
[2025-08-20T00:27:54.206+0000][66][info ][gc,heap     ] GC(83) Old regions: 22->22
[2025-08-20T00:27:54.208+0000][66][info ][gc,heap     ] GC(83) Humongous regions: 0->0
[2025-08-20T00:27:54.209+0000][66][info ][gc,metaspace] GC(83) Metaspace: 142097K(145920K)->142097K(145920K) NonClass: 122826K(124352K)->122826K(124352K) Class: 19270K(21568K)->19270K(21568K)
[2025-08-20T00:27:54.210+0000][66][info ][gc          ] GC(83) Pause Young (Concurrent Start) (G1 Evacuation Pause) 388M->90M(512M) 42.992ms
[2025-08-20T00:27:54.214+0000][66][info ][gc          ] GC(84) Concurrent Mark Cycle
[2025-08-20T00:27:54.218+0000][66][info ][gc,marking  ] GC(84) Concurrent Scan Root Regions
[2025-08-20T00:27:54.214+0000][66][info ][gc,cpu      ] GC(83) User=0.01s Sys=0.02s Real=0.05s
[2025-08-20T00:27:54.224+0000][66][info ][gc,marking  ] GC(84) Concurrent Scan Root Regions 6.437ms
[2025-08-20T00:27:54.231+0000][66][info ][gc,marking  ] GC(84) Concurrent Mark
[2025-08-20T00:27:54.233+0000][66][info ][gc,marking  ] GC(84) Concurrent Mark From Roots
[2025-08-20T00:27:54.234+0000][66][info ][gc,task     ] GC(84) Using 1 workers of 1 for marking
[2025-08-20T00:27:54.233+0000][66][info ][safepoint   ] Safepoint "G1CollectForAllocation", Time since last: 4858085800 ns, Reaching safepoint: 29600 ns, Cleanup: 24900 ns, At safepoint: 65818300 ns, Total: 65872800 ns
[2025-08-20T00:27:54.636+0000][66][info ][gc,marking  ] GC(84) Concurrent Mark From Roots 403.092ms
[2025-08-20T00:27:54.638+0000][66][info ][gc,marking  ] GC(84) Concurrent Preclean
[2025-08-20T00:27:54.640+0000][66][info ][gc,marking  ] GC(84) Concurrent Preclean 2.057ms
[2025-08-20T00:27:54.650+0000][66][info ][gc,start    ] GC(84) Pause Remark
[2025-08-20T00:27:54.678+0000][66][info ][gc          ] GC(84) Pause Remark 99M->99M(512M) 27.627ms
[2025-08-20T00:27:54.684+0000][66][info ][gc,cpu      ] GC(84) User=0.04s Sys=0.00s Real=0.03s
[2025-08-20T00:27:54.688+0000][66][info ][safepoint   ] Safepoint "G1PauseRemark", Time since last: 416459000 ns, Reaching safepoint: 33900 ns, Cleanup: 147900 ns, At safepoint: 38075300 ns, Total: 38257100 ns
[2025-08-20T00:27:54.690+0000][66][info ][gc,marking  ] GC(84) Concurrent Mark 458.581ms
[2025-08-20T00:27:54.693+0000][66][info ][gc,marking  ] GC(84) Concurrent Rebuild Remembered Sets and Scrub Regions
[2025-08-20T00:27:54.866+0000][66][info ][gc,marking  ] GC(84) Concurrent Rebuild Remembered Sets and Scrub Regions 172.924ms
[2025-08-20T00:27:54.869+0000][66][info ][gc,start    ] GC(84) Pause Cleanup
[2025-08-20T00:27:54.871+0000][66][info ][gc          ] GC(84) Pause Cleanup 105M->105M(512M) 2.265ms
[2025-08-20T00:27:54.873+0000][66][info ][gc,cpu      ] GC(84) User=0.00s Sys=0.00s Real=0.01s
[2025-08-20T00:27:54.875+0000][66][info ][safepoint   ] Safepoint "G1PauseCleanup", Time since last: 180042700 ns, Reaching safepoint: 696000 ns, Cleanup: 45100 ns, At safepoint: 6408300 ns, Total: 7149400 ns
[2025-08-20T00:27:54.877+0000][66][info ][gc,marking  ] GC(84) Concurrent Clear Claimed Marks
[2025-08-20T00:27:54.883+0000][66][info ][gc,marking  ] GC(84) Concurrent Clear Claimed Marks 5.799ms
[2025-08-20T00:27:54.887+0000][66][info ][gc,marking  ] GC(84) Concurrent Cleanup for Next Mark
[2025-08-20T00:27:54.892+0000][66][info ][gc,marking  ] GC(84) Concurrent Cleanup for Next Mark 4.785ms
[2025-08-20T00:27:54.896+0000][66][info ][gc          ] GC(84) Concurrent Mark Cycle 681.926ms
[2025-08-20T00:27:55.899+0000][66][info ][safepoint   ] Safepoint "Cleanup", Time since last: 1023380700 ns, Reaching safepoint: 18200 ns, Cleanup: 96000 ns, At safepoint: 48600 ns, Total: 162800 ns
[2025-08-20T00:27:57.307+0000][66][info ][safepoint   ] Safepoint "Cleanup", Time since last: 1408412300 ns, Reaching safepoint: 32300 ns, Cleanup: 19800 ns, At safepoint: 36000 ns, Total: 88100 ns
[2025-08-20T00:28:03.315+0000][66][info ][safepoint   ] Safepoint "Cleanup", Time since last: 6008348800 ns, Reaching safepoint: 30100 ns, Cleanup: 25100 ns, At safepoint: 38900 ns, Total: 94100 ns
[2025-08-20T00:28:13.336+0000][66][info ][safepoint   ] Safepoint "Cleanup", Time since last: 10020403300 ns, Reaching safepoint: 82900 ns, Cleanup: 43000 ns, At safepoint: 66600 ns, Total: 192500 ns
[2025-08-20T00:28:19.313+0000][66][info ][safepoint   ] Safepoint "Cleanup", Time since last: 6011866100 ns, Reaching safepoint: 39200 ns, Cleanup: 58300 ns, At safepoint: 75200 ns, Total: 172700 ns
[2025-08-20T00:28:49.567+0000][66][info ][safepoint   ] Safepoint "Cleanup", Time since last: 30289720100 ns, Reaching safepoint: 65300 ns, Cleanup: 28900 ns, At safepoint: 31500 ns, Total: 125700 ns
[2025-08-20T00:29:02.580+0000][66][info ][safepoint   ] Safepoint "Cleanup", Time since last: 13011346500 ns, Reaching safepoint: 729500 ns, Cleanup: 28100 ns, At safepoint: 272100 ns, Total: 1029700 ns
[2025-08-20T00:29:03.713+0000][66][info ][safepoint   ] Safepoint "Cleanup", Time since last: 1133471700 ns, Reaching safepoint: 24400 ns, Cleanup: 25900 ns, At safepoint: 43400 ns, Total: 93700 ns
[2025-08-20T00:29:33.447+0000][66][info ][safepoint   ] Safepoint "Cleanup", Time since last: 29768707800 ns, Reaching safepoint: 163100 ns, Cleanup: 27100 ns, At safepoint: 76400 ns, Total: 266600 ns
[2025-08-20T00:30:32.618+0000][66][info ][safepoint   ] Safepoint "Cleanup", Time since last: 59240927400 ns, Reaching safepoint: 33500 ns, Cleanup: 28100 ns, At safepoint: 48500 ns, Total: 110100 ns
[2025-08-20T00:31:22.938+0000][66][info ][safepoint   ] Safepoint "Cleanup", Time since last: 50390300600 ns, Reaching safepoint: 260500 ns, Cleanup: 71000 ns, At safepoint: 181000 ns, Total: 512500 ns
[2025-08-20T00:31:42.451+0000][66][info ][gc,start    ] GC(85) Pause Young (Prepare Mixed) (G1 Evacuation Pause)
[2025-08-20T00:31:42.454+0000][66][info ][gc,task     ] GC(85) Using 2 workers of 2 for evacuation
[2025-08-20T00:31:42.456+0000][66][debug][gc,age      ] GC(85) Desired survivor size 20971520 bytes, new threshold 15 (max threshold 15)
[2025-08-20T00:31:42.474+0000][66][info ][gc,phases   ] GC(85)   Pre Evacuate Collection Set: 2.07ms
[2025-08-20T00:31:42.476+0000][66][info ][gc,phases   ] GC(85)   Merge Heap Roots: 0.85ms
[2025-08-20T00:31:42.479+0000][66][info ][gc,phases   ] GC(85)   Evacuate Collection Set: 10.03ms
[2025-08-20T00:31:42.482+0000][66][info ][gc,phases   ] GC(85)   Post Evacuate Collection Set: 3.54ms
[2025-08-20T00:31:42.484+0000][66][info ][gc,phases   ] GC(85)   Other: 3.80ms
[2025-08-20T00:31:42.485+0000][66][trace][gc,age      ] GC(85) Age table with threshold 15 (max threshold 15)
[2025-08-20T00:31:42.486+0000][66][trace][gc,age      ] GC(85) - age   1:    3918536 bytes,    3918536 total
[2025-08-20T00:31:42.488+0000][66][trace][gc,age      ] GC(85) - age   2:      68120 bytes,    3986656 total
[2025-08-20T00:31:42.489+0000][66][trace][gc,age      ] GC(85) - age   3:        328 bytes,    3986984 total
[2025-08-20T00:31:42.491+0000][66][info ][gc,heap     ] GC(85) Eden regions: 75->0(5)
[2025-08-20T00:31:42.493+0000][66][info ][gc,heap     ] GC(85) Survivor regions: 1->1(10)
[2025-08-20T00:31:42.494+0000][66][info ][gc,heap     ] GC(85) Old regions: 22->22
[2025-08-20T00:31:42.496+0000][66][info ][gc,heap     ] GC(85) Humongous regions: 0->0
[2025-08-20T00:31:42.497+0000][66][info ][gc,metaspace] GC(85) Metaspace: 142152K(145984K)->142152K(145984K) NonClass: 122881K(124416K)->122881K(124416K) Class: 19270K(21568K)->19270K(21568K)
[2025-08-20T00:31:42.499+0000][66][info ][gc          ] GC(85) Pause Young (Prepare Mixed) (G1 Evacuation Pause) 390M->91M(512M) 47.392ms
[2025-08-20T00:31:42.500+0000][66][info ][gc,cpu      ] GC(85) User=0.01s Sys=0.02s Real=0.05s
[2025-08-20T00:31:42.503+0000][66][info ][safepoint   ] Safepoint "G1CollectForAllocation", Time since last: 19512407900 ns, Reaching safepoint: 288300 ns, Cleanup: 29800 ns, At safepoint: 51631500 ns, Total: 51949600 ns
[2025-08-20T00:31:52.460+0000][66][info ][gc,start    ] GC(86) Pause Young (Mixed) (G1 Evacuation Pause)
[2025-08-20T00:31:52.467+0000][66][info ][gc,task     ] GC(86) Using 2 workers of 2 for evacuation
[2025-08-20T00:31:52.469+0000][66][debug][gc,age      ] GC(86) Desired survivor size 2097152 bytes, new threshold 1 (max threshold 15)
[2025-08-20T00:31:52.491+0000][66][info ][gc,phases   ] GC(86)   Pre Evacuate Collection Set: 0.51ms
[2025-08-20T00:31:52.493+0000][66][info ][gc,phases   ] GC(86)   Merge Heap Roots: 0.35ms
[2025-08-20T00:31:52.496+0000][66][info ][gc,phases   ] GC(86)   Evacuate Collection Set: 16.09ms
[2025-08-20T00:31:52.498+0000][66][info ][gc,phases   ] GC(86)   Post Evacuate Collection Set: 2.50ms
[2025-08-20T00:31:52.501+0000][66][info ][gc,phases   ] GC(86)   Other: 4.62ms
[2025-08-20T00:31:52.502+0000][66][trace][gc,age      ] GC(86) Age table with threshold 1 (max threshold 15)
[2025-08-20T00:31:52.505+0000][66][trace][gc,age      ] GC(86) - age   1:     530232 bytes,     530232 total
[2025-08-20T00:31:52.506+0000][66][info ][gc,heap     ] GC(86) Eden regions: 5->0(75)
[2025-08-20T00:31:52.507+0000][66][info ][gc,heap     ] GC(86) Survivor regions: 1->1(1)
[2025-08-20T00:31:52.509+0000][66][info ][gc,heap     ] GC(86) Old regions: 22->23
[2025-08-20T00:31:52.510+0000][66][info ][gc,heap     ] GC(86) Humongous regions: 0->0
[2025-08-20T00:31:52.511+0000][66][info ][gc,metaspace] GC(86) Metaspace: 142152K(145984K)->142152K(145984K) NonClass: 122881K(124416K)->122881K(124416K) Class: 19270K(21568K)->19270K(21568K)
[2025-08-20T00:31:52.512+0000][66][info ][gc          ] GC(86) Pause Young (Mixed) (G1 Evacuation Pause) 111M->89M(512M) 51.315ms
[2025-08-20T00:31:52.517+0000][66][info ][gc,cpu      ] GC(86) User=0.03s Sys=0.01s Real=0.05s
[2025-08-20T00:31:52.522+0000][66][info ][safepoint   ] Safepoint "G1CollectForAllocation", Time since last: 9992370200 ns, Reaching safepoint: 61600 ns, Cleanup: 219300 ns, At safepoint: 61772900 ns, Total: 62053800 ns
[2025-08-20T00:32:12.546+0000][66][info ][safepoint   ] Safepoint "Cleanup", Time since last: 20024040600 ns, Reaching safepoint: 42300 ns, Cleanup: 32600 ns, At safepoint: 94500 ns, Total: 169400 ns
[2025-08-20T00:32:32.869+0000][66][info ][safepoint   ] Safepoint "Cleanup", Time since last: 20358359700 ns, Reaching safepoint: 36100 ns, Cleanup: 28700 ns, At safepoint: 51100 ns, Total: 115900 ns
[2025-08-20T00:33:12.407+0000][66][info ][safepoint   ] Safepoint "Cleanup", Time since last: 39572733300 ns, Reaching safepoint: 87400 ns, Cleanup: 21500 ns, At safepoint: 71300 ns, Total: 180200 ns
[2025-08-20T01:58:22.809+0000][66][info ][safepoint   ] Safepoint "Cleanup", Time since last: 137257152000 ns, Reaching safepoint: 1653100 ns, Cleanup: 2134800 ns, At safepoint: 388700 ns, Total: 4176600 ns
[2025-08-20T01:58:24.958+0000][66][info ][safepoint   ] Safepoint "Cleanup", Time since last: 2145030900 ns, Reaching safepoint: 3260800 ns, Cleanup: 23200 ns, At safepoint: 204700 ns, Total: 3488700 ns
[2025-08-20T08:19:39.467+0000][66][info ][safepoint   ] Safepoint "Cleanup", Time since last: 85101867100 ns, Reaching safepoint: 44337200 ns, Cleanup: 3283700 ns, At safepoint: 210800 ns, Total: 47831700 ns
[2025-08-20T08:19:46.427+0000][66][info ][safepoint   ] Safepoint "Cleanup", Time since last: 6962291100 ns, Reaching safepoint: 38700 ns, Cleanup: 57400 ns, At safepoint: 290800 ns, Total: 386900 ns
[2025-08-20T08:19:48.371+0000][66][info ][safepoint   ] Safepoint "Cleanup", Time since last: 1944285600 ns, Reaching safepoint: 372700 ns, Cleanup: 25200 ns, At safepoint: 142500 ns, Total: 540400 ns
[2025-08-20T08:19:49.583+0000][66][info ][safepoint   ] Safepoint "Cleanup", Time since last: 1211692700 ns, Reaching safepoint: 34200 ns, Cleanup: 50200 ns, At safepoint: 38700 ns, Total: 123100 ns
[2025-08-20T08:19:51.609+0000][66][info ][safepoint   ] Safepoint "Cleanup", Time since last: 2024986700 ns, Reaching safepoint: 25200 ns, Cleanup: 81200 ns, At safepoint: 50300 ns, Total: 156700 ns
[2025-08-20T08:20:00.698+0000][66][info ][safepoint   ] Safepoint "Cleanup", Time since last: 9089011300 ns, Reaching safepoint: 144400 ns, Cleanup: 25700 ns, At safepoint: 42400 ns, Total: 212500 ns
[2025-08-20T08:20:48.665+0000][66][info ][safepoint   ] Safepoint "Cleanup", Time since last: 48171555700 ns, Reaching safepoint: 69700 ns, Cleanup: 27000 ns, At safepoint: 43000 ns, Total: 139700 ns
[2025-08-20T08:21:38.187+0000][66][info ][gc,start    ] GC(87) Pause Young (Concurrent Start) (G1 Evacuation Pause)
[2025-08-20T08:21:38.190+0000][66][info ][gc,task     ] GC(87) Using 2 workers of 2 for evacuation
[2025-08-20T08:21:38.191+0000][66][debug][gc,age      ] GC(87) Desired survivor size 20971520 bytes, new threshold 15 (max threshold 15)
[2025-08-20T08:21:38.307+0000][66][info ][gc,phases   ] GC(87)   Pre Evacuate Collection Set: 3.37ms
[2025-08-20T08:21:38.308+0000][66][info ][gc,phases   ] GC(87)   Merge Heap Roots: 0.42ms
[2025-08-20T08:21:38.309+0000][66][info ][gc,phases   ] GC(87)   Evacuate Collection Set: 95.17ms
[2025-08-20T08:21:38.310+0000][66][info ][gc,phases   ] GC(87)   Post Evacuate Collection Set: 14.02ms
[2025-08-20T08:21:38.311+0000][66][info ][gc,phases   ] GC(87)   Other: 4.17ms
[2025-08-20T08:21:38.312+0000][66][trace][gc,age      ] GC(87) Age table with threshold 15 (max threshold 15)
[2025-08-20T08:21:38.314+0000][66][trace][gc,age      ] GC(87) - age   1:    5998088 bytes,    5998088 total
[2025-08-20T08:21:38.315+0000][66][trace][gc,age      ] GC(87) - age   2:       1096 bytes,    5999184 total
[2025-08-20T08:21:38.316+0000][66][info ][gc,heap     ] GC(87) Eden regions: 75->0(74)
[2025-08-20T08:21:38.318+0000][66][info ][gc,heap     ] GC(87) Survivor regions: 1->2(10)
[2025-08-20T08:21:38.319+0000][66][info ][gc,heap     ] GC(87) Old regions: 23->23
[2025-08-20T08:21:38.321+0000][66][info ][gc,heap     ] GC(87) Humongous regions: 0->0
[2025-08-20T08:21:38.324+0000][66][info ][gc,metaspace] GC(87) Metaspace: 142752K(146432K)->142752K(146432K) NonClass: 123481K(124864K)->123481K(124864K) Class: 19270K(21568K)->19270K(21568K)
[2025-08-20T08:21:38.327+0000][66][info ][gc          ] GC(87) Pause Young (Concurrent Start) (G1 Evacuation Pause) 389M->94M(512M) 140.113ms
[2025-08-20T08:21:38.332+0000][66][info ][gc          ] GC(88) Concurrent Mark Cycle
[2025-08-20T08:21:38.334+0000][66][info ][gc,marking  ] GC(88) Concurrent Scan Root Regions
[2025-08-20T08:21:38.332+0000][66][info ][gc,cpu      ] GC(87) User=0.21s Sys=0.00s Real=0.15s
[2025-08-20T08:21:38.339+0000][66][info ][safepoint   ] Safepoint "G1CollectForAllocation", Time since last: 49592065000 ns, Reaching safepoint: 25900 ns, Cleanup: 14800 ns, At safepoint: 151913900 ns, Total: 151954600 ns
[2025-08-20T08:21:38.399+0000][66][info ][gc,marking  ] GC(88) Concurrent Scan Root Regions 65.177ms
[2025-08-20T08:21:38.402+0000][66][info ][gc,marking  ] GC(88) Concurrent Mark
[2025-08-20T08:21:38.404+0000][66][info ][gc,marking  ] GC(88) Concurrent Mark From Roots
[2025-08-20T08:21:38.406+0000][66][info ][gc,task     ] GC(88) Using 1 workers of 1 for marking
[2025-08-20T08:21:39.683+0000][66][info ][gc,marking  ] GC(88) Concurrent Mark From Roots 1279.531ms
[2025-08-20T08:21:39.685+0000][66][info ][gc,marking  ] GC(88) Concurrent Preclean
[2025-08-20T08:21:39.688+0000][66][info ][gc,marking  ] GC(88) Concurrent Preclean 2.709ms
[2025-08-20T08:21:39.690+0000][66][info ][gc,start    ] GC(88) Pause Remark
[2025-08-20T08:21:39.774+0000][66][info ][gc          ] GC(88) Pause Remark 101M->101M(512M) 84.439ms
[2025-08-20T08:21:39.776+0000][66][info ][gc,cpu      ] GC(88) User=0.14s Sys=0.00s Real=0.09s
[2025-08-20T08:21:39.778+0000][66][info ][safepoint   ] Safepoint "G1PauseRemark", Time since last: 1350557600 ns, Reaching safepoint: 114400 ns, Cleanup: 17000 ns, At safepoint: 88290300 ns, Total: 88421700 ns
[2025-08-20T08:21:39.779+0000][66][info ][gc,marking  ] GC(88) Concurrent Mark 1377.089ms
[2025-08-20T08:21:39.780+0000][66][info ][gc,marking  ] GC(88) Concurrent Rebuild Remembered Sets and Scrub Regions
[2025-08-20T08:21:39.915+0000][66][info ][gc,marking  ] GC(88) Concurrent Rebuild Remembered Sets and Scrub Regions 134.729ms
[2025-08-20T08:21:39.917+0000][66][info ][gc,start    ] GC(88) Pause Cleanup
[2025-08-20T08:21:39.918+0000][66][info ][gc          ] GC(88) Pause Cleanup 101M->101M(512M) 1.684ms
[2025-08-20T08:21:39.920+0000][66][info ][gc,cpu      ] GC(88) User=0.00s Sys=0.00s Real=0.00s
[2025-08-20T08:21:39.921+0000][66][info ][safepoint   ] Safepoint "G1PauseCleanup", Time since last: 138569200 ns, Reaching safepoint: 184600 ns, Cleanup: 86800 ns, At safepoint: 4140300 ns, Total: 4411700 ns
[2025-08-20T08:21:39.923+0000][66][info ][gc,marking  ] GC(88) Concurrent Clear Claimed Marks
[2025-08-20T08:21:39.924+0000][66][info ][gc,marking  ] GC(88) Concurrent Clear Claimed Marks 1.316ms
[2025-08-20T08:21:39.926+0000][66][info ][gc,marking  ] GC(88) Concurrent Cleanup for Next Mark
[2025-08-20T08:21:39.948+0000][66][info ][gc,marking  ] GC(88) Concurrent Cleanup for Next Mark 22.525ms
[2025-08-20T08:21:39.950+0000][66][info ][gc          ] GC(88) Concurrent Mark Cycle 1618.011ms
[2025-08-20T08:21:48.933+0000][66][info ][safepoint   ] Safepoint "Cleanup", Time since last: 9011701400 ns, Reaching safepoint: 32400 ns, Cleanup: 28000 ns, At safepoint: 39000 ns, Total: 99400 ns
[2025-08-20T08:22:00.054+0000][66][info ][safepoint   ] Safepoint "Cleanup", Time since last: 11120975300 ns, Reaching safepoint: 259500 ns, Cleanup: 25600 ns, At safepoint: 69200 ns, Total: 354300 ns
[2025-08-20T08:22:01.143+0000][66][info ][safepoint   ] Safepoint "Cleanup", Time since last: 1088634900 ns, Reaching safepoint: 54600 ns, Cleanup: 47200 ns, At safepoint: 73600 ns, Total: 175400 ns
[2025-08-20T08:22:49.376+0000][66][info ][safepoint   ] Safepoint "Cleanup", Time since last: 48304063900 ns, Reaching safepoint: 32900 ns, Cleanup: 27400 ns, At safepoint: 39900 ns, Total: 100200 ns
[2025-08-20T08:22:58.471+0000][66][info ][safepoint   ] Safepoint "Cleanup", Time since last: 9052253000 ns, Reaching safepoint: 42477900 ns, Cleanup: 26500 ns, At safepoint: 242200 ns, Total: 42746600 ns
[2025-08-20T08:22:59.969+0000][66][info ][safepoint   ] Safepoint "Cleanup", Time since last: 1498091700 ns, Reaching safepoint: 44000 ns, Cleanup: 35100 ns, At safepoint: 53300 ns, Total: 132400 ns
[2025-08-20T08:23:01.231+0000][66][info ][safepoint   ] Safepoint "Cleanup", Time since last: 1261601300 ns, Reaching safepoint: 24600 ns, Cleanup: 23300 ns, At safepoint: 100300 ns, Total: 148200 ns
[2025-08-20T08:23:02.290+0000][66][info ][safepoint   ] Safepoint "Cleanup", Time since last: 1059370500 ns, Reaching safepoint: 67800 ns, Cleanup: 30500 ns, At safepoint: 39700 ns, Total: 138000 ns
[2025-08-20T08:23:05.301+0000][66][info ][safepoint   ] Safepoint "Cleanup", Time since last: 3010793800 ns, Reaching safepoint: 43200 ns, Cleanup: 35300 ns, At safepoint: 56000 ns, Total: 134500 ns
[2025-08-20T08:23:07.028+0000][66][info ][safepoint   ] Safepoint "Cleanup", Time since last: 1761966800 ns, Reaching safepoint: 32800 ns, Cleanup: 30400 ns, At safepoint: 40100 ns, Total: 103300 ns
[2025-08-20T08:23:08.185+0000][66][info ][safepoint   ] Safepoint "Cleanup", Time since last: 1156943300 ns, Reaching safepoint: 33800 ns, Cleanup: 55000 ns, At safepoint: 139400 ns, Total: 228200 ns
[2025-08-20T08:23:11.411+0000][66][info ][safepoint   ] Safepoint "Cleanup", Time since last: 3225621700 ns, Reaching safepoint: 10600 ns, Cleanup: 20500 ns, At safepoint: 26600 ns, Total: 57700 ns
[2025-08-20T08:23:15.667+0000][66][info ][safepoint   ] Safepoint "Cleanup", Time since last: 4255469700 ns, Reaching safepoint: 81100 ns, Cleanup: 31100 ns, At safepoint: 35900 ns, Total: 148100 ns
[2025-08-20T08:23:18.880+0000][66][info ][safepoint   ] Safepoint "Cleanup", Time since last: 3213403900 ns, Reaching safepoint: 31300 ns, Cleanup: 25000 ns, At safepoint: 42100 ns, Total: 98400 ns
[2025-08-20T08:23:28.550+0000][66][info ][safepoint   ] Safepoint "Cleanup", Time since last: 9669591300 ns, Reaching safepoint: 242400 ns, Cleanup: 37100 ns, At safepoint: 54800 ns, Total: 334300 ns
[2025-08-20T08:24:15.027+0000][66][info ][safepoint   ] Safepoint "Cleanup", Time since last: 46547599500 ns, Reaching safepoint: 67100 ns, Cleanup: 27300 ns, At safepoint: 31200 ns, Total: 125600 ns
[2025-08-20T08:24:18.135+0000][66][info ][safepoint   ] Safepoint "Cleanup", Time since last: 3107530600 ns, Reaching safepoint: 39500 ns, Cleanup: 42100 ns, At safepoint: 55700 ns, Total: 137300 ns
[2025-08-20T08:25:08.230+0000][66][info ][gc,start    ] GC(89) Pause Young (Prepare Mixed) (G1 Evacuation Pause)
[2025-08-20T08:25:11.954+0000][66][info ][gc,task     ] GC(89) Using 2 workers of 2 for evacuation
[2025-08-20T08:25:11.956+0000][66][debug][gc,age      ] GC(89) Desired survivor size 20971520 bytes, new threshold 15 (max threshold 15)
[2025-08-20T08:25:13.340+0000][66][info ][gc,mmu      ] GC(89) MMU target violated: 201.0ms (200.0ms/201.0ms)
[2025-08-20T08:25:15.103+0000][66][info ][gc,phases   ] GC(89)   Pre Evacuate Collection Set: 0.53ms
[2025-08-20T08:25:15.106+0000][66][info ][gc,phases   ] GC(89)   Merge Heap Roots: 0.54ms
[2025-08-20T08:25:15.107+0000][66][info ][gc,phases   ] GC(89)   Evacuate Collection Set: 1378.17ms
[2025-08-20T08:25:15.109+0000][66][info ][gc,phases   ] GC(89)   Post Evacuate Collection Set: 3.63ms
[2025-08-20T08:25:15.110+0000][66][info ][gc,phases   ] GC(89)   Other: 1766.41ms
[2025-08-20T08:25:15.112+0000][66][trace][gc,age      ] GC(89) Age table with threshold 15 (max threshold 15)
[2025-08-20T08:25:15.113+0000][66][trace][gc,age      ] GC(89) - age   1:    3717240 bytes,    3717240 total
[2025-08-20T08:25:15.114+0000][66][trace][gc,age      ] GC(89) - age   2:     122224 bytes,    3839464 total
[2025-08-20T08:25:15.115+0000][66][trace][gc,age      ] GC(89) - age   3:        328 bytes,    3839792 total
[2025-08-20T08:25:15.117+0000][66][info ][gc,heap     ] GC(89) Eden regions: 74->0(9)
[2025-08-20T08:25:15.118+0000][66][info ][gc,heap     ] GC(89) Survivor regions: 2->2(10)
[2025-08-20T08:25:15.119+0000][66][info ][gc,heap     ] GC(89) Old regions: 23->23
[2025-08-20T08:25:15.121+0000][66][info ][gc,heap     ] GC(89) Humongous regions: 0->0
[2025-08-20T08:25:15.122+0000][66][info ][gc,metaspace] GC(89) Metaspace: 142806K(146432K)->142806K(146432K) NonClass: 123536K(124864K)->123536K(124864K) Class: 19270K(21568K)->19270K(21568K)
[2025-08-20T08:25:15.123+0000][66][info ][gc          ] GC(89) Pause Young (Prepare Mixed) (G1 Evacuation Pause) 390M->93M(512M) 6893.037ms
[2025-08-20T08:25:15.125+0000][66][info ][gc,cpu      ] GC(89) User=2.18s Sys=0.08s Real=6.89s
[2025-08-20T08:25:15.141+0000][66][info ][safepoint   ] Safepoint "G1CollectForAllocation", Time since last: 50290844800 ns, Reaching safepoint: 60700 ns, Cleanup: 13800 ns, At safepoint: 6910726800 ns, Total: 6910801300 ns
[2025-08-20T08:25:40.525+0000][66][info ][gc,start    ] GC(90) Pause Young (Mixed) (G1 Evacuation Pause)
[2025-08-20T08:25:40.795+0000][66][info ][gc,task     ] GC(90) Using 2 workers of 2 for evacuation
[2025-08-20T08:25:40.800+0000][66][debug][gc,age      ] GC(90) Desired survivor size 4194304 bytes, new threshold 15 (max threshold 15)
[2025-08-20T08:25:41.034+0000][66][info ][gc,mmu      ] GC(90) MMU target violated: 201.0ms (200.0ms/201.0ms)
[2025-08-20T08:25:41.312+0000][66][info ][gc,phases   ] GC(90)   Pre Evacuate Collection Set: 1.16ms
[2025-08-20T08:25:41.316+0000][66][info ][gc,phases   ] GC(90)   Merge Heap Roots: 1.26ms
[2025-08-20T08:25:41.320+0000][66][info ][gc,phases   ] GC(90)   Evacuate Collection Set: 206.12ms
[2025-08-20T08:25:41.325+0000][66][info ][gc,phases   ] GC(90)   Post Evacuate Collection Set: 17.90ms
[2025-08-20T08:25:41.329+0000][66][info ][gc,phases   ] GC(90)   Other: 291.22ms
[2025-08-20T08:25:41.332+0000][66][trace][gc,age      ] GC(90) Age table with threshold 15 (max threshold 15)
[2025-08-20T08:25:41.336+0000][66][trace][gc,age      ] GC(90) - age   1:    1971616 bytes,    1971616 total
[2025-08-20T08:25:41.340+0000][66][trace][gc,age      ] GC(90) - age   2:    1521024 bytes,    3492640 total
[2025-08-20T08:25:41.342+0000][66][trace][gc,age      ] GC(90) - age   3:     121912 bytes,    3614552 total
[2025-08-20T08:25:41.346+0000][66][trace][gc,age      ] GC(90) - age   4:        328 bytes,    3614880 total
[2025-08-20T08:25:41.349+0000][66][info ][gc,heap     ] GC(90) Eden regions: 9->0(5)
[2025-08-20T08:25:41.353+0000][66][info ][gc,heap     ] GC(90) Survivor regions: 2->1(2)
[2025-08-20T08:25:41.531+0000][66][info ][gc,heap     ] GC(90) Old regions: 23->22
[2025-08-20T08:25:41.652+0000][66][info ][gc,heap     ] GC(90) Humongous regions: 0->0
[2025-08-20T08:25:41.657+0000][66][info ][gc,metaspace] GC(90) Metaspace: 142815K(146496K)->142815K(146496K) NonClass: 123544K(124928K)->123544K(124928K) Class: 19270K(21568K)->19270K(21568K)
[2025-08-20T08:25:41.663+0000][66][info ][gc          ] GC(90) Pause Young (Mixed) (G1 Evacuation Pause) 129M->89M(512M) 1137.247ms
[2025-08-20T08:25:41.667+0000][66][info ][gc,cpu      ] GC(90) User=0.32s Sys=0.06s Real=1.14s
[2025-08-20T08:25:41.672+0000][66][info ][safepoint   ] Safepoint "G1CollectForAllocation", Time since last: 25354445800 ns, Reaching safepoint: 134300 ns, Cleanup: 40200 ns, At safepoint: 1146500200 ns, Total: 1146674700 ns
[2025-08-20T08:25:46.664+0000][66][info ][safepoint   ] Safepoint "Cleanup", Time since last: 4991559800 ns, Reaching safepoint: 64100 ns, Cleanup: 53900 ns, At safepoint: 101500 ns, Total: 219500 ns
[2025-08-20T08:25:56.467+0000][66][info ][safepoint   ] Safepoint "Cleanup", Time since last: 9802774300 ns, Reaching safepoint: 774300 ns, Cleanup: 56400 ns, At safepoint: 150300 ns, Total: 981000 ns
[2025-08-20T08:25:58.045+0000][66][info ][gc,start    ] GC(91) Pause Young (Mixed) (G1 Evacuation Pause)
[2025-08-20T08:25:58.056+0000][66][info ][gc,task     ] GC(91) Using 2 workers of 2 for evacuation
[2025-08-20T08:25:58.059+0000][66][debug][gc,age      ] GC(91) Desired survivor size 2097152 bytes, new threshold 2 (max threshold 15)
[2025-08-20T08:25:58.407+0000][66][info ][gc,mmu      ] GC(91) MMU target violated: 201.0ms (200.0ms/201.0ms)
[2025-08-20T08:25:58.422+0000][66][info ][gc,phases   ] GC(91)   Pre Evacuate Collection Set: 3.68ms
[2025-08-20T08:25:58.440+0000][66][info ][gc,phases   ] GC(91)   Merge Heap Roots: 15.26ms
[2025-08-20T08:25:58.449+0000][66][info ][gc,phases   ] GC(91)   Evacuate Collection Set: 269.51ms
[2025-08-20T08:25:58.455+0000][66][info ][gc,phases   ] GC(91)   Post Evacuate Collection Set: 48.80ms
[2025-08-20T08:25:58.459+0000][66][info ][gc,phases   ] GC(91)   Other: 29.71ms
[2025-08-20T08:25:58.464+0000][66][trace][gc,age      ] GC(91) Age table with threshold 2 (max threshold 15)
[2025-08-20T08:25:58.469+0000][66][trace][gc,age      ] GC(91) - age   1:    2633376 bytes,    2633376 total
[2025-08-20T08:25:58.473+0000][66][trace][gc,age      ] GC(91) - age   2:     417720 bytes,    3051096 total
[2025-08-20T08:25:58.480+0000][66][info ][gc,heap     ] GC(91) Eden regions: 5->0(75)
[2025-08-20T08:25:58.493+0000][66][info ][gc,heap     ] GC(91) Survivor regions: 1->1(1)
[2025-08-20T08:25:58.498+0000][66][info ][gc,heap     ] GC(91) Old regions: 22->22
[2025-08-20T08:25:58.506+0000][66][info ][gc,heap     ] GC(91) Humongous regions: 0->0
[2025-08-20T08:25:58.510+0000][66][info ][gc,metaspace] GC(91) Metaspace: 142819K(146496K)->142819K(146496K) NonClass: 123549K(124928K)->123549K(124928K) Class: 19270K(21568K)->19270K(21568K)
[2025-08-20T08:25:58.529+0000][66][info ][gc          ] GC(91) Pause Young (Mixed) (G1 Evacuation Pause) 109M->87M(512M) 484.261ms
[2025-08-20T08:25:58.536+0000][66][info ][gc,cpu      ] GC(91) User=0.37s Sys=0.03s Real=0.49s
[2025-08-20T08:25:58.560+0000][66][info ][safepoint   ] Safepoint "G1CollectForAllocation", Time since last: 1577037000 ns, Reaching safepoint: 419000 ns, Cleanup: 42400 ns, At safepoint: 514755000 ns, Total: 515216400 ns
[2025-08-20T08:26:08.731+0000][66][info ][safepoint   ] Safepoint "Cleanup", Time since last: 10146701100 ns, Reaching safepoint: 113500 ns, Cleanup: 46600 ns, At safepoint: 98000 ns, Total: 258100 ns
[2025-08-20T08:26:28.533+0000][66][info ][safepoint   ] Safepoint "Cleanup", Time since last: 19801765300 ns, Reaching safepoint: 41300 ns, Cleanup: 52500 ns, At safepoint: 77300 ns, Total: 171100 ns
[2025-08-20T08:26:30.414+0000][66][info ][safepoint   ] Safepoint "Cleanup", Time since last: 1880819200 ns, Reaching safepoint: 122300 ns, Cleanup: 61200 ns, At safepoint: 106100 ns, Total: 289600 ns
[2025-08-20T08:26:31.858+0000][66][info ][safepoint   ] Safepoint "Cleanup", Time since last: 1443807600 ns, Reaching safepoint: 220200 ns, Cleanup: 52900 ns, At safepoint: 90200 ns, Total: 363300 ns
[2025-08-20T08:26:35.613+0000][66][info ][safepoint   ] Safepoint "Cleanup", Time since last: 3753995400 ns, Reaching safepoint: 33400 ns, Cleanup: 46200 ns, At safepoint: 79700 ns, Total: 159300 ns
[2025-08-20T08:26:38.584+0000][66][info ][safepoint   ] Safepoint "Cleanup", Time since last: 3008192000 ns, Reaching safepoint: 131400 ns, Cleanup: 44700 ns, At safepoint: 62000 ns, Total: 238100 ns
[2025-08-20T08:27:40.840+0000][66][info ][safepoint   ] Safepoint "Cleanup", Time since last: 62324786900 ns, Reaching safepoint: 53100 ns, Cleanup: 46000 ns, At safepoint: 85200 ns, Total: 184300 ns
[2025-08-20T08:27:42.772+0000][66][info ][safepoint   ] Safepoint "Cleanup", Time since last: 1931247600 ns, Reaching safepoint: 57000 ns, Cleanup: 46900 ns, At safepoint: 88600 ns, Total: 192500 ns
[2025-08-20T08:28:08.764+0000][66][info ][safepoint   ] Safepoint "Cleanup", Time since last: 26026293800 ns, Reaching safepoint: 171100 ns, Cleanup: 48500 ns, At safepoint: 87200 ns, Total: 306800 ns
[2025-08-20T08:28:18.778+0000][66][info ][safepoint   ] Safepoint "Cleanup", Time since last: 10013755000 ns, Reaching safepoint: 117000 ns, Cleanup: 35100 ns, At safepoint: 86100 ns, Total: 238200 ns
[2025-08-20T08:28:47.920+0000][66][info ][safepoint   ] Safepoint "Cleanup", Time since last: 29177741300 ns, Reaching safepoint: 30100 ns, Cleanup: 43300 ns, At safepoint: 106400 ns, Total: 179800 ns
[2025-08-20T08:28:49.609+0000][66][info ][safepoint   ] Safepoint "Cleanup", Time since last: 1686621700 ns, Reaching safepoint: 2128700 ns, Cleanup: 65800 ns, At safepoint: 150500 ns, Total: 2345000 ns
[2025-08-20T08:28:51.257+0000][66][info ][safepoint   ] Safepoint "Cleanup", Time since last: 1647821400 ns, Reaching safepoint: 71900 ns, Cleanup: 65700 ns, At safepoint: 106700 ns, Total: 244300 ns
[2025-08-20T08:28:52.880+0000][66][info ][safepoint   ] Safepoint "Cleanup", Time since last: 1622375200 ns, Reaching safepoint: 66800 ns, Cleanup: 58000 ns, At safepoint: 263100 ns, Total: 387900 ns
[2025-08-20T08:28:58.888+0000][66][info ][safepoint   ] Safepoint "Cleanup", Time since last: 6007510700 ns, Reaching safepoint: 138600 ns, Cleanup: 58000 ns, At safepoint: 574600 ns, Total: 771200 ns
[2025-08-20T08:29:07.872+0000][66][info ][safepoint   ] Safepoint "Cleanup", Time since last: 9015855800 ns, Reaching safepoint: 2844800 ns, Cleanup: 49200 ns, At safepoint: 223200 ns, Total: 3117200 ns
[2025-08-20T08:29:12.885+0000][66][info ][safepoint   ] Safepoint "Cleanup", Time since last: 5013034900 ns, Reaching safepoint: 62000 ns, Cleanup: 47900 ns, At safepoint: 91800 ns, Total: 201700 ns
[2025-08-20T08:29:59.220+0000][66][info ][safepoint   ] Safepoint "Cleanup", Time since last: 46369671800 ns, Reaching safepoint: 54100 ns, Cleanup: 54300 ns, At safepoint: 109200 ns, Total: 217600 ns
[2025-08-20T08:30:00.230+0000][66][info ][gc,start    ] GC(92) Pause Young (Normal) (G1 Evacuation Pause)
[2025-08-20T08:30:00.235+0000][66][info ][gc,task     ] GC(92) Using 2 workers of 2 for evacuation
[2025-08-20T08:30:00.239+0000][66][debug][gc,age      ] GC(92) Desired survivor size 20971520 bytes, new threshold 15 (max threshold 15)
[2025-08-20T08:30:00.284+0000][66][info ][gc,phases   ] GC(92)   Pre Evacuate Collection Set: 1.67ms
[2025-08-20T08:30:00.288+0000][66][info ][gc,phases   ] GC(92)   Merge Heap Roots: 2.75ms
[2025-08-20T08:30:00.294+0000][66][info ][gc,phases   ] GC(92)   Evacuate Collection Set: 24.26ms
[2025-08-20T08:30:00.298+0000][66][info ][gc,phases   ] GC(92)   Post Evacuate Collection Set: 8.68ms
[2025-08-20T08:30:00.301+0000][66][info ][gc,phases   ] GC(92)   Other: 11.99ms
[2025-08-20T08:30:00.304+0000][66][trace][gc,age      ] GC(92) Age table with threshold 15 (max threshold 15)
[2025-08-20T08:30:00.306+0000][66][trace][gc,age      ] GC(92) - age   1:    2422864 bytes,    2422864 total
[2025-08-20T08:30:00.310+0000][66][trace][gc,age      ] GC(92) - age   2:     272280 bytes,    2695144 total
[2025-08-20T08:30:00.314+0000][66][trace][gc,age      ] GC(92) - age   3:     276552 bytes,    2971696 total
[2025-08-20T08:30:00.317+0000][66][info ][gc,heap     ] GC(92) Eden regions: 75->0(75)
[2025-08-20T08:30:00.320+0000][66][info ][gc,heap     ] GC(92) Survivor regions: 1->1(10)
[2025-08-20T08:30:00.323+0000][66][info ][gc,heap     ] GC(92) Old regions: 22->22
[2025-08-20T08:30:00.326+0000][66][info ][gc,heap     ] GC(92) Humongous regions: 0->0
[2025-08-20T08:30:00.329+0000][66][info ][gc,metaspace] GC(92) Metaspace: 142832K(146560K)->142832K(146560K) NonClass: 123561K(124992K)->123561K(124992K) Class: 19270K(21568K)->19270K(21568K)
[2025-08-20T08:30:00.332+0000][66][info ][gc          ] GC(92) Pause Young (Normal) (G1 Evacuation Pause) 387M->87M(512M) 101.903ms
[2025-08-20T08:30:00.335+0000][66][info ][gc,cpu      ] GC(92) User=0.02s Sys=0.04s Real=0.10s
[2025-08-20T08:30:00.338+0000][66][info ][safepoint   ] Safepoint "G1CollectForAllocation", Time since last: 1010157500 ns, Reaching safepoint: 45200 ns, Cleanup: 30400 ns, At safepoint: 107959000 ns, Total: 108034600 ns
[2025-08-20T08:30:01.623+0000][66][info ][safepoint   ] Safepoint "Cleanup", Time since last: 1284701900 ns, Reaching safepoint: 51500 ns, Cleanup: 28400 ns, At safepoint: 96600 ns, Total: 176500 ns
[2025-08-20T08:30:02.633+0000][66][info ][safepoint   ] Safepoint "Cleanup", Time since last: 1009778400 ns, Reaching safepoint: 58300 ns, Cleanup: 49300 ns, At safepoint: 74400 ns, Total: 182000 ns
[2025-08-20T08:30:18.627+0000][66][info ][safepoint   ] Safepoint "Cleanup", Time since last: 16029090900 ns, Reaching safepoint: 58000 ns, Cleanup: 48400 ns, At safepoint: 88800 ns, Total: 195200 ns
[2025-08-20T08:30:28.643+0000][66][info ][safepoint   ] Safepoint "Cleanup", Time since last: 10014954200 ns, Reaching safepoint: 629900 ns, Cleanup: 47800 ns, At safepoint: 72000 ns, Total: 749700 ns
[2025-08-20T08:30:48.002+0000][66][info ][safepoint   ] Safepoint "Cleanup", Time since last: 19393906900 ns, Reaching safepoint: 56600 ns, Cleanup: 52700 ns, At safepoint: 89300 ns, Total: 198600 ns
[2025-08-20T08:30:58.014+0000][66][info ][safepoint   ] Safepoint "Cleanup", Time since last: 10011836100 ns, Reaching safepoint: 67000 ns, Cleanup: 54700 ns, At safepoint: 103200 ns, Total: 224900 ns
[2025-08-20T08:30:59.020+0000][66][info ][safepoint   ] Safepoint "Cleanup", Time since last: 1006386400 ns, Reaching safepoint: 62100 ns, Cleanup: 50600 ns, At safepoint: 101300 ns, Total: 214000 ns
[2025-08-20T08:31:08.273+0000][66][info ][safepoint   ] Safepoint "Cleanup", Time since last: 9287485600 ns, Reaching safepoint: 26900 ns, Cleanup: 20700 ns, At safepoint: 79700 ns, Total: 127300 ns
[2025-08-20T08:31:12.998+0000][66][info ][safepoint   ] Safepoint "Cleanup", Time since last: 4724565000 ns, Reaching safepoint: 632900 ns, Cleanup: 60800 ns, At safepoint: 124000 ns, Total: 817700 ns
[2025-08-20T08:31:14.544+0000][66][info ][safepoint   ] Safepoint "Cleanup", Time since last: 1545062200 ns, Reaching safepoint: 52500 ns, Cleanup: 64500 ns, At safepoint: 88800 ns, Total: 205800 ns
[2025-08-20T08:32:08.798+0000][66][info ][safepoint   ] Safepoint "Cleanup", Time since last: 54324318200 ns, Reaching safepoint: 33300 ns, Cleanup: 749400 ns, At safepoint: 90500 ns, Total: 873200 ns
[2025-08-20T08:32:18.423+0000][66][info ][safepoint   ] Safepoint "Cleanup", Time since last: 9620848000 ns, Reaching safepoint: 3085400 ns, Cleanup: 56900 ns, At safepoint: 646800 ns, Total: 3789100 ns
[2025-08-20T08:33:37.813+0000][66][info ][gc,start    ] GC(93) Pause Young (Normal) (G1 Evacuation Pause)
[2025-08-20T08:33:37.818+0000][66][info ][gc,task     ] GC(93) Using 2 workers of 2 for evacuation
[2025-08-20T08:33:37.824+0000][66][debug][gc,age      ] GC(93) Desired survivor size 20971520 bytes, new threshold 15 (max threshold 15)
[2025-08-20T08:33:37.858+0000][66][info ][gc,phases   ] GC(93)   Pre Evacuate Collection Set: 1.12ms
[2025-08-20T08:33:37.862+0000][66][info ][gc,phases   ] GC(93)   Merge Heap Roots: 0.28ms
[2025-08-20T08:33:37.866+0000][66][info ][gc,phases   ] GC(93)   Evacuate Collection Set: 17.29ms
[2025-08-20T08:33:37.872+0000][66][info ][gc,phases   ] GC(93)   Post Evacuate Collection Set: 9.65ms
[2025-08-20T08:33:37.876+0000][66][info ][gc,phases   ] GC(93)   Other: 11.69ms
[2025-08-20T08:33:37.878+0000][66][trace][gc,age      ] GC(93) Age table with threshold 15 (max threshold 15)
[2025-08-20T08:33:37.881+0000][66][trace][gc,age      ] GC(93) - age   1:    3558344 bytes,    3558344 total
[2025-08-20T08:33:37.885+0000][66][trace][gc,age      ] GC(93) - age   2:       5768 bytes,    3564112 total
[2025-08-20T08:33:37.888+0000][66][trace][gc,age      ] GC(93) - age   3:        760 bytes,    3564872 total
[2025-08-20T08:33:37.893+0000][66][trace][gc,age      ] GC(93) - age   4:       4464 bytes,    3569336 total
[2025-08-20T08:33:37.896+0000][66][info ][gc,heap     ] GC(93) Eden regions: 75->0(75)
[2025-08-20T08:33:37.900+0000][66][info ][gc,heap     ] GC(93) Survivor regions: 1->1(10)
[2025-08-20T08:33:37.906+0000][66][info ][gc,heap     ] GC(93) Old regions: 22->22
[2025-08-20T08:33:37.909+0000][66][info ][gc,heap     ] GC(93) Humongous regions: 0->0
[2025-08-20T08:33:37.914+0000][66][info ][gc,metaspace] GC(93) Metaspace: 142874K(146560K)->142874K(146560K) NonClass: 123603K(124992K)->123603K(124992K) Class: 19270K(21568K)->19270K(21568K)
[2025-08-20T08:33:37.918+0000][66][info ][gc          ] GC(93) Pause Young (Normal) (G1 Evacuation Pause) 387M->88M(512M) 104.579ms
[2025-08-20T08:33:37.921+0000][66][info ][gc,cpu      ] GC(93) User=0.00s Sys=0.05s Real=0.11s
[2025-08-20T08:33:37.933+0000][66][info ][safepoint   ] Safepoint "G1CollectForAllocation", Time since last: 79495671500 ns, Reaching safepoint: 68000 ns, Cleanup: 38600 ns, At safepoint: 120173400 ns, Total: 120280000 ns
[2025-08-20T08:33:57.993+0000][66][info ][safepoint   ] Safepoint "Cleanup", Time since last: 20059651000 ns, Reaching safepoint: 117800 ns, Cleanup: 52400 ns, At safepoint: 86600 ns, Total: 256800 ns
[2025-08-20T08:34:19.913+0000][66][info ][safepoint   ] Safepoint "Cleanup", Time since last: 21954101200 ns, Reaching safepoint: 55500 ns, Cleanup: 47300 ns, At safepoint: 87000 ns, Total: 189800 ns
[2025-08-20T08:34:45.649+0000][66][info ][safepoint   ] Safepoint "Cleanup", Time since last: 25771517900 ns, Reaching safepoint: 46400 ns, Cleanup: 43100 ns, At safepoint: 574400 ns, Total: 663900 ns
[2025-08-20T08:34:52.778+0000][66][info ][safepoint   ] Safepoint "Cleanup", Time since last: 7128103100 ns, Reaching safepoint: 49700 ns, Cleanup: 245900 ns, At safepoint: 89700 ns, Total: 385300 ns
[2025-08-20T08:34:58.016+0000][66][info ][safepoint   ] Safepoint "Cleanup", Time since last: 5237929900 ns, Reaching safepoint: 59700 ns, Cleanup: 47600 ns, At safepoint: 151500 ns, Total: 258800 ns
